
> @trukhinyuri/gemini-pp@0.28.0 test
> npm run test --workspaces --if-present


> @google/gemini-cli-a2a-server@0.28.0-nightly.20260128.adc8e11bb test
> vitest run


 RUN  v3.2.4 /Users/trukhinyuri/Personal/SourcesSide/gemini-cli/packages/a2a-server
      Coverage enabled with v8

(node:63862) [DEP0040] DeprecationWarning: The `punycode` module is deprecated. Please use a userland alternative instead.
(Use `node --trace-deprecation ...` to show where the warning was created)
(node:63861) [DEP0040] DeprecationWarning: The `punycode` module is deprecated. Please use a userland alternative instead.
(Use `node --trace-deprecation ...` to show where the warning was created)
(node:63858) [DEP0040] DeprecationWarning: The `punycode` module is deprecated. Please use a userland alternative instead.
(Use `node --trace-deprecation ...` to show where the warning was created)
(node:63857) [DEP0040] DeprecationWarning: The `punycode` module is deprecated. Please use a userland alternative instead.
(Use `node --trace-deprecation ...` to show where the warning was created)
(node:63864) [DEP0040] DeprecationWarning: The `punycode` module is deprecated. Please use a userland alternative instead.
(Use `node --trace-deprecation ...` to show where the warning was created)
(node:63865) [DEP0040] DeprecationWarning: The `punycode` module is deprecated. Please use a userland alternative instead.
(Use `node --trace-deprecation ...` to show where the warning was created)
(node:63860) [DEP0040] DeprecationWarning: The `punycode` module is deprecated. Please use a userland alternative instead.
(Use `node --trace-deprecation ...` to show where the warning was created)
(node:63863) [DEP0040] DeprecationWarning: The `punycode` module is deprecated. Please use a userland alternative instead.
(Use `node --trace-deprecation ...` to show where the warning was created)
(node:63859) [DEP0040] DeprecationWarning: The `punycode` module is deprecated. Please use a userland alternative instead.
(Use `node --trace-deprecation ...` to show where the warning was created)
 ✓ src/persistence/gcs.test.ts (12 tests) 15ms
 ✓ src/config/config.test.ts (6 tests) 5ms
 ✓ src/commands/memory.test.ts (7 tests) 7ms
(node:63858) MaxListenersExceededWarning: Possible EventEmitter memory leak detected. 11 model-changed listeners added to [CoreEventEmitter]. MaxListeners is 10. Use emitter.setMaxListeners() to increase limit
 ✓ src/commands/init.test.ts (5 tests) 10ms
 ✓ src/config/settings.test.ts (6 tests) 12ms
 ✓ src/commands/restore.test.ts (6 tests) 9ms
 ✓ src/agent/task.test.ts (17 tests) 53ms
 ✓ src/http/endpoints.test.ts (5 tests) 48ms
 ✓ src/http/app.test.ts (20 tests) 249ms
(node:63889) [DEP0040] DeprecationWarning: The `punycode` module is deprecated. Please use a userland alternative instead.
(Use `node --trace-deprecation ...` to show where the warning was created)
(node:63888) [DEP0040] DeprecationWarning: The `punycode` module is deprecated. Please use a userland alternative instead.
(Use `node --trace-deprecation ...` to show where the warning was created)
 ✓ src/commands/command-registry.test.ts (6 tests) 7ms
 ✓ src/commands/extensions.test.ts (8 tests) 5ms

 Test Files  11 passed (11)
      Tests  98 passed (98)
   Start at  12:15:25
   Duration  4.86s (transform 1.33s, setup 0ms, collect 24.93s, tests 420ms, environment 4ms, prepare 1.68s)

JUNIT report written to /Users/trukhinyuri/Personal/SourcesSide/gemini-cli/packages/a2a-server/junit.xml
 % Coverage report from v8

> @trukhinyuri/gemini-pp@0.28.0 test
> vitest run


 RUN  v3.2.4 /Users/trukhinyuri/Personal/SourcesSide/gemini-cli/packages/cli
      Coverage enabled with v8

(node:63972) [DEP0040] DeprecationWarning: The `punycode` module is deprecated. Please use a userland alternative instead.
(Use `node --trace-deprecation ...` to show where the warning was created)
(node:63973) [DEP0040] DeprecationWarning: The `punycode` module is deprecated. Please use a userland alternative instead.
(Use `node --trace-deprecation ...` to show where the warning was created)
(node:63971) [DEP0040] DeprecationWarning: The `punycode` module is deprecated. Please use a userland alternative instead.
(Use `node --trace-deprecation ...` to show where the warning was created)
(node:63970) [DEP0040] DeprecationWarning: The `punycode` module is deprecated. Please use a userland alternative instead.
(Use `node --trace-deprecation ...` to show where the warning was created)
(node:63966) [DEP0040] DeprecationWarning: The `punycode` module is deprecated. Please use a userland alternative instead.
(Use `node --trace-deprecation ...` to show where the warning was created)
(node:63965) [DEP0040] DeprecationWarning: The `punycode` module is deprecated. Please use a userland alternative instead.
(Use `node --trace-deprecation ...` to show where the warning was created)
(node:63969) [DEP0040] DeprecationWarning: The `punycode` module is deprecated. Please use a userland alternative instead.
(Use `node --trace-deprecation ...` to show where the warning was created)
(node:63968) [DEP0040] DeprecationWarning: The `punycode` module is deprecated. Please use a userland alternative instead.
(Use `node --trace-deprecation ...` to show where the warning was created)
(node:63967) [DEP0040] DeprecationWarning: The `punycode` module is deprecated. Please use a userland alternative instead.
(Use `node --trace-deprecation ...` to show where the warning was created)
stdout | src/ui/hooks/atCommandProcessor.test.ts > handleAtCommand > should pass through original query if only a lone @ symbol is present
Ignore file not found: /var/folders/m_/t8srdy5j15758lvzl10458gw0000gn/T/folder-structure-test-msG3D2/.geminiignore, continue without it.

stdout | src/ui/hooks/atCommandProcessor.test.ts > handleAtCommand > should process a valid text file path
Ignore file not found: /var/folders/m_/t8srdy5j15758lvzl10458gw0000gn/T/folder-structure-test-iW88qm/.geminiignore, continue without it.

stdout | src/ui/hooks/atCommandProcessor.test.ts > handleAtCommand > should process a valid text file path
Ignore file not found: /var/folders/m_/t8srdy5j15758lvzl10458gw0000gn/T/folder-structure-test-iW88qm/.geminiignore, continue without it.

stdout | src/ui/hooks/atCommandProcessor.test.ts > handleAtCommand > should process a valid directory path and convert to glob
Ignore file not found: /var/folders/m_/t8srdy5j15758lvzl10458gw0000gn/T/folder-structure-test-bsTVGm/.geminiignore, continue without it.

stdout | src/ui/hooks/atCommandProcessor.test.ts > handleAtCommand > should process a valid directory path and convert to glob
Ignore file not found: /var/folders/m_/t8srdy5j15758lvzl10458gw0000gn/T/folder-structure-test-bsTVGm/.geminiignore, continue without it.

stdout | src/ui/hooks/atCommandProcessor.test.ts > handleAtCommand > should handle query with text before and after @command
Ignore file not found: /var/folders/m_/t8srdy5j15758lvzl10458gw0000gn/T/folder-structure-test-RNv7xs/.geminiignore, continue without it.

stdout | src/ui/hooks/atCommandProcessor.test.ts > handleAtCommand > should handle query with text before and after @command
Ignore file not found: /var/folders/m_/t8srdy5j15758lvzl10458gw0000gn/T/folder-structure-test-RNv7xs/.geminiignore, continue without it.

stdout | src/ui/hooks/atCommandProcessor.test.ts > handleAtCommand > should correctly unescape paths with escaped spaces
Ignore file not found: /var/folders/m_/t8srdy5j15758lvzl10458gw0000gn/T/folder-structure-test-kywrf1/.geminiignore, continue without it.

stdout | src/ui/hooks/atCommandProcessor.test.ts > handleAtCommand > should correctly unescape paths with escaped spaces
Ignore file not found: /var/folders/m_/t8srdy5j15758lvzl10458gw0000gn/T/folder-structure-test-kywrf1/.geminiignore, continue without it.

stdout | src/ui/hooks/atCommandProcessor.test.ts > handleAtCommand > should handle multiple @file references
Ignore file not found: /var/folders/m_/t8srdy5j15758lvzl10458gw0000gn/T/folder-structure-test-9P1pFG/.geminiignore, continue without it.

stdout | src/ui/hooks/atCommandProcessor.test.ts > handleAtCommand > should handle multiple @file references
Ignore file not found: /var/folders/m_/t8srdy5j15758lvzl10458gw0000gn/T/folder-structure-test-9P1pFG/.geminiignore, continue without it.

stdout | src/ui/hooks/atCommandProcessor.test.ts > handleAtCommand > should handle multiple @file references with interleaved text
Ignore file not found: /var/folders/m_/t8srdy5j15758lvzl10458gw0000gn/T/folder-structure-test-ZMYbf8/.geminiignore, continue without it.

stdout | src/ui/hooks/atCommandProcessor.test.ts > handleAtCommand > should handle multiple @file references with interleaved text
Ignore file not found: /var/folders/m_/t8srdy5j15758lvzl10458gw0000gn/T/folder-structure-test-ZMYbf8/.geminiignore, continue without it.

stdout | src/ui/hooks/atCommandProcessor.test.ts > handleAtCommand > should handle a mix of valid, invalid, and lone @ references
Ignore file not found: /var/folders/m_/t8srdy5j15758lvzl10458gw0000gn/T/folder-structure-test-mtfObI/.geminiignore, continue without it.

stdout | src/ui/hooks/atCommandProcessor.test.ts > handleAtCommand > should handle a mix of valid, invalid, and lone @ references
Ignore file not found: /var/folders/m_/t8srdy5j15758lvzl10458gw0000gn/T/folder-structure-test-mtfObI/.geminiignore, continue without it.

stdout | src/ui/hooks/atCommandProcessor.test.ts > handleAtCommand > should handle a mix of valid, invalid, and lone @ references
Ignore file not found: /var/folders/m_/t8srdy5j15758lvzl10458gw0000gn/T/folder-structure-test-mtfObI/.geminiignore, continue without it.

stdout | src/ui/hooks/atCommandProcessor.test.ts > handleAtCommand > should return original query if all @paths are invalid or lone @
Ignore file not found: /var/folders/m_/t8srdy5j15758lvzl10458gw0000gn/T/folder-structure-test-JZ7Dzs/.geminiignore, continue without it.

stdout | src/ui/hooks/atCommandProcessor.test.ts > handleAtCommand > should return original query if all @paths are invalid or lone @
Ignore file not found: /var/folders/m_/t8srdy5j15758lvzl10458gw0000gn/T/folder-structure-test-JZ7Dzs/.geminiignore, continue without it.

stdout | src/ui/hooks/atCommandProcessor.test.ts > handleAtCommand > git-aware filtering > should skip git-ignored files in @ commands
Ignore file not found: /var/folders/m_/t8srdy5j15758lvzl10458gw0000gn/T/folder-structure-test-COLNb4/.geminiignore, continue without it.
Ignored 1 files:
Git-ignored: /var/folders/m_/t8srdy5j15758lvzl10458gw0000gn/T/folder-structure-test-COLNb4/node_modules/package.json

stdout | src/ui/hooks/atCommandProcessor.test.ts > handleAtCommand > git-aware filtering > should process non-git-ignored files normally
Ignore file not found: /var/folders/m_/t8srdy5j15758lvzl10458gw0000gn/T/folder-structure-test-2oLjsD/.geminiignore, continue without it.

stdout | src/ui/hooks/atCommandProcessor.test.ts > handleAtCommand > git-aware filtering > should process non-git-ignored files normally
Ignore file not found: /var/folders/m_/t8srdy5j15758lvzl10458gw0000gn/T/folder-structure-test-2oLjsD/.geminiignore, continue without it.

stdout | src/ui/hooks/atCommandProcessor.test.ts > handleAtCommand > git-aware filtering > should handle mixed git-ignored and valid files
Ignore file not found: /var/folders/m_/t8srdy5j15758lvzl10458gw0000gn/T/folder-structure-test-naihoE/.geminiignore, continue without it.

stdout | src/ui/hooks/atCommandProcessor.test.ts > handleAtCommand > git-aware filtering > should handle mixed git-ignored and valid files
Ignored 1 files:
Git-ignored: /var/folders/m_/t8srdy5j15758lvzl10458gw0000gn/T/folder-structure-test-naihoE/.env

stdout | src/ui/hooks/atCommandProcessor.test.ts > handleAtCommand > git-aware filtering > should handle mixed git-ignored and valid files
Ignore file not found: /var/folders/m_/t8srdy5j15758lvzl10458gw0000gn/T/folder-structure-test-naihoE/.geminiignore, continue without it.

stdout | src/ui/hooks/atCommandProcessor.test.ts > handleAtCommand > git-aware filtering > should always ignore .git directory files
Ignore file not found: /var/folders/m_/t8srdy5j15758lvzl10458gw0000gn/T/folder-structure-test-e15Kf1/.geminiignore, continue without it.
Ignored 1 files:
Git-ignored: /var/folders/m_/t8srdy5j15758lvzl10458gw0000gn/T/folder-structure-test-e15Kf1/.git/config

stdout | src/ui/hooks/atCommandProcessor.test.ts > handleAtCommand > when recursive file search is disabled > should not use glob search for a nonexistent file
Ignore file not found: /var/folders/m_/t8srdy5j15758lvzl10458gw0000gn/T/folder-structure-test-Cfeo9W/.geminiignore, continue without it.

stdout | src/ui/hooks/atCommandProcessor.test.ts > handleAtCommand > gemini-ignore filtering > should skip gemini-ignored files in @ commands
Loading ignore patterns from: /var/folders/m_/t8srdy5j15758lvzl10458gw0000gn/T/folder-structure-test-wAfCGG/.geminiignore
Ignored 1 files:
Gemini-ignored: /var/folders/m_/t8srdy5j15758lvzl10458gw0000gn/T/folder-structure-test-wAfCGG/build/output.js

stdout | src/ui/hooks/atCommandProcessor.test.ts > handleAtCommand > should process non-ignored files when .geminiignore is present
Loading ignore patterns from: /var/folders/m_/t8srdy5j15758lvzl10458gw0000gn/T/folder-structure-test-cZLNDd/.geminiignore

stdout | src/ui/hooks/atCommandProcessor.test.ts > handleAtCommand > should process non-ignored files when .geminiignore is present
Loading ignore patterns from: /var/folders/m_/t8srdy5j15758lvzl10458gw0000gn/T/folder-structure-test-cZLNDd/.geminiignore

stdout | src/ui/hooks/atCommandProcessor.test.ts > handleAtCommand > should handle mixed gemini-ignored and valid files
Loading ignore patterns from: /var/folders/m_/t8srdy5j15758lvzl10458gw0000gn/T/folder-structure-test-puo22h/.geminiignore

stdout | src/ui/hooks/atCommandProcessor.test.ts > handleAtCommand > should handle mixed gemini-ignored and valid files
Ignored 1 files:
Gemini-ignored: /var/folders/m_/t8srdy5j15758lvzl10458gw0000gn/T/folder-structure-test-puo22h/dist/bundle.js

stdout | src/ui/hooks/atCommandProcessor.test.ts > handleAtCommand > should handle mixed gemini-ignored and valid files
Loading ignore patterns from: /var/folders/m_/t8srdy5j15758lvzl10458gw0000gn/T/folder-structure-test-puo22h/.geminiignore

stdout | src/ui/hooks/atCommandProcessor.test.ts > handleAtCommand > punctuation termination in @ commands > should terminate @path at 'comma'
Ignore file not found: /var/folders/m_/t8srdy5j15758lvzl10458gw0000gn/T/folder-structure-test-pDBTcK/.geminiignore, continue without it.

stdout | src/ui/hooks/atCommandProcessor.test.ts > handleAtCommand > punctuation termination in @ commands > should terminate @path at 'comma'
Ignore file not found: /var/folders/m_/t8srdy5j15758lvzl10458gw0000gn/T/folder-structure-test-pDBTcK/.geminiignore, continue without it.

stdout | src/ui/hooks/atCommandProcessor.test.ts > handleAtCommand > punctuation termination in @ commands > should terminate @path at 'period'
Ignore file not found: /var/folders/m_/t8srdy5j15758lvzl10458gw0000gn/T/folder-structure-test-QQ56pa/.geminiignore, continue without it.

stdout | src/ui/hooks/atCommandProcessor.test.ts > handleAtCommand > punctuation termination in @ commands > should terminate @path at 'period'
Ignore file not found: /var/folders/m_/t8srdy5j15758lvzl10458gw0000gn/T/folder-structure-test-QQ56pa/.geminiignore, continue without it.

stdout | src/ui/hooks/atCommandProcessor.test.ts > handleAtCommand > punctuation termination in @ commands > should terminate @path at 'semicolon'
Ignore file not found: /var/folders/m_/t8srdy5j15758lvzl10458gw0000gn/T/folder-structure-test-kAQX62/.geminiignore, continue without it.

stdout | src/ui/hooks/atCommandProcessor.test.ts > handleAtCommand > punctuation termination in @ commands > should terminate @path at 'semicolon'
Ignore file not found: /var/folders/m_/t8srdy5j15758lvzl10458gw0000gn/T/folder-structure-test-kAQX62/.geminiignore, continue without it.

stdout | src/ui/hooks/atCommandProcessor.test.ts > handleAtCommand > punctuation termination in @ commands > should terminate @path at 'exclamation mark'
Ignore file not found: /var/folders/m_/t8srdy5j15758lvzl10458gw0000gn/T/folder-structure-test-9BT6n9/.geminiignore, continue without it.

stdout | src/ui/hooks/atCommandProcessor.test.ts > handleAtCommand > punctuation termination in @ commands > should terminate @path at 'exclamation mark'
Ignore file not found: /var/folders/m_/t8srdy5j15758lvzl10458gw0000gn/T/folder-structure-test-9BT6n9/.geminiignore, continue without it.

stdout | src/ui/hooks/atCommandProcessor.test.ts > handleAtCommand > punctuation termination in @ commands > should terminate @path at 'question mark'
Ignore file not found: /var/folders/m_/t8srdy5j15758lvzl10458gw0000gn/T/folder-structure-test-fVrR9G/.geminiignore, continue without it.

stdout | src/ui/hooks/atCommandProcessor.test.ts > handleAtCommand > punctuation termination in @ commands > should terminate @path at 'question mark'
Ignore file not found: /var/folders/m_/t8srdy5j15758lvzl10458gw0000gn/T/folder-structure-test-fVrR9G/.geminiignore, continue without it.

stdout | src/ui/hooks/atCommandProcessor.test.ts > handleAtCommand > punctuation termination in @ commands > should terminate @path at 'opening parenthesis'
Ignore file not found: /var/folders/m_/t8srdy5j15758lvzl10458gw0000gn/T/folder-structure-test-zCYxfE/.geminiignore, continue without it.

stdout | src/ui/hooks/atCommandProcessor.test.ts > handleAtCommand > punctuation termination in @ commands > should terminate @path at 'opening parenthesis'
Ignore file not found: /var/folders/m_/t8srdy5j15758lvzl10458gw0000gn/T/folder-structure-test-zCYxfE/.geminiignore, continue without it.

stdout | src/ui/hooks/atCommandProcessor.test.ts > handleAtCommand > punctuation termination in @ commands > should terminate @path at 'closing parenthesis'
Ignore file not found: /var/folders/m_/t8srdy5j15758lvzl10458gw0000gn/T/folder-structure-test-QxtMqV/.geminiignore, continue without it.

stdout | src/ui/hooks/atCommandProcessor.test.ts > handleAtCommand > punctuation termination in @ commands > should terminate @path at 'closing parenthesis'
Ignore file not found: /var/folders/m_/t8srdy5j15758lvzl10458gw0000gn/T/folder-structure-test-QxtMqV/.geminiignore, continue without it.

stdout | src/ui/hooks/atCommandProcessor.test.ts > handleAtCommand > punctuation termination in @ commands > should terminate @path at 'opening square bracket'
Ignore file not found: /var/folders/m_/t8srdy5j15758lvzl10458gw0000gn/T/folder-structure-test-cV75X4/.geminiignore, continue without it.

stdout | src/ui/hooks/atCommandProcessor.test.ts > handleAtCommand > punctuation termination in @ commands > should terminate @path at 'opening square bracket'
Ignore file not found: /var/folders/m_/t8srdy5j15758lvzl10458gw0000gn/T/folder-structure-test-cV75X4/.geminiignore, continue without it.

stdout | src/ui/hooks/atCommandProcessor.test.ts > handleAtCommand > punctuation termination in @ commands > should terminate @path at 'closing square bracket'
Ignore file not found: /var/folders/m_/t8srdy5j15758lvzl10458gw0000gn/T/folder-structure-test-RVrBuO/.geminiignore, continue without it.

stdout | src/ui/hooks/atCommandProcessor.test.ts > handleAtCommand > punctuation termination in @ commands > should terminate @path at 'closing square bracket'
Ignore file not found: /var/folders/m_/t8srdy5j15758lvzl10458gw0000gn/T/folder-structure-test-RVrBuO/.geminiignore, continue without it.

stdout | src/ui/hooks/atCommandProcessor.test.ts > handleAtCommand > punctuation termination in @ commands > should terminate @path at 'opening curly brace'
Ignore file not found: /var/folders/m_/t8srdy5j15758lvzl10458gw0000gn/T/folder-structure-test-KdmmpG/.geminiignore, continue without it.

stdout | src/ui/hooks/atCommandProcessor.test.ts > handleAtCommand > punctuation termination in @ commands > should terminate @path at 'opening curly brace'
Ignore file not found: /var/folders/m_/t8srdy5j15758lvzl10458gw0000gn/T/folder-structure-test-KdmmpG/.geminiignore, continue without it.

stdout | src/ui/hooks/atCommandProcessor.test.ts > handleAtCommand > punctuation termination in @ commands > should terminate @path at 'closing curly brace'
Ignore file not found: /var/folders/m_/t8srdy5j15758lvzl10458gw0000gn/T/folder-structure-test-u4rzDS/.geminiignore, continue without it.

stdout | src/ui/hooks/atCommandProcessor.test.ts > handleAtCommand > punctuation termination in @ commands > should terminate @path at 'closing curly brace'
Ignore file not found: /var/folders/m_/t8srdy5j15758lvzl10458gw0000gn/T/folder-structure-test-u4rzDS/.geminiignore, continue without it.

stdout | src/ui/hooks/atCommandProcessor.test.ts > handleAtCommand > punctuation termination in @ commands > should handle multiple @paths terminated by different punctuation
Ignore file not found: /var/folders/m_/t8srdy5j15758lvzl10458gw0000gn/T/folder-structure-test-7Brq0g/.geminiignore, continue without it.

stdout | src/ui/hooks/atCommandProcessor.test.ts > handleAtCommand > punctuation termination in @ commands > should handle multiple @paths terminated by different punctuation
Ignore file not found: /var/folders/m_/t8srdy5j15758lvzl10458gw0000gn/T/folder-structure-test-7Brq0g/.geminiignore, continue without it.

stdout | src/ui/hooks/atCommandProcessor.test.ts > handleAtCommand > punctuation termination in @ commands > should still handle escaped spaces in paths before punctuation
Ignore file not found: /var/folders/m_/t8srdy5j15758lvzl10458gw0000gn/T/folder-structure-test-Oilm0D/.geminiignore, continue without it.

stdout | src/ui/hooks/atCommandProcessor.test.ts > handleAtCommand > punctuation termination in @ commands > should still handle escaped spaces in paths before punctuation
Ignore file not found: /var/folders/m_/t8srdy5j15758lvzl10458gw0000gn/T/folder-structure-test-Oilm0D/.geminiignore, continue without it.

stdout | src/ui/hooks/atCommandProcessor.test.ts > handleAtCommand > punctuation termination in @ commands > should not break file paths with periods in extensions
Ignore file not found: /var/folders/m_/t8srdy5j15758lvzl10458gw0000gn/T/folder-structure-test-FhZq9g/.geminiignore, continue without it.

stdout | src/ui/hooks/atCommandProcessor.test.ts > handleAtCommand > punctuation termination in @ commands > should not break file paths with periods in extensions
Ignore file not found: /var/folders/m_/t8srdy5j15758lvzl10458gw0000gn/T/folder-structure-test-FhZq9g/.geminiignore, continue without it.

stdout | src/ui/hooks/atCommandProcessor.test.ts > handleAtCommand > punctuation termination in @ commands > should handle file paths ending with period followed by space
Ignore file not found: /var/folders/m_/t8srdy5j15758lvzl10458gw0000gn/T/folder-structure-test-iJEUej/.geminiignore, continue without it.

stdout | src/ui/hooks/atCommandProcessor.test.ts > handleAtCommand > punctuation termination in @ commands > should handle file paths ending with period followed by space
Ignore file not found: /var/folders/m_/t8srdy5j15758lvzl10458gw0000gn/T/folder-structure-test-iJEUej/.geminiignore, continue without it.

stdout | src/ui/hooks/atCommandProcessor.test.ts > handleAtCommand > punctuation termination in @ commands > should handle comma termination with complex file paths
Ignore file not found: /var/folders/m_/t8srdy5j15758lvzl10458gw0000gn/T/folder-structure-test-FGHlXO/.geminiignore, continue without it.

stdout | src/ui/hooks/atCommandProcessor.test.ts > handleAtCommand > punctuation termination in @ commands > should handle comma termination with complex file paths
Ignore file not found: /var/folders/m_/t8srdy5j15758lvzl10458gw0000gn/T/folder-structure-test-FGHlXO/.geminiignore, continue without it.

stdout | src/ui/hooks/atCommandProcessor.test.ts > handleAtCommand > punctuation termination in @ commands > should correctly handle file paths with multiple periods
Ignore file not found: /var/folders/m_/t8srdy5j15758lvzl10458gw0000gn/T/folder-structure-test-Oemimm/.geminiignore, continue without it.

stdout | src/ui/hooks/atCommandProcessor.test.ts > handleAtCommand > punctuation termination in @ commands > should correctly handle file paths with multiple periods
Ignore file not found: /var/folders/m_/t8srdy5j15758lvzl10458gw0000gn/T/folder-structure-test-Oemimm/.geminiignore, continue without it.

stdout | src/ui/hooks/atCommandProcessor.test.ts > handleAtCommand > punctuation termination in @ commands > should handle end of string termination for period and comma
Ignore file not found: /var/folders/m_/t8srdy5j15758lvzl10458gw0000gn/T/folder-structure-test-yCBCib/.geminiignore, continue without it.

stdout | src/ui/hooks/atCommandProcessor.test.ts > handleAtCommand > punctuation termination in @ commands > should handle end of string termination for period and comma
Ignore file not found: /var/folders/m_/t8srdy5j15758lvzl10458gw0000gn/T/folder-structure-test-yCBCib/.geminiignore, continue without it.

stdout | src/ui/hooks/atCommandProcessor.test.ts > handleAtCommand > punctuation termination in @ commands > should handle files with special characters in names
Ignore file not found: /var/folders/m_/t8srdy5j15758lvzl10458gw0000gn/T/folder-structure-test-WaeDnU/.geminiignore, continue without it.

stdout | src/ui/hooks/atCommandProcessor.test.ts > handleAtCommand > punctuation termination in @ commands > should handle files with special characters in names
Ignore file not found: /var/folders/m_/t8srdy5j15758lvzl10458gw0000gn/T/folder-structure-test-WaeDnU/.geminiignore, continue without it.

stdout | src/ui/hooks/atCommandProcessor.test.ts > handleAtCommand > punctuation termination in @ commands > should handle basic file names without special characters
Ignore file not found: /var/folders/m_/t8srdy5j15758lvzl10458gw0000gn/T/folder-structure-test-wKMhNZ/.geminiignore, continue without it.

stdout | src/ui/hooks/atCommandProcessor.test.ts > handleAtCommand > punctuation termination in @ commands > should handle basic file names without special characters
Ignore file not found: /var/folders/m_/t8srdy5j15758lvzl10458gw0000gn/T/folder-structure-test-wKMhNZ/.geminiignore, continue without it.

stdout | src/ui/hooks/atCommandProcessor.test.ts > handleAtCommand > absolute path handling > should handle absolute file paths correctly
Ignore file not found: /var/folders/m_/t8srdy5j15758lvzl10458gw0000gn/T/folder-structure-test-SBOrx0/.geminiignore, continue without it.

stdout | src/ui/hooks/atCommandProcessor.test.ts > handleAtCommand > absolute path handling > should handle absolute file paths correctly
Ignore file not found: /var/folders/m_/t8srdy5j15758lvzl10458gw0000gn/T/folder-structure-test-SBOrx0/.geminiignore, continue without it.

stdout | src/ui/hooks/atCommandProcessor.test.ts > handleAtCommand > absolute path handling > should handle absolute directory paths correctly
Ignore file not found: /var/folders/m_/t8srdy5j15758lvzl10458gw0000gn/T/folder-structure-test-tZZfit/.geminiignore, continue without it.

stdout | src/ui/hooks/atCommandProcessor.test.ts > handleAtCommand > absolute path handling > should handle absolute directory paths correctly
Ignore file not found: /var/folders/m_/t8srdy5j15758lvzl10458gw0000gn/T/folder-structure-test-tZZfit/.geminiignore, continue without it.

stdout | src/ui/hooks/atCommandProcessor.test.ts > handleAtCommand > absolute path handling > should skip absolute paths outside workspace
Ignore file not found: /var/folders/m_/t8srdy5j15758lvzl10458gw0000gn/T/folder-structure-test-LuwFGh/.geminiignore, continue without it.

stdout | src/ui/hooks/atCommandProcessor.test.ts > handleAtCommand > should not add the user's turn to history, as that is the caller's responsibility
Ignore file not found: /var/folders/m_/t8srdy5j15758lvzl10458gw0000gn/T/folder-structure-test-T1qWw8/.geminiignore, continue without it.

stdout | src/ui/hooks/atCommandProcessor.test.ts > handleAtCommand > should not add the user's turn to history, as that is the caller's responsibility
Ignore file not found: /var/folders/m_/t8srdy5j15758lvzl10458gw0000gn/T/folder-structure-test-T1qWw8/.geminiignore, continue without it.

stdout | src/ui/hooks/atCommandProcessor.test.ts > handleAtCommand > MCP resource attachments > attaches MCP resource content when @serverName:uri matches registry
Ignore file not found: /var/folders/m_/t8srdy5j15758lvzl10458gw0000gn/T/folder-structure-test-Z8EqDM/.geminiignore, continue without it.

stdout | src/ui/hooks/atCommandProcessor.test.ts > handleAtCommand > MCP resource attachments > returns an error if MCP client is unavailable
Ignore file not found: /var/folders/m_/t8srdy5j15758lvzl10458gw0000gn/T/folder-structure-test-S5R6Vo/.geminiignore, continue without it.

stderr | src/ui/hooks/atCommandProcessor.test.ts > handleAtCommand > MCP resource attachments > returns an error if MCP client is unavailable
[
  [32m"Error reading resource resource://server-1/logs: MCP client for server 'server-1' is not available or not connected."[39m
]

stdout | src/ui/hooks/atCommandProcessor.test.ts > handleAtCommand > should return error if the read_many_files tool is cancelled by user
Ignore file not found: /var/folders/m_/t8srdy5j15758lvzl10458gw0000gn/T/folder-structure-test-MYN3ne/.geminiignore, continue without it.

(node:63973) MaxListenersExceededWarning: Possible EventEmitter memory leak detected. 11 model-changed listeners added to [CoreEventEmitter]. MaxListeners is 10. Use emitter.setMaxListeners() to increase limit
 ✓ src/ui/hooks/atCommandProcessor.test.ts (45 tests) 453ms
stderr | src/config/config.integration.test.ts > Configuration Integration Tests > Approval Mode Integration Tests > 'should parse --approval-mode=auto_edi…'
[MSW] Warning: intercepted a request without a matching request handler:

  • GET data:application/octet-stream;base64,AGFzbQEAAAABugM3YAF/AGACf38AYAF/AX9gA39/fwBgAn98AGACf38Bf2ADf39/AX9gBH9/f30BfWADf398AGAAAGAEf39/fwBgAX8BfGACf38BfGAFf39/f38Bf2AAAX9gA39/fwF9YAZ/f31/fX8AYAV/f39/fwBgAn9/AX1gBX9/f319AX1gAX8BfWADf35/AX5gB39/f39/f38AYAZ/f39/f38AYAR/f39/AX9gBn9/f319fQF9YAR/f31/AGADf399AX1gBn98f39/fwF/YAR/fHx/AGACf30AYAh/f39/f39/fwBgDX9/f39/f39/f39/f38AYAp/f39/f39/f39/AGAFf39/f38BfGAEfHx/fwF9YA1/fX1/f399fX9/f39/AX9gB39/f319f38AYAJ+fwF/YAN/fX0BfWABfAF8YAN/fHwAYAR/f319AGAHf39/fX19fQF9YA1/fX99f31/fX19fX1/AX9gC39/f39/f399fX19AX9gCH9/f39/f319AGAEf39+fgBgB39/f39/f38Bf2ACfH8BfGAFf398fH8AYAN/f38BfGAEf39/fABgA39/fQBgBn9/fX99fwF/ArUBHgFhAWEAHwFhAWIAAwFhAWMACQFhAWQAFgFhAWUAEQFhAWYAIAFhAWcAAAFhAWgAIQFhAWkAAwFhAWoAAAFhAWsAFwFhAWwACgFhAW0ABQFhAW4AAwFhAW8AAQFhAXAAFwFhAXEABgFhAXIAAAFhAXMAIgFhAXQACgFhAXUADQFhAXYAFgFhAXcAAgFhAXgAAwFhAXkAGAFhAXoAAgFhAUEAAQFhAUIAEQFhAUMAAQFhAUQAAAOiAqACAgMSBwcACRkDAAoRBgYKEwAPDxMBBiMTCgcHGgMUASQFJRQHAwMKCgMmAQYYDxobFAAKBw8KBwMDAgkCAAAFGwACBwIHBgIDAQMIDAABKAkHBQURACkZASoAAAIrLAIALQcHBy4HLwkFCgMCMA0xAgMJAgACAQYKAQIBBQEACQIFAQEABQAODQ0GFQIBHBUGAgkCEAAAAAUyDzMMBQYINAUCAwUODg41AgMCAgIDBgICNgIBDAwMAQsLCwsLCx0CAAIAAAABABABBQICAQMCEgMMCwEBAQEBAQsLAQICAwICAgICAgIDAgIICAEICAgEBAQEBAQEBAQABAQABAQEBAAEBAQBAQEICAEBAQEBAQEBCAgBAQEAAg4CAgUBAR4DBAcBcAHUAdQBBQcBAYACgIACBg0CfwFBkMQEC38BQQALByQIAUUCAAFGAG0BRwCwAQFIAK8BAUkAYQFKAQABSwAjAUwApgEJjQMBAEEBC9MBqwGqAaUB5QHiAZwB0AFazwHOAVlZWpsBmgGZAc0BzAHLAcoBWpgByQFZWVqbAZoBmQHIAccBxgGjAZcBpAGWAaMBvQKVAbwCxQG7Ajq6Ajq5ApQBuAI+twI+xAFqwwFqwgFqaWjBAcABvwGhAZcBtgK+AbUClgGhAbQCmAGzAjqxAjqwAr0BrwKuAq0CrAKrAqoCqAKnAqYCpQKkAqMCogKhArwBoAKfAp4CnQKcApsCmgKZApgClwKWApUClAKTApICkQKQAo8CjgKyAo0CjAKLAooCiAKHAqkChQI+hAK7AYMCggKBAoAC/gH9AfwB+QG6AfgBuQH3AfYB9QH0AfMB8gHxAYYC8AHvAbgB+wH6Ae4B7QG3AesBlQHqATrpAT7oAT7nAZQB0QE67AE+iQLmATrkAeMBOuEB4AHfAT7eAd0B3AG2AdsB2gHZAdgB1wHWAdUBtQHUAdMB0gH/AWloaWiPAZABsgGxAZEBhQGSAbQBswGRAa4BrQGsAakBqAGnAYUBCtj+A6ACMwEBfyAAQQEgABshAAJAA0AgABBhIgENAUGIxAAoAgAiAQRAIAERCQAMAQsLEAIACyABC+0BAgJ9A39DAADAfyEEAkACQAJAAkAgAkEHcSIGDgUCAQEBAAELQQMhBQwBCyAGQQFrQQJPDQEgAkHw/wNxQQR2IQcCfSACQQhxBEAgASAHEJ4BvgwBC0EAIAdB/w9xIgFrIAEgAsFBAEgbsgshAyAGQQFGBEAgAyADXA0BQwAAwH8gAyADQwAAgH9bIANDAACA/1tyIgEbIQQgAUUhBQwBCyADIANcDQBBAEECIANDAACAf1sgA0MAAID/W3IiARshBUMAAMB/IAMgARshBAsgACAFOgAEIAAgBDgCAA8LQfQNQakYQTpB+RYQCwALZwIBfQF/QwAAwH8hAgJAAkACQCABQQdxDgQCAAABAAtBxBJBqRhByQBBuhIQCwALIAFB8P8DcUEEdiEDIAFBCHEEQCAAIAMQngG+DwtBACADQf8PcSIAayAAIAHBQQBIG7IhAgsgAgt4AgF/AX0jAEEQayIEJAAgBEEIaiAAQQMgAkECR0EBdCABQf4BcUECRxsgAhAoQwAAwH8hBQJAAkACQCAELQAMQQFrDgIAAQILIAQqAgghBQwBCyAEKgIIIAOUQwrXIzyUIQULIARBEGokACAFQwAAAAAgBSAFWxsLeAIBfwF9IwBBEGsiBCQAIARBCGogAEEBIAJBAkZBAXQgAUH+AXFBAkcbIAIQKEMAAMB/IQUCQAJAAkAgBC0ADEEBaw4CAAECCyAEKgIIIQUMAQsgBCoCCCADlEMK1yM8lCEFCyAEQRBqJAAgBUMAAAAAIAUgBVsbC8wCAQV/IAAEQCAAQQRrIgEoAgAiBSEDIAEhAiAAQQhrKAIAIgAgAEF+cSIERwRAIAEgBGsiAigCBCIAIAIoAgg2AgggAigCCCAANgIEIAQgBWohAwsgASAFaiIEKAIAIgEgASAEakEEaygCAEcEQCAEKAIEIgAgBCgCCDYCCCAEKAIIIAA2AgQgASADaiEDCyACIAM2AgAgA0F8cSACakEEayADQQFyNgIAIAICfyACKAIAQQhrIgFB/wBNBEAgAUEDdkEBawwBCyABQR0gAWciAGt2QQRzIABBAnRrQe4AaiABQf8fTQ0AGkE/IAFBHiAAa3ZBAnMgAEEBdGtBxwBqIgAgAEE/TxsLIgFBBHQiAEHgMmo2AgQgAiAAQegyaiIAKAIANgIIIAAgAjYCACACKAIIIAI2AgRB6DpB6DopAwBCASABrYaENwMACwsOAEHYMigCABEJABBYAAunAQIBfQJ/IABBFGoiByACIAFBAkkiCCAEIAUQNSEGAkAgByACIAggBCAFEC0iBEMAAAAAYCADIARecQ0AIAZDAAAAAGBFBEAgAyEEDAELIAYgAyADIAZdGyEECyAAQRRqIgAgASACIAUQOCAAIAEgAhAwkiAAIAEgAiAFEDcgACABIAIQL5KSIgMgBCADIAReGyADIAQgBCAEXBsgBCAEWyADIANbcRsLvwEBA38gAC0AAEEgcUUEQAJAIAEhAwJAIAIgACIBKAIQIgAEfyAABSABEJ0BDQEgASgCEAsgASgCFCIFa0sEQCABIAMgAiABKAIkEQYAGgwCCwJAIAEoAlBBAEgNACACIQADQCAAIgRFDQEgAyAEQQFrIgBqLQAAQQpHDQALIAEgAyAEIAEoAiQRBgAgBEkNASADIARqIQMgAiAEayECIAEoAhQhBQsgBSADIAIQKxogASABKAIUIAJqNgIUCwsLCwYAIAAQIwtQAAJAAkACQAJAAkAgAg4EBAABAgMLIAAgASABQQxqEEMPCyAAIAEgAUEMaiADEEQPCyAAIAEgAUEMahBCDwsQJAALIAAgASABQQxqIAMQRQttAQF/IwBBgAJrIgUkACAEQYDABHEgAiADTHJFBEAgBSABQf8BcSACIANrIgNBgAIgA0GAAkkiARsQKhogAUUEQANAIAAgBUGAAhAmIANBgAJrIgNB/wFLDQALCyAAIAUgAxAmCyAFQYACaiQAC/ICAgJ/AX4CQCACRQ0AIAAgAToAACAAIAJqIgNBAWsgAToAACACQQNJDQAgACABOgACIAAgAToAASADQQNrIAE6AAAgA0ECayABOgAAIAJBB0kNACAAIAE6AAMgA0EEayABOgAAIAJBCUkNACAAQQAgAGtBA3EiBGoiAyABQf8BcUGBgoQIbCIBNgIAIAMgAiAEa0F8cSIEaiICQQRrIAE2AgAgBEEJSQ0AIAMgATYCCCADIAE2AgQgAkEIayABNgIAIAJBDGsgATYCACAEQRlJDQAgAyABNgIYIAMgATYCFCADIAE2AhAgAyABNgIMIAJBEGsgATYCACACQRRrIAE2AgAgAkEYayABNgIAIAJBHGsgATYCACAEIANBBHFBGHIiBGsiAkEgSQ0AIAGtQoGAgIAQfiEFIAMgBGohAQNAIAEgBTcDGCABIAU3AxAgASAFNwMIIAEgBTcDACABQSBqIQEgAkEgayICQR9LDQALCyAAC4AEAQN/IAJBgARPBEAgACABIAIQFyAADwsgACACaiEDAkAgACABc0EDcUUEQAJAIABBA3FFBEAgACECDAELIAJFBEAgACECDAELIAAhAgNAIAIgAS0AADoAACABQQFqIQEgAkEBaiICQQNxRQ0BIAIgA0kNAAsLAkAgA0F8cSIEQcAASQ0AIAIgBEFAaiIFSw0AA0AgAiABKAIANgIAIAIgASgCBDYCBCACIAEoAgg2AgggAiABKAIMNgIMIAIgASgCEDYCECACIAEoAhQ2AhQgAiABKAIYNgIYIAIgASgCHDYCHCACIAEoAiA2AiAgAiABKAIkNgIkIAIgASgCKDYCKCACIAEoAiw2AiwgAiABKAIwNgIwIAIgASgCNDYCNCACIAEoAjg2AjggAiABKAI8NgI8IAFBQGshASACQUBrIgIgBU0NAAsLIAIgBE8NAQNAIAIgASgCADYCACABQQRqIQEgAkEEaiICIARJDQALDAELIANBBEkEQCAAIQIMAQsgACADQQRrIgRLBEAgACECDAELIAAhAgNAIAIgAS0AADoAACACIAEtAAE6AAEgAiABLQACOgACIAIgAS0AAzoAAyABQQRqIQEgAkEEaiICIARNDQALCyACIANJBEADQCACIAEtAAA6AAAgAUEBaiEBIAJBAWoiAiADRw0ACwsgAAtIAQF/IwBBEGsiBCQAIAQgAzYCDAJAIABFBEBBAEEAIAEgAiAEKAIMEHEMAQsgACgC9AMgACABIAIgBCgCDBBxCyAEQRBqJAALkwECAX0BfyMAQRBrIgYkACAGQQhqIABB6ABqIAAgAkEBdGovAWIQH0MAAMB/IQUCQAJAAkAgBi0ADEEBaw4CAAECCyAGKgIIIQUMAQsgBioCCCADlEMK1yM8lCEFCyAALQADQRB0QYCAwABxBEAgBSAAIAEgAiAEEFQiA0MAAAAAIAMgA1sbkiEFCyAGQRBqJAAgBQu1AQECfyAAKAIEQQFqIgEgACgCACICKALsAyACKALoAyICa0ECdU8EQANAIAAoAggiAUUEQCAAQQA2AgggAEIANwIADwsgACABKAIENgIAIAAgASgCCDYCBCAAIAEoAgA2AgggARAjIAAoAgRBAWoiASAAKAIAIgIoAuwDIAIoAugDIgJrQQJ1Tw0ACwsgACABNgIEIAIgAUECdGooAgAtABdBEHRBgIAwcUGAgCBGBEAgABB9CwuBAQIBfwF9IwBBEGsiAyQAIANBCGogAEEDIAJBAkdBAXQgAUH+AXFBAkcbIAIQU0MAAMB/IQQCQAJAAkAgAy0ADEEBaw4CAAECCyADKgIIIQQMAQsgAyoCCEMAAAAAlEMK1yM8lCEECyADQRBqJAAgBEMAAAAAl0MAAAAAIAQgBFsbC4EBAgF/AX0jAEEQayIDJAAgA0EIaiAAQQEgAkECRkEBdCABQf4BcUECRxsgAhBTQwAAwH8hBAJAAkACQCADLQAMQQFrDgIAAQILIAMqAgghBAwBCyADKgIIQwAAAACUQwrXIzyUIQQLIANBEGokACAEQwAAAACXQwAAAAAgBCAEWxsLeAICfQF/IAAgAkEDdGoiByoC+AMhBkMAAMB/IQUCQAJAAkAgBy0A/ANBAWsOAgABAgsgBiEFDAELIAYgA5RDCtcjPJQhBQsgAC0AF0EQdEGAgMAAcQR9IAUgAEEUaiABIAIgBBBUIgNDAAAAACADIANbG5IFIAULC1EBAX8CQCABKALoAyICIAEoAuwDRwRAIABCADcCBCAAIAE2AgAgAigCAC0AF0EQdEGAgDBxQYCAIEcNASAAEH0PCyAAQgA3AgAgAEEANgIICwvoAgECfwJAIAAgAUYNACABIAAgAmoiBGtBACACQQF0a00EQCAAIAEgAhArDwsgACABc0EDcSEDAkACQCAAIAFJBEAgAwRAIAAhAwwDCyAAQQNxRQRAIAAhAwwCCyAAIQMDQCACRQ0EIAMgAS0AADoAACABQQFqIQEgAkEBayECIANBAWoiA0EDcQ0ACwwBCwJAIAMNACAEQQNxBEADQCACRQ0FIAAgAkEBayICaiIDIAEgAmotAAA6AAAgA0EDcQ0ACwsgAkEDTQ0AA0AgACACQQRrIgJqIAEgAmooAgA2AgAgAkEDSw0ACwsgAkUNAgNAIAAgAkEBayICaiABIAJqLQAAOgAAIAINAAsMAgsgAkEDTQ0AA0AgAyABKAIANgIAIAFBBGohASADQQRqIQMgAkEEayICQQNLDQALCyACRQ0AA0AgAyABLQAAOgAAIANBAWohAyABQQFqIQEgAkEBayICDQALCyAAC5QCAgF8AX8CQCAAIAGiIgAQbCIERAAAAAAAAPA/oCAEIAREAAAAAAAAAABjGyIEIARiIgUgBJlELUMc6+I2Gj9jRXJFBEAgACAEoSEADAELIAUgBEQAAAAAAADwv6CZRC1DHOviNho/Y0VyRQRAIAAgBKFEAAAAAAAA8D+gIQAMAQsgACAEoSEAIAIEQCAARAAAAAAAAPA/oCEADAELIAMNACAAAnxEAAAAAAAAAAAgBQ0AGkQAAAAAAADwPyAERAAAAAAAAOA/ZA0AGkQAAAAAAADwP0QAAAAAAAAAACAERAAAAAAAAOC/oJlELUMc6+I2Gj9jGwugIQALIAAgAGIgASABYnIEQEMAAMB/DwsgACABo7YLkwECAX0BfyMAQRBrIgYkACAGQQhqIABB6ABqIAAgAkEBdGovAV4QH0MAAMB/IQUCQAJAAkAgBi0ADEEBaw4CAAECCyAGKgIIIQUMAQsgBioCCCADlEMK1yM8lCEFCyAALQADQRB0QYCAwABxBEAgBSAAIAEgAiAEEFQiA0MAAAAAIAMgA1sbkiEFCyAGQRBqJAAgBQtQAAJAAkACQAJAAkAgAg4EBAABAgMLIAAgASABQR5qEEMPCyAAIAEgAUEeaiADEEQPCyAAIAEgAUEeahBCDwsQJAALIAAgASABQR5qIAMQRQt+AgF/AX0jAEEQayIEJAAgBEEIaiAAQQMgAkECR0EBdCABQf4BcUECRxsgAhBQQwAAwH8hBQJAAkACQCAELQAMQQFrDgIAAQILIAQqAgghBQwBCyAEKgIIIAOUQwrXIzyUIQULIARBEGokACAFQwAAAACXQwAAAAAgBSAFWxsLfgIBfwF9IwBBEGsiBCQAIARBCGogAEEBIAJBAkZBAXQgAUH+AXFBAkcbIAIQUEMAAMB/IQUCQAJAAkAgBC0ADEEBaw4CAAECCyAEKgIIIQUMAQsgBCoCCCADlEMK1yM8lCEFCyAEQRBqJAAgBUMAAAAAl0MAAAAAIAUgBVsbC08AAkACQAJAIANB/wFxIgMOBAACAgECCyABIAEvAABB+P8DcTsAAA8LIAEgAS8AAEH4/wNxQQRyOwAADwsgACABIAJBAUECIANBAUYbEEwLNwEBfyABIAAoAgQiA0EBdWohASAAKAIAIQAgASACIANBAXEEfyABKAIAIABqKAIABSAACxEBAAtiAgJ9An8CQCAAKALkA0UNACAAQfwAaiIDIABBGmoiBC8BABAgIgIgAlwEQCADIABBGGoiBC8BABAgIgIgAlwNASADIAAvARgQIEMAAAAAXkUNAQsgAyAELwEAECAhAQsgAQtfAQN/IAEEQEEMEB4iAyABKQIENwIEIAMhAiABKAIAIgEEQCADIQQDQEEMEB4iAiABKQIENwIEIAQgAjYCACACIQQgASgCACIBDQALCyACIAAoAgA2AgAgACADNgIACwvXawMtfxx9AX4CfwJAIAAtAABBBHEEQCAAKAKgASAMRw0BCyAAKAKkASAAKAL0AygCDEcNAEEAIAAtAKgBIANGDQEaCyAAQoCAgPyLgIDAv383AoADIABCgYCAgBA3AvgCIABCgICA/IuAgMC/fzcC8AIgAEEANgKsAUEBCyErAkACQAJAAkAgACgCCARAIABBFGoiDkECQQEgBhAiIT4gDkECQQEgBhAhITwgDkEAQQEgBhAiITsgDkEAQQEgBhAhIUAgBCABIAUgAiAAKAL4AiAAQfACaiIOKgIAIAAoAvwCIAAqAvQCIAAqAoADIAAqAoQDID4gPJIiPiA7IECSIjwgACgC9AMiEBB7DQEgACgCrAEiEUUNAyAAQbABaiETA0AgBCABIAUgAiATIB1BGGxqIg4oAgggDioCACAOKAIMIA4qAgQgDioCECAOKgIUID4gPCAQEHsNAiAdQQFqIh0gEUcNAAsMAgsgCEUEQCAAKAKsASITRQ0CIABBsAFqIRADQAJAAkAgECAdQRhsIhFqIg4qAgAiPiA+XCABIAFcckUEQCA+IAGTi0MXt9E4XQ0BDAILIAEgAVsgPiA+W3INAQsCQCAQIBFqIhEqAgQiPiA+XCACIAJcckUEQCA+IAKTi0MXt9E4XQ0BDAILIAIgAlsgPiA+W3INAQsgESgCCCAERw0AIBEoAgwgBUYNAwsgEyAdQQFqIh1HDQALDAILAkAgAEHwAmoiDioCACI+ID5cIAEgAVxyRQRAID4gAZOLQxe30ThdDQEMBAsgASABWyA+ID5bcg0DCyAOQQAgACgC/AIgBUYbQQAgACgC+AIgBEYbQQACfyACIAJcIg4gACoC9AIiPiA+XHJFBEAgPiACk4tDF7fROF0MAQtBACA+ID5bDQAaIA4LGyEOCyAORSArcgRAIA4hHQwCCyAAIA4qAhA4ApQDIAAgDioCFDgCmAMgCkEMQRAgCBtqIgMgAygCAEEBajYCACAOIR0MAgtBACEdCyAGIUAgByFHIAtBAWohIiMAQaABayINJAACQAJAIARBAUYgASABW3JFBEAgDUGqCzYCICAAQQVB2CUgDUEgahAsDAELIAVBAUYgAiACW3JFBEAgDUHZCjYCECAAQQVB2CUgDUEQahAsDAELIApBAEEEIAgbaiILIAsoAgBBAWo2AgAgACAALQCIA0H8AXEgAC0AFEEDcSILIANBASADGyIsIAsbIg9BA3FyOgCIAyAAQawDaiIQIA9BAUdBA3QiC2ogAEEUaiIUQQNBAiAPQQJGGyIRIA8gQBAiIgY4AgAgECAPQQFGQQN0Ig5qIBQgESAPIEAQISIHOAIAIAAgFEEAIA8gQBAiIjw4ArADIAAgFEEAIA8gQBAhIjs4ArgDIABBvANqIhAgC2ogFCARIA8QMDgCACAOIBBqIBQgESAPEC84AgAgACAUQQAgDxAwOALAAyAAIBRBACAPEC84AsgDIAsgAEHMA2oiC2ogFCARIA8gQBA4OAIAIAsgDmogFCARIA8gQBA3OAIAIAAgFEEAIA8gQBA4OALQAyAAIBRBACAPIEAQNyI6OALYAyAGIAeSIT4gPCA7kiE8AkACQCAAKAIIIgsEQEMAAMB/IAEgPpMgBEEBRhshBkMAAMB/IAIgPJMgBUEBRhshPiAAAn0gBCAFckUEQCAAIABBAiAPIAYgQCBAECU4ApQDIABBACAPID4gRyBAECUMAQsgBEEDTyAFQQNPcg0EIA1BiAFqIAAgBiAGIAAqAswDIAAqAtQDkiAAKgK8A5IgACoCxAOSIjyTIgdDAAAAACAHQwAAAABeGyAGIAZcG0GBgAggBEEDdEH4//8HcXZB/wFxID4gPiAAKgLQAyA6kiAAKgLAA5IgACoCyAOSIjuTIgdDAAAAACAHQwAAAABeGyA+ID5cG0GBgAggBUEDdEH4//8HcXZB/wFxIAsREAAgDSoCjAEiPUMAAAAAYCANKgKIASIHQwAAAABgcUUEQCANID27OQMIIA0gB7s5AwAgAEEBQdwdIA0QLCANKgKMASIHQwAAAAAgB0MAAAAAXhshPSANKgKIASIHQwAAAAAgB0MAAAAAXhshBwsgCiAKKAIUQQFqNgIUIAogCUECdGoiCSAJKAIYQQFqNgIYIAAgAEECIA8gPCAHkiAGIARBAWtBAkkbIEAgQBAlOAKUAyAAQQAgDyA7ID2SID4gBUEBa0ECSRsgRyBAECULOAKYAwwBCwJAIAAoAuADRQRAIAAoAuwDIAAoAugDa0ECdSELDAELIA1BiAFqIAAQMgJAIA0oAogBRQRAQQAhCyANKAKMAUUNAQsgDUGAAWohEEEAIQsDQCANQQA2AoABIA0gDSkDiAE3A3ggECANKAKQARA8IA1BiAFqEC4gDSgCgAEiCQRAA0AgCSgCACEOIAkQJyAOIgkNAAsLIAtBAWohCyANQQA2AoABIA0oAowBIA0oAogBcg0ACwsgDSgCkAEiCUUNAANAIAkoAgAhDiAJECcgDiIJDQALCyALRQRAIAAgAEECIA8gBEEBa0EBSwR9IAEgPpMFIAAqAswDIAAqAtQDkiAAKgK8A5IgACoCxAOSCyBAIEAQJTgClAMgACAAQQAgDyAFQQFrQQFLBH0gAiA8kwUgACoC0AMgACoC2AOSIAAqAsADkiAAKgLIA5ILIEcgQBAlOAKYAwwBCwJAIAgNACAFQQJGIAIgPJMiBiAGW3EgBkMAAAAAX3EgBCAFckUgBEECRiABID6TIgdDAAAAAF9xcnJFDQAgACAAQQIgD0MAAAAAQwAAAAAgByAHQwAAAABdGyAHIARBAkYbIAcgB1wbIEAgQBAlOAKUAyAAIABBACAPQwAAAABDAAAAACAGIAZDAAAAAF0bIAYgBUECRhsgBiAGXBsgRyBAECU4ApgDDAELIAAQTyAAIAAtAIgDQfsBcToAiAMgABBeQQMhEyAALQAUQQJ2QQNxIQkCQAJAIA9BAkcNAAJAIAlBAmsOAgIAAQtBAiETDAELIAkhEwsgAC8AFSEnIBQgEyAPIEAQOCEGIBQgEyAPEDAhByAUIBMgDyBAEDchOyAUIBMgDxAvITpBACEQIBQgEUEAIBNBAkkbIhYgDyBAEDghPyAUIBYgDxAwIT0gFCAWIA8gQBA3IUEgFCAWIA8QLyFEIBQgFiAPIEAQYCFCIBQgFiAPEEshQyAAIA9BACABID6TIlAgBiAHkiA7IDqSkiJKID8gPZIgQSBEkpIiRiATQQFLIhkbIEAgQBB6ITsgACAPQQEgAiA8kyJRIEYgSiAZGyBHIEAQeiFFAkACQCAEIAUgGRsiHA0AIA1BiAFqIAAQMgJAAkAgDSgCiAEiDiANKAKMASIJckUNAANAIA4oAuwDIA4oAugDIg5rQQJ1IAlNDQQCQCAOIAlBAnRqKAIAIgkQeUUNACAQDQIgCRA7IgYgBlsgBotDF7fROF1xDQIgCRBAIgYgBlwEQCAJIRAMAQsgCSEQIAaLQxe30ThdDQILIA1BiAFqEC4gDSgCjAEiCSANKAKIASIOcg0ACwwBC0EAIRALIA0oApABIglFDQADQCAJKAIAIQ4gCRAnIA4iCQ0ACwsgDUGIAWogABAyIA0oAowBIQkCQCANKAKIASIORQRAQwAAAAAhPSAJRQ0BCyBFIEVcIiMgBUEAR3IhKCA7IDtcIiQgBEEAR3IhKUMAAAAAIT0DQCAOKALsAyAOKALoAyIOa0ECdSAJTQ0CIA4gCUECdGooAgAiDhB4AkAgDi8AFSAOLQAXQRB0ciIJQYCAMHFBgIAQRgRAIA4QdyAOIA4tAAAiCUEBciIOQfsBcSAOIAlBBHEbOgAADAELIAgEfyAOIA4tABRBA3EiCSAPIAkbIDsgRRB2IA4vABUgDi0AF0EQdHIFIAkLQYDgAHFBgMAARg0AIA5BFGohEQJAIA4gEEYEQCAQQQA2ApwBIBAgDDYCmAFDAAAAACEHDAELIBQtAABBAnZBA3EhCQJAAkAgD0ECRw0AQQMhEgJAIAlBAmsOAgIAAQtBAiESDAELIAkhEgsgDUGAgID+BzYCaCANQYCAgP4HNgJQIA1B+ABqIA5B/ABqIhcgDi8BHhAfIDsgRSASQQFLIh4bIT4CQAJAAkACQCANLQB8IgkOBAABAQABCwJAIBcgDi8BGBAgIgYgBlwNACAXIA4vARgQIEMAAAAAXkUNACAOKAL0Ay0ACEEBcSIJDQBDAADAf0MAAAAAIAkbIQcMAgtDAADAfyEGDAILIA0qAnghB0MAAMB/IQYCQCAJQQFrDgIBAAILIAcgPpRDCtcjPJQhBgwBCyAHIQYLIA4tABdBEHRBgIDAAHEEQCAGIBEgD0GBAiASQQN0dkEBcSA7EFQiBkMAAAAAIAYgBlsbkiEGCyAOKgL4AyEHQQAhH0EAIRgCQAJAAkAgDi0A/ANBAWsOAgEAAgsgOyAHlEMK1yM8lCEHCyAHIAdcDQAgB0MAAAAAYCEYCyAOKgKABCEHAkACQAJAIA4tAIQEQQFrDgIBAAILIEUgB5RDCtcjPJQhBwsgByAHXA0AIAdDAAAAAGAhHwsCQCAOAn0gBiAGXCIJID4gPlxyRQRAIA4qApwBIgcgB1sEQCAOKAL0Ay0AEEEBcUUNAyAOKAKYASAMRg0DCyARIBIgDyA7EDggESASIA8QMJIgESASIA8gOxA3IBEgEiAPEC+SkiIHIAYgBiAHXRsgByAGIAkbIAYgBlsgByAHW3EbDAELIBggHnEEQCARQQIgDyA7EDggEUECIA8QMJIgEUECIA8gOxA3IBFBAiAPEC+SkiIHIA4gD0EAIDsgOxAxIgYgBiAHXRsgByAGIAYgBlwbIAYgBlsgByAHW3EbDAELIB4gH0VyRQRAIBFBACAPIDsQOCARQQAgDxAwkiARQQAgDyA7EDcgEUEAIA8QL5KSIgcgDiAPQQEgRSA7EDEiBiAGIAddGyAHIAYgBiAGXBsgBiAGWyAHIAdbcRsMAQtBASEaIA1BATYCZCANQQE2AnggEUECQQEgOxAiIBFBAkEBIDsQIZIhPiARQQBBASA7ECIhPCARQQBBASA7ECEhOkMAAMB/IQdBASEVQwAAwH8hBiAYBEAgDiAPQQAgOyA7EDEhBiANQQA2AnggDSA+IAaSIgY4AmhBACEVCyA8IDqSITwgHwRAIA4gD0EBIEUgOxAxIQcgDUEANgJkIA0gPCAHkiIHOAJQQQAhGgsCQAJAAkAgAC0AF0EQdEGAgAxxQYCACEYiCSASQQJJIiBxRQRAIAkgJHINAiAGIAZcDQEMAgsgJCAGIAZbcg0CC0ECIRUgDUECNgJ4IA0gOzgCaCA7IQYLAkAgIEEBIAkbBEAgCSAjcg0CIAcgB1wNAQwCCyAjIAcgB1tyDQELQQIhGiANQQI2AmQgDSBFOAJQIEUhBwsCQCAXIA4vAXoQICI6IDpcDQACfyAVIB5yRQRAIBcgDi8BehAgIQcgDUEANgJkIA0gPCAGID6TIAeVkjgCUEEADAELIBogIHINASAXIA4vAXoQICEGIA1BADYCeCANIAYgByA8k5QgPpI4AmhBAAshGkEAIRULIA4vABZBD3EiCUUEQCAALQAVQQR2IQkLAkAgFUUgCUEFRiAeciAYIClyIAlBBEdycnINACANQQA2AnggDSA7OAJoIBcgDi8BehAgIgYgBlwNAEEAIRogFyAOLwF6ECAhBiANQQA2AmQgDSA7ID6TIAaVOAJQCyAOLwAWQQ9xIhhFBEAgAC0AFUEEdiEYCwJAICAgKHIgH3IgGEEFRnIgGkUgGEEER3JyDQAgDUEANgJkIA0gRTgCUCAXIA4vAXoQICIGIAZcDQAgFyAOLwF6ECAhBiANQQA2AnggDSAGIEUgPJOUOAJoCyAOIA9BAiA7IDsgDUH4AGogDUHoAGoQPyAOIA9BACBFIDsgDUHkAGogDUHQAGoQPyAOIA0qAmggDSoCUCAPIA0oAnggDSgCZCA7IEVBAEEFIAogIiAMED0aIA4gEkECdEH8JWooAgBBAnRqKgKUAyEGIBEgEiAPIDsQOCARIBIgDxAwkiARIBIgDyA7EDcgESASIA8QL5KSIgcgBiAGIAddGyAHIAYgBiAGXBsgBiAGWyAHIAdbcRsLIgc4ApwBCyAOIAw2ApgBCyA9IAcgESATQQEgOxAiIBEgE0EBIDsQIZKSkiE9CyANQYgBahAuIA0oAowBIgkgDSgCiAEiDnINAAsLIA0oApABIgkEQANAIAkoAgAhDiAJECcgDiIJDQALCyA7IEUgGRshByA9QwAAAACSIQYgC0ECTwRAIBQgEyAHEE0gC0EBa7OUIAaSIQYLIEIgQ5IhPiAFIAQgGRshGiBHIEAgGRshTSBAIEcgGRshSSANQdAAaiAAEDJBACAcIAYgB14iCxsgHCAcQQJGGyAcICdBgIADcSIfGyEeIBQgFiBFIDsgGRsiRBBNIU8gDSgCVCIRIA0oAlAiCXIEQEEBQQIgRCBEXCIpGyEtIAtFIBxBAUZyIS4gE0ECSSEZIABB8gBqIS8gAEH8AGohMCATQQJ0IgtB7CVqITEgC0HcJWohMiAWQQJ0Ig5B7CVqIRwgDkHcJWohICALQfwlaiEkIA5B/CVqISMgGkEARyIzIAhyITQgGkUiNSAIQQFzcSE2IBogH3JFITcgDUHwAGohOCANQYABaiEnQYECIBNBA3R2Qf8BcSEoIBpBAWtBAkkhOQNAIA1BADYCgAEgDUIANwN4AkAgACgC7AMiCyAAKALoAyIORg0AIAsgDmsiC0EASA0DIA1BiAFqIAtBAnVBACAnEEohECANKAKMASANKAJ8IA0oAngiC2siDmsgCyAOEDMhDiANIA0oAngiCzYCjAEgDSAONgJ4IA0pA5ABIVYgDSANKAJ8Ig42ApABIA0oAoABIRIgDSBWNwJ8IA0gEjYClAEgECALNgIAIAsgDkcEQCANIA4gCyAOa0EDakF8cWo2ApABCyALRQ0AIAsQJwsgFC0AACIOQQJ2QQNxIQsCQAJAIA5BA3EiDiAsIA4bIhJBAkcNAEEDIRACQCALQQJrDgICAAELQQIhEAwBCyALIRALIAAvABUhCyAUIBAgBxBNIT8CQCAJIBFyRQRAQwAAAAAhQ0EAIRFDAAAAACFCQwAAAAAhQUEAIRUMAQsgC0GAgANxISUgEEECSSEYIBBBAnQiC0HsJWohISALQdwlaiEqQQAhFUMAAAAAIUEgESEOQwAAAAAhQkMAAAAAIUNBACEXQwAAAAAhPQNAIAkoAuwDIAkoAugDIglrQQJ1IA5NDQQCQCAJIA5BAnRqKAIAIgkvABUgCS0AF0EQdHIiC0GAgDBxQYCAEEYgC0GA4ABxQYDAAEZyDQAgDUGIAWoiESAJQRRqIgsgKigCACADECggDS0AjAEhJiARIAsgISgCACADECggDS0AjAEhESAJIBs2AtwDIBUgJkEDRmohFSARQQNGIREgCyAQQQEgOxAiIUsgCyAQQQEgOxAhIU4gCSAXIAkgFxsiF0YhJiAJKgKcASE8IAsgEiAYIEkgQBA1IToCQCALIBIgGCBJIEAQLSIGQwAAAABgIAYgPF1xDQAgOkMAAAAAYEUEQCA8IQYMAQsgOiA8IDogPF4bIQYLIBEgFWohFQJAICVFQwAAAAAgPyAmGyI8IEsgTpIiOiA9IAaSkpIgB15Fcg0AIA0oAnggDSgCfEYNACAOIREMAwsgCRB5BEAgQiAJEDuSIUIgQyAJEEAgCSoCnAGUkyFDCyBBIDwgOiAGkpIiBpIhQSA9IAaSIT0gDSgCfCILIA0oAoABRwRAIAsgCTYCACANIAtBBGo2AnwMAQsgCyANKAJ4ayILQQJ1IhFBAWoiDkGAgICABE8NBSANQYgBakH/////AyALQQF1IiYgDiAOICZJGyALQfz///8HTxsgESAnEEohDiANKAKQASAJNgIAIA0gDSgCkAFBBGo2ApABIA0oAowBIA0oAnwgDSgCeCIJayILayAJIAsQMyELIA0gDSgCeCIJNgKMASANIAs2AnggDSkDkAEhViANIA0oAnwiCzYCkAEgDSgCgAEhESANIFY3AnwgDSARNgKUASAOIAk2AgAgCSALRwRAIA0gCyAJIAtrQQNqQXxxajYCkAELIAlFDQAgCRAnCyANQQA2AnAgDSANKQNQNwNoIDggDSgCWBA8IA1B0ABqEC4gDSgCcCIJBEADQCAJKAIAIQsgCRAnIAsiCQ0ACwtBACERIA1BADYCcCANKAJUIg4gDSgCUCIJcg0ACwtDAACAPyBCIEJDAACAP10bIEIgQkMAAAAAXhshPCANKAJ8IRcgDSgCeCEJAn0CQAJ9AkACQAJAIB5FDQAgFCAPQQAgQCBAEDUhBiAUIA9BACBAIEAQLSE6IBQgD0EBIEcgQBA1IT8gFCAPQQEgRyBAEC0hPSAGID8gE0EBSyILGyBKkyIGIAZbIAYgQV5xDQEgOiA9IAsbIEqTIgYgBlsgBiBBXXENASAAKAL0Ay0AFEEBcQ0AIEEgPEMAAAAAWw0DGiAAEDsiBiAGXA0CIEEgABA7QwAAAABbDQMaDAILIAchBgsgBiAGWw0CIAYhBwsgBwshBiBBjEMAAAAAIEFDAAAAAF0bIT8gBgwBCyAGIEGTIT8gBgshByA2RQRAAkAgCSAXRgRAQwAAAAAhQQwBC0MAAIA/IEMgQ0MAAIA/XRsgQyBDQwAAAABeGyE9QwAAAAAhQSAJIQ4DQCAOKAIAIgsqApwBITogC0EUaiIQIA8gGSBJIEAQNSFCAkAgECAPIBkgSSBAEC0iBkMAAAAAYCAGIDpdcQ0AIEJDAAAAAGBFBEAgOiEGDAELIEIgOiA6IEJdGyEGCwJAID9DAAAAAF0EQCAGIAsQQIyUIjpDAAAAAF4gOkMAAAAAXXJFDQEgCyATIA8gPyA9lSA6lCAGkiJCIAcgOxAlITogQiBCXCA6IDpcciA6IEJbcg0BIEEgOiAGk5IhQSALEEAgCyoCnAGUID2SIT0MAQsgP0MAAAAAXkUNACALEDsiQkMAAAAAXiBCQwAAAABdckUNACALIBMgDyA/IDyVIEKUIAaSIkMgByA7ECUhOiBDIENcIDogOlxyIDogQ1tyDQAgPCBCkyE8IEEgOiAGk5IhQQsgDkEEaiIOIBdHDQALID8gQZMiQiA9lSFLIEIgPJUhTiAALwAVQYCAA3FFIC5yISVDAAAAACFBIAkhCwNAIAsoAgAiDioCnAEhPCAOQRRqIhggDyAZIEkgQBA1IToCQCAYIA8gGSBJIEAQLSIGQwAAAABgIAYgPF1xDQAgOkMAAAAAYEUEQCA8IQYMAQsgOiA8IDogPF4bIQYLAn0gDiATIA8CfSBCQwAAAABdBEAgBiAGIA4QQIyUIjxDAAAAAFsNAhogBiA8kiA9QwAAAABbDQEaIEsgPJQgBpIMAQsgBiBCQwAAAABeRQ0BGiAGIA4QOyI8QwAAAABeIDxDAAAAAF1yRQ0BGiBOIDyUIAaSCyAHIDsQJQshQyAYIBNBASA7ECIhPCAYIBNBASA7ECEhOiAYIBZBASA7ECIhUiAYIBZBASA7ECEhUyANIEMgPCA6kiJUkiJVOAJoIA1BADYCYCBSIFOSITwCQCAOQfwAaiIQIA4vAXoQICI6IDpbBEAgECAOLwF6ECAhOiANQQA2AmQgDSA8IFUgVJMiPCA6lCA8IDqVIBkbkjgCeAwBCyAjKAIAIRACQCApDQAgDiAQQQN0aiIhKgL4AyE6QQAhEgJAAkACQCAhLQD8A0EBaw4CAQACCyBEIDqUQwrXIzyUIToLIDogOlwNACA6QwAAAABgIRILICUgNSASQQFzcXFFDQAgDi8AFkEPcSISBH8gEgUgAC0AFUEEdgtBBEcNACANQYgBaiAYICAoAgAgDxAoIA0tAIwBQQNGDQAgDUGIAWogGCAcKAIAIA8QKCANLQCMAUEDRg0AIA1BADYCZCANIEQ4AngMAQsgDkH4A2oiEiAQQQN0aiIQKgIAIToCQAJAAkACQCAQLQAEQQFrDgIBAAILIEQgOpRDCtcjPJQhOgsgOkMAAAAAYA0BCyANIC02AmQgDSBEOAJ4DAELAkACfwJAAkACQCAWQQJrDgICAAELIDwgDiAPQQAgRCA7EDGSITpBAAwCC0EBIRAgDSA8IA4gD0EBIEQgOxAxkiI6OAJ4IBNBAU0NDAwCCyA8IA4gD0EAIEQgOxAxkiE6QQALIRAgDSA6OAJ4CyANIDMgEiAQQQN0ajEABEIghkKAgICAIFFxIDogOlxyNgJkCyAOIA8gEyAHIDsgDUHgAGogDUHoAGoQPyAOIA8gFiBEIDsgDUHkAGogDUH4AGoQPyAOICMoAgBBA3RqIhAqAvgDIToCQAJAAkACQCAQLQD8A0EBaw4CAQACCyBEIDqUQwrXIzyUIToLQQEhECA6QwAAAABgDQELQQEhECAOLwAWQQ9xIhIEfyASBSAALQAVQQR2C0EERw0AIA1BiAFqIBggICgCACAPECggDS0AjAFBA0YNACANQYgBaiAYIBwoAgAgDxAoIA0tAIwBQQNGIRALIA4gDSoCaCI8IA0qAngiOiATQQFLIhIbIDogPCASGyAALQCIA0EDcSANKAJgIhggDSgCZCIhIBIbICEgGCASGyA7IEUgCCAQcSIQQQRBByAQGyAKICIgDBA9GiBBIEMgBpOSIUEgAAJ/IAAtAIgDIhBBBHFFBEBBACAOLQCIA0EEcUUNARoLQQQLIBBB+wFxcjoAiAMgC0EEaiILIBdHDQALCyA/IEGTIT8LIAAgAC0AiAMiC0H7AXFBBCA/QwAAAABdQQJ0IAtBBHFBAnYbcjoAiAMgFCATIA8gQBBgIBQgEyAPEEuSITogFCATIA8gQBB/IBQgEyAPEFKSIUsgFCATIAcQTSFCAn8CQAJ9ID9DAAAAAF5FIB5BAkdyRQRAIA1BiAFqIDAgLyAkKAIAQQF0ai8BABAfAkAgDS0AjAEEQCAUIA8gKCBJIEAQNSIGIAZbDQELQwAAAAAMAgtDAAAAACAUIA8gKCBJIEAQNSA6kyBLkyAHID+TkyI/QwAAAABeRQ0BGgsgP0MAAAAAYEUNASA/CyE8IBQtAABBBHZBB3EMAQsgPyE8IBQtAABBBHZBB3EiC0EAIAtBA2tBA08bCyELQwAAAAAhBgJAAkAgFQ0AQwAAAAAhPQJAAkACQAJAAkAgC0EBaw4FAAECBAMGCyA8QwAAAD+UIT0MBQsgPCE9DAQLIBcgCWsiC0EFSQ0CIEIgPCALQQJ1QQFrs5WSIUIMAgsgQiA8IBcgCWtBAnVBAWqzlSI9kiFCDAILIDxDAAAAP5QgFyAJa0ECdbOVIj0gPZIgQpIhQgwBC0MAAAAAIT0LIDogPZIhPSAAEHwhEgJAIAkgF0YiGARAQwAAAAAhP0MAAAAAIToMAQsgF0EEayElIDwgFbOVIU4gMigCACEhQwAAAAAhOkMAAAAAIT8gCSELA0AgDUGIAWogCygCACIOQRRqIhAgISAPECggPUMAAACAIE5DAAAAgCA8QwAAAABeGyJBIA0tAIwBQQNHG5IhPSAIBEACfwJAAkACQAJAIBNBAWsOAwECAwALQQEhFSAOQaADagwDC0EDIRUgDkGoA2oMAgtBACEVIA5BnANqDAELQQIhFSAOQaQDagshKiAOIBVBAnRqICoqAgAgPZI4ApwDCyAlKAIAIRUgDUGIAWogECAxKAIAIA8QKCA9QwAAAIAgQiAOIBVGG5JDAAAAgCBBIA0tAIwBQQNHG5IhPQJAIDRFBEAgPSAQIBNBASA7ECIgECATQQEgOxAhkiAOKgKcAZKSIT0gRCEGDAELIA4gEyA7EF0gPZIhPSASBEAgDhBOIUEgEEEAIA8gOxBBIUMgDioCmAMgEEEAQQEgOxAiIBBBAEEBIDsQIZKSIEEgQ5IiQZMiQyA/ID8gQ10bIEMgPyA/ID9cGyA/ID9bIEMgQ1txGyE/IEEgOiA6IEFdGyBBIDogOiA6XBsgOiA6WyBBIEFbcRshOgwBCyAOIBYgOxBdIkEgBiAGIEFdGyBBIAYgBiAGXBsgBiAGWyBBIEFbcRshBgsgC0EEaiILIBdHDQALCyA/IDqSIAYgEhshQQJ9IDkEQCAAIBYgDyBGIEGSIE0gQBAlIEaTDAELIEQgQSA3GyFBIEQLIT8gH0UEQCAAIBYgDyBGIEGSIE0gQBAlIEaTIUELIEsgPZIhPAJAIAhFDQAgCSELIBgNAANAIAsoAgAiFS8AFkEPcSIORQRAIAAtABVBBHYhDgsCQAJAAkACQCAOQQRrDgIAAQILIA1BiAFqIBVBFGoiECAgKAIAIA8QKEEEIQ4gDS0AjAFBA0YNASANQYgBaiAQIBwoAgAgDxAoIA0tAIwBQQNGDQEgFSAjKAIAQQN0aiIOKgL4AyE9AkACQAJAIA4tAPwDQQFrDgIBAAILIEQgPZRDCtcjPJQhPQsgPiEGID1DAAAAAGANAwsgFSAkKAIAQQJ0aioClAMhBiANIBVB/ABqIg4gFS8BehAgIjogOlsEfSAQIBZBASA7ECIgECAWQQEgOxAhkiAGIA4gFS8BehAgIjqUIAYgOpUgGRuSBSBBCzgCeCANIAYgECATQQEgOxAiIBAgE0EBIDsQIZKSOAKIASANQQA2AmggDUEANgJkIBUgDyATIAcgOyANQegAaiANQYgBahA/IBUgDyAWIEQgOyANQeQAaiANQfgAahA/IA0qAngiOiANKgKIASI9IBNBAUsiGCIOGyEGIB9BAEcgAC8AFUEPcUEER3EiECAZcSA9IDogDhsiOiA6XHIhDiAVIDogBiAPIA4gECAYcSAGIAZcciA7IEVBAUECIAogIiAMED0aID4hBgwCC0EFQQEgFC0AAEEIcRshDgsgFSAWIDsQXSEGIA1BiAFqIBVBFGoiECAgKAIAIhggDxAoID8gBpMhOgJAIA0tAIwBQQNHBEAgHCgCACESDAELIA1BiAFqIBAgHCgCACISIA8QKCANLQCMAUEDRw0AID4gOkMAAAA/lCIGQwAAAAAgBkMAAAAAXhuSIQYMAQsgDUGIAWogECASIA8QKCA+IQYgDS0AjAFBA0YNACANQYgBaiAQIBggDxAoIA0tAIwBQQNGBEAgPiA6QwAAAAAgOkMAAAAAXhuSIQYMAQsCQAJAIA5BAWsOAgIAAQsgPiA6QwAAAD+UkiEGDAELID4gOpIhBgsCfwJAAkACQAJAIBZBAWsOAwECAwALQQEhECAVQaADagwDC0EDIRAgFUGoA2oMAgtBACEQIBVBnANqDAELQQIhECAVQaQDagshDiAVIBBBAnRqIAYgTCAOKgIAkpI4ApwDIAtBBGoiCyAXRw0ACwsgCQRAIAkQJwsgPCBIIDwgSF4bIDwgSCBIIEhcGyBIIEhbIDwgPFtxGyFIIEwgT0MAAAAAIBsbIEGSkiFMIBtBAWohGyANKAJQIgkgEXINAAsLAkAgCEUNACAfRQRAIAAQfEUNAQsgACAWIA8CfSBGIESSIBpFDQAaIAAgFkECdEH8JWooAgBBA3RqIgkqAvgDIQYCQAJAAkAgCS0A/ANBAWsOAgEAAgsgTSAGlEMK1yM8lCEGCyAGQwAAAABgRQ0AIAAgD0GBAiAWQQN0dkEBcSBNIEAQMQwBCyBGIEySCyBHIEAQJSEGQwAAAAAhPCAALwAVQQ9xIQkCQAJAAkACQAJAAkACQAJAAkAgBiBGkyBMkyIGQwAAAABgRQRAQwAAAAAhQyAJQQJrDgICAQcLQwAAAAAhQyAJQQJrDgcBAAUGBAIDBgsgPiAGkiE+DAULID4gBkMAAAA/lJIhPgwECyAGIBuzIjqVITwgPiAGIDogOpKVkiE+DAMLID4gBiAbQQFqs5UiPJIhPgwCCyAbQQJJBEAMAgsgDUGIAWogABAyIAYgG0EBa7OVITwMAgsgBiAbs5UhQwsgDUGIAWogABAyIBtFDQELIBZBAnQiCUHcJWohECAJQfwlaiERIA1BOGohGCANQcgAaiEZIA1B8ABqIRUgDUGQAWohHCANQYABaiEfQQAhEgNAIA1BADYCgAEgDSANKQOIATcDeCAfIA0oApABEDwgDUEANgJwIA0gDSkDeCJWNwNoIBUgDSgCgAEiCxA8IA0oAmwhCQJAAkAgDSgCaCIOBEBDAAAAACE6QwAAAAAhP0MAAAAAIQYMAQtDAAAAACE6QwAAAAAhP0MAAAAAIQYgCUUNAQsDQCAOKALsAyAOKALoAyIOa0ECdSAJTQ0FAkAgDiAJQQJ0aigCACIJLwAVIAktABdBEHRyIhdBgIAwcUGAgBBGIBdBgOAAcUGAwABGcg0AIAkoAtwDIBJHDQIgCUEUaiEOIAkgESgCAEECdGoqApQDIj1DAAAAAGAEfyA9IA4gFkEBIDsQIiAOIBZBASA7ECGSkiI9IAYgBiA9XRsgPSAGIAYgBlwbIAYgBlsgPSA9W3EbIQYgCS0AFgUgF0EIdgtBD3EiFwR/IBcFIAAtABVBBHYLQQVHDQAgFC0AAEEIcUUNACAJEE4gDkEAIA8gOxBBkiI9ID8gPSA/XhsgPSA/ID8gP1wbID8gP1sgPSA9W3EbIj8gCSoCmAMgDkEAQQEgOxAiIA5BAEEBIDsQIZKSID2TIj0gOiA6ID1dGyA9IDogOiA6XBsgOiA6WyA9ID1bcRsiOpIiPSAGIAYgPV0bID0gBiAGIAZcGyAGIAZbID0gPVtxGyEGCyANQQA2AkggDSANKQNoNwNAIBkgDSgCcBA8IA1B6ABqEC4gDSgCSCIJBEADQCAJKAIAIQ4gCRAnIA4iCQ0ACwsgDUEANgJIIA0oAmwiCSANKAJoIg5yDQALCyANIA0pA2g3A4gBIBwgDSgCcBB1IA0gVjcDaCAVIAsQdSA+IE9DAAAAACASG5IhPiBDIAaSIT0gDSgCbCEJAkAgDSgCaCIOIA0oAogBRgRAIAkgDSgCjAFGDQELID4gP5IhQiA+ID2SIUsgPCA9kiEGA0AgDigC7AMgDigC6AMiDmtBAnUgCU0NBQJAIA4gCUECdGooAgAiCS8AFSAJLQAXQRB0ciIXQYCAMHFBgIAQRiAXQYDgAHFBgMAARnINACAJQRRqIQ4CQAJAAkACQAJAAkAgF0EIdkEPcSIXBH8gFwUgAC0AFUEEdgtBAWsOBQEDAgQABgsgFC0AAEEIcQ0ECyAOIBYgDyA7EFEhOiAJIBAoAgBBAnRqID4gOpI4ApwDDAQLIA4gFiAPIDsQYiE/AkACQAJAAkAgFkECaw4CAgABCyAJKgKUAyE6QQIhDgwCC0EBIQ4gCSoCmAMhOgJAIBYOAgIADwtBAyEODAELIAkqApQDITpBACEOCyAJIA5BAnRqIEsgP5MgOpM4ApwDDAMLAkACQAJAAkAgFkECaw4CAgABCyAJKgKUAyE/QQIhDgwCC0EBIQ4gCSoCmAMhPwJAIBYOAgIADgtBAyEODAELIAkqApQDIT9BACEOCyAJIA5BAnRqID4gPSA/k0MAAAA/lJI4ApwDDAILIA4gFiAPIDsQQSE6IAkgECgCAEECdGogPiA6kjgCnAMgCSARKAIAQQN0aiIXKgL4AyE/AkACQAJAIBctAPwDQQFrDgIBAAILIEQgP5RDCtcjPJQhPwsgP0MAAAAAYA0CCwJAAkACfSATQQFNBEAgCSoCmAMgDiAWQQEgOxAiIA4gFkEBIDsQIZKSITogBgwBCyAGITogCSoClAMgDiATQQEgOxAiIA4gE0EBIDsQIZKSCyI/ID9cIAkqApQDIkEgQVxyRQRAID8gQZOLQxe30ThdDQEMAgsgPyA/WyBBIEFbcg0BCyAJKgKYAyJBIEFcIg4gOiA6XHJFBEAgOiBBk4tDF7fROF1FDQEMAwsgOiA6Ww0AIA4NAgsgCSA/IDogD0EAQQAgOyBFQQFBAyAKICIgDBA9GgwBCyAJIEIgCRBOkyAOQQAgDyBEEFGSOAKgAwsgDUEANgI4IA0gDSkDaDcDMCAYIA0oAnAQPCANQegAahAuIA0oAjgiCQRAA0AgCSgCACEOIAkQJyAOIgkNAAsLIA1BADYCOCANKAJsIQkgDSgCaCIOIA0oAogBRw0AIAkgDSgCjAFHDQALCyANKAJwIgkEQANAIAkoAgAhDiAJECcgDiIJDQALCyALBEADQCALKAIAIQkgCxAnIAkiCw0ACwsgPCA+kiA9kiE+IBJBAWoiEiAbRw0ACwsgDSgCkAEiCUUNAANAIAkoAgAhCyAJECcgCyIJDQALCyAAQZQDaiIQIABBAiAPIFAgQCBAECU4AgAgAEGYA2oiESAAQQAgDyBRIEcgQBAlOAIAAkAgEEGBAiATQQN0dkEBcUECdGoCfQJAIB5BAUcEQCAALQAXQQNxIglBAkYgHkECR3INAQsgACATIA8gSCBJIEAQJQwBCyAeQQJHIAlBAkdyDQEgSiAAIA8gEyBIIEkgQBB0Ij4gSiAHkiIGIAYgPl4bID4gBiAGIAZcGyAGIAZbID4gPltxGyIGIAYgSl0bIEogBiAGIAZcGyAGIAZbIEogSltxGws4AgALAkAgEEGBAiAWQQN0dkEBcUECdGoCfQJAIBpBAUcEQCAaQQJHIgkgAC0AF0EDcSILQQJGcg0BCyAAIBYgDyBGIEySIE0gQBAlDAELIAkgC0ECR3INASBGIAAgDyAWIEYgTJIgTSBAEHQiByBGIESSIgYgBiAHXhsgByAGIAYgBlwbIAYgBlsgByAHW3EbIgYgBiBGXRsgRiAGIAYgBlwbIAYgBlsgRiBGW3EbCzgCAAsCQCAIRQ0AAkAgAC8AFUGAgANxQYCAAkcNACANQYgBaiAAEDIDQCANKAKMASIJIA0oAogBIgtyRQRAIA0oApABIglFDQIDQCAJKAIAIQsgCRAnIAsiCQ0ACwwCCyALKALsAyALKALoAyILa0ECdSAJTQ0DIAsgCUECdGooAgAiCS8AFUGA4ABxQYDAAEcEQCAJAn8CQAJAAkAgFkECaw4CAAECCyAJQZQDaiEOIBAqAgAgCSoCnAOTIQZBAAwCCyAJQZQDaiEOIBAqAgAgCSoCpAOTIQZBAgwBCyARKgIAIQYCQAJAIBYOAgABCgsgCUGYA2ohDiAGIAkqAqADkyEGQQEMAQsgCUGYA2ohDiAGIAkqAqgDkyEGQQMLQQJ0aiAGIA4qAgCTOAKcAwsgDUGIAWoQLgwACwALAkAgEyAWckEBcUUNACAWQQFxIRQgE0EBcSEVIA1BiAFqIAAQMgNAIA0oAowBIgkgDSgCiAEiC3JFBEAgDSgCkAEiCUUNAgNAIAkoAgAhCyAJECcgCyIJDQALDAILIAsoAuwDIAsoAugDIgtrQQJ1IAlNDQMCQCALIAlBAnRqKAIAIgkvABUgCS0AF0EQdHIiC0GAgDBxQYCAEEYgC0GA4ABxQYDAAEZyDQAgFQRAAn8CfwJAAkACQCATQQFrDgMAAQINCyAJQZgDaiEOIAlBqANqIQtBASESIBEMAwsgCUGUA2ohDkECIRIgCUGcA2oMAQsgCUGUA2ohDkEAIRIgCUGkA2oLIQsgEAshGyAJIBJBAnRqIBsqAgAgDioCAJMgCyoCAJM4ApwDCyAURQ0AAn8CfwJAAkACQCAWQQFrDgMAAQIMCyAJQZgDaiELIAlBqANqIRJBASEXIBEMAwsgCUGUA2ohCyAJQZwDaiESQQIMAQsgCUGUA2ohCyAJQaQDaiESQQALIRcgEAshDiAJIBdBAnRqIA4qAgAgCyoCAJMgEioCAJM4ApwDCyANQYgBahAuDAALAAsgAC8AFUGA4ABxICJBAUZyRQRAIAAtAABBCHFFDQELIAAgACAeIAQgE0EBSxsgDyAKICIgDEMAAAAAQwAAAAAgOyBFEH4aCyANKAJYIglFDQIDQCAJKAIAIQsgCRAnIAsiCQ0ACwwCCxACAAsgABBeCyANQaABaiQADAELECQACyAAIAM6AKgBIAAgACgC9AMoAgw2AqQBIB0NACAKIAooAggiAyAAKAKsASIOQQFqIgkgAyAJSxs2AgggDkEIRgRAIABBADYCrAFBACEOCyAIBH8gAEHwAmoFIAAgDkEBajYCrAEgACAOQRhsakGwAWoLIgMgBTYCDCADIAQ2AgggAyACOAIEIAMgATgCACADIAAqApQDOAIQIAMgACoCmAM4AhRBACEdCyAIBEAgACAAKQKUAzcCjAMgACAALQAAIgNBAXIiBEH7AXEgBCADQQRxGzoAAAsgACAMNgKgASArIB1Fcgs1AQF/IAEgACgCBCICQQF1aiEBIAAoAgAhACABIAJBAXEEfyABKAIAIABqKAIABSAACxECAAt9ACAAQRRqIgAgAUGBAiACQQN0dkH/AXEgAyAEEC0gACACQQEgBBAiIAAgAkEBIAQQIZKSIQQCQAJAAkACQCAFKAIADgMAAQADCyAGKgIAIgMgAyAEIAMgBF0bIAQgBFwbIQQMAQsgBCAEXA0BIAVBAjYCAAsgBiAEOAIACwuMAQIBfwF9IAAoAuQDRQRAQwAAAAAPCyAAQfwAaiIBIAAvARwQICICIAJbBEAgASAALwEcECAPCwJAIAAoAvQDLQAIQQFxDQAgASAALwEYECAiAiACXA0AIAEgAC8BGBAgQwAAAABdRQ0AIAEgAC8BGBAgjA8LQwAAgD9DAAAAACAAKAL0Ay0ACEEBcRsLcAIBfwF9IwBBEGsiBCQAIARBCGogACABQQJ0QdwlaigCACACEChDAADAfyEFAkACQAJAIAQtAAxBAWsOAgABAgsgBCoCCCEFDAELIAQqAgggA5RDCtcjPJQhBQsgBEEQaiQAIAVDAAAAACAFIAVbGwtHAQF/IAIvAAYiA0EHcQRAIAAgAUHoAGogAxAfDwsgAUHoAGohASACLwAOIgNBB3EEQCAAIAEgAxAfDwsgACABIAIvABAQHwtHAQF/IAIvAAIiA0EHcQRAIAAgAUHoAGogAxAfDwsgAUHoAGohASACLwAOIgNBB3EEQCAAIAEgAxAfDwsgACABIAIvABAQHwt7AAJAAkACQAJAIANBAWsOAgABAgsgAi8ACiIDQQdxRQ0BDAILIAIvAAgiA0EHcUUNAAwBCyACLwAEIgNBB3EEQAwBCyABQegAaiEBIAIvAAwiA0EHcQRAIAAgASADEB8PCyAAIAEgAi8AEBAfDwsgACABQegAaiADEB8LewACQAJAAkACQCADQQFrDgIAAQILIAIvAAgiA0EHcUUNAQwCCyACLwAKIgNBB3FFDQAMAQsgAi8AACIDQQdxBEAMAQsgAUHoAGohASACLwAMIgNBB3EEQCAAIAEgAxAfDwsgACABIAIvABAQHw8LIAAgAUHoAGogAxAfC84BAgN/An0jAEEQayIDJABBASEEIANBCGogAEH8AGoiBSAAIAFBAXRqQe4AaiIBLwEAEB8CQAJAIAMqAggiByACKgIAIgZcBEAgByAHWwRAIAItAAQhAgwCCyAGIAZcIQQLIAItAAQhAiAERQ0AIAMtAAwgAkH/AXFGDQELIAUgASAGIAIQOQNAIAAtAAAiAUEEcQ0BIAAgAUEEcjoAACAAKAIQIgEEQCAAIAERAAALIABBgICA/gc2ApwBIAAoAuQDIgANAAsLIANBEGokAAuFAQIDfwF+AkAgAEKAgICAEFQEQCAAIQUMAQsDQCABQQFrIgEgAEIKgCIFQvYBfiAAfKdBMHI6AAAgAEL/////nwFWIQIgBSEAIAINAAsLIAWnIgIEQANAIAFBAWsiASACQQpuIgNB9gFsIAJqQTByOgAAIAJBCUshBCADIQIgBA0ACwsgAQs3AQJ/QQQQHiICIAE2AgBBBBAeIgMgATYCAEHBOyAAQeI7QfooQb8BIAJB4jtB/ihBwAEgAxAHCw8AIAAgASACQQFBAhCLAQteAQF/IABBADYCDCAAIAM2AhACQCABBEAgAUGAgICABE8NASABQQJ0EB4hBAsgACAENgIAIAAgBCACQQJ0aiICNgIIIAAgBCABQQJ0ajYCDCAAIAI2AgQgAA8LEFgAC3kCAX8BfSMAQRBrIgMkACADQQhqIAAgAUECdEHcJWooAgAgAhBTQwAAwH8hBAJAAkACQCADLQAMQQFrDgIAAQILIAMqAgghBAwBCyADKgIIQwAAAACUQwrXIzyUIQQLIANBEGokACAEQwAAAACXQwAAAAAgBCAEWxsLnAoBC38jAEEQayIIJAAgASABLwAAQXhxIANyIgM7AAACQAJAAkACQAJAAkACQAJAAkACQCADQQhxBEAgA0H//wNxIgZBBHYhBCAGQT9NBH8gACAEQQJ0akEEagUgBEEEayIEIAAoAhgiACgCBCAAKAIAIgBrQQJ1Tw0CIAAgBEECdGoLIAI4AgAMCgsCfyACi0MAAABPXQRAIAKoDAELQYCAgIB4CyIEQf8PakH+H0sgBLIgAlxyRQRAIANBD3FBACAEa0GAEHIgBCACQwAAAABdG0EEdHIhAwwKCyAAIAAvAQAiC0EBajsBACALQYAgTw0DIAtBA00EQCAAIAtBAnRqIAI4AgQMCQsgACgCGCIDRQRAQRgQHiIDQgA3AgAgA0IANwIQIANCADcCCCAAIAM2AhgLAkAgAygCBCIEIAMoAghHBEAgBCACOAIAIAMgBEEEajYCBAwBCyAEIAMoAgAiB2siBEECdSIJQQFqIgZBgICAgARPDQECf0H/////AyAEQQF1IgUgBiAFIAZLGyAEQfz///8HTxsiBkUEQEEAIQUgCQwBCyAGQYCAgIAETw0GIAZBAnQQHiEFIAMoAgQgAygCACIHayIEQQJ1CyEKIAUgCUECdGoiCSACOAIAIAkgCkECdGsgByAEEDMhByADIAUgBkECdGo2AgggAyAJQQRqNgIEIAMoAgAhBCADIAc2AgAgBEUNACAEECMLIAAoAhgiBigCECIDIAYoAhQiAEEFdEcNByADQQFqQQBIDQAgA0H+////A0sNASADIABBBnQiACADQWBxQSBqIgQgACAESxsiAE8NByAAQQBODQILEAIAC0H/////ByEAIANB/////wdPDQULIAhBADYCCCAIQgA3AwAgCCAAEJ8BIAYoAgwhBCAIIAgoAgQiByAGKAIQIgBBH3FqIABBYHFqIgM2AgQgB0UEQCADQQFrIQUMAwsgA0EBayIFIAdBAWtzQR9LDQIgCCgCACEKDAMLQZUlQeEXQSJB3BcQCwALEFgACyAIKAIAIgogBUEFdkEAIANBIU8bQQJ0akEANgIACyAKIAdBA3ZB/P///wFxaiEDAkAgB0EfcSIHRQRAIABBAEwNASAAQSBtIQUgAEEfakE/TwRAIAMgBCAFQQJ0EDMaCyAAIAVBBXRrIgBBAEwNASADIAVBAnQiBWoiAyADKAIAQX9BICAAa3YiAEF/c3EgBCAFaigCACAAcXI2AgAMAQsgAEEATA0AQX8gB3QhDEEgIAdrIQkgAEEgTgRAIAxBf3MhDSADKAIAIQUDQCADIAUgDXEgBCgCACIFIAd0cjYCACADIAMoAgQgDHEgBSAJdnIiBTYCBCAEQQRqIQQgA0EEaiEDIABBP0shDiAAQSBrIQAgDg0ACyAAQQBMDQELIAMgAygCAEF/IAkgCSAAIAAgCUobIgVrdiAMcUF/c3EgBCgCAEF/QSAgAGt2cSIEIAd0cjYCACAAIAVrIgBBAEwNACADIAUgB2pBA3ZB/P///wFxaiIDIAMoAgBBf0EgIABrdkF/c3EgBCAFdnI2AgALIAYoAgwhACAGIAo2AgwgBiAIKAIEIgM2AhAgBiAIKAIINgIUIABFDQAgABAjIAYoAhAhAwsgBiADQQFqNgIQIAYoAgwgA0EDdkH8////AXFqIgAgACgCAEF+IAN3cTYCACABLwAAIQMLIANBB3EgC0EEdHJBCHIhAwsgASADOwAAIAhBEGokAAuPAQIBfwF9IwBBEGsiAyQAIANBCGogAEHoAGogAEHUAEHWACABQf4BcUECRhtqLwEAIgEgAC8BWCABQQdxGxAfQwAAwH8hBAJAAkACQCADLQAMQQFrDgIAAQILIAMqAgghBAwBCyADKgIIIAKUQwrXIzyUIQQLIANBEGokACAEQwAAAACXQwAAAAAgBCAEWxsL2AICBH8BfSMAQSBrIgMkAAJAIAAoAgwiAQRAIAAgACoClAMgACoCmAMgAREnACIFIAVbDQEgA0GqHjYCACAAQQVB2CUgAxAsECQACyADQRBqIAAQMgJAIAMoAhAiAiADKAIUIgFyRQ0AAkADQCABIAIoAuwDIAIoAugDIgJrQQJ1SQRAIAIgAUECdGooAgAiASgC3AMNAyABLwAVIAEtABdBEHRyIgJBgOAAcUGAwABHBEAgAkEIdkEPcSICBH8gAgUgAC0AFUEEdgtBBUYEQCAALQAUQQhxDQQLIAEtAABBAnENAyAEIAEgBBshBAsgA0EQahAuIAMoAhQiASADKAIQIgJyDQEMAwsLEAIACyABIQQLIAMoAhgiAQRAA0AgASgCACECIAEQIyACIgENAAsLIARFBEAgACoCmAMhBQwBCyAEEE4gBCoCoAOSIQULIANBIGokACAFC6EDAQh/AkAgACgC6AMiBSAAKALsAyIHRwRAA0AgACAFKAIAIgIoAuQDRwRAAkAgACgC9AMoAgAiAQRAIAIgACAGIAERBgAiAQ0BC0GIBBAeIgEgAigCEDYCECABIAIpAgg3AgggASACKQIANwIAIAFBFGogAkEUakHoABArGiABQgA3AoABIAFB/ABqIgNBADsBACABQgA3AogBIAFCADcCkAEgAyACQfwAahCgASABQZgBaiACQZgBakHQAhArGiABQQA2AvADIAFCADcC6AMgAigC7AMiAyACKALoAyIERwRAIAMgBGsiBEEASA0FIAEgBBAeIgM2AuwDIAEgAzYC6AMgASADIARqNgLwAyACKALoAyIEIAIoAuwDIghHBEADQCADIAQoAgA2AgAgA0EEaiEDIARBBGoiBCAIRw0ACwsgASADNgLsAwsgASACKQL0AzcC9AMgASACKAKEBDYChAQgASACKQL8AzcC/AMgAUEANgLkAwsgBSABNgIAIAEgADYC5AMLIAZBAWohBiAFQQRqIgUgB0cNAAsLDwsQAgALUAACQAJAAkACQAJAIAIOBAQAAQIDCyAAIAEgAUEwahBDDwsgACABIAFBMGogAxBEDwsgACABIAFBMGoQQg8LECQACyAAIAEgAUEwaiADEEULcAIBfwF9IwBBEGsiBCQAIARBCGogACABQQJ0QdwlaigCACACEDZDAADAfyEFAkACQAJAIAQtAAxBAWsOAgABAgsgBCoCCCEFDAELIAQqAgggA5RDCtcjPJQhBQsgBEEQaiQAIAVDAAAAACAFIAVbGwt5AgF/AX0jAEEQayIDJAAgA0EIaiAAIAFBAnRB7CVqKAIAIAIQU0MAAMB/IQQCQAJAAkAgAy0ADEEBaw4CAAECCyADKgIIIQQMAQsgAyoCCEMAAAAAlEMK1yM8lCEECyADQRBqJAAgBEMAAAAAl0MAAAAAIAQgBFsbC1QAAkACQAJAAkACQCACDgQEAAECAwsgACABIAFBwgBqEEMPCyAAIAEgAUHCAGogAxBEDwsgACABIAFBwgBqEEIPCxAkAAsgACABIAFBwgBqIAMQRQsvACAAIAJFQQF0IgIgASADEGAgACACIAEQS5IgACACIAEgAxB/IAAgAiABEFKSkgvOAQIDfwJ9IwBBEGsiAyQAQQEhBCADQQhqIABB/ABqIgUgACABQQF0akH2AGoiAS8BABAfAkACQCADKgIIIgcgAioCACIGXARAIAcgB1sEQCACLQAEIQIMAgsgBiAGXCEECyACLQAEIQIgBEUNACADLQAMIAJB/wFxRg0BCyAFIAEgBiACEDkDQCAALQAAIgFBBHENASAAIAFBBHI6AAAgACgCECIBBEAgACABEQAACyAAQYCAgP4HNgKcASAAKALkAyIADQALCyADQRBqJAALzgECA38CfSMAQRBrIgMkAEEBIQQgA0EIaiAAQfwAaiIFIAAgAUEBdGpB8gBqIgEvAQAQHwJAAkAgAyoCCCIHIAIqAgAiBlwEQCAHIAdbBEAgAi0ABCECDAILIAYgBlwhBAsgAi0ABCECIARFDQAgAy0ADCACQf8BcUYNAQsgBSABIAYgAhA5A0AgAC0AACIBQQRxDQEgACABQQRyOgAAIAAoAhAiAQRAIAAgAREAAAsgAEGAgID+BzYCnAEgACgC5AMiAA0ACwsgA0EQaiQACwoAIABBMGtBCkkLBQAQAgALBAAgAAsUACAABEAgACAAKAIAKAIEEQAACwsrAQF/IAAoAgwiAQRAIAEQIwsgACgCACIBBEAgACABNgIEIAEQIwsgABAjC4EEAQN/IwBBEGsiAyQAIABCADcCBCAAQcEgOwAVIABCADcCDCAAQoCAgICAgIACNwIYIAAgAC0AF0HgAXE6ABcgACAALQAAQeABcUEFcjoAACAAIAAtABRBgAFxOgAUIABBIGpBAEHOABAqGiAAQgA3AXIgAEGEgBA2AW4gAEEANgF6IABCADcCgAEgAEIANwKIASAAQgA3ApABIABCADcCoAEgAEKAgICAgICA4P8ANwKYASAAQQA6AKgBIABBrAFqQQBBxAEQKhogAEHwAmohBCAAQbABaiECA0AgAkKAgID8i4CAwL9/NwIQIAJCgYCAgBA3AgggAkKAgID8i4CAwL9/NwIAIAJBGGoiAiAERw0ACyAAQoCAgPyLgIDAv383AvACIABCgICA/IuAgMC/fzcCgAMgAEKBgICAEDcC+AIgAEKAgID+h4CA4P8ANwKUAyAAQoCAgP6HgIDg/wA3AowDIABBiANqIgIgAi0AAEH4AXE6AAAgAEGcA2pBAEHYABAqGiAAQQA6AIQEIABBgICA/gc2AoAEIABBADoA/AMgAEGAgID+BzYC+AMgACABNgL0AyABBEAgAS0ACEEBcQRAIAAgAC0AFEHzAXFBCHI6ABQgACAALwAVQfD/A3FBBHI7ABULIANBEGokACAADwsgA0GiGjYCACADEHIQJAALMwAgACABQQJ0QfwlaigCAEECdGoqApQDIABBFGoiACABQQEgAhAiIAAgAUEBIAIQIZKSC44DAQp/IwBB0AJrIgEkACAAKALoAyIDIAAoAuwDIgVHBEAgAUGMAmohBiABQeABaiEHIAFBIGohCCABQRxqIQkgAUEQaiEEA0AgAygCACICLQAXQRB0QYCAMHFBgIAgRgRAIAFBCGpBAEHEAhAqGiABQYCAgP4HNgIMIARBADoACCAEQgA3AgAgCUEAQcQBECoaIAghAANAIABCgICA/IuAgMC/fzcCECAAQoGAgIAQNwIIIABCgICA/IuAgMC/fzcCACAAQRhqIgAgB0cNAAsgAUKAgID8i4CAwL9/NwPwASABQoGAgIAQNwPoASABQoCAgPyLgIDAv383A+ABIAFCgICA/oeAgOD/ADcChAIgAUKAgID+h4CA4P8ANwL8ASABIAEtAPgBQfgBcToA+AEgBkEAQcAAECoaIAJBmAFqIAFBCGpBxAIQKxogAkIANwKMAyACIAItAAAiAEEBciIKQfsBcSAKIABBBHEbOgAAIAIQTyACEF4LIANBBGoiAyAFRw0ACwsgAUHQAmokAAtMAQF/QQEhAQJAIAAtAB5BB3ENACAALQAiQQdxDQAgAC0ALkEHcQ0AIAAtACpBB3ENACAALQAmQQdxDQAgAC0AKEEHcUEARyEBCyABC3YCAX8BfSMAQRBrIgQkACAEQQhqIAAgAUECdEHcJWooAgAgAhBQQwAAwH8hBQJAAkACQCAELQAMQQFrDgIAAQILIAQqAgghBQwBCyAEKgIIIAOUQwrXIzyUIQULIARBEGokACAFQwAAAACXQwAAAAAgBSAFWxsLogQCBn8CfgJ/QQghBAJAAkAgAEFHSw0AA0BBCCAEIARBCE0bIQRB6DopAwAiBwJ/QQggAEEDakF8cSAAQQhNGyIAQf8ATQRAIABBA3ZBAWsMAQsgAEEdIABnIgFrdkEEcyABQQJ0a0HuAGogAEH/H00NABpBPyAAQR4gAWt2QQJzIAFBAXRrQccAaiIBIAFBP08bCyIDrYgiCFBFBEADQCAIIAh6IgiIIQcCfiADIAinaiIDQQR0IgJB6DJqKAIAIgEgAkHgMmoiBkcEQCABIAQgABBjIgUNBSABKAIEIgUgASgCCDYCCCABKAIIIAU2AgQgASAGNgIIIAEgAkHkMmoiAigCADYCBCACIAE2AgAgASgCBCABNgIIIANBAWohAyAHQgGIDAELQeg6Qeg6KQMAQn4gA62JgzcDACAHQgGFCyIIQgBSDQALQeg6KQMAIQcLAkAgB1BFBEBBPyAHeadrIgZBBHQiAkHoMmooAgAhAQJAIAdCgICAgARUDQBB4wAhAyABIAJB4DJqIgJGDQADQCADRQ0BIAEgBCAAEGMiBQ0FIANBAWshAyABKAIIIgEgAkcNAAsgAiEBCyAAQTBqEGQNASABRQ0EIAEgBkEEdEHgMmoiAkYNBANAIAEgBCAAEGMiBQ0EIAEoAggiASACRw0ACwwECyAAQTBqEGRFDQMLQQAhBSAEIARBAWtxDQEgAEFHTQ0ACwsgBQwBC0EACwtwAgF/AX0jAEEQayIEJAAgBEEIaiAAIAFBAnRB7CVqKAIAIAIQKEMAAMB/IQUCQAJAAkAgBC0ADEEBaw4CAAECCyAEKgIIIQUMAQsgBCoCCCADlEMK1yM8lCEFCyAEQRBqJAAgBUMAAAAAIAUgBVsbC6ADAQN/IAEgAEEEaiIEakEBa0EAIAFrcSIFIAJqIAAgACgCACIBakEEa00EfyAAKAIEIgMgACgCCDYCCCAAKAIIIAM2AgQgBCAFRwRAIAAgAEEEaygCAEF+cWsiAyAFIARrIgQgAygCAGoiBTYCACAFQXxxIANqQQRrIAU2AgAgACAEaiIAIAEgBGsiATYCAAsCQCABIAJBGGpPBEAgACACakEIaiIDIAEgAmtBCGsiATYCACABQXxxIANqQQRrIAFBAXI2AgAgAwJ/IAMoAgBBCGsiAUH/AE0EQCABQQN2QQFrDAELIAFnIQQgAUEdIARrdkEEcyAEQQJ0a0HuAGogAUH/H00NABpBPyABQR4gBGt2QQJzIARBAXRrQccAaiIBIAFBP08bCyIBQQR0IgRB4DJqNgIEIAMgBEHoMmoiBCgCADYCCCAEIAM2AgAgAygCCCADNgIEQeg6Qeg6KQMAQgEgAa2GhDcDACAAIAJBCGoiATYCACABQXxxIABqQQRrIAE2AgAMAQsgACABakEEayABNgIACyAAQQRqBSADCwvmAwEFfwJ/QbAwKAIAIgEgAEEHakF4cSIDaiECAkAgA0EAIAEgAk8bDQAgAj8AQRB0SwRAIAIQFkUNAQtBsDAgAjYCACABDAELQfw7QTA2AgBBfwsiAkF/RwRAIAAgAmoiA0EQayIBQRA2AgwgAUEQNgIAAkACf0HgOigCACIABH8gACgCCAVBAAsgAkYEQCACIAJBBGsoAgBBfnFrIgRBBGsoAgAhBSAAIAM2AghBcCAEIAVBfnFrIgAgACgCAGpBBGstAABBAXFFDQEaIAAoAgQiAyAAKAIINgIIIAAoAgggAzYCBCAAIAEgAGsiATYCAAwCCyACQRA2AgwgAkEQNgIAIAIgAzYCCCACIAA2AgRB4DogAjYCAEEQCyACaiIAIAEgAGsiATYCAAsgAUF8cSAAakEEayABQQFyNgIAIAACfyAAKAIAQQhrIgFB/wBNBEAgAUEDdkEBawwBCyABQR0gAWciA2t2QQRzIANBAnRrQe4AaiABQf8fTQ0AGkE/IAFBHiADa3ZBAnMgA0EBdGtBxwBqIgEgAUE/TxsLIgFBBHQiA0HgMmo2AgQgACADQegyaiIDKAIANgIIIAMgADYCACAAKAIIIAA2AgRB6DpB6DopAwBCASABrYaENwMACyACQX9HC80BAgN/An0jAEEQayIDJABBASEEIANBCGogAEH8AGoiBSAAIAFBAXRqQSBqIgEvAQAQHwJAAkAgAyoCCCIHIAIqAgAiBlwEQCAHIAdbBEAgAi0ABCECDAILIAYgBlwhBAsgAi0ABCECIARFDQAgAy0ADCACQf8BcUYNAQsgBSABIAYgAhA5A0AgAC0AACIBQQRxDQEgACABQQRyOgAAIAAoAhAiAQRAIAAgAREAAAsgAEGAgID+BzYCnAEgACgC5AMiAA0ACwsgA0EQaiQAC0ABAX8CQEGsOy0AAEEBcQRAQag7KAIAIQIMAQtBAUGAJxAMIQJBrDtBAToAAEGoOyACNgIACyACIAAgAUEAEBMLzQECA38CfSMAQRBrIgMkAEEBIQQgA0EIaiAAQfwAaiIFIAAgAUEBdGpBMmoiAS8BABAfAkACQCADKgIIIgcgAioCACIGXARAIAcgB1sEQCACLQAEIQIMAgsgBiAGXCEECyACLQAEIQIgBEUNACADLQAMIAJB/wFxRg0BCyAFIAEgBiACEDkDQCAALQAAIgFBBHENASAAIAFBBHI6AAAgACgCECIBBEAgACABEQAACyAAQYCAgP4HNgKcASAAKALkAyIADQALCyADQRBqJAALDwAgASAAKAIAaiACOQMACw0AIAEgACgCAGorAwALCwAgAARAIAAQIwsLxwECBH8CfSMAQRBrIgIkACACQQhqIABB/ABqIgQgAEEeaiIFLwEAEB9BASEDAkACQCACKgIIIgcgASoCACIGXARAIAcgB1sEQCABLQAEIQEMAgsgBiAGXCEDCyABLQAEIQEgA0UNACACLQAMIAFB/wFxRg0BCyAEIAUgBiABEDkDQCAALQAAIgFBBHENASAAIAFBBHI6AAAgACgCECIBBEAgACABEQAACyAAQYCAgP4HNgKcASAAKALkAyIADQALCyACQRBqJAALlgMCA34CfyAAvSICQjSIp0H/D3EiBEH/D0YEQCAARAAAAAAAAPA/oiIAIACjDwsgAkIBhiIBQoCAgICAgIDw/wBYBEAgAEQAAAAAAAAAAKIgACABQoCAgICAgIDw/wBRGw8LAn4gBEUEQEEAIQQgAkIMhiIBQgBZBEADQCAEQQFrIQQgAUIBhiIBQgBZDQALCyACQQEgBGuthgwBCyACQv////////8Hg0KAgICAgICACIQLIQEgBEH/B0oEQANAAkAgAUKAgICAgICACH0iA0IAUw0AIAMiAUIAUg0AIABEAAAAAAAAAACiDwsgAUIBhiEBIARBAWsiBEH/B0oNAAtB/wchBAsCQCABQoCAgICAgIAIfSIDQgBTDQAgAyIBQgBSDQAgAEQAAAAAAAAAAKIPCyABQv////////8HWARAA0AgBEEBayEEIAFCgICAgICAgARUIQUgAUIBhiEBIAUNAAsLIAJCgICAgICAgICAf4MgAUKAgICAgICACH0gBK1CNIaEIAFBASAEa62IIARBAEobhL8LiwEBA38DQCAAQQR0IgFB5DJqIAFB4DJqIgI2AgAgAUHoMmogAjYCACAAQQFqIgBBwABHDQALQTAQZBpBmDtBBjYCAEGcO0EANgIAEJwBQZw7Qcg7KAIANgIAQcg7QZg7NgIAQcw7QcMBNgIAQdA7QQA2AgAQjwFB0DtByDsoAgA2AgBByDtBzDs2AgALjwEBAn8jAEEQayIEJAACfUMAAAAAIAAvABVBgOAAcUUNABogBEEIaiAAQRRqIgBBASACQQJGQQF0IAFB/gFxQQJHGyIFIAIQNgJAIAQtAAxFDQAgBEEIaiAAIAUgAhA2IAQtAAxBA0YNACAAIAEgAiADEIEBDAELIAAgASACIAMQgAGMCyEDIARBEGokACADC4QBAQJ/AkACQCAAKALoAyICIAAoAuwDIgNGDQADQCACKAIAIAFGDQEgAkEEaiICIANHDQALDAELIAIgA0YNACABLQAXQRB0QYCAMHFBgIAgRgRAIAAgACgC4ANBAWs2AuADCyACIAJBBGoiASADIAFrEDMaIAAgA0EEazYC7ANBAQ8LQQALCwBByDEgACABEEkLPAAgAEUEQCACQQVHQQAgAhtFBEBBuDAgAyAEEEkaDwsgAyAEEHAaDwsgACABIAIgAyAEIAAoAgQRDQAaCyYBAX8jAEEQayIBJAAgASAANgIMQbgwQdglIAAQSRogAUEQaiQAC4cDAwN/BXwCfSAAKgKgA7siBiACoCECIAAqApwDuyIHIAGgIQggACgC9AMqAhgiC0MAAAAAXARAIAAqApADuyEJIAAqAowDIQwgACAHIAu7IgFBACAALQAAQRBxIgNBBHYiBBA0OAKcAyAAIAYgAUEAIAQQNDgCoAMgASAMuyIHohBsIgYgBmIiBEUgBplELUMc6+I2Gj9jcUUEQCAEIAZEAAAAAAAA8L+gmUQtQxzr4jYaP2NFciEFCyACIAmgIQogCCAHoCEHAn8gASAJohBsIgYgBmIiBEUEQEEAIAaZRC1DHOviNho/Yw0BGgsgBCAGRAAAAAAAAPC/oJlELUMc6+I2Gj9jRXILIQQgACAHIAEgA0EARyIDIAVxIAMgBUEBc3EQNCAIIAFBACADEDSTOAKMAyAAIAogASADIARxIAMgBEEBc3EQNCACIAFBACADEDSTOAKQAwsgACgC6AMiAyAAKALsAyIARwRAA0AgAygCACAIIAIQcyADQQRqIgMgAEcNAAsLC1UBAX0gAEEUaiIAIAEgAkECSSICIAQgBRA1IQYgACABIAIgBCAFEC0iBUMAAAAAYCADIAVecQR9IAUFIAZDAAAAAGBFBEAgAw8LIAYgAyADIAZdGwsLeAEBfwJAIAAoAgAiAgRAA0AgAUUNAiACIAEoAgQ2AgQgAiABKAIINgIIIAEoAgAhASAAKAIAIQAgAigCACICDQALCyAAIAEQPA8LAkAgAEUNACAAKAIAIgFFDQAgAEEANgIAA0AgASgCACEAIAEQIyAAIgENAAsLC5kCAgZ/AX0gAEEUaiEHQQMhBCAALQAUQQJ2QQNxIQUCQAJ/AkAgAUEBIAAoAuQDGyIIQQJGBEACQCAFQQJrDgIEAAILQQIhBAwDC0ECIQRBACAFQQFLDQEaCyAECyEGIAUhBAsgACAEIAggAyACIARBAkkiBRsQbiEKIAAgBiAIIAIgAyAFGxBuIQMgAEGcA2oiAEEBIAFBAkZBAXQiCCAFG0ECdGogCiAHIAQgASACECKSOAIAIABBAyABQQJHQQF0IgkgBRtBAnRqIAogByAEIAEgAhAhkjgCACAAIAhBASAGQQF2IgQbQQJ0aiADIAcgBiABIAIQIpI4AgAgACAJQQMgBBtBAnRqIAMgByAGIAEgAhAhkjgCAAvUAgEDfyMAQdACayIBJAAgAUEIakEAQcQCECoaIAFBADoAGCABQgA3AxAgAUGAgID+BzYCDCABQRxqQQBBxAEQKhogAUHgAWohAyABQSBqIQIDQCACQoCAgPyLgIDAv383AhAgAkKBgICAEDcCCCACQoCAgPyLgIDAv383AgAgAkEYaiICIANHDQALIAFCgICA/IuAgMC/fzcD8AEgAUKBgICAEDcD6AEgAUKAgID8i4CAwL9/NwPgASABQoCAgP6HgIDg/wA3AoQCIAFCgICA/oeAgOD/ADcC/AEgASABLQD4AUH4AXE6APgBIAFBjAJqQQBBwAAQKhogAEGYAWogAUEIakHEAhArGiAAQgA3AowDIAAgAC0AAEEBcjoAACAAEE8gACgC6AMiAiAAKALsAyIARwRAA0AgAigCABB3IAJBBGoiAiAARw0ACwsgAUHQAmokAAuuAgIKfwJ9IwBBIGsiASQAIAFBgAI7AB4gAEHuAGohByAAQfgDaiEFIABB8gBqIQggAEH2AGohCSAAQfwAaiEDQQAhAANAIAFBEGogAyAJIAFBHmogBGotAAAiAkEBdCIEaiIGLwEAEB8CQAJAIAEtABRFDQAgAUEIaiADIAYvAQAQHyABIAMgBCAIai8BABAfIAEtAAwgAS0ABEcNAAJAIAEqAggiDCAMXCIKIAEqAgAiCyALXHJFBEAgDCALk4tDF7fROF0NAQwCCyAKRSALIAtbcg0BCyABQRBqIAMgBi8BABAfDAELIAFBEGogAyAEIAdqLwEAEB8LIAUgAkEDdGoiAiABLQAUOgAEIAIgASgCEDYCAEEBIQQgACECQQEhACACRQ0ACyABQSBqJAALMgACf0EAIAAvABVBgOAAcUGAwABGDQAaQQEgABA7QwAAAABcDQAaIAAQQEMAAAAAXAsLewEBfSADIASTIgMgA1sEfUMAAAAAIABBFGoiACABIAIgBSAGEDUiByAEkyAHIAdcGyIHQ///f38gACABIAIgBSAGEC0iBSAEkyAFIAVcGyIEIAMgAyAEXhsiAyADIAddGyAHIAMgAyADXBsgAyADWyAHIAdbcRsFIAMLC98FAwR/BX0BfCAJQwAAAABdIAhDAAAAAF1yBH8gDQUgBSESIAEhEyADIRQgByERIAwqAhgiFUMAAAAAXARAIAG7IBW7IhZBAEEAEDQhEyADuyAWQQBBABA0IRQgBbsgFkEAQQAQNCESIAe7IBZBAEEAEDQhEQsCf0EAIAAgBEcNABogEiATk4tDF7fROF0gEyATXCINIBIgElxyRQ0AGkEAIBIgElsNABogDQshDAJAIAIgBkcNACAUIBRcIg0gESARXHJFBEAgESAUk4tDF7fROF0hDwwBCyARIBFbDQAgDSEPC0EBIQ5BASENAkAgDA0AIAEgCpMhAQJAIABFBEAgASABXCIAIAggCFxyRQRAQQAhDCABIAiTi0MXt9E4XUUNAgwDC0EAIQwgCCAIWw0BIAANAgwBCyAAQQJGIQwgAEECRw0AIARBAUcNACABIAhgDQECQCAIIAhcIgAgASABXHJFBEAgASAIk4tDF7fROF1FDQEMAwtBACENIAEgAVsNAkEBIQ0gAA0CC0EAIQ0MAQtBACENIAggCFwiACABIAVdRXINACAMRSABIAFcIhAgBSAFXHIgBEECR3JyDQBBASENIAEgCGANAEEAIQ0gACAQcg0AIAEgCJOLQxe30ThdIQ0LAkAgDw0AIAMgC5MhAQJAAkAgAkUEQCABIAFcIgIgCSAJXHJFBEBBACEAIAEgCZOLQxe30ThdRQ0CDAQLQQAhACAJIAlbDQEgAg0DDAELIAJBAkYhACACQQJHIAZBAUdyDQAgASAJYARADAMLIAkgCVwiACABIAFcckUEQCABIAmTi0MXt9E4XUUNAgwDC0EAIQ4gASABWw0CQQEhDiAADQIMAQsgCSAJXCICIAEgB11Fcg0AIABFIAEgAVwiBCAHIAdcciAGQQJHcnINACABIAlgDQFBACEOIAIgBHINASABIAmTi0MXt9E4XSEODAELQQAhDgsgDSAOcQsL4wEBA38jAEEQayIBJAACQAJAIAAtABRBCHFFDQBBASEDIAAvABVB8AFxQdAARg0AIAEgABAyIAEoAgQhAAJAIAEoAgAiAkUEQEEAIQMgAEUNAQsDQCACKALsAyACKALoAyICa0ECdSAATQ0DIAIgAEECdGooAgAiAC8AFSAALQAXQRB0ciIAQYDgAHFBgMAARyAAQYAecUGACkZxIgMNASABEC4gASgCBCIAIAEoAgAiAnINAAsLIAEoAggiAEUNAANAIAAoAgAhAiAAECMgAiIADQALCyABQRBqJAAgAw8LEAIAC7IBAQR/AkACQCAAKAIEIgMgACgCACIEKALsAyAEKALoAyIBa0ECdUkEQCABIANBAnRqIQIDQCACKAIAIgEtABdBEHRBgIAwcUGAgCBHDQMgASgC7AMgASgC6ANGDQJBDBAeIgIgBDYCBCACIAM2AgggAiAAKAIINgIAQQAhAyAAQQA2AgQgACABNgIAIAAgAjYCCCABIQQgASgC6AMiAiABKALsA0cNAAsLEAIACyAAEC4LC4wQAgx/B30jAEEgayINJAAgDUEIaiABEDIgDSgCCCIOIA0oAgwiDHIEQCADQQEgAxshFSAAQRRqIRQgBUEBaiEWA0ACQAJAAn8CQAJAAkACQAJAIAwgDigC7AMgDigC6AMiDmtBAnVJBEAgDiAMQQJ0aigCACILLwAVIAstABdBEHRyIgxBgIAwcUGAgBBGDQgCQAJAIAxBDHZBA3EOAwEKAAoLIAkhFyAKIRogASgC9AMtABRBBHFFBEAgACoClAMgFEECQQEQMCAUQQJBARAvkpMhFyAAKgKYAyAUQQBBARAwIBRBAEEBEC+SkyEaCyALQRRqIQ8gAS0AFEECdkEDcSEQAkACfwJAIANBAkciE0UEQEEAIQ5BAyEMAkAgEEECaw4CBAACC0ECIQwMAwtBAiEMQQAgEEEBSw0BGgsgDAshDiAQIQwLIA9BAkEBIBcQIiAPQQJBASAXECGSIR0gD0EAQQEgFxAiIRwgD0EAQQEgFxAhIRsgCyoC+AMhGAJAAkACQAJAIAstAPwDQQFrDgIBAAILIBggF5RDCtcjPJQhGAsgGEMAAAAAYEUNACAdIAsgA0EAIBcgFxAxkiEYDAELIA1BGGogDyALQTJqIhAgAxBFQwAAwH8hGCANLQAcRQ0AIA1BGGogDyAQIAMQRCANLQAcRQ0AIA1BGGogDyAQIAMQRSANLQAcQQNGDQAgDUEYaiAPIBAgAxBEIA0tABxBA0YNACALQQIgAyAAKgKUAyAUQQIgAxBLIBRBAiADEFKSkyAPQQIgAyAXEFEgD0ECIAMgFxCDAZKTIBcgFxAlIRgLIBwgG5IhHCALKgKABCEZAkACQAJAIAstAIQEQQFrDgIBAAILIBkgGpRDCtcjPJQhGQsgGUMAAAAAYEUNACAcIAsgA0EBIBogFxAxkiEZDAMLIA1BGGogDyALQTJqIhAQQwJAIA0tABxFDQAgDUEYaiAPIBAQQiANLQAcRQ0AIA1BGGogDyAQEEMgDS0AHEEDRg0AIA1BGGogDyAQEEIgDS0AHEEDRg0AIAtBACADIAAqApgDIBRBACADEEsgFEEAIAMQUpKTIA9BACADIBoQUSAPQQAgAyAaEIMBkpMgGiAXECUhGQwDC0MAAMB/IRkgGCAYXA0GIAtB/ABqIhAgC0H6AGoiEi8BABAgIhsgG1sNAwwFCyALLQAAQQhxDQggCxBPIAAgCyACIAstABRBA3EiDCAVIAwbIAQgFiAGIAsqApwDIAeSIAsqAqADIAiSIAkgChB+IBFyIQxBACERIAxBAXFFDQhBASERIAsgCy0AAEEBcjoAAAwICxACAAsgGCAYXCAZIBlcRg0BIAtB/ABqIhAgC0H6AGoiEi8BABAgIhsgG1wNASAYIBhcBEAgGSAckyAQIAsvAXoQIJQgHZIhGAwCCyAZIBlbDQELIBwgGCAdkyAQIBIvAQAQIJWSIRkLIBggGFwNASAZIBlbDQMLQQAMAQtBAQshEiALIBcgGCACQQFHIAxBAklxIBdDAAAAAF5xIBJxIhAbIBkgA0ECIBIgEBsgGSAZXCAXIBpBAEEGIAQgBSAGED0aIAsqApQDIA9BAkEBIBcQIiAPQQJBASAXECGSkiEYIAsqApgDIA9BAEEBIBcQIiAPQQBBASAXECGSkiEZC0EBIRAgCyAYIBkgA0EAQQAgFyAaQQFBASAEIAUgBhA9GiAAIAEgCyADIAxBASAXIBoQggEgACABIAsgAyAOQQAgFyAaEIIBIBFBAXFFBEAgCy0AAEEBcSEQCyABLQAUIhJBAnZBA3EhDAJAAn8CQAJAAkACQAJAAkACQAJAAkACfwJAIBNFBEBBACERQQMhDiAMQQJrDgIDDQELQQIhDkEAIAxBAUsNARoLIA4LIREgEkEEcUUNBCASQQhxRQ0BIAwhDgsgASEMIA8QXw0BDAILAkAgCy0ANEEHcQ0AIAstADhBB3ENACALLQBCQQdxDQAgDCEOIAEhDCALQUBrLwEAQQdxRQ0CDAELIAwhDgsgACEMCwJ/AkACQAJAIA5BAWsOAwABAgULIAtBmANqIQ4gC0GoA2ohE0EBIRIgDEGYA2oMAgsgC0GUA2ohDiALQZwDaiETQQIhEiAMQZQDagwBCyALQZQDaiEOIAtBpANqIRNBACESIAxBlANqCyEMIAsgEkECdGogDCoCACAOKgIAkyATKgIAkzgCnAMLIBFBAXFFDQUCQAJAIBFBAnEEQCABIQwgDxBfDQEMAgsgCy0ANEEHcQ0AIAstADhBB3ENACALLQBCQQdxDQAgASEMIAtBQGsvAQBBB3FFDQELIAAhDAsgEUEBaw4DAQIDAAsQJAALIAtBmANqIREgC0GoA2ohDkEBIRMgDEGYA2oMAgsgC0GUA2ohESALQZwDaiEOQQIhEyAMQZQDagwBCyALQZQDaiERIAtBpANqIQ5BACETIAxBlANqCyEMIAsgE0ECdGogDCoCACARKgIAkyAOKgIAkzgCnAMLIAsqAqADIRsgCyoCnAMgB0MAAAAAIA8QXxuTIRcCfQJAIAstADRBB3ENACALLQA4QQdxDQAgCy0AQkEHcQ0AIAtBQGsvAQBBB3ENAEMAAAAADAELIAgLIRogCyAXOAKcAyALIBsgGpM4AqADIBAhEQsgDUEIahAuIA0oAgwiDCANKAIIIg5yDQALCyANKAIQIgwEQANAIAwoAgAhACAMECMgACIMDQALCyANQSBqJAAgEUEBcQt2AgF/AX0jAEEQayIEJAAgBEEIaiAAIAFBAnRB7CVqKAIAIAIQUEMAAMB/IQUCQAJAAkAgBC0ADEEBaw4CAAECCyAEKgIIIQUMAQsgBCoCCCADlEMK1yM8lCEFCyAEQRBqJAAgBUMAAAAAl0MAAAAAIAUgBVsbC3gCAX8BfSMAQRBrIgQkACAEQQhqIABBAyACQQJHQQF0IAFB/gFxQQJHGyACEDZDAADAfyEFAkACQAJAIAQtAAxBAWsOAgABAgsgBCoCCCEFDAELIAQqAgggA5RDCtcjPJQhBQsgBEEQaiQAIAVDAAAAACAFIAVbGwt4AgF/AX0jAEEQayIEJAAgBEEIaiAAQQEgAkECRkEBdCABQf4BcUECRxsgAhA2QwAAwH8hBQJAAkACQCAELQAMQQFrDgIAAQILIAQqAgghBQwBCyAEKgIIIAOUQwrXIzyUIQULIARBEGokACAFQwAAAAAgBSAFWxsLoA0BBH8jAEEQayIJJAAgCUEIaiACQRRqIgggA0ECRkEBdEEBIARB/gFxQQJGIgobIgsgAxA2IAYgByAKGyEHAkACQAJAAkACQAJAIAktAAxFDQAgCUEIaiAIIAsgAxA2IAktAAxBA0YNACAIIAQgAyAHEIEBIABBFGogBCADEDCSIAggBCADIAcQIpIhBkEBIQMCQAJ/AkACQAJAAkAgBA4EAgMBAAcLQQIhAwwBC0EAIQMLIAMgC0YNAgJAAkAgBA4EAgIAAQYLIABBlANqIQNBAAwCCyAAQZQDaiEDQQAMAQsgAEGYA2ohA0EBCyEAIAMqAgAgAiAAQQJ0aioClAOTIAaTIQYLIAIgBEECdEHcJWooAgBBAnRqIAY4ApwDDAULIAlBCGogCCADQQJHQQF0QQMgChsiCiADEDYCQCAJLQAMRQ0AIAlBCGogCCAKIAMQNiAJLQAMQQNGDQACfwJAAkACQCAEDgQCAgABBQsgAEGUA2ohBUEADAILIABBlANqIQVBAAwBCyAAQZgDaiEFQQELIQEgBSoCACACQZQDaiIFIAFBAnRqKgIAkyAAQRRqIAQgAxAvkyAIIAQgAyAHECGTIAggBCADIAcQgAGTIQZBASEDAkACfwJAAkACQAJAIAQOBAIDAQAHC0ECIQMMAQtBACEDCyADIAtGDQICQAJAIAQOBAICAAEGCyAAQZQDaiEDQQAMAgsgAEGUA2ohA0EADAELIABBmANqIQNBAQshACADKgIAIAUgAEECdGoqAgCTIAaTIQYLIAIgBEECdEHcJWooAgBBAnRqIAY4ApwDDAULAkACQAJAIAUEQCABLQAUQQR2QQdxIgBBBUsNCEEBIAB0IgBBMnENASAAQQlxBEAgBEECdEHcJWooAgAhACAIIAQgAyAGEEEgASAAQQJ0IgBqIgEqArwDkiEGIAAgAmogAigC9AMtABRBAnEEfSAGBSAGIAEqAswDkgs4ApwDDAkLIAEgBEECdEHsJWooAgBBAnRqIgAqArwDIAggBCADIAYQYpIhBiACKAL0Ay0AFEECcUUEQCAGIAAqAswDkiEGCwJAAkACQAJAIAQOBAEBAgAICyABKgKUAyACKgKUA5MhB0ECIQMMAgsgASoCmAMgAioCmAOTIQdBASEDAkAgBA4CAgAHC0EDIQMMAQsgASoClAMgAioClAOTIQdBACEDCyACIANBAnRqIAcgBpM4ApwDDAgLIAIvABZBD3EiBUUEQCABLQAVQQR2IQULIAVBBUYEQCABLQAUQQhxRQ0CCyABLwAVQYCAA3FBgIACRgRAIAVBAmsOAgEHAwsgBUEISw0HQQEgBXRB8wNxDQYgBUECRw0CC0EAIQACfQJ/AkACQAJAAkACfwJAAkACQCAEDgQCAgABBAsgASoClAMhB0ECIQAgAUG8A2oMAgsgASoClAMhByABQcQDagwBCyABKgKYAyEHAkACQCAEDgIAAQMLQQMhACABQcADagwBC0EBIQAgAUHIA2oLIQUgByAFKgIAkyABQbwDaiIIIABBAnRqKgIAkyIHIAIoAvQDLQAUQQJxDQUaAkAgBA4EAAIDBAELQQMhACABQdADagwECxAkAAtBASEAIAFB2ANqDAILQQIhACABQcwDagwBC0EAIQAgAUHUA2oLIQUgByAFKgIAkyABIABBAnRqKgLMA5MLIAIgBEECdCIFQfwlaigCAEECdGoqApQDIAJBFGoiACAEQQEgBhAiIAAgBEEBIAYQIZKSk0MAAAA/lCAIIAVB3CVqKAIAIgVBAnRqKgIAkiAAIAQgAyAGEEGSIQYgAiAFQQJ0aiACKAL0Ay0AFEECcQR9IAYFIAYgASAFQQJ0aioCzAOSCzgCnAMMBgsgAS8AFUGAgANxQYCAAkcNBAsgASAEQQJ0QewlaigCAEECdGoiACoCvAMgCCAEIAMgBhBikiEGIAIoAvQDLQAUQQJxRQRAIAYgACoCzAOSIQYLAkACQCAEDgQBAQMAAgsgASoClAMgAioClAOTIQdBAiEDDAMLIAEqApgDIAIqApgDkyEHQQEhAwJAIAQOAgMAAQtBAyEDDAILECQACyABKgKUAyACKgKUA5MhB0EAIQMLIAIgA0ECdGogByAGkzgCnAMMAQsgBEECdEHcJWooAgAhACAIIAQgAyAGEEEgASAAQQJ0IgBqIgEqArwDkiEGIAAgAmogAigC9AMtABRBAnEEfSAGBSAGIAEqAswDkgs4ApwDCyAJQRBqJAALcAIBfwF9IwBBEGsiBCQAIARBCGogACABQQJ0QewlaigCACACEDZDAADAfyEFAkACQAJAIAQtAAxBAWsOAgABAgsgBCoCCCEFDAELIAQqAgggA5RDCtcjPJQhBQsgBEEQaiQAIAVDAAAAACAFIAVbGwscACAAIAFBCCACpyACQiCIpyADpyADQiCIpxAVCwUAEFgACzkAIABFBEBBAA8LAn8gAUGAf3FBgL8DRiABQf8ATXJFBEBB/DtBGTYCAEF/DAELIAAgAToAAEEBCwvEAgACQAJAAkACQAJAAkACQAJAAkACQAJAAkACQCABQQlrDhIACgsMCgsCAwQFDAsMDAoLBwgJCyACIAIoAgAiAUEEajYCACAAIAEoAgA2AgAPCwALIAIgAigCACIBQQRqNgIAIAAgATIBADcDAA8LIAIgAigCACIBQQRqNgIAIAAgATMBADcDAA8LIAIgAigCACIBQQRqNgIAIAAgATAAADcDAA8LIAIgAigCACIBQQRqNgIAIAAgATEAADcDAA8LAAsgAiACKAIAQQdqQXhxIgFBCGo2AgAgACABKwMAOQMADwsgACACIAMRAQALDwsgAiACKAIAIgFBBGo2AgAgACABNAIANwMADwsgAiACKAIAIgFBBGo2AgAgACABNQIANwMADwsgAiACKAIAQQdqQXhxIgFBCGo2AgAgACABKQMANwMAC84BAgN/An0jAEEQayIDJABBASEEIANBCGogAEH8AGoiBSAAIAFBAXRqQegAaiIBLwEAEB8CQAJAIAMqAggiByACKgIAIgZcBEAgByAHWwRAIAItAAQhAgwCCyAGIAZcIQQLIAItAAQhAiAERQ0AIAMtAAwgAkH/AXFGDQELIAUgASAGIAIQOQNAIAAtAAAiAUEEcQ0BIAAgAUEEcjoAACAAKAIQIgEEQCAAIAERAAALIABBgICA/gc2ApwBIAAoAuQDIgANAAsLIANBEGokAAtdAQR/IAAoAgAhAgNAIAIsAAAiAxBXBEBBfyEEIAAgAkEBaiICNgIAIAFBzJmz5gBNBH9BfyADQTBrIgMgAUEKbCIEaiADIARB/////wdzShsFIAQLIQEMAQsLIAELrhQCEn8BfiMAQdAAayIIJAAgCCABNgJMIAhBN2ohFyAIQThqIRQCQAJAAkACQANAIAEhDSAHIA5B/////wdzSg0BIAcgDmohDgJAAkACQCANIgctAAAiCQRAA0ACQAJAIAlB/wFxIgFFBEAgByEBDAELIAFBJUcNASAHIQkDQCAJLQABQSVHBEAgCSEBDAILIAdBAWohByAJLQACIQogCUECaiIBIQkgCkElRg0ACwsgByANayIHIA5B/////wdzIhhKDQcgAARAIAAgDSAHECYLIAcNBiAIIAE2AkwgAUEBaiEHQX8hEgJAIAEsAAEiChBXRQ0AIAEtAAJBJEcNACABQQNqIQcgCkEwayESQQEhFQsgCCAHNgJMQQAhDAJAIAcsAAAiCUEgayIBQR9LBEAgByEKDAELIAchCkEBIAF0IgFBidEEcUUNAANAIAggB0EBaiIKNgJMIAEgDHIhDCAHLAABIglBIGsiAUEgTw0BIAohB0EBIAF0IgFBidEEcQ0ACwsCQCAJQSpGBEACfwJAIAosAAEiARBXRQ0AIAotAAJBJEcNACABQQJ0IARqQcABa0EKNgIAIApBA2ohCUEBIRUgCiwAAUEDdCADakGAA2soAgAMAQsgFQ0GIApBAWohCSAARQRAIAggCTYCTEEAIRVBACETDAMLIAIgAigCACIBQQRqNgIAQQAhFSABKAIACyETIAggCTYCTCATQQBODQFBACATayETIAxBgMAAciEMDAELIAhBzABqEIkBIhNBAEgNCCAIKAJMIQkLQQAhB0F/IQsCfyAJLQAAQS5HBEAgCSEBQQAMAQsgCS0AAUEqRgRAAn8CQCAJLAACIgEQV0UNACAJLQADQSRHDQAgAUECdCAEakHAAWtBCjYCACAJQQRqIQEgCSwAAkEDdCADakGAA2soAgAMAQsgFQ0GIAlBAmohAUEAIABFDQAaIAIgAigCACIKQQRqNgIAIAooAgALIQsgCCABNgJMIAtBf3NBH3YMAQsgCCAJQQFqNgJMIAhBzABqEIkBIQsgCCgCTCEBQQELIQ8DQCAHIRFBHCEKIAEiECwAACIHQfsAa0FGSQ0JIBBBAWohASAHIBFBOmxqQf8qai0AACIHQQFrQQhJDQALIAggATYCTAJAAkAgB0EbRwRAIAdFDQsgEkEATgRAIAQgEkECdGogBzYCACAIIAMgEkEDdGopAwA3A0AMAgsgAEUNCCAIQUBrIAcgAiAGEIcBDAILIBJBAE4NCgtBACEHIABFDQcLIAxB//97cSIJIAwgDEGAwABxGyEMQQAhEkGPCSEWIBQhCgJAAkACQAJ/AkACQAJAAkACfwJAAkACQAJAAkACQAJAIBAsAAAiB0FfcSAHIAdBD3FBA0YbIAcgERsiB0HYAGsOIQQUFBQUFBQUFA4UDwYODg4UBhQUFBQCBQMUFAkUARQUBAALAkAgB0HBAGsOBw4UCxQODg4ACyAHQdMARg0JDBMLIAgpA0AhGUGPCQwFC0EAIQcCQAJAAkACQAJAAkACQCARQf8BcQ4IAAECAwQaBQYaCyAIKAJAIA42AgAMGQsgCCgCQCAONgIADBgLIAgoAkAgDqw3AwAMFwsgCCgCQCAOOwEADBYLIAgoAkAgDjoAAAwVCyAIKAJAIA42AgAMFAsgCCgCQCAOrDcDAAwTC0EIIAsgC0EITRshCyAMQQhyIQxB+AAhBwsgFCENIAgpA0AiGVBFBEAgB0EgcSEQA0AgDUEBayINIBmnQQ9xQZAvai0AACAQcjoAACAZQg9WIQkgGUIEiCEZIAkNAAsLIAxBCHFFIAgpA0BQcg0DIAdBBHZBjwlqIRZBAiESDAMLIBQhByAIKQNAIhlQRQRAA0AgB0EBayIHIBmnQQdxQTByOgAAIBlCB1YhDSAZQgOIIRkgDQ0ACwsgByENIAxBCHFFDQIgCyAUIA1rIgdBAWogByALSBshCwwCCyAIKQNAIhlCAFMEQCAIQgAgGX0iGTcDQEEBIRJBjwkMAQsgDEGAEHEEQEEBIRJBkAkMAQtBkQlBjwkgDEEBcSISGwshFiAZIBQQRyENCyAPQQAgC0EASBsNDiAMQf//e3EgDCAPGyEMIAgpA0AiGUIAUiALckUEQCAUIQ1BACELDAwLIAsgGVAgFCANa2oiByAHIAtIGyELDAsLQQAhDAJ/Qf////8HIAsgC0H/////B08bIgoiEUEARyEQAkACfwJAAkAgCCgCQCIHQY4lIAcbIg0iD0EDcUUgEUVyDQADQCAPLQAAIgxFDQIgEUEBayIRQQBHIRAgD0EBaiIPQQNxRQ0BIBENAAsLIBBFDQICQCAPLQAARSARQQRJckUEQANAIA8oAgAiB0F/cyAHQYGChAhrcUGAgYKEeHENAiAPQQRqIQ8gEUEEayIRQQNLDQALCyARRQ0DC0EADAELQQELIRADQCAQRQRAIA8tAAAhDEEBIRAMAQsgDyAMRQ0CGiAPQQFqIQ8gEUEBayIRRQ0BQQAhEAwACwALQQALIgcgDWsgCiAHGyIHIA1qIQogC0EATgRAIAkhDCAHIQsMCwsgCSEMIAchCyAKLQAADQ0MCgsgCwRAIAgoAkAMAgtBACEHIABBICATQQAgDBApDAILIAhBADYCDCAIIAgpA0A+AgggCCAIQQhqIgc2AkBBfyELIAcLIQlBACEHAkADQCAJKAIAIg1FDQEgCEEEaiANEIYBIgpBAEgiDSAKIAsgB2tLckUEQCAJQQRqIQkgCyAHIApqIgdLDQEMAgsLIA0NDQtBPSEKIAdBAEgNCyAAQSAgEyAHIAwQKSAHRQRAQQAhBwwBC0EAIQogCCgCQCEJA0AgCSgCACINRQ0BIAhBBGogDRCGASINIApqIgogB0sNASAAIAhBBGogDRAmIAlBBGohCSAHIApLDQALCyAAQSAgEyAHIAxBgMAAcxApIBMgByAHIBNIGyEHDAgLIA9BACALQQBIGw0IQT0hCiAAIAgrA0AgEyALIAwgByAFERwAIgdBAE4NBwwJCyAIIAgpA0A8ADdBASELIBchDSAJIQwMBAsgBy0AASEJIAdBAWohBwwACwALIAANByAVRQ0CQQEhBwNAIAQgB0ECdGooAgAiAARAIAMgB0EDdGogACACIAYQhwFBASEOIAdBAWoiB0EKRw0BDAkLC0EBIQ4gB0EKTw0HA0AgBCAHQQJ0aigCAA0BIAdBAWoiB0EKRw0ACwwHC0EcIQoMBAsgCyAKIA1rIhAgCyAQShsiCSASQf////8Hc0oNAkE9IQogEyAJIBJqIgsgCyATSBsiByAYSg0DIABBICAHIAsgDBApIAAgFiASECYgAEEwIAcgCyAMQYCABHMQKSAAQTAgCSAQQQAQKSAAIA0gEBAmIABBICAHIAsgDEGAwABzECkMAQsLQQAhDgwDC0E9IQoLQfw7IAo2AgALQX8hDgsgCEHQAGokACAOC9kCAQR/IwBB0AFrIgUkACAFIAI2AswBIAVBoAFqIgJBAEEoECoaIAUgBSgCzAE2AsgBAkBBACABIAVByAFqIAVB0ABqIAIgAyAEEIoBQQBIBEBBfyEEDAELQQEgBiAAKAJMQQBOGyEGIAAoAgAhByAAKAJIQQBMBEAgACAHQV9xNgIACwJ/AkACQCAAKAIwRQRAIABB0AA2AjAgAEEANgIcIABCADcDECAAKAIsIQggACAFNgIsDAELIAAoAhANAQtBfyAAEJ0BDQEaCyAAIAEgBUHIAWogBUHQAGogBUGgAWogAyAEEIoBCyECIAgEQCAAQQBBACAAKAIkEQYAGiAAQQA2AjAgACAINgIsIABBADYCHCAAKAIUIQEgAEIANwMQIAJBfyABGyECCyAAIAAoAgAiACAHQSBxcjYCAEF/IAIgAEEgcRshBCAGRQ0ACyAFQdABaiQAIAQLfwIBfwF+IAC9IgNCNIinQf8PcSICQf8PRwR8IAJFBEAgASAARAAAAAAAAAAAYQR/QQAFIABEAAAAAAAA8EOiIAEQjAEhACABKAIAQUBqCzYCACAADwsgASACQf4HazYCACADQv////////+HgH+DQoCAgICAgIDwP4S/BSAACwsVACAARQRAQQAPC0H8OyAANgIAQX8LzgECA38CfSMAQRBrIgMkAEEBIQQgA0EIaiAAQfwAaiIFIAAgAUEBdGpBxABqIgEvAQAQHwJAAkAgAyoCCCIHIAIqAgAiBlwEQCAHIAdbBEAgAi0ABCECDAILIAYgBlwhBAsgAi0ABCECIARFDQAgAy0ADCACQf8BcUYNAQsgBSABIAYgAhA5A0AgAC0AACIBQQRxDQEgACABQQRyOgAAIAAoAhAiAQRAIAAgAREAAAsgAEGAgID+BzYCnAEgACgC5AMiAA0ACwsgA0EQaiQAC9EDAEHUO0GoHBAcQdU7QYoWQQFBAUEAEBtB1jtB/RJBAUGAf0H/ABAEQdc7QfYSQQFBgH9B/wAQBEHYO0H0EkEBQQBB/wEQBEHZO0GUCkECQYCAfkH//wEQBEHaO0GLCkECQQBB//8DEARB2ztBsQpBBEGAgICAeEH/////BxAEQdw7QagKQQRBAEF/EARB3TtB+BhBBEGAgICAeEH/////BxAEQd47Qe8YQQRBAEF/EARB3ztBjxBCgICAgICAgICAf0L///////////8AEIQBQeA7QY4QQgBCfxCEAUHhO0GIEEEEEA1B4jtB9BtBCBANQeM7QaQZEA5B5DtBmSIQDkHlO0EEQZcZEAhB5jtBAkGwGRAIQec7QQRBvxkQCEHoO0GPFhAaQek7QQBB1CEQAUHqO0EAQboiEAFB6ztBAUHyIRABQew7QQJB5B4QAUHtO0EDQYMfEAFB7jtBBEGrHxABQe87QQVByB8QAUHwO0EEQd8iEAFB8TtBBUH9IhABQeo7QQBBriAQAUHrO0EBQY0gEAFB7DtBAkHwIBABQe07QQNBziAQAUHuO0EEQbMhEAFB7ztBBUGRIRABQfI7QQZB7h8QAUHzO0EHQaQjEAELJQAgAEH0JjYCACAALQAEBEAgACgCCEH9DxBmCyAAKAIIEAYgAAsDAAALJQAgAEHsJzYCACAALQAEBEAgACgCCEH9DxBmCyAAKAIIEAYgAAs3AQJ/QQQQHiICIAE2AgBBBBAeIgMgATYCAEGjOyAAQeI7QfooQcEBIAJB4jtB/ihBwgEgAxAHCzcBAX8gASAAKAIEIgNBAXVqIQEgACgCACEAIAEgAiADQQFxBH8gASgCACAAaigCAAUgAAsRBQALOQEBfyABIAAoAgQiBEEBdWohASAAKAIAIQAgASACIAMgBEEBcQR/IAEoAgAgAGooAgAFIAALEQMACwkAIAEgABEAAAsHACAAEQ4ACzUBAX8gASAAKAIEIgJBAXVqIQEgACgCACEAIAEgAkEBcQR/IAEoAgAgAGooAgAFIAALEQAACzABAX8jAEEQayICJAAgAiABNgIIIAJBCGogABECACEAIAIoAggQBiACQRBqJAAgAAsMACABIAAoAgARAAALCQAgAEEBOgAEC9coAQJ/QaA7QaE7QaI7QQBBjCZBB0GPJkEAQY8mQQBB2RZBkSZBCBAFQQgQHiIAQoiAgIAQNwMAQaA7QZcbQQZBoCZBuCZBCSAAQQEQAEGkO0GlO0GmO0GgO0GMJkEKQYwmQQtBjCZBDEG4EUGRJkENEAVBBBAeIgBBDjYCAEGkO0HoFEECQcAmQcgmQQ8gAEEAEABBoDtBowxBAkHMJkHUJkEQQREQA0GgO0GAHEEDQaQnQbAnQRJBExADQbg7Qbk7Qbo7QQBBjCZBFEGPJkEAQY8mQQBB6RZBkSZBFRAFQQgQHiIAQoiAgIAQNwMAQbg7QegcQQJBuCdByCZBFiAAQQEQAEG7O0G8O0G9O0G4O0GMJkEXQYwmQRhBjCZBGUHPEUGRJkEaEAVBBBAeIgBBGzYCAEG7O0HoFEECQcAnQcgmQRwgAEEAEABBuDtBowxBAkHIJ0HUJkEdQR4QA0G4O0GAHEEDQaQnQbAnQRJBHxADQb47Qb87QcA7QQBBjCZBIEGPJkEAQY8mQQBB2hpBkSZBIRAFQb47QQFB+CdBjCZBIkEjEA9BvjtBkBtBAUH4J0GMJkEiQSMQA0G+O0HpCEECQfwnQcgmQSRBJRADQQgQHiIAQQA2AgQgAEEmNgIAQb47Qa0cQQRBkChBoChBJyAAQQAQAEEIEB4iAEEANgIEIABBKDYCAEG+O0GkEUEDQagoQbQoQSkgAEEAEABBCBAeIgBBADYCBCAAQSo2AgBBvjtByB1BA0G8KEHIKEErIABBABAAQQgQHiIAQQA2AgQgAEEsNgIAQb47QaYQQQNB0ChByChBLSAAQQAQAEEIEB4iAEEANgIEIABBLjYCAEG+O0HLHEEDQdwoQbAnQS8gAEEAEABBCBAeIgBBADYCBCAAQTA2AgBBvjtB0h1BAkHoKEHUJkExIABBABAAQQgQHiIAQQA2AgQgAEEyNgIAQb47QZcQQQJB8ChB1CZBMyAAQQAQAEHBO0GECkH4KEE0QZEmQTUQCkHiD0EAEEhB6g5BCBBIQYITQRAQSEHxFUEYEEhBgxdBIBBIQfAOQSgQSEHBOxAJQaM7Qf8aQfgoQTZBkSZBNxAKQYMXQQAQkwFB8A5BCBCTAUGjOxAJQcI7QYobQfgoQThBkSZBORAKQQQQHiIAQQg2AgBBBBAeIgFBCDYCAEHCO0GEG0HiO0H6KEE6IABB4jtB/ihBOyABEAdBBBAeIgBBADYCAEEEEB4iAUEANgIAQcI7QeUOQds7QdQmQTwgAEHbO0HIKEE9IAEQB0HCOxAJQcM7QcQ7QcU7QQBBjCZBPkGPJkEAQY8mQQBB+xtBkSZBPxAFQcM7QQFBhClBjCZBwABBwQAQD0HDO0HXDkEBQYQpQYwmQcAAQcEAEANBwztB0BpBAkGIKUHUJkHCAEHDABADQcM7QekIQQJBkClByCZBxABBxQAQA0EIEB4iAEEANgIEIABBxgA2AgBBwztB9w9BAkGQKUHIJkHHACAAQQAQAEEIEB4iAEEANgIEIABByAA2AgBBwztB6htBA0GYKUHIKEHJACAAQQAQAEEIEB4iAEEANgIEIABBygA2AgBBwztBnxtBA0GkKUHIKEHLACAAQQAQAEEIEB4iAEEANgIEIABBzAA2AgBBwztB0BRBBEGwKUHAKUHNACAAQQAQAEEIEB4iAEEANgIEIABBzgA2AgBBwztBiA1BBEGwKUHAKUHNACAAQQAQAEEIEB4iAEEANgIEIABBzwA2AgBBwztB3RNBA0GkKUHIKEHLACAAQQAQAEEIEB4iAEEANgIEIABB0AA2AgBBwztB+QtBA0GkKUHIKEHLACAAQQAQAEEIEB4iAEEANgIEIABB0QA2AgBBwztBuBBBA0GkKUHIKEHLACAAQQAQAEEIEB4iAEEANgIEIABB0gA2AgBBwztB5RpBA0GkKUHIKEHLACAAQQAQAEEIEB4iAEEANgIEIABB0wA2AgBBwztB/BRBA0GkKUHIKEHLACAAQQAQAEEIEB4iAEEANgIEIABB1AA2AgBBwztBlRNBA0GkKUHIKEHLACAAQQAQAEEIEB4iAEEANgIEIABB1QA2AgBBwztBtQpBA0GkKUHIKEHLACAAQQAQAEEIEB4iAEEANgIEIABB1gA2AgBBwztBuBVBBEGwKUHAKUHNACAAQQAQAEEIEB4iAEEANgIEIABB1wA2AgBBwztBmw1BBEGwKUHAKUHNACAAQQAQAEEIEB4iAEEANgIEIABB2AA2AgBBwztB7RNBA0GkKUHIKEHLACAAQQAQAEEIEB4iAEEANgIEIABB2QA2AgBBwztBxAlBA0GkKUHIKEHLACAAQQAQAEEIEB4iAEEANgIEIABB2gA2AgBBwztB8QhBA0GkKUHIKEHLACAAQQAQAEEIEB4iAEEANgIEIABB2wA2AgBBwztBhwlBA0HIKUH+KEHcACAAQQAQAEEIEB4iAEEANgIEIABB3QA2AgBBwztB1BBBA0HIKUH+KEHcACAAQQAQAEEIEB4iAEEANgIEIABB3gA2AgBBwztB5gxBA0HIKUH+KEHcACAAQQAQAEEIEB4iAEEANgIEIABB3wA2AgBBwztBzBNBAkGQKUHIJkHHACAAQQAQAEEIEB4iAEEANgIEIABB4AA2AgBBwztBrAlBA0HIKUH+KEHcACAAQQAQAEEIEB4iAEEANgIEIABB4QA2AgBBwztBnxZBA0HIKUH+KEHcACAAQQAQAEEIEB4iAEEANgIEIABB4gA2AgBBwztBoRdBA0HIKUH+KEHcACAAQQAQAEEIEB4iAEEANgIEIABB4wA2AgBBwztBvw1BA0HIKUH+KEHcACAAQQAQAEEIEB4iAEEANgIEIABB5AA2AgBBwztB+xNBAkGQKUHIJkHHACAAQQAQAEEIEB4iAEEANgIEIABB5QA2AgBBwztBkQ9BA0HIKUH+KEHcACAAQQAQAEEIEB4iAEEANgIEIABB5gA2AgBBwztBwQxBA0HIKUH+KEHcACAAQQAQAEEIEB4iAEEANgIEIABB5wA2AgBBwztBvhNBAkGQKUHIJkHHACAAQQAQAEEIEB4iAEEANgIEIABB6AA2AgBBwztBsxdBA0HIKUH+KEHcACAAQQAQAEEIEB4iAEEANgIEIABB6QA2AgBBwztBzw1BA0HIKUH+KEHcACAAQQAQAEEIEB4iAEEANgIEIABB6gA2AgBBwztBpQ9BA0HIKUH+KEHcACAAQQAQAEEIEB4iAEEANgIEIABB6wA2AgBBwztB0gxBA0HIKUH+KEHcACAAQQAQAEEIEB4iAEEANgIEIABB7AA2AgBBwztBiRdBA0HIKUH+KEHcACAAQQAQAEEIEB4iAEEANgIEIABB7QA2AgBBwztBrA1BA0HIKUH+KEHcACAAQQAQAEEIEB4iAEEANgIEIABB7gA2AgBBwztB9w5BA0HIKUH+KEHcACAAQQAQAEEIEB4iAEEANgIEIABB7wA2AgBBwztBrQxBA0HIKUH+KEHcACAAQQAQAEEIEB4iAEEANgIEIABB8AA2AgBBwztB/RhBA0GkKUHIKEHLACAAQQAQAEEIEB4iAEEANgIEIABB8QA2AgBBwztBshRBA0HIKUH+KEHcACAAQQAQAEEIEB4iAEEANgIEIABB8gA2AgBBwztBlBJBBEGwKUHAKUHNACAAQQAQAEEIEB4iAEEANgIEIABB8wA2AgBBwztBzhlBBEGwKUHAKUHNACAAQQAQAEEIEB4iAEEANgIEIABB9AA2AgBBwztB4g1BBEGwKUHAKUHNACAAQQAQAEEIEB4iAEEANgIEIABB9QA2AgBBwztBrRNBBEGwKUHAKUHNACAAQQAQAEEIEB4iAEEANgIEIABB9gA2AgBBwztB+gxBBEGwKUHAKUHNACAAQQAQAEEIEB4iAEEANgIEIABB9wA2AgBBwztBnhVBA0GkKUHIKEHLACAAQQAQAEEIEB4iAEEANgIEIABB+AA2AgBBwztBrxtBAkHUKUHUJkH5ACAAQQAQAEEIEB4iAEEANgIEIABB+gA2AgBBwztB3BRBA0HcKUGwJ0H7ACAAQQAQAEEIEB4iAEEANgIEIABB/AA2AgBBwztBiQxBAkHUKUHUJkH5ACAAQQAQAEEIEB4iAEEANgIEIABB/QA2AgBBwztBxhBBAkHUKUHUJkH5ACAAQQAQAEEIEB4iAEEANgIEIABB/gA2AgBBwztB8hpBAkHUKUHUJkH5ACAAQQAQAEEIEB4iAEEANgIEIABB/wA2AgBBwztBjRVBAkHUKUHUJkH5ACAAQQAQAEEIEB4iAEEANgIEIABBgAE2AgBBwztBoRNBAkHUKUHUJkH5ACAAQQAQAEEIEB4iAEEANgIEIABBgQE2AgBBwztBxwpBAkHUKUHUJkH5ACAAQQAQAEEIEB4iAEEANgIEIABBggE2AgBBwztBwhVBA0HcKUGwJ0H7ACAAQQAQAEEIEB4iAEEANgIEIABBgwE2AgBBwztB4RBBAkHoKUHUJkGEASAAQQAQAEEIEB4iAEEANgIEIABBhQE2AgBBwztBuAlBAkHwKUH6KEGGASAAQQAQAEEIEB4iAEEANgIEIABBhwE2AgBBwztBrRZBAkHwKUH6KEGGASAAQQAQAEEIEB4iAEEANgIEIABBiAE2AgBBwztBqhdBAkHoKUHUJkGEASAAQQAQAEEIEB4iAEEANgIEIABBiQE2AgBBwztBmw9BAkHoKUHUJkGEASAAQQAQAEEIEB4iAEEANgIEIABBigE2AgBBwztBvxdBAkHoKUHUJkGEASAAQQAQAEEIEB4iAEEANgIEIABBiwE2AgBBwztBsg9BAkHoKUHUJkGEASAAQQAQAEEIEB4iAEEANgIEIABBjAE2AgBBwztBlRdBAkHoKUHUJkGEASAAQQAQAEEIEB4iAEEANgIEIABBjQE2AgBBwztBhA9BAkHoKUHUJkGEASAAQQAQAEEIEB4iAEEANgIEIABBjgE2AgBBwztBihlBAkHUKUHUJkH5ACAAQQAQAEEIEB4iAEEANgIEIABBjwE2AgBBwztBwRRBAkHwKUH6KEGGASAAQQAQAEEIEB4iAEEANgIEIABBkAE2AgBBwztBnhJBA0H4KUGEKkGRASAAQQAQAEEIEB4iAEEANgIEIABBkgE2AgBBwztB0AlBAkHUKUHUJkH5ACAAQQAQAEEIEB4iAEEANgIEIABBkwE2AgBBwztB/AhBAkHUKUHUJkH5ACAAQQAQAEEIEB4iAEEANgIEIABBlAE2AgBBwztB2RlBA0HcKUGwJ0H7ACAAQQAQAEEIEB4iAEEANgIEIABBlQE2AgBBwztBtBNBA0GMKkGYKkGWASAAQQAQAEEIEB4iAEEANgIEIABBlwE2AgBBwztBhxxBBEGgKkGgKEGYASAAQQAQAEEIEB4iAEEANgIEIABBmQE2AgBBwztBnBxBA0GwKkHIKEGaASAAQQAQAEEIEB4iAEEANgIEIABBmwE2AgBBwztBmgpBAkG8KkHUJkGcASAAQQAQAEEIEB4iAEEANgIEIABBnQE2AgBBwztBmQxBAkHEKkHUJkGeASAAQQAQAEEIEB4iAEEANgIEIABBnwE2AgBBwztBkxxBA0HMKkGwJ0GgASAAQQAQAEEIEB4iAEEANgIEIABBoQE2AgBBwztBuxZBA0HYKkHIKEGiASAAQQAQAEEIEB4iAEEANgIEIABBowE2AgBBwztBvxtBAkHkKkHUJkGkASAAQQAQAEEIEB4iAEEANgIEIABBpQE2AgBBwztB0xtBA0HYKkHIKEGiASAAQQAQAEEIEB4iAEEANgIEIABBpgE2AgBBwztBqB1BA0HsKkHIKEGnASAAQQAQAEEIEB4iAEEANgIEIABBqAE2AgBBwztBph1BAkGQKUHIJkHHACAAQQAQAEEIEB4iAEEANgIEIABBqQE2AgBBwztBuR1BA0H4KkHIKEGqASAAQQAQAEEIEB4iAEEANgIEIABBqwE2AgBBwztBtx1BAkGQKUHIJkHHACAAQQAQAEEIEB4iAEEANgIEIABBrAE2AgBBwztB3whBAkGQKUHIJkHHACAAQQAQAEEIEB4iAEEANgIEIABBrQE2AgBBwztB1whBAkGEK0HUJkGuASAAQQAQAEEIEB4iAEEANgIEIABBrwE2AgBBwztB3hVBAkGQKUHIJkHHACAAQQAQAEEIEB4iAEEANgIEIABBsAE2AgBBwztB3AlBAkGEK0HUJkGuASAAQQAQAEEIEB4iAEEANgIEIABBsQE2AgBBwztB6QlBBUGQK0GkK0GyASAAQQAQAEEIEB4iAEEANgIEIABBswE2AgBBwztB5w9BAkHwKUH6KEGGASAAQQAQAEEIEB4iAEEANgIEIABBtAE2AgBBwztB0Q9BAkHwKUH6KEGGASAAQQAQAEEIEB4iAEEANgIEIABBtQE2AgBBwztBhhNBAkHwKUH6KEGGASAAQQAQAEEIEB4iAEEANgIEIABBtgE2AgBBwztB+BVBAkHwKUH6KEGGASAAQQAQAEEIEB4iAEEANgIEIABBtwE2AgBBwztByxdBAkHwKUH6KEGGASAAQQAQAEEIEB4iAEEANgIEIABBuAE2AgBBwztBvw9BAkHwKUH6KEGGASAAQQAQAEEIEB4iAEEANgIEIABBuQE2AgBBwztB+QlBAkGsK0HUJkG6ASAAQQAQAEEIEB4iAEEANgIEIABBuwE2AgBBwztBzBVBA0H4KUGEKkGRASAAQQAQAEEIEB4iAEEANgIEIABBvAE2AgBBwztBqBJBA0H4KUGEKkGRASAAQQAQAEEIEB4iAEEANgIEIABBvQE2AgBBwztB5BlBA0H4KUGEKkGRASAAQQAQAEEIEB4iAEEANgIEIABBvgE2AgBBwztBqxVBAkHUKUHUJkH5ACAAQQAQAAtZAQF/IAAgACgCSCIBQQFrIAFyNgJIIAAoAgAiAUEIcQRAIAAgAUEgcjYCAEF/DwsgAEIANwIEIAAgACgCLCIBNgIcIAAgATYCFCAAIAEgACgCMGo2AhBBAAtHAAJAIAFBA00EfyAAIAFBAnRqQQRqBSABQQRrIgEgACgCGCIAKAIEIAAoAgAiAGtBAnVPDQEgACABQQJ0agsoAgAPCxACAAs4AQF/IAFBAEgEQBACAAsgAUEBa0EFdkEBaiIBQQJ0EB4hAiAAIAE2AgggAEEANgIEIAAgAjYCAAvSBQEJfyAAIAEvAQA7AQAgACABKQIENwIEIAAgASkCDDcCDCAAIAEoAhQ2AhQCQAJAIAEoAhgiA0UNAEEYEB4iBUEANgIIIAVCADcCACADKAIEIgEgAygCACICRwRAIAEgAmsiAkEASA0CIAUgAhAeIgE2AgAgBSABIAJqNgIIIAMoAgAiAiADKAIEIgZHBEADQCABIAIoAgA2AgAgAUEEaiEBIAJBBGoiAiAGRw0ACwsgBSABNgIECyAFQgA3AgwgBUEANgIUIAMoAhAiAUUNACAFQQxqIAEQnwEgAygCDCEGIAUgBSgCECIEIAMoAhAiAkEfcWogAkFgcWoiATYCEAJAAkAgBEUEQCABQQFrIQMMAQsgAUEBayIDIARBAWtzQSBJDQELIAUoAgwgA0EFdkEAIAFBIU8bQQJ0akEANgIACyAFKAIMIARBA3ZB/P///wFxaiEBIARBH3EiA0UEQCACQQBMDQEgAkEgbSEDIAJBH2pBP08EQCABIAYgA0ECdBAzGgsgAiADQQV0ayICQQBMDQEgASADQQJ0IgNqIgEgASgCAEF/QSAgAmt2IgFBf3NxIAMgBmooAgAgAXFyNgIADAELIAJBAEwNAEF/IAN0IQhBICADayEEIAJBIE4EQCAIQX9zIQkgASgCACEHA0AgASAHIAlxIAYoAgAiByADdHI2AgAgASABKAIEIAhxIAcgBHZyIgc2AgQgBkEEaiEGIAFBBGohASACQT9LIQogAkEgayECIAoNAAsgAkEATA0BCyABIAEoAgBBfyAEIAQgAiACIARKGyIEa3YgCHFBf3NxIAYoAgBBf0EgIAJrdnEiBiADdHI2AgAgAiAEayICQQBMDQAgASADIARqQQN2Qfz///8BcWoiASABKAIAQX9BICACa3ZBf3NxIAYgBHZyNgIACyAAKAIYIQEgACAFNgIYIAEEQCABEFsLDwsQAgALvQMBB38gAARAIwBBIGsiBiQAIAAoAgAiASgC5AMiAwRAIAMgARBvGiABQQA2AuQDCyABKALsAyICIAEoAugDIgNHBEBBASACIANrQQJ1IgIgAkEBTRshBEEAIQIDQCADIAJBAnRqKAIAQQA2AuQDIAJBAWoiAiAERw0ACwsgASADNgLsAwJAIAMgAUHwA2oiAigCAEYNACAGQQhqQQBBACACEEoiAigCBCABKALsAyABKALoAyIEayIFayIDIAQgBRAzIQUgASgC6AMhBCABIAU2AugDIAIgBDYCBCABKALsAyEFIAEgAigCCDYC7AMgAiAFNgIIIAEoAvADIQcgASACKAIMNgLwAyACIAQ2AgAgAiAHNgIMIAQgBUcEQCACIAUgBCAFa0EDakF8cWo2AggLIARFDQAgBBAnIAEoAugDIQMLIAMEQCABIAM2AuwDIAMQJwsgASgClAEhAyABQQA2ApQBIAMEQCADEFsLIAEQJyAAKAIIIQEgAEEANgIIIAEEQCABIAEoAgAoAgQRAAALIAAoAgQhASAAQQA2AgQgAQRAIAEgASgCACgCBBEAAAsgBkEgaiQAIAAQIwsLtQEBAX8jAEEQayICJAACfyABBEAgASgCACEBQYgEEB4gARBcIAENARogAkH3GTYCACACEHIQJAALQZQ7LQAARQRAQfg6QQM2AgBBiDtCgICAgICAgMA/NwIAQYA7QgA3AgBBlDtBAToAAEH8OkH8Oi0AAEH+AXE6AABB9DpBADYCAEGQO0EANgIAC0GIBBAeQfQ6EFwLIQEgAEIANwIEIAAgATYCACABIAA2AgQgAkEQaiQAIAALGwEBfyAABEAgACgCACIBBEAgARAjCyAAECMLC0kBAn9BBBAeIQFBIBAeIgBBADYCHCAAQoCAgICAgIDAPzcCFCAAQgA3AgwgAEEAOgAIIABBAzYCBCAAQQA2AgAgASAANgIAIAELIAAgAkEFR0EAIAIbRQRAQbgwIAMgBBBJDwsgAyAEEHALIgEBfiABIAKtIAOtQiCGhCAEIAARFQAiBUIgiKckASAFpwuoAQEFfyAAKAJUIgMoAgAhBSADKAIEIgQgACgCFCAAKAIcIgdrIgYgBCAGSRsiBgRAIAUgByAGECsaIAMgAygCACAGaiIFNgIAIAMgAygCBCAGayIENgIECyAEIAIgAiAESxsiBARAIAUgASAEECsaIAMgAygCACAEaiIFNgIAIAMgAygCBCAEazYCBAsgBUEAOgAAIAAgACgCLCIBNgIcIAAgATYCFCACCwQAQgALBABBAAuKBQIGfgJ/IAEgASgCAEEHakF4cSIBQRBqNgIAIAAhCSABKQMAIQMgASkDCCEGIwBBIGsiCCQAAkAgBkL///////////8AgyIEQoCAgICAgMCAPH0gBEKAgICAgIDA/8MAfVQEQCAGQgSGIANCPIiEIQQgA0L//////////w+DIgNCgYCAgICAgIAIWgRAIARCgYCAgICAgIDAAHwhAgwCCyAEQoCAgICAgICAQH0hAiADQoCAgICAgICACFINASACIARCAYN8IQIMAQsgA1AgBEKAgICAgIDA//8AVCAEQoCAgICAgMD//wBRG0UEQCAGQgSGIANCPIiEQv////////8Dg0KAgICAgICA/P8AhCECDAELQoCAgICAgID4/wAhAiAEQv///////7//wwBWDQBCACECIARCMIinIgBBkfcASQ0AIAMhAiAGQv///////z+DQoCAgICAgMAAhCIFIQcCQCAAQYH3AGsiAUHAAHEEQCACIAFBQGqthiEHQgAhAgwBCyABRQ0AIAcgAa0iBIYgAkHAACABa62IhCEHIAIgBIYhAgsgCCACNwMQIAggBzcDGAJAQYH4ACAAayIAQcAAcQRAIAUgAEFAaq2IIQNCACEFDAELIABFDQAgBUHAACAAa62GIAMgAK0iAoiEIQMgBSACiCEFCyAIIAM3AwAgCCAFNwMIIAgpAwhCBIYgCCkDACIDQjyIhCECIAgpAxAgCCkDGIRCAFKtIANC//////////8Pg4QiA0KBgICAgICAgAhaBEAgAkIBfCECDAELIANCgICAgICAgIAIUg0AIAJCAYMgAnwhAgsgCEEgaiQAIAkgAiAGQoCAgICAgICAgH+DhL85AwALmRgDEn8BfAN+IwBBsARrIgwkACAMQQA2AiwCQCABvSIZQgBTBEBBASERQZkJIRMgAZoiAb0hGQwBCyAEQYAQcQRAQQEhEUGcCSETDAELQZ8JQZoJIARBAXEiERshEyARRSEVCwJAIBlCgICAgICAgPj/AINCgICAgICAgPj/AFEEQCAAQSAgAiARQQNqIgMgBEH//3txECkgACATIBEQJiAAQe0VQdweIAVBIHEiBRtB4RpB4B4gBRsgASABYhtBAxAmIABBICACIAMgBEGAwABzECkgAyACIAIgA0gbIQoMAQsgDEEQaiESAkACfwJAIAEgDEEsahCMASIBIAGgIgFEAAAAAAAAAABiBEAgDCAMKAIsIgZBAWs2AiwgBUEgciIOQeEARw0BDAMLIAVBIHIiDkHhAEYNAiAMKAIsIQlBBiADIANBAEgbDAELIAwgBkEdayIJNgIsIAFEAAAAAAAAsEGiIQFBBiADIANBAEgbCyELIAxBMGpBoAJBACAJQQBOG2oiDSEHA0AgBwJ/IAFEAAAAAAAA8EFjIAFEAAAAAAAAAABmcQRAIAGrDAELQQALIgM2AgAgB0EEaiEHIAEgA7ihRAAAAABlzc1BoiIBRAAAAAAAAAAAYg0ACwJAIAlBAEwEQCAJIQMgByEGIA0hCAwBCyANIQggCSEDA0BBHSADIANBHU4bIQMCQCAHQQRrIgYgCEkNACADrSEaQgAhGQNAIAYgGUL/////D4MgBjUCACAahnwiG0KAlOvcA4AiGUKA7JSjDH4gG3w+AgAgBkEEayIGIAhPDQALIBmnIgZFDQAgCEEEayIIIAY2AgALA0AgCCAHIgZJBEAgBkEEayIHKAIARQ0BCwsgDCAMKAIsIANrIgM2AiwgBiEHIANBAEoNAAsLIANBAEgEQCALQRlqQQluQQFqIQ8gDkHmAEYhEANAQQlBACADayIDIANBCU4bIQoCQCAGIAhNBEAgCCgCACEHDAELQYCU69wDIAp2IRRBfyAKdEF/cyEWQQAhAyAIIQcDQCAHIAMgBygCACIXIAp2ajYCACAWIBdxIBRsIQMgB0EEaiIHIAZJDQALIAgoAgAhByADRQ0AIAYgAzYCACAGQQRqIQYLIAwgDCgCLCAKaiIDNgIsIA0gCCAHRUECdGoiCCAQGyIHIA9BAnRqIAYgBiAHa0ECdSAPShshBiADQQBIDQALC0EAIQMCQCAGIAhNDQAgDSAIa0ECdUEJbCEDQQohByAIKAIAIgpBCkkNAANAIANBAWohAyAKIAdBCmwiB08NAAsLIAsgA0EAIA5B5gBHG2sgDkHnAEYgC0EAR3FrIgcgBiANa0ECdUEJbEEJa0gEQEEEQaQCIAlBAEgbIAxqIAdBgMgAaiIKQQltIg9BAnRqQdAfayEJQQohByAPQXdsIApqIgpBB0wEQANAIAdBCmwhByAKQQFqIgpBCEcNAAsLAkAgCSgCACIQIBAgB24iDyAHbCIKRiAJQQRqIhQgBkZxDQAgECAKayEQAkAgD0EBcUUEQEQAAAAAAABAQyEBIAdBgJTr3ANHIAggCU9yDQEgCUEEay0AAEEBcUUNAQtEAQAAAAAAQEMhAQtEAAAAAAAA4D9EAAAAAAAA8D9EAAAAAAAA+D8gBiAURhtEAAAAAAAA+D8gECAHQQF2IhRGGyAQIBRJGyEYAkAgFQ0AIBMtAABBLUcNACAYmiEYIAGaIQELIAkgCjYCACABIBigIAFhDQAgCSAHIApqIgM2AgAgA0GAlOvcA08EQANAIAlBADYCACAIIAlBBGsiCUsEQCAIQQRrIghBADYCAAsgCSAJKAIAQQFqIgM2AgAgA0H/k+vcA0sNAAsLIA0gCGtBAnVBCWwhA0EKIQcgCCgCACIKQQpJDQADQCADQQFqIQMgCiAHQQpsIgdPDQALCyAJQQRqIgcgBiAGIAdLGyEGCwNAIAYiByAITSIKRQRAIAdBBGsiBigCAEUNAQsLAkAgDkHnAEcEQCAEQQhxIQkMAQsgA0F/c0F/IAtBASALGyIGIANKIANBe0pxIgkbIAZqIQtBf0F+IAkbIAVqIQUgBEEIcSIJDQBBdyEGAkAgCg0AIAdBBGsoAgAiDkUNAEEKIQpBACEGIA5BCnANAANAIAYiCUEBaiEGIA4gCkEKbCIKcEUNAAsgCUF/cyEGCyAHIA1rQQJ1QQlsIQogBUFfcUHGAEYEQEEAIQkgCyAGIApqQQlrIgZBACAGQQBKGyIGIAYgC0obIQsMAQtBACEJIAsgAyAKaiAGakEJayIGQQAgBkEAShsiBiAGIAtKGyELC0F/IQogC0H9////B0H+////ByAJIAtyIhAbSg0BIAsgEEEAR2pBAWohDgJAIAVBX3EiFUHGAEYEQCADIA5B/////wdzSg0DIANBACADQQBKGyEGDAELIBIgAyADQR91IgZzIAZrrSASEEciBmtBAUwEQANAIAZBAWsiBkEwOgAAIBIgBmtBAkgNAAsLIAZBAmsiDyAFOgAAIAZBAWtBLUErIANBAEgbOgAAIBIgD2siBiAOQf////8Hc0oNAgsgBiAOaiIDIBFB/////wdzSg0BIABBICACIAMgEWoiBSAEECkgACATIBEQJiAAQTAgAiAFIARBgIAEcxApAkACQAJAIBVBxgBGBEAgDEEQaiIGQQhyIQMgBkEJciEJIA0gCCAIIA1LGyIKIQgDQCAINQIAIAkQRyEGAkAgCCAKRwRAIAYgDEEQak0NAQNAIAZBAWsiBkEwOgAAIAYgDEEQaksNAAsMAQsgBiAJRw0AIAxBMDoAGCADIQYLIAAgBiAJIAZrECYgCEEEaiIIIA1NDQALIBAEQCAAQYwlQQEQJgsgC0EATCAHIAhNcg0BA0AgCDUCACAJEEciBiAMQRBqSwRAA0AgBkEBayIGQTA6AAAgBiAMQRBqSw0ACwsgACAGQQkgCyALQQlOGxAmIAtBCWshBiAIQQRqIgggB08NAyALQQlKIQMgBiELIAMNAAsMAgsCQCALQQBIDQAgByAIQQRqIAcgCEsbIQogDEEQaiIGQQhyIQMgBkEJciENIAghBwNAIA0gBzUCACANEEciBkYEQCAMQTA6ABggAyEGCwJAIAcgCEcEQCAGIAxBEGpNDQEDQCAGQQFrIgZBMDoAACAGIAxBEGpLDQALDAELIAAgBkEBECYgBkEBaiEGIAkgC3JFDQAgAEGMJUEBECYLIAAgBiALIA0gBmsiBiAGIAtKGxAmIAsgBmshCyAHQQRqIgcgCk8NASALQQBODQALCyAAQTAgC0ESakESQQAQKSAAIA8gEiAPaxAmDAILIAshBgsgAEEwIAZBCWpBCUEAECkLIABBICACIAUgBEGAwABzECkgBSACIAIgBUgbIQoMAQsgEyAFQRp0QR91QQlxaiELAkAgA0ELSw0AQQwgA2shBkQAAAAAAAAwQCEYA0AgGEQAAAAAAAAwQKIhGCAGQQFrIgYNAAsgCy0AAEEtRgRAIBggAZogGKGgmiEBDAELIAEgGKAgGKEhAQsgEUECciEJIAVBIHEhCCASIAwoAiwiByAHQR91IgZzIAZrrSASEEciBkYEQCAMQTA6AA8gDEEPaiEGCyAGQQJrIg0gBUEPajoAACAGQQFrQS1BKyAHQQBIGzoAACAEQQhxIQYgDEEQaiEHA0AgByIFAn8gAZlEAAAAAAAA4EFjBEAgAaoMAQtBgICAgHgLIgdBkC9qLQAAIAhyOgAAIAYgA0EASnJFIAEgB7ehRAAAAAAAADBAoiIBRAAAAAAAAAAAYXEgBUEBaiIHIAxBEGprQQFHckUEQCAFQS46AAEgBUECaiEHCyABRAAAAAAAAAAAYg0AC0F/IQpB/f///wcgCSASIA1rIgVqIgZrIANIDQAgAEEgIAIgBgJ/AkAgA0UNACAHIAxBEGprIghBAmsgA04NACADQQJqDAELIAcgDEEQamsiCAsiB2oiAyAEECkgACALIAkQJiAAQTAgAiADIARBgIAEcxApIAAgDEEQaiAIECYgAEEwIAcgCGtBAEEAECkgACANIAUQJiAAQSAgAiADIARBgMAAcxApIAMgAiACIANIGyEKCyAMQbAEaiQAIAoLRgEBfyAAKAI8IQMjAEEQayIAJAAgAyABpyABQiCIpyACQf8BcSAAQQhqEBQQjQEhAiAAKQMIIQEgAEEQaiQAQn8gASACGwu+AgEHfyMAQSBrIgMkACADIAAoAhwiBDYCECAAKAIUIQUgAyACNgIcIAMgATYCGCADIAUgBGsiATYCFCABIAJqIQVBAiEGIANBEGohAQJ/A0ACQAJAAkAgACgCPCABIAYgA0EMahAYEI0BRQRAIAUgAygCDCIHRg0BIAdBAE4NAgwDCyAFQX9HDQILIAAgACgCLCIBNgIcIAAgATYCFCAAIAEgACgCMGo2AhAgAgwDCyABIAcgASgCBCIISyIJQQN0aiIEIAcgCEEAIAkbayIIIAQoAgBqNgIAIAFBDEEEIAkbaiIBIAEoAgAgCGs2AgAgBSAHayEFIAYgCWshBiAEIQEMAQsLIABBADYCHCAAQgA3AxAgACAAKAIAQSByNgIAQQAgBkECRg0AGiACIAEoAgRrCyEEIANBIGokACAECwkAIAAoAjwQGQsjAQF/Qcg7KAIAIgAEQANAIAAoAgARCQAgACgCBCIADQALCwu/AgEFfyMAQeAAayICJAAgAiAANgIAIwBBEGsiAyQAIAMgAjYCDCMAQZABayIAJAAgAEGgL0GQARArIgAgAkEQaiIFIgE2AiwgACABNgIUIABB/////wdBfiABayIEIARB/////wdPGyIENgIwIAAgASAEaiIBNgIcIAAgATYCECAAQbsTIAJBAEEAEIsBGiAEBEAgACgCFCIBIAEgACgCEEZrQQA6AAALIABBkAFqJAAgA0EQaiQAAkAgBSIAQQNxBEADQCAALQAARQ0CIABBAWoiAEEDcQ0ACwsDQCAAIgFBBGohACABKAIAIgNBf3MgA0GBgoQIa3FBgIGChHhxRQ0ACwNAIAEiAEEBaiEBIAAtAAANAAsLIAAgBWtBAWoiABBhIgEEfyABIAUgABArBUEACyEAIAJB4ABqJAAgAAvFAQICfwF8IwBBMGsiBiQAIAEoAgghBwJAQbQ7LQAAQQFxBEBBsDsoAgAhAQwBC0EFQZAnEAwhAUG0O0EBOgAAQbA7IAE2AgALIAYgBTYCKCAGIAQ4AiAgBiADNgIYIAYgAjgCEAJ/IAEgB0GXGyAGQQxqIAZBEGoQEiIIRAAAAAAAAPBBYyAIRAAAAAAAAAAAZnEEQCAIqwwBC0EACyEBIAYoAgwhAyAAIAEpAwA3AwAgACABKQMINwMIIAMQESAGQTBqJAALCQAgABCQARAjCwwAIAAoAghB6BwQZgsJACAAEJIBECMLVQECfyMAQTBrIgIkACABIAAoAgQiA0EBdWohASAAKAIAIQAgAiABIANBAXEEfyABKAIAIABqKAIABSAACxEBAEEwEB4gAkEwECshACACQTBqJAAgAAs7AQF/IAEgACgCBCIFQQF1aiEBIAAoAgAhACABIAIgAyAEIAVBAXEEfyABKAIAIABqKAIABSAACxEdAAs3AQF/IAEgACgCBCIDQQF1aiEBIAAoAgAhACABIAIgA0EBcQR/IAEoAgAgAGooAgAFIAALERIACzcBAX8gASAAKAIEIgNBAXVqIQEgACgCACEAIAEgAiADQQFxBH8gASgCACAAaigCAAUgAAsRDAALNQEBfyABIAAoAgQiAkEBdWohASAAKAIAIQAgASACQQFxBH8gASgCACAAaigCAAUgAAsRCwALYQECfyMAQRBrIgIkACABIAAoAgQiA0EBdWohASAAKAIAIQAgAiABIANBAXEEfyABKAIAIABqKAIABSAACxEBAEEQEB4iACACKQMINwMIIAAgAikDADcDACACQRBqJAAgAAtjAQJ/IwBBEGsiAyQAIAEgACgCBCIEQQF1aiEBIAAoAgAhACADIAEgAiAEQQFxBH8gASgCACAAaigCAAUgAAsRAwBBEBAeIgAgAykDCDcDCCAAIAMpAwA3AwAgA0EQaiQAIAALNwEBfyABIAAoAgQiA0EBdWohASAAKAIAIQAgASACIANBAXEEfyABKAIAIABqKAIABSAACxEEAAs5AQF/IAEgACgCBCIEQQF1aiEBIAAoAgAhACABIAIgAyAEQQFxBH8gASgCACAAaigCAAUgAAsRCAALCQAgASAAEQIACwUAQcM7Cw8AIAEgACgCAGogAjYCAAsNACABIAAoAgBqKAIACxgBAX9BEBAeIgBCADcDCCAAQQA2AgAgAAsYAQF/QRAQHiIAQgA3AwAgAEIANwMIIAALDABBMBAeQQBBMBAqCzcBAX8gASAAKAIEIgNBAXVqIQEgACgCACEAIAEgAiADQQFxBH8gASgCACAAaigCAAUgAAsRHgALBQBBvjsLIQAgACABKAIAIAEgASwAC0EASBtBuzsgAigCABAQNgIACyoBAX9BDBAeIgFBADoABCABIAAoAgA2AgggAEEANgIAIAFB2Cc2AgAgAQsFAEG7OwsFAEG4OwshACAAIAEoAgAgASABLAALQQBIG0GkOyACKAIAEBA2AgAL2AEBBH8jAEEgayIDJAAgASgCACIEQfD///8HSQRAAkACQCAEQQtPBEAgBEEPckEBaiIFEB4hBiADIAVBgICAgHhyNgIQIAMgBjYCCCADIAQ2AgwgBCAGaiEFDAELIAMgBDoAEyADQQhqIgYgBGohBSAERQ0BCyAGIAFBBGogBBArGgsgBUEAOgAAIAMgAjYCACADQRhqIANBCGogAyAAEQMAIAMoAhgQHSADKAIYIgAQBiADKAIAEAYgAywAE0EASARAIAMoAggQIwsgA0EgaiQAIAAPCxACAAsqAQF/QQwQHiIBQQA6AAQgASAAKAIANgIIIABBADYCACABQeAmNgIAIAELBQBBpDsLaQECfyMAQRBrIgYkACABIAAoAgQiB0EBdWohASAAKAIAIQAgBiABIAIgAyAEIAUgB0EBcQR/IAEoAgAgAGooAgAFIAALERAAQRAQHiIAIAYpAwg3AwggACAGKQMANwMAIAZBEGokACAACwUAQaA7Cx0AIAAoAgAiACAALQAAQfcBcUEIQQAgARtyOgAAC6oBAgJ/AX0jAEEQayICJAAgACgCACEAIAFB/wFxIgNBBkkEQAJ/AkACQAJAIANBBGsOAgABAgsgAEHUA2ogAC0AiANBA3FBAkYNAhogAEHMA2oMAgsgAEHMA2ogAC0AiANBA3FBAkYNARogAEHUA2oMAQsgACABQf8BcUECdGpBzANqCyoCACEEIAJBEGokACAEuw8LIAJB7hA2AgAgAEEFQdglIAIQLBAkAAuqAQICfwF9IwBBEGsiAiQAIAAoAgAhACABQf8BcSIDQQZJBEACfwJAAkACQCADQQRrDgIAAQILIABBxANqIAAtAIgDQQNxQQJGDQIaIABBvANqDAILIABBvANqIAAtAIgDQQNxQQJGDQEaIABBxANqDAELIAAgAUH/AXFBAnRqQbwDagsqAgAhBCACQRBqJAAgBLsPCyACQe4QNgIAIABBBUHYJSACECwQJAALqgECAn8BfSMAQRBrIgIkACAAKAIAIQAgAUH/AXEiA0EGSQRAAn8CQAJAAkAgA0EEaw4CAAECCyAAQbQDaiAALQCIA0EDcUECRg0CGiAAQawDagwCCyAAQawDaiAALQCIA0EDcUECRg0BGiAAQbQDagwBCyAAIAFB/wFxQQJ0akGsA2oLKgIAIQQgAkEQaiQAIAS7DwsgAkHuEDYCACAAQQVB2CUgAhAsECQAC08AIAAgASgCACIBKgKcA7s5AwAgACABKgKkA7s5AwggACABKgKgA7s5AxAgACABKgKoA7s5AxggACABKgKMA7s5AyAgACABKgKQA7s5AygLDAAgACgCACoCkAO7CwwAIAAoAgAqAowDuwsMACAAKAIAKgKoA7sLDAAgACgCACoCoAO7CwwAIAAoAgAqAqQDuwsMACAAKAIAKgKcA7sL6AMCBH0FfyMAQUBqIgokACAAKAIAIQAgCkEIakEAQTgQKhpB8DpB8DooAgBBAWo2AgAgABB4IAAtABRBA3EiCCADQQEgA0H/AXEbIAgbIQkgAEEUaiEIIAG2IQQgACoC+AMhBQJ9AkACQAJAIAAtAPwDQQFrDgIBAAILIAUgBJRDCtcjPJQhBQsgBUMAAAAAYEUNACAAIAlB/wFxQQAgBCAEEDEgCEECQQEgBBAiIAhBAkEBIAQQIZKSDAELIAggCUH/AXFBACAEIAQQLSIFIAVbBEBBAiELIAggCUH/AXFBACAEIAQQLQwBCyAEIARcIQsgBAshByACtiEFIAAqAoAEIQYgACAHAn0CQAJAAkAgAC0AhARBAWsOAgEAAgsgBiAFlEMK1yM8lCEGCyAGQwAAAABgRQ0AIAAgCUH/AXFBASAFIAQQMSAIQQBBASAEECIgCEEAQQEgBBAhkpIMAQsgCCAJQf8BcSIJQQEgBSAEEC0iBiAGWwRAQQIhDCAIIAlBASAFIAQQLQwBCyAFIAVcIQwgBQsgA0H/AXEgCyAMIAQgBUEBQQAgCkEIakEAQfA6KAIAED0EQCAAIAAtAIgDQQNxIAQgBRB2IABEAAAAAAAAAABEAAAAAAAAAAAQcwsgCkFAayQACw0AIAAoAgAtAABBAXELFQAgACgCACIAIAAtAABB/gFxOgAACxAAIAAoAgAtAABBBHFBAnYLegECfyMAQRBrIgEkACAAKAIAIgAoAggEQANAIAAtAAAiAkEEcUUEQCAAIAJBBHI6AAAgACgCECICBEAgACACEQAACyAAQYCAgP4HNgKcASAAKALkAyIADQELCyABQRBqJAAPCyABQYAINgIAIABBBUHYJSABECwQJAALLgEBfyAAKAIIIQEgAEEANgIIIAEEQCABIAEoAgAoAgQRAAALIAAoAgBBADYCEAsXACAAKAIEKAIIIgAgACgCACgCCBEAAAsuAQF/IAAoAgghAiAAIAE2AgggAgRAIAIgAigCACgCBBEAAAsgACgCAEEFNgIQCz4BAX8gACgCBCEBIABBADYCBCABBEAgASABKAIAKAIEEQAACyAAKAIAIgBBADYCCCAAIAAtAABB7wFxOgAAC0kBAX8jAEEQayIGJAAgBiABKAIEKAIEIgEgAiADIAQgBSABKAIAKAIIERAAIAAgBisDALY4AgAgACAGKwMItjgCBCAGQRBqJAALcwECfyMAQRBrIgIkACAAKAIEIQMgACABNgIEIAMEQCADIAMoAgAoAgQRAAALIAAoAgAiACgC6AMgACgC7ANHBEAgAkH5IzYCACAAQQVB2CUgAhAsECQACyAAQQQ2AgggACAALQAAQRByOgAAIAJBEGokAAs8AQF/AkAgACgCACIAKALsAyAAKALoAyIAa0ECdSABTQ0AIAAgAUECdGooAgAiAEUNACAAKAIEIQILIAILGQAgACgCACgC5AMiAEUEQEEADwsgACgCBAsXACAAKAIAIgAoAuwDIAAoAugDa0ECdQuOAwEDfyMAQdACayICJAACQCAAKAIAIgAoAuwDIAAoAugDRg0AIAEoAgAiAygC5AMhASAAIAMQb0UNACAAIAFGBEAgAkEIakEAQcQCECoaIAJBADoAGCACQgA3AxAgAkGAgID+BzYCDCACQRxqQQBBxAEQKhogAkHgAWohBCACQSBqIQEDQCABQoCAgPyLgIDAv383AhAgAUKBgICAEDcCCCABQoCAgPyLgIDAv383AgAgAUEYaiIBIARHDQALIAJCgICA/IuAgMC/fzcD8AEgAkKBgICAEDcD6AEgAkKAgID8i4CAwL9/NwPgASACQoCAgP6HgIDg/wA3AoQCIAJCgICA/oeAgOD/ADcC/AEgAiACLQD4AUH4AXE6APgBIAJBjAJqQQBBwAAQKhogA0GYAWogAkEIakHEAhArGiADQQA2AuQDCwNAIAAtAAAiAUEEcQ0BIAAgAUEEcjoAACAAKAIQIgEEQCAAIAERAAALIABBgICA/gc2ApwBIAAoAuQDIgANAAsLIAJB0AJqJAAL4AcBCH8jAEHQAGsiByQAIAAoAgAhAAJAAkAgASgCACIIKALkA0UEQCAAKAIIDQEgCC0AF0EQdEGAgDBxQYCAIEYEQCAAIAAoAuADQQFqNgLgAwsgACgC6AMiASACQQJ0aiEGAkAgACgC7AMiBCAAQfADaiIDKAIAIgVJBEAgBCAGRgRAIAYgCDYCACAAIAZBBGo2AuwDDAILIAQgBCICQQRrIgFLBEADQCACIAEoAgA2AgAgAkEEaiECIAFBBGoiASAESQ0ACwsgACACNgLsAyAGQQRqIgEgBEcEQCAEIAQgAWsiAUF8cWsgBiABEDMaCyAGIAg2AgAMAQsgBCABa0ECdUEBaiIEQYCAgIAETw0DAkAgB0EgakH/////AyAFIAFrIgFBAXUiBSAEIAQgBUkbIAFB/P///wdPGyACIAMQSiIDKAIIIgIgAygCDEcNACADKAIEIgEgAygCACIESwRAIAMgASABIARrQQJ1QQFqQX5tQQJ0IgRqIAEgAiABayIBEDMgAWoiAjYCCCADIAMoAgQgBGo2AgQMAQsgB0E4akEBIAIgBGtBAXUgAiAERhsiASABQQJ2IAMoAhAQSiIFKAIIIQQCfyADKAIIIgIgAygCBCIBRgRAIAQhAiABDAELIAQgAiABa2ohAgNAIAQgASgCADYCACABQQRqIQEgBEEEaiIEIAJHDQALIAMoAgghASADKAIECyEEIAMoAgAhCSADIAUoAgA2AgAgBSAJNgIAIAMgBSgCBDYCBCAFIAQ2AgQgAyACNgIIIAUgATYCCCADKAIMIQogAyAFKAIMNgIMIAUgCjYCDCABIARHBEAgBSABIAQgAWtBA2pBfHFqNgIICyAJRQ0AIAkQIyADKAIIIQILIAIgCDYCACADIAMoAghBBGo2AgggAyADKAIEIAYgACgC6AMiAWsiAmsgASACEDM2AgQgAygCCCAGIAAoAuwDIAZrIgQQMyEGIAAoAugDIQEgACADKAIENgLoAyADIAE2AgQgACgC7AMhAiAAIAQgBmo2AuwDIAMgAjYCCCAAKALwAyEEIAAgAygCDDYC8AMgAyABNgIAIAMgBDYCDCABIAJHBEAgAyACIAEgAmtBA2pBfHFqNgIICyABRQ0AIAEQIwsgCCAANgLkAwNAIAAtAAAiAUEEcUUEQCAAIAFBBHI6AAAgACgCECIBBEAgACABEQAACyAAQYCAgP4HNgKcASAAKALkAyIADQELCyAHQdAAaiQADwsgB0HEIzYCECAAQQVB2CUgB0EQahAsECQACyAHQckkNgIAIABBBUHYJSAHECwQJAALEAIACxAAIAAoAgAtAABBAnFBAXYLWQIBfwF9IwBBEGsiAiQAIAJBCGogACgCACIAQfwAaiAAIAFB/wFxQQF0ai8BaBAfQwAAwH8hAwJAAkAgAi0ADA4EAQAAAQALIAIqAgghAwsgAkEQaiQAIAMLTgEBfyMAQRBrIgMkACADQQhqIAEoAgAiAUH8AGogASACQf8BcUEBdGovAUQQHyADLQAMIQEgACADKgIIuzkDCCAAIAE2AgAgA0EQaiQAC14CAX8BfCMAQRBrIgIkACACQQhqIAAoAgAiAEH8AGogACABQf8BcUEBdGovAVYQH0QAAAAAAAD4fyEDAkACQCACLQAMDgQBAAABAAsgAioCCLshAwsgAkEQaiQAIAMLJAEBfUMAAMB/IAAoAgAiAEH8AGogAC8BehAgIgEgASABXBu7C0QBAX8jAEEQayICJAAgAkEIaiABKAIAIgFB/ABqIAEvAXgQHyACLQAMIQEgACACKgIIuzkDCCAAIAE2AgAgAkEQaiQAC0QBAX8jAEEQayICJAAgAkEIaiABKAIAIgFB/ABqIAEvAXYQHyACLQAMIQEgACACKgIIuzkDCCAAIAE2AgAgAkEQaiQAC0QBAX8jAEEQayICJAAgAkEIaiABKAIAIgFB/ABqIAEvAXQQHyACLQAMIQEgACACKgIIuzkDCCAAIAE2AgAgAkEQaiQAC0QBAX8jAEEQayICJAAgAkEIaiABKAIAIgFB/ABqIAEvAXIQHyACLQAMIQEgACACKgIIuzkDCCAAIAE2AgAgAkEQaiQAC0QBAX8jAEEQayICJAAgAkEIaiABKAIAIgFB/ABqIAEvAXAQHyACLQAMIQEgACACKgIIuzkDCCAAIAE2AgAgAkEQaiQAC0QBAX8jAEEQayICJAAgAkEIaiABKAIAIgFB/ABqIAEvAW4QHyACLQAMIQEgACACKgIIuzkDCCAAIAE2AgAgAkEQaiQAC0gCAX8BfQJ9IAAoAgAiAEH8AGoiASAALwEcECAiAiACXARAQwAAgD9DAAAAACAAKAL0Ay0ACEEBcRsMAQsgASAALwEcECALuws2AgF/AX0gACgCACIAQfwAaiIBIAAvARoQICICIAJcBEBEAAAAAAAAAAAPCyABIAAvARoQILsLRAEBfyMAQRBrIgIkACACQQhqIAEoAgAiAUH8AGogAS8BHhAfIAItAAwhASAAIAIqAgi7OQMIIAAgATYCACACQRBqJAALEAAgACgCAC0AF0ECdkEDcQsNACAAKAIALQAXQQNxC04BAX8jAEEQayIDJAAgA0EIaiABKAIAIgFB/ABqIAEgAkH/AXFBAXRqLwEgEB8gAy0ADCEBIAAgAyoCCLs5AwggACABNgIAIANBEGokAAsQACAAKAIALQAUQQR2QQdxCw0AIAAoAgAvABVBDnYLDQAgACgCAC0AFEEDcQsQACAAKAIALQAUQQJ2QQNxCw0AIAAoAgAvABZBD3ELEAAgACgCAC8AFUEEdkEPcQsNACAAKAIALwAVQQ9xC04BAX8jAEEQayIDJAAgA0EIaiABKAIAIgFB/ABqIAEgAkH/AXFBAXRqLwEyEB8gAy0ADCEBIAAgAyoCCLs5AwggACABNgIAIANBEGokAAsQACAAKAIALwAVQQx2QQNxCxAAIAAoAgAtABdBBHZBAXELgQECA38BfSMAQRBrIgMkACAAKAIAIQQCfSACtiIGIAZcBEBBACEAQwAAwH8MAQtBAEECIAZDAACAf1sgBkMAAID/W3IiBRshAEMAAMB/IAYgBRsLIQYgAyAAOgAMIAMgBjgCCCADIAMpAwg3AwAgBCABQf8BcSADEIgBIANBEGokAAt5AgF9An8jAEEQayIEJAAgACgCACEFIAQCfyACtiIDIANcBEBDAADAfyEDQQAMAQtDAADAfyADIANDAACAf1sgA0MAAID/W3IiABshAyAARQs6AAwgBCADOAIIIAQgBCkDCDcDACAFIAFB/wFxIAQQiAEgBEEQaiQAC3EBAX8CQCAAKAIAIgAtAAAiAkECcUEBdiABRg0AIAAgAkH9AXFBAkEAIAEbcjoAAANAIAAtAAAiAUEEcQ0BIAAgAUEEcjoAACAAKAIQIgEEQCAAIAERAAALIABBgICA/gc2ApwBIAAoAuQDIgANAAsLC4EBAgN/AX0jAEEQayIDJAAgACgCACEEAn0gArYiBiAGXARAQQAhAEMAAMB/DAELQQBBAiAGQwAAgH9bIAZDAACA/1tyIgUbIQBDAADAfyAGIAUbCyEGIAMgADoADCADIAY4AgggAyADKQMINwMAIAQgAUH/AXEgAxCOASADQRBqJAALeQIBfQJ/IwBBEGsiBCQAIAAoAgAhBSAEAn8gArYiAyADXARAQwAAwH8hA0EADAELQwAAwH8gAyADQwAAgH9bIANDAACA/1tyIgAbIQMgAEULOgAMIAQgAzgCCCAEIAQpAwg3AwAgBSABQf8BcSAEEI4BIARBEGokAAv5AQICfQR/IwBBEGsiBSQAIAAoAgAhAAJ/IAK2IgMgA1wEQEMAAMB/IQNBAAwBC0MAAMB/IAMgA0MAAIB/WyADQwAAgP9bciIGGyEDIAZFCyEGQQEhByAFQQhqIABB/ABqIgggACABQf8BcUEBdGpB1gBqIgEvAQAQHwJAAkAgAyAFKgIIIgRcBH8gBCAEWw0BIAMgA1wFIAcLRQ0AIAUtAAwgBkYNAQsgCCABIAMgBhA5A0AgAC0AACIBQQRxDQEgACABQQRyOgAAIAAoAhAiAQRAIAAgAREAAAsgAEGAgID+BzYCnAEgACgC5AMiAA0ACwsgBUEQaiQAC7UBAgN/An0CQCAAKAIAIgBB/ABqIgMgAEH6AGoiAi8BABAgIgYgAbYiBVsNACAFIAVbIgRFIAYgBlxxDQACQCAEIAVDAAAAAFsgBYtDAACAf1tyRXFFBEAgAiACLwEAQfj/A3E7AQAMAQsgAyACIAVBAxBMCwNAIAAtAAAiAkEEcQ0BIAAgAkEEcjoAACAAKAIQIgIEQCAAIAIRAAALIABBgICA/gc2ApwBIAAoAuQDIgANAAsLC3wCA38BfSMAQRBrIgIkACAAKAIAIQMCfSABtiIFIAVcBEBBACEAQwAAwH8MAQtBAEECIAVDAACAf1sgBUMAAID/W3IiBBshAEMAAMB/IAUgBBsLIQUgAiAAOgAMIAIgBTgCCCACIAIpAwg3AwAgA0EBIAIQVSACQRBqJAALdAIBfQJ/IwBBEGsiAyQAIAAoAgAhBCADAn8gAbYiAiACXARAQwAAwH8hAkEADAELQwAAwH8gAiACQwAAgH9bIAJDAACA/1tyIgAbIQIgAEULOgAMIAMgAjgCCCADIAMpAwg3AwAgBEEBIAMQVSADQRBqJAALfAIDfwF9IwBBEGsiAiQAIAAoAgAhAwJ9IAG2IgUgBVwEQEEAIQBDAADAfwwBC0EAQQIgBUMAAIB/WyAFQwAAgP9bciIEGyEAQwAAwH8gBSAEGwshBSACIAA6AAwgAiAFOAIIIAIgAikDCDcDACADQQAgAhBVIAJBEGokAAt0AgF9An8jAEEQayIDJAAgACgCACEEIAMCfyABtiICIAJcBEBDAADAfyECQQAMAQtDAADAfyACIAJDAACAf1sgAkMAAID/W3IiABshAiAARQs6AAwgAyACOAIIIAMgAykDCDcDACAEQQAgAxBVIANBEGokAAt8AgN/AX0jAEEQayICJAAgACgCACEDAn0gAbYiBSAFXARAQQAhAEMAAMB/DAELQQBBAiAFQwAAgH9bIAVDAACA/1tyIgQbIQBDAADAfyAFIAQbCyEFIAIgADoADCACIAU4AgggAiACKQMINwMAIANBASACEFYgAkEQaiQAC3QCAX0CfyMAQRBrIgMkACAAKAIAIQQgAwJ/IAG2IgIgAlwEQEMAAMB/IQJBAAwBC0MAAMB/IAIgAkMAAIB/WyACQwAAgP9bciIAGyECIABFCzoADCADIAI4AgggAyADKQMINwMAIARBASADEFYgA0EQaiQAC3wCA38BfSMAQRBrIgIkACAAKAIAIQMCfSABtiIFIAVcBEBBACEAQwAAwH8MAQtBAEECIAVDAACAf1sgBUMAAID/W3IiBBshAEMAAMB/IAUgBBsLIQUgAiAAOgAMIAIgBTgCCCACIAIpAwg3AwAgA0EAIAIQViACQRBqJAALdAIBfQJ/IwBBEGsiAyQAIAAoAgAhBCADAn8gAbYiAiACXARAQwAAwH8hAkEADAELQwAAwH8gAiACQwAAgH9bIAJDAACA/1tyIgAbIQIgAEULOgAMIAMgAjgCCCADIAMpAwg3AwAgBEEAIAMQViADQRBqJAALPwEBfyMAQRBrIgEkACAAKAIAIQAgAUEDOgAMIAFBgICA/gc2AgggASABKQMINwMAIABBASABEEYgAUEQaiQAC3wCA38BfSMAQRBrIgIkACAAKAIAIQMCfSABtiIFIAVcBEBBACEAQwAAwH8MAQtBAEECIAVDAACAf1sgBUMAAID/W3IiBBshAEMAAMB/IAUgBBsLIQUgAiAAOgAMIAIgBTgCCCACIAIpAwg3AwAgA0EBIAIQRiACQRBqJAALdAIBfQJ/IwBBEGsiAyQAIAAoAgAhBCADAn8gAbYiAiACXARAQwAAwH8hAkEADAELQwAAwH8gAiACQwAAgH9bIAJDAACA/1tyIgAbIQIgAEULOgAMIAMgAjgCCCADIAMpAwg3AwAgBEEBIAMQRiADQRBqJAALPwEBfyMAQRBrIgEkACAAKAIAIQAgAUEDOgAMIAFBgICA/gc2AgggASABKQMINwMAIABBACABEEYgAUEQaiQAC3wCA38BfSMAQRBrIgIkACAAKAIAIQMCfSABtiIFIAVcBEBBACEAQwAAwH8MAQtBAEECIAVDAACAf1sgBUMAAID/W3IiBBshAEMAAMB/IAUgBBsLIQUgAiAAOgAMIAIgBTgCCCACIAIpAwg3AwAgA0EAIAIQRiACQRBqJAALdAIBfQJ/IwBBEGsiAyQAIAAoAgAhBCADAn8gAbYiAiACXARAQwAAwH8hAkEADAELQwAAwH8gAiACQwAAgH9bIAJDAACA/1tyIgAbIQIgAEULOgAMIAMgAjgCCCADIAMpAwg3AwAgBEEAIAMQRiADQRBqJAALoAECA38CfQJAIAAoAgAiAEH8AGoiAyAAQRxqIgIvAQAQICIGIAG2IgVbDQAgBSAFWyIERSAGIAZccQ0AAkAgBEUEQCACIAIvAQBB+P8DcTsBAAwBCyADIAIgBUEDEEwLA0AgAC0AACICQQRxDQEgACACQQRyOgAAIAAoAhAiAgRAIAAgAhEAAAsgAEGAgID+BzYCnAEgACgC5AMiAA0ACwsLoAECA38CfQJAIAAoAgAiAEH8AGoiAyAAQRpqIgIvAQAQICIGIAG2IgVbDQAgBSAFWyIERSAGIAZccQ0AAkAgBEUEQCACIAIvAQBB+P8DcTsBAAwBCyADIAIgBUEDEEwLA0AgAC0AACICQQRxDQEgACACQQRyOgAAIAAoAhAiAgRAIAAgAhEAAAsgAEGAgID+BzYCnAEgACgC5AMiAA0ACwsLPQEBfyMAQRBrIgEkACAAKAIAIQAgAUEDOgAMIAFBgICA/gc2AgggASABKQMINwMAIAAgARBrIAFBEGokAAt6AgN/AX0jAEEQayICJAAgACgCACEDAn0gAbYiBSAFXARAQQAhAEMAAMB/DAELQQBBAiAFQwAAgH9bIAVDAACA/1tyIgQbIQBDAADAfyAFIAQbCyEFIAIgADoADCACIAU4AgggAiACKQMINwMAIAMgAhBrIAJBEGokAAtyAgF9An8jAEEQayIDJAAgACgCACEEIAMCfyABtiICIAJcBEBDAADAfyECQQAMAQtDAADAfyACIAJDAACAf1sgAkMAAID/W3IiABshAiAARQs6AAwgAyACOAIIIAMgAykDCDcDACAEIAMQayADQRBqJAALoAECA38CfQJAIAAoAgAiAEH8AGoiAyAAQRhqIgIvAQAQICIGIAG2IgVbDQAgBSAFWyIERSAGIAZccQ0AAkAgBEUEQCACIAIvAQBB+P8DcTsBAAwBCyADIAIgBUEDEEwLA0AgAC0AACICQQRxDQEgACACQQRyOgAAIAAoAhAiAgRAIAAgAhEAAAsgAEGAgID+BzYCnAEgACgC5AMiAA0ACwsLkAEBAX8CQCAAKAIAIgBBF2otAAAiAkECdkEDcSABQf8BcUYNACAAIAAvABUgAkEQdHIiAjsAFSAAIAJB///PB3EgAUEDcUESdHJBEHY6ABcDQCAALQAAIgFBBHENASAAIAFBBHI6AAAgACgCECIBBEAgACABEQAACyAAQYCAgP4HNgKcASAAKALkAyIADQALCwuNAQEBfwJAIAAoAgAiAEEXai0AACICQQNxIAFB/wFxRg0AIAAgAC8AFSACQRB0ciICOwAVIAAgAkH///MHcSABQQNxQRB0ckEQdjoAFwNAIAAtAAAiAUEEcQ0BIAAgAUEEcjoAACAAKAIQIgEEQCAAIAERAAALIABBgICA/gc2ApwBIAAoAuQDIgANAAsLC0MBAX8jAEEQayICJAAgACgCACEAIAJBAzoADCACQYCAgP4HNgIIIAIgAikDCDcDACAAIAFB/wFxIAIQZSACQRBqJAALgAECA38BfSMAQRBrIgMkACAAKAIAIQQCfSACtiIGIAZcBEBBACEAQwAAwH8MAQtBAEECIAZDAACAf1sgBkMAAID/W3IiBRshAEMAAMB/IAYgBRsLIQYgAyAAOgAMIAMgBjgCCCADIAMpAwg3AwAgBCABQf8BcSADEGUgA0EQaiQAC3gCAX0CfyMAQRBrIgQkACAAKAIAIQUgBAJ/IAK2IgMgA1wEQEMAAMB/IQNBAAwBC0MAAMB/IAMgA0MAAIB/WyADQwAAgP9bciIAGyEDIABFCzoADCAEIAM4AgggBCAEKQMINwMAIAUgAUH/AXEgBBBlIARBEGokAAt3AQF/AkAgACgCACIALQAUIgJBBHZBB3EgAUH/AXFGDQAgACACQY8BcSABQQR0QfAAcXI6ABQDQCAALQAAIgFBBHENASAAIAFBBHI6AAAgACgCECIBBEAgACABEQAACyAAQYCAgP4HNgKcASAAKALkAyIADQALCwuJAQEBfwJAIAFB/wFxIAAoAgAiAC8AFSICQQ52Rg0AIABBF2ogAiAALQAXQRB0ciICQRB2OgAAIAAgAkH//wBxIAFBDnRyOwAVA0AgAC0AACIBQQRxDQEgACABQQRyOgAAIAAoAhAiAQRAIAAgAREAAAsgAEGAgID+BzYCnAEgACgC5AMiAA0ACwsLcAEBfwJAIAAoAgAiAC0AFCICQQNxIAFB/wFxRg0AIAAgAkH8AXEgAUEDcXI6ABQDQCAALQAAIgFBBHENASAAIAFBBHI6AAAgACgCECIBBEAgACABEQAACyAAQYCAgP4HNgKcASAAKALkAyIADQALCwt2AQF/AkAgACgCACIALQAUIgJBAnZBA3EgAUH/AXFGDQAgACACQfMBcSABQQJ0QQxxcjoAFANAIAAtAAAiAUEEcQ0BIAAgAUEEcjoAACAAKAIQIgEEQCAAIAERAAALIABBgICA/gc2ApwBIAAoAuQDIgANAAsLC48BAQF/AkAgACgCACIALwAVIgJBCHZBD3EgAUH/AXFGDQAgAEEXaiACIAAtABdBEHRyIgJBEHY6AAAgACACQf/hA3EgAUEPcUEIdHI7ABUDQCAALQAAIgFBBHENASAAIAFBBHI6AAAgACgCECIBBEAgACABEQAACyAAQYCAgP4HNgKcASAAKALkAyIADQALCwuPAQEBfwJAIAFB/wFxIAAoAgAiAC8AFSAAQRdqLQAAQRB0ciICQfABcUEEdkYNACAAIAJBEHY6ABcgACACQY/+A3EgAUEEdEHwAXFyOwAVA0AgAC0AACIBQQRxDQEgACABQQRyOgAAIAAoAhAiAQRAIAAgAREAAAsgAEGAgID+BzYCnAEgACgC5AMiAA0ACwsLhwEBAX8CQCAAKAIAIgAvABUgAEEXai0AAEEQdHIiAkEPcSABQf8BcUYNACAAIAJBEHY6ABcgACACQfD/A3EgAUEPcXI7ABUDQCAALQAAIgFBBHENASAAIAFBBHI6AAAgACgCECIBBEAgACABEQAACyAAQYCAgP4HNgKcASAAKALkAyIADQALCwtDAQF/IwBBEGsiAiQAIAAoAgAhACACQQM6AAwgAkGAgID+BzYCCCACIAIpAwg3AwAgACABQf8BcSACEGcgAkEQaiQAC4ABAgN/AX0jAEEQayIDJAAgACgCACEEAn0gArYiBiAGXARAQQAhAEMAAMB/DAELQQBBAiAGQwAAgH9bIAZDAACA/1tyIgUbIQBDAADAfyAGIAUbCyEGIAMgADoADCADIAY4AgggAyADKQMINwMAIAQgAUH/AXEgAxBnIANBEGokAAt4AgF9An8jAEEQayIEJAAgACgCACEFIAQCfyACtiIDIANcBEBDAADAfyEDQQAMAQtDAADAfyADIANDAACAf1sgA0MAAID/W3IiABshAyAARQs6AAwgBCADOAIIIAQgBCkDCDcDACAFIAFB/wFxIAQQZyAEQRBqJAALjwEBAX8CQCAAKAIAIgAvABUiAkEMdkEDcSABQf8BcUYNACAAQRdqIAIgAC0AF0EQdHIiAkEQdjoAACAAIAJB/58DcSABQQNxQQx0cjsAFQNAIAAtAAAiAUEEcQ0BIAAgAUEEcjoAACAAKAIQIgEEQCAAIAERAAALIABBgICA/gc2ApwBIAAoAuQDIgANAAsLC5ABAQF/AkAgACgCACIAQRdqLQAAIgJBBHZBAXEgAUH/AXFGDQAgACAALwAVIAJBEHRyIgI7ABUgACACQf//vwdxIAFBAXFBFHRyQRB2OgAXA0AgAC0AACIBQQRxDQEgACABQQRyOgAAIAAoAhAiAQRAIAAgAREAAAsgAEGAgID+BzYCnAEgACgC5AMiAA0ACwsL9g0CCH8CfSMAQRBrIgIkAAJAAkAgASgCACIFLQAUIAAoAgAiAS0AFHNB/wBxDQAgBS8AFSAFLQAXQRB0ciABLwAVIAEtABdBEHRyc0H//z9xDQAgBUH8AGohByABQfwAaiEIAkAgAS8AGCIAQQdxRQRAIAUtABhBB3FFDQELIAggABAgIgogByAFLwAYECAiC1sNACAKIApbIAsgC1tyDQELAkAgAS8AGiIAQQdxRQRAIAUtABpBB3FFDQELIAggABAgIgogByAFLwAaECAiC1sNACAKIApbIAsgC1tyDQELAkAgAS8AHCIAQQdxRQRAIAUtABxBB3FFDQELIAggABAgIgogByAFLwAcECAiC1sNACAKIApbIAsgC1tyDQELAkAgAS8AHiIAQQdxRQRAIAUtAB5BB3FFDQELIAJBCGogCCAAEB8gAiAHIAUvAB4QH0EBIQAgAioCCCIKIAIqAgAiC1wEfyAKIApbDQIgCyALXAUgAAtFDQEgAi0ADCACLQAERw0BCyAFQSBqIQAgAUEgaiEGA0ACQCAGIANBAXRqLwAAIgRBB3FFBEAgAC0AAEEHcUUNAQsgAkEIaiAIIAQQHyACIAcgAC8AABAfQQEhBCACKgIIIgogAioCACILXAR/IAogClsNAyALIAtcBSAEC0UNAiACLQAMIAItAARHDQILIABBAmohACADQQFqIgNBCUcNAAsgBUEyaiEAIAFBMmohBkEAIQMDQAJAIAYgA0EBdGovAAAiBEEHcUUEQCAALQAAQQdxRQ0BCyACQQhqIAggBBAfIAIgByAALwAAEB9BASEEIAIqAggiCiACKgIAIgtcBH8gCiAKWw0DIAsgC1wFIAQLRQ0CIAItAAwgAi0ABEcNAgsgAEECaiEAIANBAWoiA0EJRw0ACyAFQcQAaiEAIAFBxABqIQZBACEDA0ACQCAGIANBAXRqLwAAIgRBB3FFBEAgAC0AAEEHcUUNAQsgAkEIaiAIIAQQHyACIAcgAC8AABAfQQEhBCACKgIIIgogAioCACILXAR/IAogClsNAyALIAtcBSAEC0UNAiACLQAMIAItAARHDQILIABBAmohACADQQFqIgNBCUcNAAsgBUHWAGohACABQdYAaiEGQQAhAwNAAkAgBiADQQF0ai8AACIEQQdxRQRAIAAtAABBB3FFDQELIAJBCGogCCAEEB8gAiAHIAAvAAAQH0EBIQQgAioCCCIKIAIqAgAiC1wEfyAKIApbDQMgCyALXAUgBAtFDQIgAi0ADCACLQAERw0CCyAAQQJqIQAgA0EBaiIDQQlHDQALIAVB6ABqIQAgAUHoAGohBkEAIQMDQAJAIAYgA0EBdGovAAAiBEEHcUUEQCAALQAAQQdxRQ0BCyACQQhqIAggBBAfIAIgByAALwAAEB9BASEEIAIqAggiCiACKgIAIgtcBH8gCiAKWw0DIAsgC1wFIAQLRQ0CIAItAAwgAi0ABEcNAgsgAEECaiEAIANBAWoiA0EDRw0ACyAFQe4AaiEAIAFB7gBqIQlBACEEQQAhAwNAAkAgCSADQQF0ai8AACIGQQdxRQRAIAAtAABBB3FFDQELIAJBCGogCCAGEB8gAiAHIAAvAAAQH0EBIQMgAioCCCIKIAIqAgAiC1wEfyAKIApbDQMgCyALXAUgAwtFDQIgAi0ADCACLQAERw0CCyAAQQJqIQBBASEDIAQhBkEBIQQgBkUNAAsgBUHyAGohACABQfIAaiEJQQAhBEEAIQMDQAJAIAkgA0EBdGovAAAiBkEHcUUEQCAALQAAQQdxRQ0BCyACQQhqIAggBhAfIAIgByAALwAAEB9BASEDIAIqAggiCiACKgIAIgtcBH8gCiAKWw0DIAsgC1wFIAMLRQ0CIAItAAwgAi0ABEcNAgsgAEECaiEAQQEhAyAEIQZBASEEIAZFDQALIAVB9gBqIQAgAUH2AGohCUEAIQRBACEDA0ACQCAJIANBAXRqLwAAIgZBB3FFBEAgAC0AAEEHcUUNAQsgAkEIaiAIIAYQHyACIAcgAC8AABAfQQEhAyACKgIIIgogAioCACILXAR/IAogClsNAyALIAtcBSADC0UNAiACLQAMIAItAARHDQILIABBAmohAEEBIQMgBCEGQQEhBCAGRQ0ACyABLwB6IgBBB3FFBEAgBS0AekEHcUUNAgsgCCAAECAiCiAHIAUvAHoQICILWw0BIAogClsNACALIAtcDQELIAFBFGogBUEUakHoABArGiABQfwAaiAFQfwAahCgAQNAIAEtAAAiAEEEcQ0BIAEgAEEEcjoAACABKAIQIgAEQCABIAARAAALIAFBgICA/gc2ApwBIAEoAuQDIgENAAsLIAJBEGokAAvGAwEEfyMAQaAEayICJAAgACgCBCEBIABBADYCBCABBEAgASABKAIAKAIEEQAACyAAKAIIIQEgAEEANgIIIAEEQCABIAEoAgAoAgQRAAALAkAgACgCACIAKALoAyAAKALsA0YEQCAAKALkAw0BIAAgAkEYaiAAKAL0AxBcIgEpAgA3AgAgACABKAIQNgIQIAAgASkCCDcCCCAAQRRqIAFBFGpB6AAQKxogACABKQKMATcCjAEgACABKQKEATcChAEgACABKQJ8NwJ8IAEoApQBIQQgAUEANgKUASAAKAKUASEDIAAgBDYClAEgAwRAIAMQWwsgAEGYAWogAUGYAWpB0AIQKxogACgC6AMiAwRAIAAgAzYC7AMgAxAjCyAAIAEoAugDNgLoAyAAIAEoAuwDNgLsAyAAIAEoAvADNgLwAyABQQA2AvADIAFCADcC6AMgACABKQL8AzcC/AMgACABKQL0AzcC9AMgACABKAKEBDYChAQgASgClAEhACABQQA2ApQBIAAEQCAAEFsLIAJBoARqJAAPCyACQfAcNgIQIABBBUHYJSACQRBqECwQJAALIAJB5hE2AgAgAEEFQdglIAIQLBAkAAsLAEEMEB4gABCiAQsLAEEMEB5BABCiAQsNACAAKAIALQAIQQFxCwoAIAAoAgAoAhQLGQAgAUH/AXEEQBACAAsgACgCACgCEEEBcQsYACAAKAIAIgAgAC0ACEH+AXEgAXI6AAgLJgAgASAAKAIAIgAoAhRHBEAgACABNgIUIAAgACgCDEEBajYCDAsLkgEBAn8jAEEQayICJAAgACgCACEAIAFDAAAAAGAEQCABIAAqAhhcBEAgACABOAIYIAAgACgCDEEBajYCDAsgAkEQaiQADwsgAkGIFDYCACMAQRBrIgMkACADIAI2AgwCQCAARQRAQbgwQdglIAIQSRoMAQsgAEEAQQVB2CUgAiAAKAIEEQ0AGgsgA0EQaiQAECQACz8AIAFB/wFxRQRAIAIgACgCACIAKAIQIgFBAXFHBEAgACABQX5xIAJyNgIQIAAgACgCDEEBajYCDAsPCxACAAsL4CYjAEGACAuBHk9ubHkgbGVhZiBub2RlcyB3aXRoIGN1c3RvbSBtZWFzdXJlIGZ1bmN0aW9ucyBzaG91bGQgbWFudWFsbHkgbWFyayB0aGVtc2VsdmVzIGFzIGRpcnR5AGlzRGlydHkAbWFya0RpcnR5AGRlc3Ryb3kAc2V0RGlzcGxheQBnZXREaXNwbGF5AHNldEZsZXgALSsgICAwWDB4AC0wWCswWCAwWC0weCsweCAweABzZXRGbGV4R3JvdwBnZXRGbGV4R3JvdwBzZXRPdmVyZmxvdwBnZXRPdmVyZmxvdwBoYXNOZXdMYXlvdXQAY2FsY3VsYXRlTGF5b3V0AGdldENvbXB1dGVkTGF5b3V0AHVuc2lnbmVkIHNob3J0AGdldENoaWxkQ291bnQAdW5zaWduZWQgaW50AHNldEp1c3RpZnlDb250ZW50AGdldEp1c3RpZnlDb250ZW50AGF2YWlsYWJsZUhlaWdodCBpcyBpbmRlZmluaXRlIHNvIGhlaWdodFNpemluZ01vZGUgbXVzdCBiZSBTaXppbmdNb2RlOjpNYXhDb250ZW50AGF2YWlsYWJsZVdpZHRoIGlzIGluZGVmaW5pdGUgc28gd2lkdGhTaXppbmdNb2RlIG11c3QgYmUgU2l6aW5nTW9kZTo6TWF4Q29udGVudABzZXRBbGlnbkNvbnRlbnQAZ2V0QWxpZ25Db250ZW50AGdldFBhcmVudABpbXBsZW1lbnQAc2V0TWF4SGVpZ2h0UGVyY2VudABzZXRIZWlnaHRQZXJjZW50AHNldE1pbkhlaWdodFBlcmNlbnQAc2V0RmxleEJhc2lzUGVyY2VudABzZXRHYXBQZXJjZW50AHNldFBvc2l0aW9uUGVyY2VudABzZXRNYXJnaW5QZXJjZW50AHNldE1heFdpZHRoUGVyY2VudABzZXRXaWR0aFBlcmNlbnQAc2V0TWluV2lkdGhQZXJjZW50AHNldFBhZGRpbmdQZXJjZW50AGhhbmRsZS50eXBlKCkgPT0gU3R5bGVWYWx1ZUhhbmRsZTo6VHlwZTo6UG9pbnQgfHwgaGFuZGxlLnR5cGUoKSA9PSBTdHlsZVZhbHVlSGFuZGxlOjpUeXBlOjpQZXJjZW50AGNyZWF0ZURlZmF1bHQAdW5pdAByaWdodABoZWlnaHQAc2V0TWF4SGVpZ2h0AGdldE1heEhlaWdodABzZXRIZWlnaHQAZ2V0SGVpZ2h0AHNldE1pbkhlaWdodABnZXRNaW5IZWlnaHQAZ2V0Q29tcHV0ZWRIZWlnaHQAZ2V0Q29tcHV0ZWRSaWdodABsZWZ0AGdldENvbXB1dGVkTGVmdAByZXNldABfX2Rlc3RydWN0AGZsb2F0AHVpbnQ2NF90AHVzZVdlYkRlZmF1bHRzAHNldFVzZVdlYkRlZmF1bHRzAHNldEFsaWduSXRlbXMAZ2V0QWxpZ25JdGVtcwBzZXRGbGV4QmFzaXMAZ2V0RmxleEJhc2lzAENhbm5vdCBnZXQgbGF5b3V0IHByb3BlcnRpZXMgb2YgbXVsdGktZWRnZSBzaG9ydGhhbmRzAHNldFBvaW50U2NhbGVGYWN0b3IATWVhc3VyZUNhbGxiYWNrV3JhcHBlcgBEaXJ0aWVkQ2FsbGJhY2tXcmFwcGVyAENhbm5vdCByZXNldCBhIG5vZGUgc3RpbGwgYXR0YWNoZWQgdG8gYSBvd25lcgBzZXRCb3JkZXIAZ2V0Qm9yZGVyAGdldENvbXB1dGVkQm9yZGVyAGdldE51bWJlcgBoYW5kbGUudHlwZSgpID09IFN0eWxlVmFsdWVIYW5kbGU6OlR5cGU6Ok51bWJlcgB1bnNpZ25lZCBjaGFyAHRvcABnZXRDb21wdXRlZFRvcABzZXRGbGV4V3JhcABnZXRGbGV4V3JhcABzZXRHYXAAZ2V0R2FwACVwAHNldEhlaWdodEF1dG8Ac2V0RmxleEJhc2lzQXV0bwBzZXRQb3NpdGlvbkF1dG8Ac2V0TWFyZ2luQXV0bwBzZXRXaWR0aEF1dG8AU2NhbGUgZmFjdG9yIHNob3VsZCBub3QgYmUgbGVzcyB0aGFuIHplcm8Ac2V0QXNwZWN0UmF0aW8AZ2V0QXNwZWN0UmF0aW8Ac2V0UG9zaXRpb24AZ2V0UG9zaXRpb24Abm90aWZ5T25EZXN0cnVjdGlvbgBzZXRGbGV4RGlyZWN0aW9uAGdldEZsZXhEaXJlY3Rpb24Ac2V0RGlyZWN0aW9uAGdldERpcmVjdGlvbgBzZXRNYXJnaW4AZ2V0TWFyZ2luAGdldENvbXB1dGVkTWFyZ2luAG1hcmtMYXlvdXRTZWVuAG5hbgBib3R0b20AZ2V0Q29tcHV0ZWRCb3R0b20AYm9vbABlbXNjcmlwdGVuOjp2YWwAc2V0RmxleFNocmluawBnZXRGbGV4U2hyaW5rAHNldEFsd2F5c0Zvcm1zQ29udGFpbmluZ0Jsb2NrAE1lYXN1cmVDYWxsYmFjawBEaXJ0aWVkQ2FsbGJhY2sAZ2V0TGVuZ3RoAHdpZHRoAHNldE1heFdpZHRoAGdldE1heFdpZHRoAHNldFdpZHRoAGdldFdpZHRoAHNldE1pbldpZHRoAGdldE1pbldpZHRoAGdldENvbXB1dGVkV2lkdGgAcHVzaAAvaG9tZS9ydW5uZXIvd29yay95b2dhL3lvZ2EvamF2YXNjcmlwdC8uLi95b2dhL3N0eWxlL1NtYWxsVmFsdWVCdWZmZXIuaAAvaG9tZS9ydW5uZXIvd29yay95b2dhL3lvZ2EvamF2YXNjcmlwdC8uLi95b2dhL3N0eWxlL1N0eWxlVmFsdWVQb29sLmgAdW5zaWduZWQgbG9uZwBzZXRCb3hTaXppbmcAZ2V0Qm94U2l6aW5nAHN0ZDo6d3N0cmluZwBzdGQ6OnN0cmluZwBzdGQ6OnUxNnN0cmluZwBzdGQ6OnUzMnN0cmluZwBzZXRQYWRkaW5nAGdldFBhZGRpbmcAZ2V0Q29tcHV0ZWRQYWRkaW5nAFRyaWVkIHRvIGNvbnN0cnVjdCBZR05vZGUgd2l0aCBudWxsIGNvbmZpZwBBdHRlbXB0aW5nIHRvIGNvbnN0cnVjdCBOb2RlIHdpdGggbnVsbCBjb25maWcAY3JlYXRlV2l0aENvbmZpZwBpbmYAc2V0QWxpZ25TZWxmAGdldEFsaWduU2VsZgBTaXplAHZhbHVlAFZhbHVlAGNyZWF0ZQBtZWFzdXJlAHNldFBvc2l0aW9uVHlwZQBnZXRQb3NpdGlvblR5cGUAaXNSZWZlcmVuY2VCYXNlbGluZQBzZXRJc1JlZmVyZW5jZUJhc2VsaW5lAGNvcHlTdHlsZQBkb3VibGUATm9kZQBleHRlbmQAaW5zZXJ0Q2hpbGQAZ2V0Q2hpbGQAcmVtb3ZlQ2hpbGQAdm9pZABzZXRFeHBlcmltZW50YWxGZWF0dXJlRW5hYmxlZABpc0V4cGVyaW1lbnRhbEZlYXR1cmVFbmFibGVkAGRpcnRpZWQAQ2Fubm90IHJlc2V0IGEgbm9kZSB3aGljaCBzdGlsbCBoYXMgY2hpbGRyZW4gYXR0YWNoZWQAdW5zZXRNZWFzdXJlRnVuYwB1bnNldERpcnRpZWRGdW5jAHNldEVycmF0YQBnZXRFcnJhdGEATWVhc3VyZSBmdW5jdGlvbiByZXR1cm5lZCBhbiBpbnZhbGlkIGRpbWVuc2lvbiB0byBZb2dhOiBbd2lkdGg9JWYsIGhlaWdodD0lZl0ARXhwZWN0IGN1c3RvbSBiYXNlbGluZSBmdW5jdGlvbiB0byBub3QgcmV0dXJuIE5hTgBOQU4ASU5GAGVtc2NyaXB0ZW46Om1lbW9yeV92aWV3PHNob3J0PgBlbXNjcmlwdGVuOjptZW1vcnlfdmlldzx1bnNpZ25lZCBzaG9ydD4AZW1zY3JpcHRlbjo6bWVtb3J5X3ZpZXc8aW50PgBlbXNjcmlwdGVuOjptZW1vcnlfdmlldzx1bnNpZ25lZCBpbnQ+AGVtc2NyaXB0ZW46Om1lbW9yeV92aWV3PGZsb2F0PgBlbXNjcmlwdGVuOjptZW1vcnlfdmlldzx1aW50OF90PgBlbXNjcmlwdGVuOjptZW1vcnlfdmlldzxpbnQ4X3Q+AGVtc2NyaXB0ZW46Om1lbW9yeV92aWV3PHVpbnQxNl90PgBlbXNjcmlwdGVuOjptZW1vcnlfdmlldzxpbnQxNl90PgBlbXNjcmlwdGVuOjptZW1vcnlfdmlldzx1aW50MzJfdD4AZW1zY3JpcHRlbjo6bWVtb3J5X3ZpZXc8aW50MzJfdD4AZW1zY3JpcHRlbjo6bWVtb3J5X3ZpZXc8Y2hhcj4AZW1zY3JpcHRlbjo6bWVtb3J5X3ZpZXc8dW5zaWduZWQgY2hhcj4Ac3RkOjpiYXNpY19zdHJpbmc8dW5zaWduZWQgY2hhcj4AZW1zY3JpcHRlbjo6bWVtb3J5X3ZpZXc8c2lnbmVkIGNoYXI+AGVtc2NyaXB0ZW46Om1lbW9yeV92aWV3PGxvbmc+AGVtc2NyaXB0ZW46Om1lbW9yeV92aWV3PHVuc2lnbmVkIGxvbmc+AGVtc2NyaXB0ZW46Om1lbW9yeV92aWV3PGRvdWJsZT4AQ2hpbGQgYWxyZWFkeSBoYXMgYSBvd25lciwgaXQgbXVzdCBiZSByZW1vdmVkIGZpcnN0LgBDYW5ub3Qgc2V0IG1lYXN1cmUgZnVuY3Rpb246IE5vZGVzIHdpdGggbWVhc3VyZSBmdW5jdGlvbnMgY2Fubm90IGhhdmUgY2hpbGRyZW4uAENhbm5vdCBhZGQgY2hpbGQ6IE5vZGVzIHdpdGggbWVhc3VyZSBmdW5jdGlvbnMgY2Fubm90IGhhdmUgY2hpbGRyZW4uAChudWxsKQBpbmRleCA8IDQwOTYgJiYgIlNtYWxsVmFsdWVCdWZmZXIgY2FuIG9ubHkgaG9sZCB1cCB0byA0MDk2IGNodW5rcyIAJXMKAAEAAAADAAAAAAAAAAIAAAADAAAAAQAAAAIAAAAAAAAAAQAAAAEAQYwmCwdpaQB2AHZpAEGgJgs3ox0AAKEdAADhHQAA2x0AAOEdAADbHQAAaWlpZmlmaQDUHQAApB0AAHZpaQClHQAA6B0AAGlpaQBB4CYLCcQAAADFAAAAxgBB9CYLDsQAAADHAAAAyAAAANQdAEGQJws+ox0AAOEdAADbHQAA4R0AANsdAADoHQAA4x0AAOgdAABpaWlpAAAAANQdAAC5HQAA1B0AALsdAAC8HQAA6B0AQdgnCwnJAAAAygAAAMsAQewnCxbJAAAAzAAAAMgAAAC/HQAA1B0AAL8dAEGQKAuiA9QdAAC/HQAA2x0AANUdAAB2aWlpaQAAANQdAAC/HQAA4R0AAHZpaWYAAAAA1B0AAL8dAADbHQAAdmlpaQAAAADUHQAAvx0AANUdAADVHQAAwB0AANsdAADbHQAAwB0AANUdAADAHQAAaQBkaWkAdmlpZAAAxB0AAMQdAAC/HQAA1B0AAMQdAADUHQAAxB0AAMMdAADUHQAAxB0AANsdAADUHQAAxB0AANsdAADiHQAAdmlpaWQAAADUHQAAxB0AAOIdAADbHQAAxR0AAMIdAADFHQAA2x0AAMIdAADFHQAA4h0AAMUdAADiHQAAxR0AANsdAABkaWlpAAAAAOEdAADEHQAA2x0AAGZpaWkAAAAA1B0AAMQdAADEHQAA3B0AANQdAADEHQAAxB0AANwdAADFHQAAxB0AAMQdAADEHQAAxB0AANwdAADUHQAAxB0AANUdAADVHQAAxB0AANQdAADEHQAAoR0AANQdAADEHQAAuR0AANUdAADFHQAAAAAAANQdAADEHQAA4h0AAOIdAADbHQAAdmlpZGRpAADBHQAAxR0AQcArC0EZAAoAGRkZAAAAAAUAAAAAAAAJAAAAAAsAAAAAAAAAABkAEQoZGRkDCgcAAQAJCxgAAAkGCwAACwAGGQAAABkZGQBBkSwLIQ4AAAAAAAAAABkACg0ZGRkADQAAAgAJDgAAAAkADgAADgBByywLAQwAQdcsCxUTAAAAABMAAAAACQwAAAAAAAwAAAwAQYUtCwEQAEGRLQsVDwAAAAQPAAAAAAkQAAAAAAAQAAAQAEG/LQsBEgBByy0LHhEAAAAAEQAAAAAJEgAAAAAAEgAAEgAAGgAAABoaGgBBgi4LDhoAAAAaGhoAAAAAAAAJAEGzLgsBFABBvy4LFRcAAAAAFwAAAAAJFAAAAAAAFAAAFABB7S4LARYAQfkuCycVAAAAABUAAAAACRYAAAAAABYAABYAADAxMjM0NTY3ODlBQkNERUYAQcQvCwHSAEHsLwsI//////////8AQbAwCwkQIgEAAAAAAAUAQcQwCwHNAEHcMAsKzgAAAM8AAAD8HQBB9DALAQIAQYQxCwj//////////wBByDELAQUAQdQxCwHQAEHsMQsOzgAAANEAAAAIHgAAAAQAQYQyCwEBAEGUMgsF/////woAQdgyCwHT

If you still wish to intercept this unhandled request, please create a request handler for it.
Read more: https://mswjs.io/docs/http/intercepting-requests

 ✓ src/config/extension.test.ts (76 tests) 1026ms
stdout | src/ui/components/SettingsDialog.test.tsx > SettingsDialog > Settings Toggling > should toggle setting with Enter key
[DEBUG SettingsDialog] Saving general.vimMode immediately with value: [33mtrue[39m

stdout | src/ui/components/SettingsDialog.test.tsx > SettingsDialog > Settings Toggling > enum values > 'toggles to next value'
[DEBUG SettingsDialog] Saving ui.theme immediately with value: baz

stdout | src/ui/components/SettingsDialog.test.tsx > SettingsDialog > Settings Toggling > enum values > 'loops back to first value when at end'
[DEBUG SettingsDialog] Saving ui.theme immediately with value: foo

stdout | src/ui/components/SettingsDialog.test.tsx > SettingsDialog > Settings Toggling > should handle vim mode setting specially
[DEBUG SettingsDialog] Saving general.previewFeatures immediately with value: [33mfalse[39m

(node:63995) [DEP0040] DeprecationWarning: The `punycode` module is deprecated. Please use a userland alternative instead.
(Use `node --trace-deprecation ...` to show where the warning was created)
(node:63965) MaxListenersExceededWarning: Possible EventEmitter memory leak detected. 11 resize listeners added to [Socket]. MaxListeners is 10. Use emitter.setMaxListeners() to increase limit
 ❯ src/ui/App.test.tsx (12 tests | 4 failed) 677ms
   ✓ App > should render main content and composer when not quitting 92ms
   ✓ App > should render quitting display when quittingMessages is set 4ms
   ✓ App > should render full history in alternate buffer mode when quittingMessages is set 33ms
   ✓ App > should render dialog manager when dialogs are visible 60ms
   ✓ App > should show Ctrl+'C' exit prompt when dialogs are visible and 'ctrlCPressedOnce' is true 82ms
   ✓ App > should show Ctrl+'D' exit prompt when dialogs are visible and 'ctrlDPressedOnce' is true 63ms
   ✓ App > should render ScreenReaderAppLayout when screen reader is enabled 39ms
   ✓ App > should render DefaultAppLayout when screen reader is not enabled 118ms
   × App > should render ToolConfirmationQueue along with Composer when tool is confirming and experiment is on 82ms
     → Snapshot `App > should render ToolConfirmationQueue along with Composer when tool is confirming and experiment is on 1` mismatched
   × App > Snapshots > renders default layout correctly 57ms
     → Snapshot `App > Snapshots > renders default layout correctly 1` mismatched
   × App > Snapshots > renders screen reader layout correctly 19ms
     → Snapshot `App > Snapshots > renders screen reader layout correctly 1` mismatched
   × App > Snapshots > renders with dialogs visible 28ms
     → Snapshot `App > Snapshots > renders with dialogs visible 1` mismatched
stdout | src/ui/components/SettingsDialog.test.tsx > SettingsDialog > Error Handling > should handle vim mode toggle errors gracefully
[DEBUG SettingsDialog] Saving general.previewFeatures immediately with value: [33mfalse[39m

stdout | src/ui/components/SettingsDialog.test.tsx > SettingsDialog > Complex State Management > should track modified settings correctly
[DEBUG SettingsDialog] Saving general.previewFeatures immediately with value: [33mfalse[39m
[DEBUG SettingsDialog] Saving general.previewFeatures immediately with value: [33mfalse[39m

stdout | src/ui/components/SettingsDialog.test.tsx > SettingsDialog > VimMode Integration > should sync with VimModeContext when vim mode is toggled
[DEBUG SettingsDialog] Saving general.previewFeatures immediately with value: [33mfalse[39m

stdout | src/ui/components/SettingsDialog.test.tsx > SettingsDialog > Specific Settings Behavior > should handle immediate settings save for non-restart-required settings
[DEBUG SettingsDialog] Saving general.previewFeatures immediately with value: [33mfalse[39m

(node:63999) [DEP0040] DeprecationWarning: The `punycode` module is deprecated. Please use a userland alternative instead.
(Use `node --trace-deprecation ...` to show where the warning was created)
stdout | src/ui/components/SettingsDialog.test.tsx > SettingsDialog > Race Condition Regression Tests > should 'not reset sibling settings when toggl…'
[DEBUG SettingsDialog] Saving tools.shell.showColor immediately with value: [33mtrue[39m
[DEBUG SettingsDialog] Saving tools.shell.showColor immediately with value: [33mfalse[39m
[DEBUG SettingsDialog] Saving tools.shell.showColor immediately with value: [33mtrue[39m
[DEBUG SettingsDialog] Saving tools.shell.showColor immediately with value: [33mfalse[39m
[DEBUG SettingsDialog] Saving tools.shell.showColor immediately with value: [33mtrue[39m

stdout | src/ui/components/SettingsDialog.test.tsx > SettingsDialog > Race Condition Regression Tests > should 'preserve multiple sibling settings in…'
[DEBUG SettingsDialog] Saving tools.shell.showColor immediately with value: [33mtrue[39m
[DEBUG SettingsDialog] Saving tools.shell.showColor immediately with value: [33mfalse[39m
[DEBUG SettingsDialog] Saving tools.shell.showColor immediately with value: [33mtrue[39m

stdout | src/ui/components/SettingsDialog.test.tsx > SettingsDialog > Complex User Interactions > should allow changing multiple settings without losing pending changes
[DEBUG SettingsDialog] Saving general.previewFeatures immediately with value: [33mfalse[39m
[DEBUG SettingsDialog] Saving general.previewFeatures immediately with value: [33mfalse[39m
[DEBUG SettingsDialog] Saving general.previewFeatures immediately with value: [33mfalse[39m

(node:64049) [DEP0040] DeprecationWarning: The `punycode` module is deprecated. Please use a userland alternative instead.
(Use `node --trace-deprecation ...` to show where the warning was created)
stdout | src/ui/components/SettingsDialog.test.tsx > SettingsDialog > Restart and Search Conflict Regression > should prioritize restart request over search text box when showRestartPrompt is true
[DEBUG SettingsDialog] Modified settings: [ [32m'tools.shell.enableInteractiveShell'[39m ] Needs restart: [33mtrue[39m

stdout | src/ui/components/SettingsDialog.test.tsx > SettingsDialog > Restart and Search Conflict Regression > should hide search box when showRestartPrompt is true
[DEBUG SettingsDialog] Modified settings: [ [32m'tools.shell.enableInteractiveShell'[39m ] Needs restart: [33mtrue[39m

stdout | src/ui/components/SettingsDialog.test.tsx > SettingsDialog > String Settings Editing > should allow editing and committing a string setting
[DEBUG SettingsDialog] Saving general.previewFeatures immediately with value: [33mfalse[39m
[DEBUG SettingsDialog] Saving general.previewFeatures immediately with value: [33mfalse[39m

stdout | src/config/skills-backward-compatibility.test.ts > Agent Skills Backward Compatibility > loadCliConfig > should default skillsSupport to true when no settings are present
Ignore file not found: /Users/trukhinyuri/Personal/SourcesSide/gemini-cli/packages/cli/.geminiignore, continue without it.

stdout | src/config/skills-backward-compatibility.test.ts > Agent Skills Backward Compatibility > loadCliConfig > should prioritize skills.enabled=false from settings
Ignore file not found: /Users/trukhinyuri/Personal/SourcesSide/gemini-cli/packages/cli/.geminiignore, continue without it.

stdout | src/config/skills-backward-compatibility.test.ts > Agent Skills Backward Compatibility > loadCliConfig > should support legacy experimental.skills=true from settings
Ignore file not found: /Users/trukhinyuri/Personal/SourcesSide/gemini-cli/packages/cli/.geminiignore, continue without it.

 ✓ src/config/config.integration.test.ts (14 tests) 4375ms
   ✓ Configuration Integration Tests > Approval Mode Integration Tests > 'should parse --approval-mode=auto_edi…'  4284ms
stdout | src/config/config.test.ts > parseArguments > should set isCommand to true for hooks command
Usage: gemini hooks migrate --from-claude

Migrate hooks from Claude Code to Gemini CLI format.

stdout | src/config/config.test.ts > loadCliConfig > Proxy configuration > should leave proxy to empty by default
Ignore file not found: /Users/trukhinyuri/Personal/SourcesSide/gemini-cli/packages/cli/.geminiignore, continue without it.

stdout | src/config/skills-backward-compatibility.test.ts > Agent Skills Backward Compatibility > loadCliConfig > should prioritize legacy experimental.skills=true over new skills.enabled=false
Ignore file not found: /Users/trukhinyuri/Personal/SourcesSide/gemini-cli/packages/cli/.geminiignore, continue without it.

stdout | src/config/config.test.ts > loadCliConfig > Proxy configuration > should set proxy to http://localhost:7890 according to environment variable [https_proxy]
Ignore file not found: /Users/trukhinyuri/Personal/SourcesSide/gemini-cli/packages/cli/.geminiignore, continue without it.

stdout | src/config/config.test.ts > loadCliConfig > Proxy configuration > should set proxy to http://localhost:7890 according to environment variable [http_proxy]
Ignore file not found: /Users/trukhinyuri/Personal/SourcesSide/gemini-cli/packages/cli/.geminiignore, continue without it.

stdout | src/config/config.test.ts > loadCliConfig > Proxy configuration > should set proxy to http://localhost:7890 according to environment variable [HTTPS_PROXY]
Ignore file not found: /Users/trukhinyuri/Personal/SourcesSide/gemini-cli/packages/cli/.geminiignore, continue without it.

stdout | src/config/config.test.ts > loadCliConfig > Proxy configuration > should set proxy to http://localhost:7890 according to environment variable [HTTP_PROXY]
Ignore file not found: /Users/trukhinyuri/Personal/SourcesSide/gemini-cli/packages/cli/.geminiignore, continue without it.

stdout | src/config/skills-backward-compatibility.test.ts > Agent Skills Backward Compatibility > loadCliConfig > should still be enabled by default if legacy experimental.skills is false (since new default is true)
Ignore file not found: /Users/trukhinyuri/Personal/SourcesSide/gemini-cli/packages/cli/.geminiignore, continue without it.

stdout | src/config/config.test.ts > loadCliConfig > should use default fileFilter options when unconfigured
Ignore file not found: /Users/trukhinyuri/Personal/SourcesSide/gemini-cli/packages/cli/.geminiignore, continue without it.

stdout | src/config/config.test.ts > loadCliConfig > should be non-interactive when isCommand is set
Ignore file not found: /Users/trukhinyuri/Personal/SourcesSide/gemini-cli/packages/cli/.geminiignore, continue without it.

stdout | src/config/config.test.ts > Hierarchical Memory Loading (config.ts) - Placeholder Suite > should pass extension context file paths to loadServerHierarchicalMemory
Ignore file not found: /Users/trukhinyuri/Personal/SourcesSide/gemini-cli/packages/cli/.geminiignore, continue without it.

stdout | src/config/config.test.ts > Hierarchical Memory Loading (config.ts) - Placeholder Suite > should pass includeDirectories to loadServerHierarchicalMemory when loadMemoryFromIncludeDirectories is true
Ignore file not found: /Users/trukhinyuri/Personal/SourcesSide/gemini-cli/packages/cli/.geminiignore, continue without it.

stdout | src/config/config.test.ts > Hierarchical Memory Loading (config.ts) - Placeholder Suite > should NOT pass includeDirectories to loadServerHierarchicalMemory when loadMemoryFromIncludeDirectories is false
Ignore file not found: /Users/trukhinyuri/Personal/SourcesSide/gemini-cli/packages/cli/.geminiignore, continue without it.

stdout | src/config/config.test.ts > mergeMcpServers > should not modify the original settings object
Ignore file not found: /Users/trukhinyuri/Personal/SourcesSide/gemini-cli/packages/cli/.geminiignore, continue without it.

stdout | src/config/config.test.ts > mergeExcludeTools > should merge excludeTools from settings and extensions
Ignore file not found: /Users/trukhinyuri/Personal/SourcesSide/gemini-cli/packages/cli/.geminiignore, continue without it.

(node:63971) MaxListenersExceededWarning: Possible EventEmitter memory leak detected. 11 model-changed listeners added to [CoreEventEmitter]. MaxListeners is 10. Use emitter.setMaxListeners() to increase limit
stdout | src/config/config.test.ts > mergeExcludeTools > should handle overlapping excludeTools between settings and extensions
Ignore file not found: /Users/trukhinyuri/Personal/SourcesSide/gemini-cli/packages/cli/.geminiignore, continue without it.

stdout | src/config/config.test.ts > mergeExcludeTools > should handle overlapping excludeTools between extensions
Ignore file not found: /Users/trukhinyuri/Personal/SourcesSide/gemini-cli/packages/cli/.geminiignore, continue without it.

stdout | src/config/config.test.ts > mergeExcludeTools > should return an empty array when no excludeTools are specified and it is interactive
Ignore file not found: /Users/trukhinyuri/Personal/SourcesSide/gemini-cli/packages/cli/.geminiignore, continue without it.

stdout | src/config/config.test.ts > mergeExcludeTools > should return default excludes when no excludeTools are specified and it is not interactive
Ignore file not found: /Users/trukhinyuri/Personal/SourcesSide/gemini-cli/packages/cli/.geminiignore, continue without it.

stdout | src/config/config.test.ts > mergeExcludeTools > should handle settings with excludeTools but no extensions
Ignore file not found: /Users/trukhinyuri/Personal/SourcesSide/gemini-cli/packages/cli/.geminiignore, continue without it.

stdout | src/config/config.test.ts > mergeExcludeTools > should handle extensions with excludeTools but no settings
Ignore file not found: /Users/trukhinyuri/Personal/SourcesSide/gemini-cli/packages/cli/.geminiignore, continue without it.

stdout | src/config/config.test.ts > mergeExcludeTools > should not modify the original settings object
Ignore file not found: /Users/trukhinyuri/Personal/SourcesSide/gemini-cli/packages/cli/.geminiignore, continue without it.

stdout | src/config/config.test.ts > Approval mode tool exclusion logic > should exclude all interactive tools in non-interactive mode with default approval mode
Ignore file not found: /Users/trukhinyuri/Personal/SourcesSide/gemini-cli/packages/cli/.geminiignore, continue without it.

stdout | src/config/config.test.ts > Approval mode tool exclusion logic > should exclude all interactive tools in non-interactive mode with explicit default approval mode
Ignore file not found: /Users/trukhinyuri/Personal/SourcesSide/gemini-cli/packages/cli/.geminiignore, continue without it.

stdout | src/config/config.test.ts > Approval mode tool exclusion logic > should exclude only shell tools in non-interactive mode with auto_edit approval mode
Ignore file not found: /Users/trukhinyuri/Personal/SourcesSide/gemini-cli/packages/cli/.geminiignore, continue without it.

stdout | src/config/config.test.ts > Approval mode tool exclusion logic > should exclude no interactive tools in non-interactive mode with yolo approval mode
Ignore file not found: /Users/trukhinyuri/Personal/SourcesSide/gemini-cli/packages/cli/.geminiignore, continue without it.

stderr | src/config/config.test.ts > Approval mode tool exclusion logic > should exclude no interactive tools in non-interactive mode with yolo approval mode
YOLO mode is enabled. All tool calls will be automatically approved.

stdout | src/config/config.test.ts > Approval mode tool exclusion logic > should exclude all interactive tools in non-interactive mode with plan approval mode
Ignore file not found: /Users/trukhinyuri/Personal/SourcesSide/gemini-cli/packages/cli/.geminiignore, continue without it.

stdout | src/config/config.test.ts > Approval mode tool exclusion logic > should exclude no interactive tools in non-interactive mode with legacy yolo flag
Ignore file not found: /Users/trukhinyuri/Personal/SourcesSide/gemini-cli/packages/cli/.geminiignore, continue without it.

stderr | src/config/config.test.ts > Approval mode tool exclusion logic > should exclude no interactive tools in non-interactive mode with legacy yolo flag
YOLO mode is enabled. All tool calls will be automatically approved.

stdout | src/config/config.test.ts > Approval mode tool exclusion logic > should not exclude interactive tools in interactive mode regardless of approval mode
Ignore file not found: /Users/trukhinyuri/Personal/SourcesSide/gemini-cli/packages/cli/.geminiignore, continue without it.

stdout | src/config/config.test.ts > Approval mode tool exclusion logic > should not exclude interactive tools in interactive mode regardless of approval mode
Ignore file not found: /Users/trukhinyuri/Personal/SourcesSide/gemini-cli/packages/cli/.geminiignore, continue without it.

stdout | src/config/config.test.ts > Approval mode tool exclusion logic > should not exclude interactive tools in interactive mode regardless of approval mode
Ignore file not found: /Users/trukhinyuri/Personal/SourcesSide/gemini-cli/packages/cli/.geminiignore, continue without it.

stdout | src/config/config.test.ts > Approval mode tool exclusion logic > should not exclude interactive tools in interactive mode regardless of approval mode
Ignore file not found: /Users/trukhinyuri/Personal/SourcesSide/gemini-cli/packages/cli/.geminiignore, continue without it.

stderr | src/config/config.test.ts > Approval mode tool exclusion logic > should not exclude interactive tools in interactive mode regardless of approval mode
YOLO mode is enabled. All tool calls will be automatically approved.

stdout | src/config/config.test.ts > Approval mode tool exclusion logic > should not exclude interactive tools in interactive mode regardless of approval mode
Ignore file not found: /Users/trukhinyuri/Personal/SourcesSide/gemini-cli/packages/cli/.geminiignore, continue without it.

stderr | src/config/config.test.ts > Approval mode tool exclusion logic > should not exclude interactive tools in interactive mode regardless of approval mode
YOLO mode is enabled. All tool calls will be automatically approved.

stdout | src/config/config.test.ts > Approval mode tool exclusion logic > should merge approval mode exclusions with settings exclusions in auto_edit mode
Ignore file not found: /Users/trukhinyuri/Personal/SourcesSide/gemini-cli/packages/cli/.geminiignore, continue without it.

stdout | src/config/config.test.ts > Approval mode tool exclusion logic > should throw an error if YOLO mode is attempted when disableYoloMode is true
Ignore file not found: /Users/trukhinyuri/Personal/SourcesSide/gemini-cli/packages/cli/.geminiignore, continue without it.

stdout | src/config/config.test.ts > Approval mode tool exclusion logic > should throw an error for invalid approval mode values in loadCliConfig
Ignore file not found: /Users/trukhinyuri/Personal/SourcesSide/gemini-cli/packages/cli/.geminiignore, continue without it.

stdout | src/config/config.test.ts > loadCliConfig with allowed-mcp-server-names > should allow all MCP servers if the flag is not provided
Ignore file not found: /Users/trukhinyuri/Personal/SourcesSide/gemini-cli/packages/cli/.geminiignore, continue without it.

stdout | src/ui/AppContainer.test.tsx > AppContainer State Management > Basic Rendering > renders without crashing with minimal props
[SessionSummary] No chats directory found

stdout | src/config/config.test.ts > loadCliConfig with allowed-mcp-server-names > should allow only the specified MCP server
Ignore file not found: /Users/trukhinyuri/Personal/SourcesSide/gemini-cli/packages/cli/.geminiignore, continue without it.

stdout | src/config/config.test.ts > loadCliConfig with allowed-mcp-server-names > should allow multiple specified MCP servers
Ignore file not found: /Users/trukhinyuri/Personal/SourcesSide/gemini-cli/packages/cli/.geminiignore, continue without it.

stdout | src/config/config.test.ts > loadCliConfig with allowed-mcp-server-names > should handle server names that do not exist
Ignore file not found: /Users/trukhinyuri/Personal/SourcesSide/gemini-cli/packages/cli/.geminiignore, continue without it.

stdout | src/config/config.test.ts > loadCliConfig with allowed-mcp-server-names > should allow no MCP servers if the flag is provided but empty
Ignore file not found: /Users/trukhinyuri/Personal/SourcesSide/gemini-cli/packages/cli/.geminiignore, continue without it.

stdout | src/config/config.test.ts > loadCliConfig with allowed-mcp-server-names > should read allowMCPServers from settings
Ignore file not found: /Users/trukhinyuri/Personal/SourcesSide/gemini-cli/packages/cli/.geminiignore, continue without it.

stdout | src/ui/AppContainer.test.tsx > AppContainer State Management > Basic Rendering > renders with startup warnings
[SessionSummary] No chats directory found

stdout | src/config/config.test.ts > loadCliConfig with allowed-mcp-server-names > should read excludeMCPServers from settings
Ignore file not found: /Users/trukhinyuri/Personal/SourcesSide/gemini-cli/packages/cli/.geminiignore, continue without it.

stdout | src/config/config.test.ts > loadCliConfig with allowed-mcp-server-names > should override allowMCPServers with excludeMCPServers if overlapping
Ignore file not found: /Users/trukhinyuri/Personal/SourcesSide/gemini-cli/packages/cli/.geminiignore, continue without it.

stdout | src/ui/AppContainer.test.tsx > AppContainer State Management > State Initialization > initializes with theme error from initialization result
[SessionSummary] No chats directory found

stdout | src/config/config.test.ts > loadCliConfig with allowed-mcp-server-names > should prioritize mcp server flag if set
Ignore file not found: /Users/trukhinyuri/Personal/SourcesSide/gemini-cli/packages/cli/.geminiignore, continue without it.

stdout | src/config/config.test.ts > loadCliConfig with allowed-mcp-server-names > should prioritize CLI flag over both allowed and excluded settings
Ignore file not found: /Users/trukhinyuri/Personal/SourcesSide/gemini-cli/packages/cli/.geminiignore, continue without it.

stdout | src/config/config.test.ts > loadCliConfig model selection > selects a model from settings.json if provided
Ignore file not found: /Users/trukhinyuri/Personal/SourcesSide/gemini-cli/packages/cli/.geminiignore, continue without it.

stdout | src/config/config.test.ts > loadCliConfig model selection > uses the default gemini model if nothing is set
Ignore file not found: /Users/trukhinyuri/Personal/SourcesSide/gemini-cli/packages/cli/.geminiignore, continue without it.

stdout | src/config/config.test.ts > loadCliConfig model selection > always prefers model from argv
Ignore file not found: /Users/trukhinyuri/Personal/SourcesSide/gemini-cli/packages/cli/.geminiignore, continue without it.

stdout | src/config/config.test.ts > loadCliConfig model selection > selects the model from argv if provided
Ignore file not found: /Users/trukhinyuri/Personal/SourcesSide/gemini-cli/packages/cli/.geminiignore, continue without it.

stdout | src/config/config.test.ts > loadCliConfig model selection > selects the default auto model if provided via auto alias
Ignore file not found: /Users/trukhinyuri/Personal/SourcesSide/gemini-cli/packages/cli/.geminiignore, continue without it.

stdout | src/config/config.test.ts > loadCliConfig folderTrust > should be false when folderTrust is false
Ignore file not found: /Users/trukhinyuri/Personal/SourcesSide/gemini-cli/packages/cli/.geminiignore, continue without it.

stdout | src/config/config.test.ts > loadCliConfig folderTrust > should be true when folderTrust is true
Ignore file not found: /Users/trukhinyuri/Personal/SourcesSide/gemini-cli/packages/cli/.geminiignore, continue without it.

stdout | src/config/config.test.ts > loadCliConfig folderTrust > should be false by default
Ignore file not found: /Users/trukhinyuri/Personal/SourcesSide/gemini-cli/packages/cli/.geminiignore, continue without it.

 ❯ src/config/skills-backward-compatibility.test.ts (5 tests | 2 failed) 424ms
   ✓ Agent Skills Backward Compatibility > loadCliConfig > should default skillsSupport to true when no settings are present 144ms
   × Agent Skills Backward Compatibility > loadCliConfig > should prioritize skills.enabled=false from settings 69ms
     → expected false to be true // Object.is equality
   ✓ Agent Skills Backward Compatibility > loadCliConfig > should support legacy experimental.skills=true from settings 62ms
   × Agent Skills Backward Compatibility > loadCliConfig > should prioritize legacy experimental.skills=true over new skills.enabled=false 51ms
     → expected false to be true // Object.is equality
   ✓ Agent Skills Backward Compatibility > loadCliConfig > should still be enabled by default if legacy experimental.skills is false (since new default is true) 97ms
stdout | src/config/config.test.ts > loadCliConfig with includeDirectories > should combine and resolve paths from settings and CLI arguments
Ignore file not found: /home/user/project/.geminiignore, continue without it.

 ✓ src/ui/components/InputPrompt.test.tsx (150 tests) 3804ms
stdout | src/ui/AppContainer.test.tsx > AppContainer State Management > Context Providers > provides AppContext with correct values
[SessionSummary] No chats directory found

stdout | src/config/config.test.ts > loadCliConfig compressionThreshold > should pass settings to the core config
Ignore file not found: /Users/trukhinyuri/Personal/SourcesSide/gemini-cli/packages/cli/.geminiignore, continue without it.

stdout | src/config/config.test.ts > loadCliConfig compressionThreshold > should have default compressionThreshold if not in settings
Ignore file not found: /Users/trukhinyuri/Personal/SourcesSide/gemini-cli/packages/cli/.geminiignore, continue without it.

stdout | src/config/config.test.ts > loadCliConfig useRipgrep > should be true by default when useRipgrep is not set in settings
Ignore file not found: /Users/trukhinyuri/Personal/SourcesSide/gemini-cli/packages/cli/.geminiignore, continue without it.

stdout | src/ui/AppContainer.test.tsx > AppContainer State Management > Context Providers > provides UIStateContext with state management
[SessionSummary] No chats directory found

 ✓ src/ui/components/SettingsDialog.test.tsx (58 tests) 4268ms
stdout | src/config/config.test.ts > loadCliConfig useRipgrep > should be false when useRipgrep is set to false in settings
Ignore file not found: /Users/trukhinyuri/Personal/SourcesSide/gemini-cli/packages/cli/.geminiignore, continue without it.

stdout | src/ui/AppContainer.test.tsx > AppContainer State Management > Context Providers > provides UIActionsContext with action handlers
[SessionSummary] No chats directory found

stdout | src/ui/AppContainer.test.tsx > AppContainer State Management > Context Providers > provides ConfigContext with config object
[SessionSummary] No chats directory found

stdout | src/config/config.test.ts > loadCliConfig useRipgrep > should be true when useRipgrep is explicitly set to true in settings
Ignore file not found: /Users/trukhinyuri/Personal/SourcesSide/gemini-cli/packages/cli/.geminiignore, continue without it.

stdout | src/config/config.test.ts > screenReader configuration > should use screenReader value from settings if CLI flag is not present (settings true)
Ignore file not found: /Users/trukhinyuri/Personal/SourcesSide/gemini-cli/packages/cli/.geminiignore, continue without it.

stdout | src/config/config.test.ts > screenReader configuration > should use screenReader value from settings if CLI flag is not present (settings false)
Ignore file not found: /Users/trukhinyuri/Personal/SourcesSide/gemini-cli/packages/cli/.geminiignore, continue without it.

stdout | src/ui/AppContainer.test.tsx > AppContainer State Management > Settings Integration > handles settings with all display options disabled
[SessionSummary] No chats directory found

stdout | src/config/config.test.ts > screenReader configuration > should prioritize --screen-reader CLI flag (true) over settings (false)
Ignore file not found: /Users/trukhinyuri/Personal/SourcesSide/gemini-cli/packages/cli/.geminiignore, continue without it.

stdout | src/config/config.test.ts > screenReader configuration > should be false by default when no flag or setting is present
Ignore file not found: /Users/trukhinyuri/Personal/SourcesSide/gemini-cli/packages/cli/.geminiignore, continue without it.

stdout | src/config/config.test.ts > loadCliConfig tool exclusions > should not exclude interactive tools in interactive mode without YOLO
Ignore file not found: /Users/trukhinyuri/Personal/SourcesSide/gemini-cli/packages/cli/.geminiignore, continue without it.

(node:63995) MaxListenersExceededWarning: Possible EventEmitter memory leak detected. 11 model-changed listeners added to [CoreEventEmitter]. MaxListeners is 10. Use emitter.setMaxListeners() to increase limit
stdout | src/ui/AppContainer.test.tsx > AppContainer State Management > Settings Integration > handles settings with memory usage enabled
[SessionSummary] No chats directory found

stdout | src/config/config.test.ts > loadCliConfig tool exclusions > should not exclude interactive tools in interactive mode with YOLO
Ignore file not found: /Users/trukhinyuri/Personal/SourcesSide/gemini-cli/packages/cli/.geminiignore, continue without it.

stderr | src/config/config.test.ts > loadCliConfig tool exclusions > should not exclude interactive tools in interactive mode with YOLO
YOLO mode is enabled. All tool calls will be automatically approved.

stdout | src/config/config.test.ts > loadCliConfig tool exclusions > should exclude interactive tools in non-interactive mode without YOLO
Ignore file not found: /Users/trukhinyuri/Personal/SourcesSide/gemini-cli/packages/cli/.geminiignore, continue without it.

stdout | src/config/config.test.ts > loadCliConfig tool exclusions > should not exclude interactive tools in non-interactive mode with YOLO
Ignore file not found: /Users/trukhinyuri/Personal/SourcesSide/gemini-cli/packages/cli/.geminiignore, continue without it.

stderr | src/config/config.test.ts > loadCliConfig tool exclusions > should not exclude interactive tools in non-interactive mode with YOLO
YOLO mode is enabled. All tool calls will be automatically approved.

stdout | src/ui/AppContainer.test.tsx > AppContainer State Management > Version Handling > handles version format: 1.0.0
[SessionSummary] No chats directory found

stdout | src/config/config.test.ts > loadCliConfig tool exclusions > should not exclude shell tool in non-interactive mode when --allowed-tools="ShellTool" is set
Ignore file not found: /Users/trukhinyuri/Personal/SourcesSide/gemini-cli/packages/cli/.geminiignore, continue without it.

stdout | src/config/config.test.ts > loadCliConfig tool exclusions > should exclude web-fetch in non-interactive mode when not allowed
Ignore file not found: /Users/trukhinyuri/Personal/SourcesSide/gemini-cli/packages/cli/.geminiignore, continue without it.

stdout | src/config/config.test.ts > loadCliConfig tool exclusions > should not exclude web-fetch in non-interactive mode when allowed
Ignore file not found: /Users/trukhinyuri/Personal/SourcesSide/gemini-cli/packages/cli/.geminiignore, continue without it.

stdout | src/ui/AppContainer.test.tsx > AppContainer State Management > Version Handling > handles version format: 2.1.3-beta
[SessionSummary] No chats directory found

stdout | src/config/config.test.ts > loadCliConfig tool exclusions > should not exclude shell tool in non-interactive mode when --allowed-tools="run_shell_command" is set
Ignore file not found: /Users/trukhinyuri/Personal/SourcesSide/gemini-cli/packages/cli/.geminiignore, continue without it.

stdout | src/config/config.test.ts > loadCliConfig tool exclusions > should not exclude shell tool in non-interactive mode when --allowed-tools="ShellTool(wc)" is set
Ignore file not found: /Users/trukhinyuri/Personal/SourcesSide/gemini-cli/packages/cli/.geminiignore, continue without it.

stdout | src/ui/AppContainer.test.tsx > AppContainer State Management > Version Handling > handles version format: 3.0.0-nightly
[SessionSummary] No chats directory found

stdout | src/config/config.test.ts > loadCliConfig interactive > should be interactive if isTTY and no prompt
Ignore file not found: /Users/trukhinyuri/Personal/SourcesSide/gemini-cli/packages/cli/.geminiignore, continue without it.

 ✓ src/ui/components/shared/text-buffer.test.ts (212 tests) 4437ms
   ✓ useTextBuffer > Input Sanitization > should sanitize large text (>5000 chars) and strip unsafe characters  1113ms
   ✓ useTextBuffer > Input Sanitization > should sanitize large ANSI text (>5000 chars) and strip escape codes  2889ms
stdout | src/config/config.test.ts > loadCliConfig interactive > should be interactive if prompt-interactive is set
Ignore file not found: /Users/trukhinyuri/Personal/SourcesSide/gemini-cli/packages/cli/.geminiignore, continue without it.

stdout | src/config/config.test.ts > loadCliConfig interactive > should not be interactive if not isTTY and no prompt
Ignore file not found: /Users/trukhinyuri/Personal/SourcesSide/gemini-cli/packages/cli/.geminiignore, continue without it.

stdout | src/config/config.test.ts > loadCliConfig interactive > should not be interactive if prompt is set
Ignore file not found: /Users/trukhinyuri/Personal/SourcesSide/gemini-cli/packages/cli/.geminiignore, continue without it.

stdout | src/config/config.test.ts > loadCliConfig interactive > should be interactive if positional prompt words are provided with other flags
Ignore file not found: /Users/trukhinyuri/Personal/SourcesSide/gemini-cli/packages/cli/.geminiignore, continue without it.

stdout | src/config/config.test.ts > loadCliConfig interactive > should be interactive if positional prompt words are provided with multiple flags
Ignore file not found: /Users/trukhinyuri/Personal/SourcesSide/gemini-cli/packages/cli/.geminiignore, continue without it.

stderr | src/config/config.test.ts > loadCliConfig interactive > should be interactive if positional prompt words are provided with multiple flags
YOLO mode is enabled. All tool calls will be automatically approved.

stdout | src/ui/AppContainer.test.tsx > AppContainer State Management > Error Handling > handles undefined settings gracefully
[SessionSummary] No chats directory found

stdout | src/config/config.test.ts > loadCliConfig interactive > should be interactive if positional prompt words are provided with extensions flag
Ignore file not found: /Users/trukhinyuri/Personal/SourcesSide/gemini-cli/packages/cli/.geminiignore, continue without it.

stdout | src/config/config.test.ts > loadCliConfig interactive > should handle multiple positional words correctly
Ignore file not found: /Users/trukhinyuri/Personal/SourcesSide/gemini-cli/packages/cli/.geminiignore, continue without it.

stdout | src/ui/AppContainer.test.tsx > AppContainer State Management > Session Resumption > handles resumed session data correctly
[SessionSummary] No chats directory found

stdout | src/ui/AppContainer.test.tsx > AppContainer State Management > Session Resumption > handles resumed session data correctly
[SessionSummary] No chats directory found

stdout | src/config/config.test.ts > loadCliConfig interactive > should handle multiple positional words with flags
Ignore file not found: /Users/trukhinyuri/Personal/SourcesSide/gemini-cli/packages/cli/.geminiignore, continue without it.

stdout | src/config/config.test.ts > loadCliConfig interactive > should handle empty positional arguments
Ignore file not found: /Users/trukhinyuri/Personal/SourcesSide/gemini-cli/packages/cli/.geminiignore, continue without it.

stdout | src/ui/AppContainer.test.tsx > AppContainer State Management > Session Resumption > renders without resumed session data
[SessionSummary] No chats directory found

stdout | src/config/config.test.ts > loadCliConfig interactive > should handle extensions flag with positional arguments correctly
Ignore file not found: /Users/trukhinyuri/Personal/SourcesSide/gemini-cli/packages/cli/.geminiignore, continue without it.

stdout | src/config/config.test.ts > loadCliConfig interactive > should be interactive if no positional prompt words are provided with flags
Ignore file not found: /Users/trukhinyuri/Personal/SourcesSide/gemini-cli/packages/cli/.geminiignore, continue without it.

stdout | src/config/config.test.ts > loadCliConfig approval mode > should default to DEFAULT approval mode when no flags are set
Ignore file not found: /Users/trukhinyuri/Personal/SourcesSide/gemini-cli/packages/cli/.geminiignore, continue without it.

stdout | src/config/config.test.ts > loadCliConfig approval mode > should set YOLO approval mode when --yolo flag is used
Ignore file not found: /Users/trukhinyuri/Personal/SourcesSide/gemini-cli/packages/cli/.geminiignore, continue without it.

stderr | src/config/config.test.ts > loadCliConfig approval mode > should set YOLO approval mode when --yolo flag is used
YOLO mode is enabled. All tool calls will be automatically approved.

stdout | src/config/config.test.ts > loadCliConfig approval mode > should set YOLO approval mode when -y flag is used
Ignore file not found: /Users/trukhinyuri/Personal/SourcesSide/gemini-cli/packages/cli/.geminiignore, continue without it.

stderr | src/config/config.test.ts > loadCliConfig approval mode > should set YOLO approval mode when -y flag is used
YOLO mode is enabled. All tool calls will be automatically approved.

stdout | src/config/config.test.ts > loadCliConfig approval mode > should set DEFAULT approval mode when --approval-mode=default
Ignore file not found: /Users/trukhinyuri/Personal/SourcesSide/gemini-cli/packages/cli/.geminiignore, continue without it.

stdout | src/config/config.test.ts > loadCliConfig approval mode > should set AUTO_EDIT approval mode when --approval-mode=auto_edit
Ignore file not found: /Users/trukhinyuri/Personal/SourcesSide/gemini-cli/packages/cli/.geminiignore, continue without it.

stdout | src/config/config.test.ts > loadCliConfig approval mode > should set YOLO approval mode when --approval-mode=yolo
Ignore file not found: /Users/trukhinyuri/Personal/SourcesSide/gemini-cli/packages/cli/.geminiignore, continue without it.

stderr | src/config/config.test.ts > loadCliConfig approval mode > should set YOLO approval mode when --approval-mode=yolo
YOLO mode is enabled. All tool calls will be automatically approved.

stdout | src/config/config.test.ts > loadCliConfig approval mode > should prioritize --approval-mode over --yolo when both would be valid (but validation prevents this)
Ignore file not found: /Users/trukhinyuri/Personal/SourcesSide/gemini-cli/packages/cli/.geminiignore, continue without it.

stdout | src/config/config.test.ts > loadCliConfig approval mode > should fall back to --yolo behavior when --approval-mode is not set
Ignore file not found: /Users/trukhinyuri/Personal/SourcesSide/gemini-cli/packages/cli/.geminiignore, continue without it.

stderr | src/config/config.test.ts > loadCliConfig approval mode > should fall back to --yolo behavior when --approval-mode is not set
YOLO mode is enabled. All tool calls will be automatically approved.

stdout | src/config/config.test.ts > loadCliConfig approval mode > should set Plan approval mode when --approval-mode=plan is used and experimental.plan is enabled
Ignore file not found: /Users/trukhinyuri/Personal/SourcesSide/gemini-cli/packages/cli/.geminiignore, continue without it.

stdout | src/config/config.test.ts > loadCliConfig approval mode > should ignore "yolo" in settings.tools.approvalMode and fall back to DEFAULT
Ignore file not found: /Users/trukhinyuri/Personal/SourcesSide/gemini-cli/packages/cli/.geminiignore, continue without it.

stdout | src/config/config.test.ts > loadCliConfig approval mode > should throw error when --approval-mode=plan is used but experimental.plan is disabled
Ignore file not found: /Users/trukhinyuri/Personal/SourcesSide/gemini-cli/packages/cli/.geminiignore, continue without it.

stdout | src/config/config.test.ts > loadCliConfig approval mode > should throw error when --approval-mode=plan is used but experimental.plan setting is missing
Ignore file not found: /Users/trukhinyuri/Personal/SourcesSide/gemini-cli/packages/cli/.geminiignore, continue without it.

stdout | src/config/config.test.ts > loadCliConfig approval mode > when folder is NOT trusted > should override --approval-mode=yolo to DEFAULT
Ignore file not found: /Users/trukhinyuri/Personal/SourcesSide/gemini-cli/packages/cli/.geminiignore, continue without it.

stderr | src/config/config.test.ts > loadCliConfig approval mode > when folder is NOT trusted > should override --approval-mode=yolo to DEFAULT
YOLO mode is enabled. All tool calls will be automatically approved.
Approval mode overridden to "default" because the current folder is not trusted.

stdout | src/config/config.test.ts > loadCliConfig approval mode > when folder is NOT trusted > should override --approval-mode=auto_edit to DEFAULT
Ignore file not found: /Users/trukhinyuri/Personal/SourcesSide/gemini-cli/packages/cli/.geminiignore, continue without it.

stderr | src/config/config.test.ts > loadCliConfig approval mode > when folder is NOT trusted > should override --approval-mode=auto_edit to DEFAULT
Approval mode overridden to "default" because the current folder is not trusted.

stdout | src/config/config.test.ts > loadCliConfig approval mode > when folder is NOT trusted > should override --yolo flag to DEFAULT
Ignore file not found: /Users/trukhinyuri/Personal/SourcesSide/gemini-cli/packages/cli/.geminiignore, continue without it.

stderr | src/config/config.test.ts > loadCliConfig approval mode > when folder is NOT trusted > should override --yolo flag to DEFAULT
YOLO mode is enabled. All tool calls will be automatically approved.
Approval mode overridden to "default" because the current folder is not trusted.

stdout | src/config/config.test.ts > loadCliConfig approval mode > when folder is NOT trusted > should remain DEFAULT when --approval-mode=default
Ignore file not found: /Users/trukhinyuri/Personal/SourcesSide/gemini-cli/packages/cli/.geminiignore, continue without it.

stdout | src/config/config.test.ts > loadCliConfig approval mode > Persistent approvalMode setting > should use approvalMode from settings when no CLI flags are set
Ignore file not found: /Users/trukhinyuri/Personal/SourcesSide/gemini-cli/packages/cli/.geminiignore, continue without it.

stdout | src/config/config.test.ts > loadCliConfig approval mode > Persistent approvalMode setting > should prioritize --approval-mode flag over settings
Ignore file not found: /Users/trukhinyuri/Personal/SourcesSide/gemini-cli/packages/cli/.geminiignore, continue without it.

stdout | src/config/config.test.ts > loadCliConfig approval mode > Persistent approvalMode setting > should prioritize --yolo flag over settings
Ignore file not found: /Users/trukhinyuri/Personal/SourcesSide/gemini-cli/packages/cli/.geminiignore, continue without it.

stderr | src/config/config.test.ts > loadCliConfig approval mode > Persistent approvalMode setting > should prioritize --yolo flag over settings
YOLO mode is enabled. All tool calls will be automatically approved.

stdout | src/config/config.test.ts > loadCliConfig approval mode > Persistent approvalMode setting > should respect plan mode from settings when experimental.plan is enabled
Ignore file not found: /Users/trukhinyuri/Personal/SourcesSide/gemini-cli/packages/cli/.geminiignore, continue without it.

stdout | src/config/config.test.ts > loadCliConfig approval mode > Persistent approvalMode setting > should throw error if plan mode is in settings but experimental.plan is disabled
Ignore file not found: /Users/trukhinyuri/Personal/SourcesSide/gemini-cli/packages/cli/.geminiignore, continue without it.

stdout | src/config/config.test.ts > loadCliConfig fileFiltering > should pass 'enableFuzzySearch' from settings to config when true
Ignore file not found: /Users/trukhinyuri/Personal/SourcesSide/gemini-cli/packages/cli/.geminiignore, continue without it.

stdout | src/config/config.test.ts > loadCliConfig fileFiltering > should pass 'enableFuzzySearch' from settings to config when false
Ignore file not found: /Users/trukhinyuri/Personal/SourcesSide/gemini-cli/packages/cli/.geminiignore, continue without it.

stdout | src/config/config.test.ts > loadCliConfig fileFiltering > should pass 'respectGitIgnore' from settings to config when true
Ignore file not found: /Users/trukhinyuri/Personal/SourcesSide/gemini-cli/packages/cli/.geminiignore, continue without it.

stdout | src/config/config.test.ts > loadCliConfig fileFiltering > should pass 'respectGitIgnore' from settings to config when false
Ignore file not found: /Users/trukhinyuri/Personal/SourcesSide/gemini-cli/packages/cli/.geminiignore, continue without it.

stdout | src/config/config.test.ts > loadCliConfig fileFiltering > should pass 'respectGeminiIgnore' from settings to config when true
Ignore file not found: /Users/trukhinyuri/Personal/SourcesSide/gemini-cli/packages/cli/.geminiignore, continue without it.

stdout | src/config/config.test.ts > loadCliConfig fileFiltering > should pass 'respectGeminiIgnore' from settings to config when false
Ignore file not found: /Users/trukhinyuri/Personal/SourcesSide/gemini-cli/packages/cli/.geminiignore, continue without it.

stdout | src/config/config.test.ts > loadCliConfig fileFiltering > should pass 'enableRecursiveFileSearch' from settings to config when true
Ignore file not found: /Users/trukhinyuri/Personal/SourcesSide/gemini-cli/packages/cli/.geminiignore, continue without it.

stdout | src/config/config.test.ts > loadCliConfig fileFiltering > should pass 'enableRecursiveFileSearch' from settings to config when false
Ignore file not found: /Users/trukhinyuri/Personal/SourcesSide/gemini-cli/packages/cli/.geminiignore, continue without it.

stdout | src/config/config.test.ts > Output format > should default to TEXT
Ignore file not found: /Users/trukhinyuri/Personal/SourcesSide/gemini-cli/packages/cli/.geminiignore, continue without it.

stdout | src/config/config.test.ts > Output format > should use the format from settings
Ignore file not found: /Users/trukhinyuri/Personal/SourcesSide/gemini-cli/packages/cli/.geminiignore, continue without it.

stdout | src/config/config.test.ts > Output format > should prioritize the format from argv
Ignore file not found: /Users/trukhinyuri/Personal/SourcesSide/gemini-cli/packages/cli/.geminiignore, continue without it.

stdout | src/config/config.test.ts > Output format > should accept stream-json as a valid output format
Ignore file not found: /Users/trukhinyuri/Personal/SourcesSide/gemini-cli/packages/cli/.geminiignore, continue without it.

stdout | src/ui/AppContainer.test.tsx > AppContainer State Management > Quota and Fallback Integration > passes a null proQuotaRequest to UIStateContext by default
[SessionSummary] No chats directory found

stdout | src/ui/AppContainer.test.tsx > AppContainer State Management > Quota and Fallback Integration > passes a valid proQuotaRequest to UIStateContext when provided by the hook
[SessionSummary] No chats directory found

stdout | src/ui/AppContainer.test.tsx > AppContainer State Management > Quota and Fallback Integration > passes the handleProQuotaChoice function to UIActionsContext
[SessionSummary] No chats directory found

stdout | src/config/config.test.ts > Telemetry configuration via environment variables > should prioritize GEMINI_TELEMETRY_ENABLED over settings
Ignore file not found: /Users/trukhinyuri/Personal/SourcesSide/gemini-cli/packages/cli/.geminiignore, continue without it.

stdout | src/config/config.test.ts > Telemetry configuration via environment variables > should prioritize GEMINI_TELEMETRY_TARGET over settings
Ignore file not found: /Users/trukhinyuri/Personal/SourcesSide/gemini-cli/packages/cli/.geminiignore, continue without it.

stdout | src/config/config.test.ts > Telemetry configuration via environment variables > should throw when GEMINI_TELEMETRY_TARGET is invalid
Ignore file not found: /Users/trukhinyuri/Personal/SourcesSide/gemini-cli/packages/cli/.geminiignore, continue without it.

stdout | src/config/config.test.ts > Telemetry configuration via environment variables > should prioritize GEMINI_TELEMETRY_OTLP_ENDPOINT over settings and default env var
Ignore file not found: /Users/trukhinyuri/Personal/SourcesSide/gemini-cli/packages/cli/.geminiignore, continue without it.

stdout | src/config/config.test.ts > Telemetry configuration via environment variables > should prioritize GEMINI_TELEMETRY_OTLP_PROTOCOL over settings
Ignore file not found: /Users/trukhinyuri/Personal/SourcesSide/gemini-cli/packages/cli/.geminiignore, continue without it.

stdout | src/config/config.test.ts > Telemetry configuration via environment variables > should prioritize GEMINI_TELEMETRY_LOG_PROMPTS over settings
Ignore file not found: /Users/trukhinyuri/Personal/SourcesSide/gemini-cli/packages/cli/.geminiignore, continue without it.

stdout | src/ui/AppContainer.test.tsx > AppContainer State Management > Terminal Title Update Feature > should update terminal title when in WaitingForConfirmation state with thought subject
[SessionSummary] No chats directory found

stdout | src/ui/AppContainer.test.tsx > AppContainer State Management > Terminal Title Update Feature > should update terminal title when in WaitingForConfirmation state with thought subject
[SessionSummary] No chats directory found

stdout | src/ui/AppContainer.test.tsx > AppContainer State Management > Terminal Title Update Feature > should update terminal title when in WaitingForConfirmation state with thought subject
[SessionSummary] No chats directory found

stdout | src/ui/AppContainer.test.tsx > AppContainer State Management > Terminal Title Update Feature > should update terminal title when in WaitingForConfirmation state with thought subject
[SessionSummary] No chats directory found

stdout | src/ui/AppContainer.test.tsx > AppContainer State Management > Terminal Title Update Feature > should update terminal title when in WaitingForConfirmation state with thought subject
[SessionSummary] No chats directory found

stdout | src/ui/AppContainer.test.tsx > AppContainer State Management > Terminal Title Update Feature > should update terminal title when in WaitingForConfirmation state with thought subject
[SessionSummary] No chats directory found

stdout | src/config/config.test.ts > Telemetry configuration via environment variables > should prioritize GEMINI_TELEMETRY_OUTFILE over settings
Ignore file not found: /Users/trukhinyuri/Personal/SourcesSide/gemini-cli/packages/cli/.geminiignore, continue without it.

stdout | src/config/config.test.ts > Telemetry configuration via environment variables > should prioritize GEMINI_TELEMETRY_USE_COLLECTOR over settings
Ignore file not found: /Users/trukhinyuri/Personal/SourcesSide/gemini-cli/packages/cli/.geminiignore, continue without it.

stdout | src/ui/AppContainer.test.tsx > AppContainer State Management > Terminal Title Update Feature > Shell Focus Action Required > should show Action Required in title after a delay when shell is awaiting focus
[SessionSummary] No chats directory found

stdout | src/config/config.test.ts > Telemetry configuration via environment variables > should use settings value when GEMINI_TELEMETRY_ENABLED is not set
Ignore file not found: /Users/trukhinyuri/Personal/SourcesSide/gemini-cli/packages/cli/.geminiignore, continue without it.

stdout | src/config/config.test.ts > Telemetry configuration via environment variables > should use settings value when GEMINI_TELEMETRY_TARGET is not set
Ignore file not found: /Users/trukhinyuri/Personal/SourcesSide/gemini-cli/packages/cli/.geminiignore, continue without it.

stdout | src/config/config.test.ts > Telemetry configuration via environment variables > should treat GEMINI_TELEMETRY_ENABLED='1' as true
Ignore file not found: /Users/trukhinyuri/Personal/SourcesSide/gemini-cli/packages/cli/.geminiignore, continue without it.

stdout | src/config/config.test.ts > Telemetry configuration via environment variables > should treat GEMINI_TELEMETRY_ENABLED='0' as false
Ignore file not found: /Users/trukhinyuri/Personal/SourcesSide/gemini-cli/packages/cli/.geminiignore, continue without it.

stdout | src/config/config.test.ts > Telemetry configuration via environment variables > should treat GEMINI_TELEMETRY_LOG_PROMPTS='1' as true
Ignore file not found: /Users/trukhinyuri/Personal/SourcesSide/gemini-cli/packages/cli/.geminiignore, continue without it.

stdout | src/ui/AppContainer.test.tsx > AppContainer State Management > Terminal Title Update Feature > Shell Focus Action Required > should show Working… in title for redirected commands after 2 mins
[SessionSummary] No chats directory found

stdout | src/config/config.test.ts > Telemetry configuration via environment variables > should treat GEMINI_TELEMETRY_LOG_PROMPTS='false' as false
Ignore file not found: /Users/trukhinyuri/Personal/SourcesSide/gemini-cli/packages/cli/.geminiignore, continue without it.

stdout | src/config/config.test.ts > PolicyEngine nonInteractive wiring > should set nonInteractive to true when -p flag is used
Ignore file not found: /Users/trukhinyuri/Personal/SourcesSide/gemini-cli/packages/cli/.geminiignore, continue without it.

stdout | src/config/config.test.ts > PolicyEngine nonInteractive wiring > should set nonInteractive to false in interactive mode
Ignore file not found: /Users/trukhinyuri/Personal/SourcesSide/gemini-cli/packages/cli/.geminiignore, continue without it.

(node:64058) [DEP0040] DeprecationWarning: The `punycode` module is deprecated. Please use a userland alternative instead.
(Use `node --trace-deprecation ...` to show where the warning was created)
stdout | src/config/config.test.ts > Policy Engine Integration in loadCliConfig > should pass merged allowed tools from CLI and settings to createPolicyEngineConfig
Ignore file not found: /Users/trukhinyuri/Personal/SourcesSide/gemini-cli/packages/cli/.geminiignore, continue without it.

stdout | src/config/config.test.ts > Policy Engine Integration in loadCliConfig > should pass merged exclude tools from CLI logic and settings to createPolicyEngineConfig
Ignore file not found: /Users/trukhinyuri/Personal/SourcesSide/gemini-cli/packages/cli/.geminiignore, continue without it.

stdout | src/ui/AppContainer.test.tsx > AppContainer State Management > Terminal Title Update Feature > Shell Focus Action Required > should show Working… in title for silent non-redirected commands after 1 min
[SessionSummary] No chats directory found

stdout | src/config/config.test.ts > loadCliConfig disableYoloMode > should allow auto_edit mode even if yolo mode is disabled
Ignore file not found: /Users/trukhinyuri/Personal/SourcesSide/gemini-cli/packages/cli/.geminiignore, continue without it.

stdout | src/ui/AppContainer.test.tsx > AppContainer State Management > Terminal Title Update Feature > Shell Focus Action Required > should NOT show Action Required in title if shell is streaming output
[SessionSummary] No chats directory found

stdout | src/config/config.test.ts > loadCliConfig disableYoloMode > should throw if YOLO mode is attempted when disableYoloMode is true
Ignore file not found: /Users/trukhinyuri/Personal/SourcesSide/gemini-cli/packages/cli/.geminiignore, continue without it.

stderr | src/config/config.test.ts > loadCliConfig disableYoloMode > should throw if YOLO mode is attempted when disableYoloMode is true
YOLO mode is disabled by the "disableYolo" setting.

stdout | src/config/config.test.ts > loadCliConfig secureModeEnabled > should throw an error if YOLO mode is attempted when secureModeEnabled is true
Ignore file not found: /Users/trukhinyuri/Personal/SourcesSide/gemini-cli/packages/cli/.geminiignore, continue without it.

stderr | src/config/config.test.ts > loadCliConfig secureModeEnabled > should throw an error if YOLO mode is attempted when secureModeEnabled is true
YOLO mode is disabled by "secureModeEnabled" setting.

stdout | src/config/config.test.ts > loadCliConfig secureModeEnabled > should throw an error if approval-mode=yolo is attempted when secureModeEnabled is true
Ignore file not found: /Users/trukhinyuri/Personal/SourcesSide/gemini-cli/packages/cli/.geminiignore, continue without it.

stderr | src/config/config.test.ts > loadCliConfig secureModeEnabled > should throw an error if approval-mode=yolo is attempted when secureModeEnabled is true
YOLO mode is disabled by "secureModeEnabled" setting.

stdout | src/config/config.test.ts > loadCliConfig secureModeEnabled > should set disableYoloMode to true when secureModeEnabled is true
Ignore file not found: /Users/trukhinyuri/Personal/SourcesSide/gemini-cli/packages/cli/.geminiignore, continue without it.

stdout | src/config/config.test.ts > loadCliConfig mcpEnabled > should enable MCP by default
Ignore file not found: /Users/trukhinyuri/Personal/SourcesSide/gemini-cli/packages/cli/.geminiignore, continue without it.

stdout | src/ui/AppContainer.test.tsx > AppContainer State Management > Queue Error Message > should set and clear the queue error message after a timeout
[SessionSummary] No chats directory found

stdout | src/ui/AppContainer.test.tsx > AppContainer State Management > Queue Error Message > should set and clear the queue error message after a timeout
[SessionSummary] No chats directory found

stdout | src/ui/AppContainer.test.tsx > AppContainer State Management > Queue Error Message > should set and clear the queue error message after a timeout
[SessionSummary] No chats directory found

stdout | src/ui/AppContainer.test.tsx > AppContainer State Management > Queue Error Message > should set and clear the queue error message after a timeout
[SessionSummary] No chats directory found

stdout | src/config/config.test.ts > loadCliConfig mcpEnabled > should disable MCP when mcpEnabled is false
Ignore file not found: /Users/trukhinyuri/Personal/SourcesSide/gemini-cli/packages/cli/.geminiignore, continue without it.

stdout | src/config/config.test.ts > loadCliConfig mcpEnabled > should enable MCP when mcpEnabled is true
Ignore file not found: /Users/trukhinyuri/Personal/SourcesSide/gemini-cli/packages/cli/.geminiignore, continue without it.

stdout | src/ui/AppContainer.test.tsx > AppContainer State Management > Queue Error Message > should reset the timer if a new error message is set
[SessionSummary] No chats directory found

stdout | src/ui/AppContainer.test.tsx > AppContainer State Management > Terminal Height Calculation > should prevent terminal height from being less than 1
[SessionSummary] No chats directory found

stdout | src/ui/AppContainer.test.tsx > AppContainer State Management > Keyboard Input Handling (CTRL+C / CTRL+D) > CTRL+C > should cancel ongoing request on first press
[SessionSummary] No chats directory found

stdout | src/ui/AppContainer.test.tsx > AppContainer State Management > Keyboard Input Handling (CTRL+C / CTRL+D) > CTRL+C > should quit on second press
[SessionSummary] No chats directory found

stdout | src/ui/AppContainer.test.tsx > AppContainer State Management > Keyboard Input Handling (CTRL+C / CTRL+D) > CTRL+C > should reset press count after a timeout
[SessionSummary] No chats directory found

stdout | src/ui/AppContainer.test.tsx > AppContainer State Management > Keyboard Input Handling (CTRL+C / CTRL+D) > CTRL+D > should do nothing if text buffer is not empty
[SessionSummary] No chats directory found

(node:64063) [DEP0040] DeprecationWarning: The `punycode` module is deprecated. Please use a userland alternative instead.
(Use `node --trace-deprecation ...` to show where the warning was created)
stdout | src/ui/AppContainer.test.tsx > AppContainer State Management > Keyboard Input Handling (CTRL+C / CTRL+D) > CTRL+D > should quit on second press if buffer is empty
[SessionSummary] No chats directory found

 ✓ src/config/config.test.ts (176 tests) 2198ms
(node:64061) [DEP0040] DeprecationWarning: The `punycode` module is deprecated. Please use a userland alternative instead.
(Use `node --trace-deprecation ...` to show where the warning was created)
stdout | src/ui/AppContainer.test.tsx > AppContainer State Management > Keyboard Input Handling (CTRL+C / CTRL+D) > CTRL+D > should reset press count after a timeout
[SessionSummary] No chats directory found

stdout | src/ui/AppContainer.test.tsx > AppContainer State Management > Copy Mode (CTRL+S) > 'Normal Mode' > should NOT toggle mouse off when Ctrl+S is pressed
[SessionSummary] No chats directory found

stdout | src/ui/AppContainer.test.tsx > AppContainer State Management > Copy Mode (CTRL+S) > 'Alternate Buffer Mode' > should toggle mouse off when Ctrl+S is pressed
[SessionSummary] No chats directory found

(node:64062) [DEP0040] DeprecationWarning: The `punycode` module is deprecated. Please use a userland alternative instead.
(Use `node --trace-deprecation ...` to show where the warning was created)
stdout | src/ui/AppContainer.test.tsx > AppContainer State Management > Copy Mode (CTRL+S) > 'Alternate Buffer Mode' > should toggle mouse back on when Ctrl+S is pressed again
[SessionSummary] No chats directory found

stderr | DebugLogger.error (/Users/trukhinyuri/Personal/SourcesSide/gemini-cli/packages/core/src/utils/debugLogger.ts:60:13)
{"stack":"Error: PeriodicExportingMetricReader: metrics export failed (error Error: 14 UNAVAILABLE: No connection established. Last error: Error: connect ECONNREFUSED ::1:4317)\n    at PeriodicExportingMetricReader._doRun (/Users/trukhinyuri/Personal/SourcesSide/gemini-cli/node_modules/@opentelemetry/sdk-metrics/src/export/PeriodicExportingMetricReader.ts:144:13)\n    at processTicksAndRejections (node:internal/process/task_queues:104:5)\n    at PeriodicExportingMetricReader._runOnce (/Users/trukhinyuri/Personal/SourcesSide/gemini-cli/node_modules/@opentelemetry/sdk-metrics/src/export/PeriodicExportingMetricReader.ts:103:7)\n    at PeriodicExportingMetricReader.onForceFlush (/Users/trukhinyuri/Personal/SourcesSide/gemini-cli/node_modules/@opentelemetry/sdk-metrics/src/export/PeriodicExportingMetricReader.ts:160:5)\n    at PeriodicExportingMetricReader.onShutdown (/Users/trukhinyuri/Personal/SourcesSide/gemini-cli/node_modules/@opentelemetry/sdk-metrics/src/export/PeriodicExportingMetricReader.ts:168:5)\n    at PeriodicExportingMetricReader.shutdown (/Users/trukhinyuri/Personal/SourcesSide/gemini-cli/node_modules/@opentelemetry/sdk-metrics/src/export/MetricReader.ts:261:7)\n    at MetricCollector.shutdown (/Users/trukhinyuri/Personal/SourcesSide/gemini-cli/node_modules/@opentelemetry/sdk-metrics/src/state/MetricCollector.ts:86:5)\n    at async Promise.all (index 0)\n    at MeterProvider.shutdown (/Users/trukhinyuri/Personal/SourcesSide/gemini-cli/node_modules/@opentelemetry/sdk-metrics/src/MeterProvider.ts:98:5)\n    at async Promise.all (index 2)","message":"PeriodicExportingMetricReader: metrics export failed (error Error: 14 UNAVAILABLE: No connection established. Last error: Error: connect ECONNREFUSED ::1:4317)","name":"Error"}

stdout | src/ui/AppContainer.test.tsx > AppContainer State Management > Copy Mode (CTRL+S) > 'Alternate Buffer Mode' > should exit copy mode on any key press
[SessionSummary] No chats directory found

stdout | src/ui/AppContainer.test.tsx > AppContainer State Management > Model Dialog Integration > should provide isModelDialogOpen in the UIStateContext
[SessionSummary] No chats directory found

stdout | src/ui/AppContainer.test.tsx > AppContainer State Management > Model Dialog Integration > should provide model dialog actions in the UIActionsContext
[SessionSummary] No chats directory found

stdout | src/ui/AppContainer.test.tsx > AppContainer State Management > Agent Configuration Dialog Integration > should initialize with dialog closed and no agent selected
[SessionSummary] No chats directory found

 ✓ src/ui/components/messages/ToolStickyHeaderRegression.test.tsx (2 tests) 285ms
stdout | src/ui/AppContainer.test.tsx > AppContainer State Management > Agent Configuration Dialog Integration > should update state when openAgentConfigDialog is called
[SessionSummary] No chats directory found

 ✓ src/ui/components/messages/ToolGroupMessage.test.tsx (21 tests) 1158ms
stdout | src/ui/AppContainer.test.tsx > AppContainer State Management > Agent Configuration Dialog Integration > should clear state when closeAgentConfigDialog is called
[SessionSummary] No chats directory found

stdout | src/ui/AppContainer.test.tsx > AppContainer State Management > CoreEvents Integration > subscribes to UserFeedback and drains backlog on mount
[SessionSummary] No chats directory found

(node:64065) [DEP0040] DeprecationWarning: The `punycode` module is deprecated. Please use a userland alternative instead.
(Use `node --trace-deprecation ...` to show where the warning was created)
stdout | src/ui/AppContainer.test.tsx > AppContainer State Management > CoreEvents Integration > unsubscribes from UserFeedback on unmount
[SessionSummary] No chats directory found

stdout | src/ui/AppContainer.test.tsx > AppContainer State Management > CoreEvents Integration > adds history item when UserFeedback event is received
[SessionSummary] No chats directory found

stdout | src/ui/AppContainer.test.tsx > AppContainer State Management > CoreEvents Integration > updates currentModel when ModelChanged event is received
[SessionSummary] No chats directory found

stdout | src/ui/AppContainer.test.tsx > AppContainer State Management > CoreEvents Integration > provides activeHooks from useHookDisplayState
[SessionSummary] No chats directory found

stdout | src/ui/AppContainer.test.tsx > AppContainer State Management > Banner Text > should render placeholder banner text for USE_GEMINI auth type
[SessionSummary] No chats directory found

stdout | src/ui/AppContainer.test.tsx > AppContainer State Management > Banner Text > should render placeholder banner text for USE_GEMINI auth type
[SessionSummary] No chats directory found

stdout | src/ui/AppContainer.test.tsx > AppContainer State Management > onCancelSubmit Behavior > clears the prompt when onCancelSubmit is called with shouldRestorePrompt=false
[SessionSummary] No chats directory found

stdout | src/ui/AppContainer.test.tsx > AppContainer State Management > onCancelSubmit Behavior > restores the prompt when onCancelSubmit is called with shouldRestorePrompt=true (or undefined)
[SessionSummary] No chats directory found

stdout | src/ui/AppContainer.test.tsx > AppContainer State Management > onCancelSubmit Behavior > input history is independent from conversation history (survives /clear)
[SessionSummary] No chats directory found

stdout | src/ui/AppContainer.test.tsx > AppContainer State Management > Regression Tests > does not refresh static on startup if banner text is empty
[SessionSummary] No chats directory found

 ✓ src/ui/AppContainer.test.tsx (70 tests) 2827ms
(node:64072) [DEP0040] DeprecationWarning: The `punycode` module is deprecated. Please use a userland alternative instead.
(Use `node --trace-deprecation ...` to show where the warning was created)
(node:64070) [DEP0040] DeprecationWarning: The `punycode` module is deprecated. Please use a userland alternative instead.
(Use `node --trace-deprecation ...` to show where the warning was created)
(node:64071) [DEP0040] DeprecationWarning: The `punycode` module is deprecated. Please use a userland alternative instead.
(Use `node --trace-deprecation ...` to show where the warning was created)
(node:64083) [DEP0040] DeprecationWarning: The `punycode` module is deprecated. Please use a userland alternative instead.
(Use `node --trace-deprecation ...` to show where the warning was created)
stderr | src/ui/components/ModelDialog.test.tsx > <ModelDialog /> > renders the initial "main" view correctly
An update to Root inside a test was not wrapped in act(...).

When testing, code that causes React state updates should be wrapped into act(...):

act(() => {
  /* fire events that update state */
});
/* assert on the output */

This ensures that you're testing the behavior the user would see in the browser. Learn more at https://react.dev/link/wrap-tests-with-act

stderr | src/ui/components/ModelDialog.test.tsx > <ModelDialog /> > renders "main" view with preview options when preview features are enabled
An update to Root inside a test was not wrapped in act(...).

When testing, code that causes React state updates should be wrapped into act(...):

act(() => {
  /* fire events that update state */
});
/* assert on the output */

This ensures that you're testing the behavior the user would see in the browser. Learn more at https://react.dev/link/wrap-tests-with-act

stderr | src/ui/components/ModelDialog.test.tsx > <ModelDialog /> > switches to "manual" view when "Manual" is selected
An update to Root inside a test was not wrapped in act(...).

When testing, code that causes React state updates should be wrapped into act(...):

act(() => {
  /* fire events that update state */
});
/* assert on the output */

This ensures that you're testing the behavior the user would see in the browser. Learn more at https://react.dev/link/wrap-tests-with-act
An update to BaseSelectionList inside a test was not wrapped in act(...).

When testing, code that causes React state updates should be wrapped into act(...):

act(() => {
  /* fire events that update state */
});
/* assert on the output */

This ensures that you're testing the behavior the user would see in the browser. Learn more at https://react.dev/link/wrap-tests-with-act

stderr | src/ui/components/ModelDialog.test.tsx > <ModelDialog /> > switches to "manual" view when "Manual" is selected
An update to BaseSelectionList inside a test was not wrapped in act(...).

When testing, code that causes React state updates should be wrapped into act(...):

act(() => {
  /* fire events that update state */
});
/* assert on the output */

This ensures that you're testing the behavior the user would see in the browser. Learn more at https://react.dev/link/wrap-tests-with-act

stderr | src/ui/components/ModelDialog.test.tsx > <ModelDialog /> > switches to "manual" view when "Manual" is selected
An update to BaseSelectionList inside a test was not wrapped in act(...).

When testing, code that causes React state updates should be wrapped into act(...):

act(() => {
  /* fire events that update state */
});
/* assert on the output */

This ensures that you're testing the behavior the user would see in the browser. Learn more at https://react.dev/link/wrap-tests-with-act

stderr | src/ui/components/ModelDialog.test.tsx > <ModelDialog /> > switches to "manual" view when "Manual" is selected
An update to ModelDialog inside a test was not wrapped in act(...).

When testing, code that causes React state updates should be wrapped into act(...):

act(() => {
  /* fire events that update state */
});
/* assert on the output */

This ensures that you're testing the behavior the user would see in the browser. Learn more at https://react.dev/link/wrap-tests-with-act
An update to BaseSelectionList inside a test was not wrapped in act(...).

When testing, code that causes React state updates should be wrapped into act(...):

act(() => {
  /* fire events that update state */
});
/* assert on the output */

This ensures that you're testing the behavior the user would see in the browser. Learn more at https://react.dev/link/wrap-tests-with-act

stderr | src/ui/components/ModelDialog.test.tsx > <ModelDialog /> > switches to "manual" view when "Manual" is selected
An update to BaseSelectionList inside a test was not wrapped in act(...).

When testing, code that causes React state updates should be wrapped into act(...):

act(() => {
  /* fire events that update state */
});
/* assert on the output */

This ensures that you're testing the behavior the user would see in the browser. Learn more at https://react.dev/link/wrap-tests-with-act

stderr | src/ui/components/ModelDialog.test.tsx > <ModelDialog /> > renders "manual" view with preview options when preview features are enabled
An update to Root inside a test was not wrapped in act(...).

When testing, code that causes React state updates should be wrapped into act(...):

act(() => {
  /* fire events that update state */
});
/* assert on the output */

This ensures that you're testing the behavior the user would see in the browser. Learn more at https://react.dev/link/wrap-tests-with-act
An update to BaseSelectionList inside a test was not wrapped in act(...).

When testing, code that causes React state updates should be wrapped into act(...):

act(() => {
  /* fire events that update state */
});
/* assert on the output */

This ensures that you're testing the behavior the user would see in the browser. Learn more at https://react.dev/link/wrap-tests-with-act

stderr | src/ui/components/ModelDialog.test.tsx > <ModelDialog /> > renders "manual" view with preview options when preview features are enabled
An update to BaseSelectionList inside a test was not wrapped in act(...).

When testing, code that causes React state updates should be wrapped into act(...):

act(() => {
  /* fire events that update state */
});
/* assert on the output */

This ensures that you're testing the behavior the user would see in the browser. Learn more at https://react.dev/link/wrap-tests-with-act

stderr | src/ui/components/ModelDialog.test.tsx > <ModelDialog /> > renders "manual" view with preview options when preview features are enabled
An update to BaseSelectionList inside a test was not wrapped in act(...).

When testing, code that causes React state updates should be wrapped into act(...):

act(() => {
  /* fire events that update state */
});
/* assert on the output */

This ensures that you're testing the behavior the user would see in the browser. Learn more at https://react.dev/link/wrap-tests-with-act

stderr | src/ui/components/ModelDialog.test.tsx > <ModelDialog /> > renders "manual" view with preview options when preview features are enabled
An update to BaseSelectionList inside a test was not wrapped in act(...).

When testing, code that causes React state updates should be wrapped into act(...):

act(() => {
  /* fire events that update state */
});
/* assert on the output */

This ensures that you're testing the behavior the user would see in the browser. Learn more at https://react.dev/link/wrap-tests-with-act

stderr | src/ui/components/ModelDialog.test.tsx > <ModelDialog /> > renders "manual" view with preview options when preview features are enabled
An update to BaseSelectionList inside a test was not wrapped in act(...).

When testing, code that causes React state updates should be wrapped into act(...):

act(() => {
  /* fire events that update state */
});
/* assert on the output */

This ensures that you're testing the behavior the user would see in the browser. Learn more at https://react.dev/link/wrap-tests-with-act

stderr | src/ui/components/ModelDialog.test.tsx > <ModelDialog /> > renders "manual" view with preview options when preview features are enabled
An update to ModelDialog inside a test was not wrapped in act(...).

When testing, code that causes React state updates should be wrapped into act(...):

act(() => {
  /* fire events that update state */
});
/* assert on the output */

This ensures that you're testing the behavior the user would see in the browser. Learn more at https://react.dev/link/wrap-tests-with-act
An update to BaseSelectionList inside a test was not wrapped in act(...).

When testing, code that causes React state updates should be wrapped into act(...):

act(() => {
  /* fire events that update state */
});
/* assert on the output */

This ensures that you're testing the behavior the user would see in the browser. Learn more at https://react.dev/link/wrap-tests-with-act

stderr | src/ui/components/ModelDialog.test.tsx > <ModelDialog /> > renders "manual" view with preview options when preview features are enabled
An update to BaseSelectionList inside a test was not wrapped in act(...).

When testing, code that causes React state updates should be wrapped into act(...):

act(() => {
  /* fire events that update state */
});
/* assert on the output */

This ensures that you're testing the behavior the user would see in the browser. Learn more at https://react.dev/link/wrap-tests-with-act

stderr | src/ui/components/ModelDialog.test.tsx > <ModelDialog /> > sets model and closes when a model is selected in "main" view
An update to Root inside a test was not wrapped in act(...).

When testing, code that causes React state updates should be wrapped into act(...):

act(() => {
  /* fire events that update state */
});
/* assert on the output */

This ensures that you're testing the behavior the user would see in the browser. Learn more at https://react.dev/link/wrap-tests-with-act
An update to BaseSelectionList inside a test was not wrapped in act(...).

When testing, code that causes React state updates should be wrapped into act(...):

act(() => {
  /* fire events that update state */
});
/* assert on the output */

This ensures that you're testing the behavior the user would see in the browser. Learn more at https://react.dev/link/wrap-tests-with-act

stderr | src/ui/components/ModelDialog.test.tsx > <ModelDialog /> > sets model and closes when a model is selected in "main" view
An update to BaseSelectionList inside a test was not wrapped in act(...).

When testing, code that causes React state updates should be wrapped into act(...):

act(() => {
  /* fire events that update state */
});
/* assert on the output */

This ensures that you're testing the behavior the user would see in the browser. Learn more at https://react.dev/link/wrap-tests-with-act

stderr | src/ui/components/ModelDialog.test.tsx > <ModelDialog /> > sets model and closes when a model is selected in "manual" view
An update to Root inside a test was not wrapped in act(...).

When testing, code that causes React state updates should be wrapped into act(...):

act(() => {
  /* fire events that update state */
});
/* assert on the output */

This ensures that you're testing the behavior the user would see in the browser. Learn more at https://react.dev/link/wrap-tests-with-act
An update to BaseSelectionList inside a test was not wrapped in act(...).

When testing, code that causes React state updates should be wrapped into act(...):

act(() => {
  /* fire events that update state */
});
/* assert on the output */

This ensures that you're testing the behavior the user would see in the browser. Learn more at https://react.dev/link/wrap-tests-with-act

stderr | src/ui/components/ModelDialog.test.tsx > <ModelDialog /> > sets model and closes when a model is selected in "manual" view
An update to BaseSelectionList inside a test was not wrapped in act(...).

When testing, code that causes React state updates should be wrapped into act(...):

act(() => {
  /* fire events that update state */
});
/* assert on the output */

This ensures that you're testing the behavior the user would see in the browser. Learn more at https://react.dev/link/wrap-tests-with-act

(node:64065) MaxListenersExceededWarning: Possible EventEmitter memory leak detected. 11 retry-attempt listeners added to [CoreEventEmitter]. MaxListeners is 10. Use emitter.setMaxListeners() to increase limit
stderr | src/ui/components/ModelDialog.test.tsx > <ModelDialog /> > sets model and closes when a model is selected in "manual" view
An update to BaseSelectionList inside a test was not wrapped in act(...).

When testing, code that causes React state updates should be wrapped into act(...):

act(() => {
  /* fire events that update state */
});
/* assert on the output */

This ensures that you're testing the behavior the user would see in the browser. Learn more at https://react.dev/link/wrap-tests-with-act

stderr | src/ui/components/ModelDialog.test.tsx > <ModelDialog /> > sets model and closes when a model is selected in "manual" view
An update to ModelDialog inside a test was not wrapped in act(...).

When testing, code that causes React state updates should be wrapped into act(...):

act(() => {
  /* fire events that update state */
});
/* assert on the output */

This ensures that you're testing the behavior the user would see in the browser. Learn more at https://react.dev/link/wrap-tests-with-act
An update to BaseSelectionList inside a test was not wrapped in act(...).

When testing, code that causes React state updates should be wrapped into act(...):

act(() => {
  /* fire events that update state */
});
/* assert on the output */

This ensures that you're testing the behavior the user would see in the browser. Learn more at https://react.dev/link/wrap-tests-with-act

stderr | src/ui/components/ModelDialog.test.tsx > <ModelDialog /> > sets model and closes when a model is selected in "manual" view
An update to BaseSelectionList inside a test was not wrapped in act(...).

When testing, code that causes React state updates should be wrapped into act(...):

act(() => {
  /* fire events that update state */
});
/* assert on the output */

This ensures that you're testing the behavior the user would see in the browser. Learn more at https://react.dev/link/wrap-tests-with-act

stderr | src/ui/components/ModelDialog.test.tsx > <ModelDialog /> > sets model and closes when a model is selected in "manual" view
An update to BaseSelectionList inside a test was not wrapped in act(...).

When testing, code that causes React state updates should be wrapped into act(...):

act(() => {
  /* fire events that update state */
});
/* assert on the output */

This ensures that you're testing the behavior the user would see in the browser. Learn more at https://react.dev/link/wrap-tests-with-act

stderr | src/ui/components/ModelDialog.test.tsx > <ModelDialog /> > sets model and closes when a model is selected in "manual" view
An update to BaseSelectionList inside a test was not wrapped in act(...).

When testing, code that causes React state updates should be wrapped into act(...):

act(() => {
  /* fire events that update state */
});
/* assert on the output */

This ensures that you're testing the behavior the user would see in the browser. Learn more at https://react.dev/link/wrap-tests-with-act

stderr | src/ui/components/ModelDialog.test.tsx > <ModelDialog /> > toggles persist mode with Tab key
An update to Root inside a test was not wrapped in act(...).

When testing, code that causes React state updates should be wrapped into act(...):

act(() => {
  /* fire events that update state */
});
/* assert on the output */

This ensures that you're testing the behavior the user would see in the browser. Learn more at https://react.dev/link/wrap-tests-with-act
An update to ModelDialog inside a test was not wrapped in act(...).

When testing, code that causes React state updates should be wrapped into act(...):

act(() => {
  /* fire events that update state */
});
/* assert on the output */

This ensures that you're testing the behavior the user would see in the browser. Learn more at https://react.dev/link/wrap-tests-with-act

 ✓ src/ui/components/HistoryItemDisplay.test.tsx (20 tests) 1433ms
stderr | src/ui/components/ModelDialog.test.tsx > <ModelDialog /> > toggles persist mode with Tab key
An update to BaseSelectionList inside a test was not wrapped in act(...).

When testing, code that causes React state updates should be wrapped into act(...):

act(() => {
  /* fire events that update state */
});
/* assert on the output */

This ensures that you're testing the behavior the user would see in the browser. Learn more at https://react.dev/link/wrap-tests-with-act

stderr | src/ui/components/ModelDialog.test.tsx > <ModelDialog /> > toggles persist mode with Tab key
An update to BaseSelectionList inside a test was not wrapped in act(...).

When testing, code that causes React state updates should be wrapped into act(...):

act(() => {
  /* fire events that update state */
});
/* assert on the output */

This ensures that you're testing the behavior the user would see in the browser. Learn more at https://react.dev/link/wrap-tests-with-act

 ✓ src/ui/components/AgentConfigDialog.test.tsx (11 tests) 1032ms
   ✓ AgentConfigDialog > rendering > should render the dialog with title  303ms
stderr | src/ui/components/ModelDialog.test.tsx > <ModelDialog /> > closes dialog on escape in "main" view
An update to Root inside a test was not wrapped in act(...).

When testing, code that causes React state updates should be wrapped into act(...):

act(() => {
  /* fire events that update state */
});
/* assert on the output */

This ensures that you're testing the behavior the user would see in the browser. Learn more at https://react.dev/link/wrap-tests-with-act

stderr | src/ui/components/ModelDialog.test.tsx > <ModelDialog /> > goes back to "main" view on escape in "manual" view
An update to Root inside a test was not wrapped in act(...).

When testing, code that causes React state updates should be wrapped into act(...):

act(() => {
  /* fire events that update state */
});
/* assert on the output */

This ensures that you're testing the behavior the user would see in the browser. Learn more at https://react.dev/link/wrap-tests-with-act
An update to BaseSelectionList inside a test was not wrapped in act(...).

When testing, code that causes React state updates should be wrapped into act(...):

act(() => {
  /* fire events that update state */
});
/* assert on the output */

This ensures that you're testing the behavior the user would see in the browser. Learn more at https://react.dev/link/wrap-tests-with-act

stderr | src/ui/components/ModelDialog.test.tsx > <ModelDialog /> > goes back to "main" view on escape in "manual" view
An update to BaseSelectionList inside a test was not wrapped in act(...).

When testing, code that causes React state updates should be wrapped into act(...):

act(() => {
  /* fire events that update state */
});
/* assert on the output */

This ensures that you're testing the behavior the user would see in the browser. Learn more at https://react.dev/link/wrap-tests-with-act

stderr | src/ui/components/ModelDialog.test.tsx > <ModelDialog /> > goes back to "main" view on escape in "manual" view
An update to BaseSelectionList inside a test was not wrapped in act(...).

When testing, code that causes React state updates should be wrapped into act(...):

act(() => {
  /* fire events that update state */
});
/* assert on the output */

This ensures that you're testing the behavior the user would see in the browser. Learn more at https://react.dev/link/wrap-tests-with-act

stderr | src/ui/components/ModelDialog.test.tsx > <ModelDialog /> > goes back to "main" view on escape in "manual" view
An update to ModelDialog inside a test was not wrapped in act(...).

When testing, code that causes React state updates should be wrapped into act(...):

act(() => {
  /* fire events that update state */
});
/* assert on the output */

This ensures that you're testing the behavior the user would see in the browser. Learn more at https://react.dev/link/wrap-tests-with-act
An update to BaseSelectionList inside a test was not wrapped in act(...).

When testing, code that causes React state updates should be wrapped into act(...):

act(() => {
  /* fire events that update state */
});
/* assert on the output */

This ensures that you're testing the behavior the user would see in the browser. Learn more at https://react.dev/link/wrap-tests-with-act

stderr | src/ui/components/ModelDialog.test.tsx > <ModelDialog /> > goes back to "main" view on escape in "manual" view
An update to BaseSelectionList inside a test was not wrapped in act(...).

When testing, code that causes React state updates should be wrapped into act(...):

act(() => {
  /* fire events that update state */
});
/* assert on the output */

This ensures that you're testing the behavior the user would see in the browser. Learn more at https://react.dev/link/wrap-tests-with-act

 ✓ src/ui/hooks/useGeminiStream.test.tsx (64 tests) 1122ms
stderr | src/ui/components/ModelDialog.test.tsx > <ModelDialog /> > goes back to "main" view on escape in "manual" view
An update to ModelDialog inside a test was not wrapped in act(...).

When testing, code that causes React state updates should be wrapped into act(...):

act(() => {
  /* fire events that update state */
});
/* assert on the output */

This ensures that you're testing the behavior the user would see in the browser. Learn more at https://react.dev/link/wrap-tests-with-act

stderr | src/ui/components/ModelDialog.test.tsx > <ModelDialog /> > goes back to "main" view on escape in "manual" view
An update to BaseSelectionList inside a test was not wrapped in act(...).

When testing, code that causes React state updates should be wrapped into act(...):

act(() => {
  /* fire events that update state */
});
/* assert on the output */

This ensures that you're testing the behavior the user would see in the browser. Learn more at https://react.dev/link/wrap-tests-with-act

stderr | src/ui/components/ModelDialog.test.tsx > <ModelDialog /> > Preview Logic > should NOT show preview options if user has no access
An update to Root inside a test was not wrapped in act(...).

When testing, code that causes React state updates should be wrapped into act(...):

act(() => {
  /* fire events that update state */
});
/* assert on the output */

This ensures that you're testing the behavior the user would see in the browser. Learn more at https://react.dev/link/wrap-tests-with-act

stderr | src/ui/components/ModelDialog.test.tsx > <ModelDialog /> > Preview Logic > should NOT show preview options if user has access but preview features are disabled
An update to Root inside a test was not wrapped in act(...).

When testing, code that causes React state updates should be wrapped into act(...):

act(() => {
  /* fire events that update state */
});
/* assert on the output */

This ensures that you're testing the behavior the user would see in the browser. Learn more at https://react.dev/link/wrap-tests-with-act

stderr | src/ui/components/ModelDialog.test.tsx > <ModelDialog /> > Preview Logic > should show preview options if user has access AND preview features are enabled
An update to Root inside a test was not wrapped in act(...).

When testing, code that causes React state updates should be wrapped into act(...):

act(() => {
  /* fire events that update state */
});
/* assert on the output */

This ensures that you're testing the behavior the user would see in the browser. Learn more at https://react.dev/link/wrap-tests-with-act

stderr | src/ui/components/ModelDialog.test.tsx > <ModelDialog /> > Preview Logic > should show "Gemini 3 is now available" header if user has access but preview features disabled
An update to Root inside a test was not wrapped in act(...).

When testing, code that causes React state updates should be wrapped into act(...):

act(() => {
  /* fire events that update state */
});
/* assert on the output */

This ensures that you're testing the behavior the user would see in the browser. Learn more at https://react.dev/link/wrap-tests-with-act

stderr | src/ui/components/ModelDialog.test.tsx > <ModelDialog /> > Preview Logic > should show "Gemini 3 is coming soon" header if user has no access
An update to Root inside a test was not wrapped in act(...).

When testing, code that causes React state updates should be wrapped into act(...):

act(() => {
  /* fire events that update state */
});
/* assert on the output */

This ensures that you're testing the behavior the user would see in the browser. Learn more at https://react.dev/link/wrap-tests-with-act

stderr | src/ui/components/ModelDialog.test.tsx > <ModelDialog /> > Preview Logic > should NOT show header/subheader if preview options are shown
An update to Root inside a test was not wrapped in act(...).

When testing, code that causes React state updates should be wrapped into act(...):

act(() => {
  /* fire events that update state */
});
/* assert on the output */

This ensures that you're testing the behavior the user would see in the browser. Learn more at https://react.dev/link/wrap-tests-with-act

stdout | src/ui/hooks/useAtCompletion.test.ts > useAtCompletion > File Search Logic > should perform a recursive search for an empty pattern
Ignore file not found: /var/folders/m_/t8srdy5j15758lvzl10458gw0000gn/T/gemini-cli-test-jhd0xz/.geminiignore, continue without it.

 ✓ src/ui/components/ModelDialog.test.tsx (15 tests) 2674ms
   ✓ <ModelDialog /> > switches to "manual" view when "Manual" is selected  335ms
   ✓ <ModelDialog /> > renders "manual" view with preview options when preview features are enabled  485ms
   ✓ <ModelDialog /> > sets model and closes when a model is selected in "manual" view  475ms
   ✓ <ModelDialog /> > toggles persist mode with Tab key  326ms
   ✓ <ModelDialog /> > goes back to "main" view on escape in "manual" view  488ms
stdout | src/ui/hooks/useAtCompletion.test.ts > useAtCompletion > File Search Logic > should correctly filter the recursive list based on a pattern
Ignore file not found: /var/folders/m_/t8srdy5j15758lvzl10458gw0000gn/T/gemini-cli-test-dFc9mo/.geminiignore, continue without it.

 ✓ src/ui/components/shared/performance.test.ts (3 tests) 2648ms
   ✓ text-buffer performance > should handle pasting large amounts of text efficiently  547ms
   ✓ text-buffer performance > should handle character-by-character insertion in a large buffer efficiently  2095ms
stdout | src/ui/hooks/useAtCompletion.test.ts > useAtCompletion > File Search Logic > should append a trailing slash to directory paths in suggestions
Ignore file not found: /var/folders/m_/t8srdy5j15758lvzl10458gw0000gn/T/gemini-cli-test-JK9tLz/.geminiignore, continue without it.

stdout | src/ui/hooks/useAtCompletion.test.ts > useAtCompletion > File Search Logic > should perform a case-insensitive search by lowercasing the pattern
Ignore file not found: /var/folders/m_/t8srdy5j15758lvzl10458gw0000gn/T/gemini-cli-test-F7BFTP/.geminiignore, continue without it.

stdout | src/ui/hooks/useAtCompletion.test.ts > useAtCompletion > File Search Logic > should perform a case-insensitive search by lowercasing the pattern
Ignore file not found: /var/folders/m_/t8srdy5j15758lvzl10458gw0000gn/T/gemini-cli-test-F7BFTP/.geminiignore, continue without it.

stdout | src/ui/hooks/useAtCompletion.test.ts > useAtCompletion > MCP resource suggestions > should include MCP resources in the suggestion list using fuzzy matching
Ignore file not found: /tmp/.geminiignore, continue without it.

stdout | src/ui/hooks/useAtCompletion.test.ts > useAtCompletion > UI State and Loading Behavior > should be in a loading state during initial file system crawl
Ignore file not found: /var/folders/m_/t8srdy5j15758lvzl10458gw0000gn/T/gemini-cli-test-fk12eA/.geminiignore, continue without it.

(node:64097) [DEP0040] DeprecationWarning: The `punycode` module is deprecated. Please use a userland alternative instead.
(Use `node --trace-deprecation ...` to show where the warning was created)
stdout | src/ui/hooks/useAtCompletion.test.ts > useAtCompletion > UI State and Loading Behavior > should NOT show a loading indicator for subsequent searches that complete under 200ms
Ignore file not found: /var/folders/m_/t8srdy5j15758lvzl10458gw0000gn/T/gemini-cli-test-Wl7tQm/.geminiignore, continue without it.

(node:64093) [DEP0040] DeprecationWarning: The `punycode` module is deprecated. Please use a userland alternative instead.
(Use `node --trace-deprecation ...` to show where the warning was created)
(node:64094) [DEP0040] DeprecationWarning: The `punycode` module is deprecated. Please use a userland alternative instead.
(Use `node --trace-deprecation ...` to show where the warning was created)
stdout | src/ui/hooks/useAtCompletion.test.ts > useAtCompletion > UI State and Loading Behavior > should show a loading indicator and clear old suggestions for subsequent searches that take longer than 200ms
Ignore file not found: /var/folders/m_/t8srdy5j15758lvzl10458gw0000gn/T/gemini-cli-test-4ThsON/.geminiignore, continue without it.

stdout | src/ui/hooks/useAtCompletion.test.ts > useAtCompletion > UI State and Loading Behavior > should show a loading indicator and clear old suggestions for subsequent searches that take longer than 200ms
Ignore file not found: /var/folders/m_/t8srdy5j15758lvzl10458gw0000gn/T/gemini-cli-test-4ThsON/.geminiignore, continue without it.

stderr | ../../node_modules/react-reconciler/cjs/react-reconciler.development.js:13614:19
An update to BaseSettingsDialog inside a test was not wrapped in act(...).

When testing, code that causes React state updates should be wrapped into act(...):

act(() => {
  /* fire events that update state */
});
/* assert on the output */

This ensures that you're testing the behavior the user would see in the browser. Learn more at https://react.dev/link/wrap-tests-with-act

stderr | ../../node_modules/react-reconciler/cjs/react-reconciler.development.js:13614:19
An update to BaseSettingsDialog inside a test was not wrapped in act(...).

When testing, code that causes React state updates should be wrapped into act(...):

act(() => {
  /* fire events that update state */
});
/* assert on the output */

This ensures that you're testing the behavior the user would see in the browser. Learn more at https://react.dev/link/wrap-tests-with-act

 ✓ src/ui/components/shared/BaseSettingsDialog.test.tsx (27 tests) 1102ms
stdout | src/ui/hooks/useAtCompletion.test.ts > useAtCompletion > UI State and Loading Behavior > should abort the previous search when a new one starts
Ignore file not found: /var/folders/m_/t8srdy5j15758lvzl10458gw0000gn/T/gemini-cli-test-geE91i/.geminiignore, continue without it.

stdout | src/ui/hooks/useAtCompletion.test.ts > useAtCompletion > State Management > should reset the state when disabled after being in a READY state
Ignore file not found: /var/folders/m_/t8srdy5j15758lvzl10458gw0000gn/T/gemini-cli-test-wiwgos/.geminiignore, continue without it.

stdout | src/ui/hooks/useAtCompletion.test.ts > useAtCompletion > State Management > should reset the state when disabled after being in an ERROR state
Ignore file not found: /var/folders/m_/t8srdy5j15758lvzl10458gw0000gn/T/gemini-cli-test-5yeVXW/.geminiignore, continue without it.

stdout | src/ui/hooks/useAtCompletion.test.ts > useAtCompletion > Filtering and Configuration > should respect .gitignore files
Ignore file not found: /var/folders/m_/t8srdy5j15758lvzl10458gw0000gn/T/gemini-cli-test-HWU0s0/.geminiignore, continue without it.

 ✓ src/ui/hooks/usePhraseCycler.test.tsx (12 tests) 222ms
stdout | src/ui/hooks/useAtCompletion.test.ts > useAtCompletion > Filtering and Configuration > should work correctly when config is undefined
Ignore file not found: /var/folders/m_/t8srdy5j15758lvzl10458gw0000gn/T/gemini-cli-test-ykJtQG/.geminiignore, continue without it.

(node:64100) [DEP0040] DeprecationWarning: The `punycode` module is deprecated. Please use a userland alternative instead.
(Use `node --trace-deprecation ...` to show where the warning was created)
stdout | src/ui/hooks/useAtCompletion.test.ts > useAtCompletion > Filtering and Configuration > should reset and re-initialize when the cwd changes
Ignore file not found: /var/folders/m_/t8srdy5j15758lvzl10458gw0000gn/T/gemini-cli-test-WhabLl/.geminiignore, continue without it.

 ✓ src/ui/components/AskUserDialog.test.tsx (25 tests) 1862ms
stdout | src/ui/hooks/useAtCompletion.test.ts > useAtCompletion > Filtering and Configuration > should reset and re-initialize when the cwd changes
Ignore file not found: /var/folders/m_/t8srdy5j15758lvzl10458gw0000gn/T/gemini-cli-test-HHg58t/.geminiignore, continue without it.

(node:64101) [DEP0040] DeprecationWarning: The `punycode` module is deprecated. Please use a userland alternative instead.
(Use `node --trace-deprecation ...` to show where the warning was created)
stdout | src/ui/hooks/useAtCompletion.test.ts > useAtCompletion > Filtering and Configuration > should perform a non-recursive search when enableRecursiveFileSearch is false
Ignore file not found: /var/folders/m_/t8srdy5j15758lvzl10458gw0000gn/T/gemini-cli-test-Ru2RhK/.geminiignore, continue without it.

 ✓ src/ui/hooks/useAtCompletion.test.ts (15 tests) 1963ms
(node:64110) [DEP0040] DeprecationWarning: The `punycode` module is deprecated. Please use a userland alternative instead.
(Use `node --trace-deprecation ...` to show where the warning was created)
(node:64112) [DEP0040] DeprecationWarning: The `punycode` module is deprecated. Please use a userland alternative instead.
(Use `node --trace-deprecation ...` to show where the warning was created)
(node:64114) [DEP0040] DeprecationWarning: The `punycode` module is deprecated. Please use a userland alternative instead.
(Use `node --trace-deprecation ...` to show where the warning was created)
(node:64116) [DEP0040] DeprecationWarning: The `punycode` module is deprecated. Please use a userland alternative instead.
(Use `node --trace-deprecation ...` to show where the warning was created)
 ✓ src/ui/hooks/vim.test.tsx (93 tests) 655ms
 ✓ src/ui/components/shared/BaseSelectionList.test.tsx (26 tests) 312ms
 ✓ src/ui/hooks/slashCommandProcessor.test.tsx (35 tests) 350ms
 ✓ src/nonInteractiveCli.test.ts (43 tests) 530ms
   ✓ runNonInteractive > should handle cancellation (Ctrl+C)  408ms
 ✓ src/ui/IdeIntegrationNudge.test.tsx (6 tests) 1657ms
   ✓ IdeIntegrationNudge > handles "No" selection  344ms
   ✓ IdeIntegrationNudge > handles "Dismiss" selection  431ms
(node:64122) [DEP0040] DeprecationWarning: The `punycode` module is deprecated. Please use a userland alternative instead.
(Use `node --trace-deprecation ...` to show where the warning was created)
stderr | src/ui/auth/AuthDialog.test.tsx > AuthDialog > handleAuthSelect > exits process for Login with Google when browser is suppressed
An update to AuthDialog inside a test was not wrapped in act(...).

When testing, code that causes React state updates should be wrapped into act(...):

act(() => {
  /* fire events that update state */
});
/* assert on the output */

This ensures that you're testing the behavior the user would see in the browser. Learn more at https://react.dev/link/wrap-tests-with-act

(node:64127) [DEP0040] DeprecationWarning: The `punycode` module is deprecated. Please use a userland alternative instead.
(Use `node --trace-deprecation ...` to show where the warning was created)
 ✓ src/ui/hooks/useSlashCompletion.test.ts (25 tests) 546ms
 ✓ src/ui/auth/AuthDialog.test.tsx (24 tests) 479ms
(node:64126) [DEP0040] DeprecationWarning: The `punycode` module is deprecated. Please use a userland alternative instead.
(Use `node --trace-deprecation ...` to show where the warning was created)
(node:64125) [DEP0040] DeprecationWarning: The `punycode` module is deprecated. Please use a userland alternative instead.
(Use `node --trace-deprecation ...` to show where the warning was created)
 ✓ src/ui/components/messages/DiffRenderer.test.tsx (26 tests) 938ms
(node:64116) MaxListenersExceededWarning: Possible EventEmitter memory leak detected. 11 model-changed listeners added to [CoreEventEmitter]. MaxListeners is 10. Use emitter.setMaxListeners() to increase limit
 ✓ src/ui/components/AppHeader.test.tsx (11 tests) 662ms
(node:64131) [DEP0040] DeprecationWarning: The `punycode` module is deprecated. Please use a userland alternative instead.
(Use `node --trace-deprecation ...` to show where the warning was created)
(node:64133) [DEP0040] DeprecationWarning: The `punycode` module is deprecated. Please use a userland alternative instead.
(Use `node --trace-deprecation ...` to show where the warning was created)
(node:64134) [DEP0040] DeprecationWarning: The `punycode` module is deprecated. Please use a userland alternative instead.
(Use `node --trace-deprecation ...` to show where the warning was created)
(node:64143) [DEP0040] DeprecationWarning: The `punycode` module is deprecated. Please use a userland alternative instead.
(Use `node --trace-deprecation ...` to show where the warning was created)
(node:64150) [DEP0040] DeprecationWarning: The `punycode` module is deprecated. Please use a userland alternative instead.
(Use `node --trace-deprecation ...` to show where the warning was created)
 ✓ src/config/extension-manager-hydration.test.ts (4 tests) 555ms
 ✓ src/ui/components/shared/EnumSelector.test.tsx (9 tests) 163ms
 ✓ src/ui/components/ToolConfirmationQueue.test.tsx (4 tests) 151ms
 ✓ src/ui/components/ThemeDialog.test.tsx (9 tests) 1141ms
   ✓ ThemeDialog Snapshots > should render correctly in theme selection mode  455ms
(node:64157) [DEP0040] DeprecationWarning: The `punycode` module is deprecated. Please use a userland alternative instead.
(Use `node --trace-deprecation ...` to show where the warning was created)
 ✓ src/ui/components/messages/UserMessage.test.tsx (4 tests) 104ms
(node:64156) [DEP0040] DeprecationWarning: The `punycode` module is deprecated. Please use a userland alternative instead.
(Use `node --trace-deprecation ...` to show where the warning was created)
 ✓ src/ui/components/messages/ToolResultDisplayOverflow.test.tsx (1 test) 187ms
stderr | ../../node_modules/react-reconciler/cjs/react-reconciler.development.js:13614:19
An update to ForwardRef(ScrollableList) inside a test was not wrapped in act(...).

When testing, code that causes React state updates should be wrapped into act(...):

act(() => {
  /* fire events that update state */
});
/* assert on the output */

This ensures that you're testing the behavior the user would see in the browser. Learn more at https://react.dev/link/wrap-tests-with-act

 ✓ src/ui/components/shared/ScrollableList.test.tsx (4 tests) 1221ms
   ✓ ScrollableList Demo Behavior > Keyboard Navigation > should handle scroll keys correctly  890ms
 ✓ src/ui/components/StatsDisplay.test.tsx (14 tests) 304ms
(node:64160) [DEP0040] DeprecationWarning: The `punycode` module is deprecated. Please use a userland alternative instead.
(Use `node --trace-deprecation ...` to show where the warning was created)
(node:64162) [DEP0040] DeprecationWarning: The `punycode` module is deprecated. Please use a userland alternative instead.
(Use `node --trace-deprecation ...` to show where the warning was created)
(node:64166) [DEP0040] DeprecationWarning: The `punycode` module is deprecated. Please use a userland alternative instead.
(Use `node --trace-deprecation ...` to show where the warning was created)
(node:64163) [DEP0040] DeprecationWarning: The `punycode` module is deprecated. Please use a userland alternative instead.
(Use `node --trace-deprecation ...` to show where the warning was created)
(node:64168) [DEP0040] DeprecationWarning: The `punycode` module is deprecated. Please use a userland alternative instead.
(Use `node --trace-deprecation ...` to show where the warning was created)
 ✓ src/ui/utils/MarkdownDisplay.test.tsx (30 tests) 794ms
(node:64167) [DEP0040] DeprecationWarning: The `punycode` module is deprecated. Please use a userland alternative instead.
(Use `node --trace-deprecation ...` to show where the warning was created)
 ✓ src/services/FileCommandLoader.test.ts (44 tests) 391ms
(node:64178) [DEP0040] DeprecationWarning: The `punycode` module is deprecated. Please use a userland alternative instead.
(Use `node --trace-deprecation ...` to show where the warning was created)
stderr | src/ui/components/RewindViewer.test.tsx
An update to Spinner inside a test was not wrapped in act(...).

When testing, code that causes React state updates should be wrapped into act(...):

act(() => {
  /* fire events that update state */
});
/* assert on the output */

This ensures that you're testing the behavior the user would see in the browser. Learn more at https://react.dev/link/wrap-tests-with-act

 ✓ src/ui/components/GeminiRespondingSpinner.test.tsx (5 tests) 49ms
stderr | ../../node_modules/react-reconciler/cjs/react-reconciler.development.js:13614:19
An update to Spinner inside a test was not wrapped in act(...).

When testing, code that causes React state updates should be wrapped into act(...):

act(() => {
  /* fire events that update state */
});
/* assert on the output */

This ensures that you're testing the behavior the user would see in the browser. Learn more at https://react.dev/link/wrap-tests-with-act

 ✓ src/ui/components/RewindViewer.test.tsx (12 tests) 522ms
stderr | ../../node_modules/react-reconciler/cjs/react-reconciler.development.js:13614:19
An update to Spinner inside a test was not wrapped in act(...).

When testing, code that causes React state updates should be wrapped into act(...):

act(() => {
  /* fire events that update state */
});
/* assert on the output */

This ensures that you're testing the behavior the user would see in the browser. Learn more at https://react.dev/link/wrap-tests-with-act

 ✓ src/ui/components/ApprovalModeIndicator.test.tsx (4 tests) 86ms
(node:64181) [DEP0040] DeprecationWarning: The `punycode` module is deprecated. Please use a userland alternative instead.
(Use `node --trace-deprecation ...` to show where the warning was created)
 ✓ src/ui/components/messages/ToolMessage.test.tsx (19 tests) 745ms
 ✓ src/ui/components/Help.test.tsx (3 tests) 222ms
(node:64186) [DEP0040] DeprecationWarning: The `punycode` module is deprecated. Please use a userland alternative instead.
(Use `node --trace-deprecation ...` to show where the warning was created)
 ✓ src/config/extension-manager-skills.test.ts (3 tests) 487ms
(node:64188) [DEP0040] DeprecationWarning: The `punycode` module is deprecated. Please use a userland alternative instead.
(Use `node --trace-deprecation ...` to show where the warning was created)
(node:64190) [DEP0040] DeprecationWarning: The `punycode` module is deprecated. Please use a userland alternative instead.
(Use `node --trace-deprecation ...` to show where the warning was created)
 ✓ src/services/BuiltinCommandLoader.test.ts (13 tests) 633ms
   ✓ BuiltinCommandLoader profile > should not include profile command when isDevelopment is false  325ms
(node:64193) [DEP0040] DeprecationWarning: The `punycode` module is deprecated. Please use a userland alternative instead.
(Use `node --trace-deprecation ...` to show where the warning was created)
(node:64192) [DEP0040] DeprecationWarning: The `punycode` module is deprecated. Please use a userland alternative instead.
(Use `node --trace-deprecation ...` to show where the warning was created)
(node:64200) [DEP0040] DeprecationWarning: The `punycode` module is deprecated. Please use a userland alternative instead.
(Use `node --trace-deprecation ...` to show where the warning was created)
 ✓ src/ui/components/messages/ToolResultDisplay.test.tsx (8 tests) 385ms
(node:64203) [DEP0040] DeprecationWarning: The `punycode` module is deprecated. Please use a userland alternative instead.
(Use `node --trace-deprecation ...` to show where the warning was created)
 ✓ src/ui/hooks/useKeypress.test.tsx (22 tests) 161ms
(node:64212) [DEP0040] DeprecationWarning: The `punycode` module is deprecated. Please use a userland alternative instead.
(Use `node --trace-deprecation ...` to show where the warning was created)
 ✓ src/ui/components/LoadingIndicator.test.tsx (16 tests) 219ms
 ✓ src/config/settings.test.ts (69 tests) 214ms
 ✓ src/ui/components/BubblingRegression.test.tsx (1 test) 190ms
(node:64214) [DEP0040] DeprecationWarning: The `punycode` module is deprecated. Please use a userland alternative instead.
(Use `node --trace-deprecation ...` to show where the warning was created)
(node:64220) [DEP0040] DeprecationWarning: The `punycode` module is deprecated. Please use a userland alternative instead.
(Use `node --trace-deprecation ...` to show where the warning was created)
(node:64222) [DEP0040] DeprecationWarning: The `punycode` module is deprecated. Please use a userland alternative instead.
(Use `node --trace-deprecation ...` to show where the warning was created)
(node:64219) [DEP0040] DeprecationWarning: The `punycode` module is deprecated. Please use a userland alternative instead.
(Use `node --trace-deprecation ...` to show where the warning was created)
 ✓ src/ui/hooks/useSelectionList.test.tsx (47 tests) 176ms
 ✓ src/ui/components/messages/ToolConfirmationMessage.test.tsx (16 tests) 507ms
(node:64200) MaxListenersExceededWarning: Possible EventEmitter memory leak detected. 11 resize listeners added to [Socket]. MaxListeners is 10. Use emitter.setMaxListeners() to increase limit
 ✓ src/ui/components/messages/GeminiMessage.test.tsx (4 tests) 249ms
 ✓ src/ui/components/AlternateBufferQuittingDisplay.test.tsx (6 tests) 474ms
(node:64225) [DEP0040] DeprecationWarning: The `punycode` module is deprecated. Please use a userland alternative instead.
(Use `node --trace-deprecation ...` to show where the warning was created)
(node:64231) [DEP0040] DeprecationWarning: The `punycode` module is deprecated. Please use a userland alternative instead.
(Use `node --trace-deprecation ...` to show where the warning was created)
 ✓ src/ui/components/RewindConfirmation.test.tsx (4 tests) 265ms
(node:64227) [DEP0040] DeprecationWarning: The `punycode` module is deprecated. Please use a userland alternative instead.
(Use `node --trace-deprecation ...` to show where the warning was created)
stdout | src/config/policy-engine.integration.test.ts > Policy Engine Integration Tests > Policy configuration produces valid PolicyEngine config > should create a working PolicyEngine from basic settings
[PolicyEngine.check] toolCall.name: run_shell_command, stringifiedArgs: undefined
[PolicyEngine.check] MATCHED rule: toolName=run_shell_command, decision=allow, priority=2.3, argsPattern=none

stdout | src/config/policy-engine.integration.test.ts > Policy Engine Integration Tests > Policy configuration produces valid PolicyEngine config > should create a working PolicyEngine from basic settings
[PolicyEngine.check] toolCall.name: write_file, stringifiedArgs: undefined
[PolicyEngine.check] MATCHED rule: toolName=write_file, decision=deny, priority=2.4, argsPattern=none

stdout | src/config/policy-engine.integration.test.ts > Policy Engine Integration Tests > Policy configuration produces valid PolicyEngine config > should create a working PolicyEngine from basic settings
[PolicyEngine.check] toolCall.name: replace, stringifiedArgs: undefined
[PolicyEngine.check] MATCHED rule: toolName=replace, decision=ask_user, priority=1.01, argsPattern=none

stdout | src/config/policy-engine.integration.test.ts > Policy Engine Integration Tests > Policy configuration produces valid PolicyEngine config > should create a working PolicyEngine from basic settings
[PolicyEngine.check] toolCall.name: unknown_tool, stringifiedArgs: undefined
[PolicyEngine.check] NO MATCH - using default decision: ask_user

stdout | src/config/policy-engine.integration.test.ts > Policy Engine Integration Tests > Policy configuration produces valid PolicyEngine config > should handle MCP server wildcard patterns correctly
[PolicyEngine.check] toolCall.name: allowed-server__tool1, stringifiedArgs: undefined
[PolicyEngine.check] MATCHED rule: toolName=allowed-server__*, decision=allow, priority=2.1, argsPattern=none

stdout | src/config/policy-engine.integration.test.ts > Policy Engine Integration Tests > Policy configuration produces valid PolicyEngine config > should handle MCP server wildcard patterns correctly
[PolicyEngine.check] toolCall.name: allowed-server__another_tool, stringifiedArgs: undefined
[PolicyEngine.check] MATCHED rule: toolName=allowed-server__*, decision=allow, priority=2.1, argsPattern=none

stdout | src/config/policy-engine.integration.test.ts > Policy Engine Integration Tests > Policy configuration produces valid PolicyEngine config > should handle MCP server wildcard patterns correctly
[PolicyEngine.check] toolCall.name: trusted-server__tool1, stringifiedArgs: undefined
[PolicyEngine.check] MATCHED rule: toolName=trusted-server__*, decision=allow, priority=2.2, argsPattern=none

stdout | src/config/policy-engine.integration.test.ts > Policy Engine Integration Tests > Policy configuration produces valid PolicyEngine config > should handle MCP server wildcard patterns correctly
[PolicyEngine.check] toolCall.name: trusted-server__special_tool, stringifiedArgs: undefined
[PolicyEngine.check] MATCHED rule: toolName=trusted-server__*, decision=allow, priority=2.2, argsPattern=none

stdout | src/config/policy-engine.integration.test.ts > Policy Engine Integration Tests > Policy configuration produces valid PolicyEngine config > should handle MCP server wildcard patterns correctly
[PolicyEngine.check] toolCall.name: blocked-server__tool1, stringifiedArgs: undefined
[PolicyEngine.check] MATCHED rule: toolName=blocked-server__*, decision=deny, priority=2.9, argsPattern=none

stdout | src/config/policy-engine.integration.test.ts > Policy Engine Integration Tests > Policy configuration produces valid PolicyEngine config > should handle MCP server wildcard patterns correctly
[PolicyEngine.check] toolCall.name: blocked-server__any_tool, stringifiedArgs: undefined
[PolicyEngine.check] MATCHED rule: toolName=blocked-server__*, decision=deny, priority=2.9, argsPattern=none

stdout | src/config/policy-engine.integration.test.ts > Policy Engine Integration Tests > Policy configuration produces valid PolicyEngine config > should handle MCP server wildcard patterns correctly
[PolicyEngine.check] toolCall.name: unknown-server__tool, stringifiedArgs: undefined
[PolicyEngine.check] NO MATCH - using default decision: ask_user

stdout | src/config/policy-engine.integration.test.ts > Policy Engine Integration Tests > Policy configuration produces valid PolicyEngine config > should correctly prioritize specific tool excludes over MCP server wildcards
[PolicyEngine.check] toolCall.name: my-server__safe-tool, stringifiedArgs: undefined
[PolicyEngine.check] MATCHED rule: toolName=my-server__*, decision=allow, priority=2.1, argsPattern=none

stdout | src/config/policy-engine.integration.test.ts > Policy Engine Integration Tests > Policy configuration produces valid PolicyEngine config > should correctly prioritize specific tool excludes over MCP server wildcards
[PolicyEngine.check] toolCall.name: my-server__dangerous-tool, stringifiedArgs: undefined
[PolicyEngine.check] MATCHED rule: toolName=my-server__dangerous-tool, decision=deny, priority=2.4, argsPattern=none

stdout | src/config/policy-engine.integration.test.ts > Policy Engine Integration Tests > Policy configuration produces valid PolicyEngine config > should handle complex mixed configurations
[PolicyEngine.check] toolCall.name: read_file, stringifiedArgs: undefined
[PolicyEngine.check] MATCHED rule: toolName=read_file, decision=allow, priority=1.05, argsPattern=none

stdout | src/config/policy-engine.integration.test.ts > Policy Engine Integration Tests > Policy configuration produces valid PolicyEngine config > should handle complex mixed configurations
[PolicyEngine.check] toolCall.name: list_directory, stringifiedArgs: undefined
[PolicyEngine.check] MATCHED rule: toolName=list_directory, decision=allow, priority=1.05, argsPattern=none

stdout | src/config/policy-engine.integration.test.ts > Policy Engine Integration Tests > Policy configuration produces valid PolicyEngine config > should handle complex mixed configurations
[PolicyEngine.check] toolCall.name: glob, stringifiedArgs: undefined
[PolicyEngine.check] MATCHED rule: toolName=glob, decision=deny, priority=2.4, argsPattern=none

stdout | src/config/policy-engine.integration.test.ts > Policy Engine Integration Tests > Policy configuration produces valid PolicyEngine config > should handle complex mixed configurations
[PolicyEngine.check] toolCall.name: replace, stringifiedArgs: undefined
[PolicyEngine.check] MATCHED rule: toolName=replace, decision=ask_user, priority=1.01, argsPattern=none

stdout | src/config/policy-engine.integration.test.ts > Policy Engine Integration Tests > Policy configuration produces valid PolicyEngine config > should handle complex mixed configurations
[PolicyEngine.check] toolCall.name: custom-tool, stringifiedArgs: undefined
[PolicyEngine.check] MATCHED rule: toolName=custom-tool, decision=allow, priority=2.3, argsPattern=none

stdout | src/config/policy-engine.integration.test.ts > Policy Engine Integration Tests > Policy configuration produces valid PolicyEngine config > should handle complex mixed configurations
[PolicyEngine.check] toolCall.name: my-server__special-tool, stringifiedArgs: undefined
[PolicyEngine.check] MATCHED rule: toolName=my-server__special-tool, decision=allow, priority=2.3, argsPattern=none

stdout | src/config/policy-engine.integration.test.ts > Policy Engine Integration Tests > Policy configuration produces valid PolicyEngine config > should handle complex mixed configurations
[PolicyEngine.check] toolCall.name: allowed-server__tool, stringifiedArgs: undefined
[PolicyEngine.check] MATCHED rule: toolName=allowed-server__*, decision=allow, priority=2.1, argsPattern=none

stdout | src/config/policy-engine.integration.test.ts > Policy Engine Integration Tests > Policy configuration produces valid PolicyEngine config > should handle complex mixed configurations
[PolicyEngine.check] toolCall.name: trusted-server__tool, stringifiedArgs: undefined
[PolicyEngine.check] MATCHED rule: toolName=trusted-server__*, decision=allow, priority=2.2, argsPattern=none

stdout | src/config/policy-engine.integration.test.ts > Policy Engine Integration Tests > Policy configuration produces valid PolicyEngine config > should handle complex mixed configurations
[PolicyEngine.check] toolCall.name: blocked-server__tool, stringifiedArgs: undefined
[PolicyEngine.check] MATCHED rule: toolName=blocked-server__*, decision=deny, priority=2.9, argsPattern=none

stdout | src/config/policy-engine.integration.test.ts > Policy Engine Integration Tests > Policy configuration produces valid PolicyEngine config > should handle complex mixed configurations
[PolicyEngine.check] toolCall.name: write_file, stringifiedArgs: undefined
[PolicyEngine.check] MATCHED rule: toolName=write_file, decision=ask_user, priority=1.01, argsPattern=none

stdout | src/config/policy-engine.integration.test.ts > Policy Engine Integration Tests > Policy configuration produces valid PolicyEngine config > should handle YOLO mode correctly
[PolicyEngine.check] toolCall.name: run_shell_command, stringifiedArgs: undefined
[PolicyEngine.check] MATCHED rule: toolName=undefined, decision=allow, priority=1.999, argsPattern=none

stdout | src/config/policy-engine.integration.test.ts > Policy Engine Integration Tests > Policy configuration produces valid PolicyEngine config > should handle YOLO mode correctly
[PolicyEngine.check] toolCall.name: write_file, stringifiedArgs: undefined
[PolicyEngine.check] MATCHED rule: toolName=undefined, decision=allow, priority=1.999, argsPattern=none

stdout | src/config/policy-engine.integration.test.ts > Policy Engine Integration Tests > Policy configuration produces valid PolicyEngine config > should handle YOLO mode correctly
[PolicyEngine.check] toolCall.name: unknown_tool, stringifiedArgs: undefined
[PolicyEngine.check] MATCHED rule: toolName=undefined, decision=allow, priority=1.999, argsPattern=none

stdout | src/config/policy-engine.integration.test.ts > Policy Engine Integration Tests > Policy configuration produces valid PolicyEngine config > should handle YOLO mode correctly
[PolicyEngine.check] toolCall.name: dangerous-tool, stringifiedArgs: undefined
[PolicyEngine.check] MATCHED rule: toolName=dangerous-tool, decision=deny, priority=2.4, argsPattern=none

stdout | src/config/policy-engine.integration.test.ts > Policy Engine Integration Tests > Policy configuration produces valid PolicyEngine config > should handle AUTO_EDIT mode correctly
[PolicyEngine.check] toolCall.name: replace, stringifiedArgs: undefined
[PolicyEngine.check] MATCHED rule: toolName=replace, decision=allow, priority=1.015, argsPattern=none

stdout | src/config/policy-engine.integration.test.ts > Policy Engine Integration Tests > Policy configuration produces valid PolicyEngine config > should handle AUTO_EDIT mode correctly
[PolicyEngine.check] toolCall.name: write_file, stringifiedArgs: undefined
[PolicyEngine.check] MATCHED rule: toolName=write_file, decision=allow, priority=1.015, argsPattern=none

stdout | src/config/policy-engine.integration.test.ts > Policy Engine Integration Tests > Policy configuration produces valid PolicyEngine config > should handle AUTO_EDIT mode correctly
[PolicyEngine.check] toolCall.name: run_shell_command, stringifiedArgs: undefined
[PolicyEngine.check] MATCHED rule: toolName=run_shell_command, decision=ask_user, priority=1.01, argsPattern=none

stdout | src/config/policy-engine.integration.test.ts > Policy Engine Integration Tests > Policy configuration produces valid PolicyEngine config > should handle Plan mode correctly
[PolicyEngine.check] toolCall.name: read_file, stringifiedArgs: undefined
[PolicyEngine.check] MATCHED rule: toolName=read_file, decision=allow, priority=1.05, argsPattern=none

stdout | src/config/policy-engine.integration.test.ts > Policy Engine Integration Tests > Policy configuration produces valid PolicyEngine config > should handle Plan mode correctly
[PolicyEngine.check] toolCall.name: google_web_search, stringifiedArgs: undefined
[PolicyEngine.check] MATCHED rule: toolName=google_web_search, decision=allow, priority=1.05, argsPattern=none

stdout | src/config/policy-engine.integration.test.ts > Policy Engine Integration Tests > Policy configuration produces valid PolicyEngine config > should handle Plan mode correctly
[PolicyEngine.check] toolCall.name: list_directory, stringifiedArgs: undefined
[PolicyEngine.check] MATCHED rule: toolName=list_directory, decision=allow, priority=1.05, argsPattern=none

stdout | src/config/policy-engine.integration.test.ts > Policy Engine Integration Tests > Policy configuration produces valid PolicyEngine config > should handle Plan mode correctly
[PolicyEngine.check] toolCall.name: replace, stringifiedArgs: undefined
[PolicyEngine.check] MATCHED rule: toolName=undefined, decision=deny, priority=1.02, argsPattern=none

stdout | src/config/policy-engine.integration.test.ts > Policy Engine Integration Tests > Policy configuration produces valid PolicyEngine config > should handle Plan mode correctly
[PolicyEngine.check] toolCall.name: write_file, stringifiedArgs: undefined
[PolicyEngine.check] MATCHED rule: toolName=undefined, decision=deny, priority=1.02, argsPattern=none

stdout | src/config/policy-engine.integration.test.ts > Policy Engine Integration Tests > Policy configuration produces valid PolicyEngine config > should handle Plan mode correctly
[PolicyEngine.check] toolCall.name: run_shell_command, stringifiedArgs: undefined
[PolicyEngine.check] MATCHED rule: toolName=undefined, decision=deny, priority=1.02, argsPattern=none

stdout | src/config/policy-engine.integration.test.ts > Policy Engine Integration Tests > Policy configuration produces valid PolicyEngine config > should handle Plan mode correctly
[PolicyEngine.check] toolCall.name: unknown_tool, stringifiedArgs: undefined
[PolicyEngine.check] MATCHED rule: toolName=undefined, decision=deny, priority=1.02, argsPattern=none

stdout | src/config/policy-engine.integration.test.ts > Policy Engine Integration Tests > Policy configuration produces valid PolicyEngine config > should allow write_file to plans directory in Plan mode
[PolicyEngine.check] toolCall.name: write_file, stringifiedArgs: {"file_path":"/home/user/.gemini/tmp/a1b2c3d4e5f6a1b2c3d4e5f6a1b2c3d4e5f6a1b2c3d4e5f6a1b2c3d4e5f6a1b2/plans/my-plan.md"}
[PolicyEngine.check] MATCHED rule: toolName=write_file, decision=allow, priority=1.05, argsPattern="file_path":"[^"]+\/\.gemini\/tmp\/[a-f0-9]{64}\/plans\/[a-zA-Z0-9_-]+\.md"

stdout | src/config/policy-engine.integration.test.ts > Policy Engine Integration Tests > Policy configuration produces valid PolicyEngine config > should allow write_file to plans directory in Plan mode
[PolicyEngine.check] toolCall.name: write_file, stringifiedArgs: {"file_path":"/home/user/.gemini/tmp/a1b2c3d4e5f6a1b2c3d4e5f6a1b2c3d4e5f6a1b2c3d4e5f6a1b2c3d4e5f6a1b2/plans/feature_auth.md"}
[PolicyEngine.check] MATCHED rule: toolName=write_file, decision=allow, priority=1.05, argsPattern="file_path":"[^"]+\/\.gemini\/tmp\/[a-f0-9]{64}\/plans\/[a-zA-Z0-9_-]+\.md"

stdout | src/config/policy-engine.integration.test.ts > Policy Engine Integration Tests > Policy configuration produces valid PolicyEngine config > should deny write_file outside plans directory in Plan mode
[PolicyEngine.check] toolCall.name: write_file, stringifiedArgs: {"file_path":"/project/src/file.ts"}
[PolicyEngine.check] MATCHED rule: toolName=undefined, decision=deny, priority=1.02, argsPattern=none

stdout | src/config/policy-engine.integration.test.ts > Policy Engine Integration Tests > Policy configuration produces valid PolicyEngine config > should deny write_file outside plans directory in Plan mode
[PolicyEngine.check] toolCall.name: write_file, stringifiedArgs: {"file_path":"/home/user/.gemini/tmp/a1b2c3d4e5f6a1b2c3d4e5f6a1b2c3d4e5f6a1b2c3d4e5f6a1b2c3d4e5f6a1b2/plans/script.js"}
[PolicyEngine.check] MATCHED rule: toolName=undefined, decision=deny, priority=1.02, argsPattern=none

stdout | src/config/policy-engine.integration.test.ts > Policy Engine Integration Tests > Policy configuration produces valid PolicyEngine config > should deny write_file outside plans directory in Plan mode
[PolicyEngine.check] toolCall.name: write_file, stringifiedArgs: {"file_path":"/home/user/.gemini/tmp/a1b2c3d4e5f6a1b2c3d4e5f6a1b2c3d4e5f6a1b2c3d4e5f6a1b2c3d4e5f6a1b2/plans/../../../etc/passwd.md"}
[PolicyEngine.check] MATCHED rule: toolName=undefined, decision=deny, priority=1.02, argsPattern=none

stdout | src/config/policy-engine.integration.test.ts > Policy Engine Integration Tests > Policy configuration produces valid PolicyEngine config > should deny write_file outside plans directory in Plan mode
[PolicyEngine.check] toolCall.name: write_file, stringifiedArgs: {"file_path":"/home/user/.gemini/tmp/abc123/plans/plan.md"}
[PolicyEngine.check] MATCHED rule: toolName=undefined, decision=deny, priority=1.02, argsPattern=none

stdout | src/config/policy-engine.integration.test.ts > Policy Engine Integration Tests > Policy configuration produces valid PolicyEngine config > should deny write_file to subdirectories in Plan mode
[PolicyEngine.check] toolCall.name: write_file, stringifiedArgs: {"file_path":"/home/user/.gemini/tmp/a1b2c3d4e5f6a1b2c3d4e5f6a1b2c3d4e5f6a1b2c3d4e5f6a1b2c3d4e5f6a1b2/plans/subdir/plan.md"}
[PolicyEngine.check] MATCHED rule: toolName=undefined, decision=deny, priority=1.02, argsPattern=none

stdout | src/config/policy-engine.integration.test.ts > Policy Engine Integration Tests > Policy configuration produces valid PolicyEngine config > should verify priority ordering works correctly in practice
[PolicyEngine.check] toolCall.name: blocked-tool, stringifiedArgs: undefined
[PolicyEngine.check] MATCHED rule: toolName=blocked-tool, decision=deny, priority=2.4, argsPattern=none

stdout | src/config/policy-engine.integration.test.ts > Policy Engine Integration Tests > Policy configuration produces valid PolicyEngine config > should verify priority ordering works correctly in practice
[PolicyEngine.check] toolCall.name: blocked-server__any, stringifiedArgs: undefined
[PolicyEngine.check] MATCHED rule: toolName=blocked-server__*, decision=deny, priority=2.9, argsPattern=none

stdout | src/config/policy-engine.integration.test.ts > Policy Engine Integration Tests > Policy configuration produces valid PolicyEngine config > should verify priority ordering works correctly in practice
[PolicyEngine.check] toolCall.name: specific-tool, stringifiedArgs: undefined
[PolicyEngine.check] MATCHED rule: toolName=specific-tool, decision=allow, priority=2.3, argsPattern=none

stdout | src/config/policy-engine.integration.test.ts > Policy Engine Integration Tests > Policy configuration produces valid PolicyEngine config > should verify priority ordering works correctly in practice
[PolicyEngine.check] toolCall.name: trusted-server__any, stringifiedArgs: undefined
[PolicyEngine.check] MATCHED rule: toolName=trusted-server__*, decision=allow, priority=2.2, argsPattern=none

stdout | src/config/policy-engine.integration.test.ts > Policy Engine Integration Tests > Policy configuration produces valid PolicyEngine config > should verify priority ordering works correctly in practice
[PolicyEngine.check] toolCall.name: mcp-server__any, stringifiedArgs: undefined
[PolicyEngine.check] MATCHED rule: toolName=mcp-server__*, decision=allow, priority=2.1, argsPattern=none

stdout | src/config/policy-engine.integration.test.ts > Policy Engine Integration Tests > Policy configuration produces valid PolicyEngine config > should verify priority ordering works correctly in practice
[PolicyEngine.check] toolCall.name: glob, stringifiedArgs: undefined
[PolicyEngine.check] MATCHED rule: toolName=glob, decision=allow, priority=1.05, argsPattern=none

stdout | src/config/policy-engine.integration.test.ts > Policy Engine Integration Tests > Policy configuration produces valid PolicyEngine config > should handle edge case: MCP server with both trust and exclusion
[PolicyEngine.check] toolCall.name: conflicted-server__tool, stringifiedArgs: undefined
[PolicyEngine.check] MATCHED rule: toolName=conflicted-server__*, decision=deny, priority=2.9, argsPattern=none

stdout | src/config/policy-engine.integration.test.ts > Policy Engine Integration Tests > Policy configuration produces valid PolicyEngine config > should handle edge case: specific tool allowed but server excluded
[PolicyEngine.check] toolCall.name: my-server__special-tool, stringifiedArgs: undefined
[PolicyEngine.check] MATCHED rule: toolName=my-server__*, decision=deny, priority=2.9, argsPattern=none

stdout | src/config/policy-engine.integration.test.ts > Policy Engine Integration Tests > Policy configuration produces valid PolicyEngine config > should handle edge case: specific tool allowed but server excluded
[PolicyEngine.check] toolCall.name: my-server__other-tool, stringifiedArgs: undefined
[PolicyEngine.check] MATCHED rule: toolName=my-server__*, decision=deny, priority=2.9, argsPattern=none

(node:64229) [DEP0040] DeprecationWarning: The `punycode` module is deprecated. Please use a userland alternative instead.
(Use `node --trace-deprecation ...` to show where the warning was created)
stdout | src/config/policy-engine.integration.test.ts > Policy Engine Integration Tests > Policy configuration produces valid PolicyEngine config > should verify non-interactive mode transformation
[PolicyEngine.check] toolCall.name: unknown_tool, stringifiedArgs: undefined
[PolicyEngine.check] NO MATCH - using default decision: ask_user

stdout | src/config/policy-engine.integration.test.ts > Policy Engine Integration Tests > Policy configuration produces valid PolicyEngine config > should verify non-interactive mode transformation
[PolicyEngine.check] toolCall.name: run_shell_command, stringifiedArgs: undefined
[PolicyEngine.check] MATCHED rule: toolName=run_shell_command, decision=ask_user, priority=1.01, argsPattern=none

stdout | src/config/policy-engine.integration.test.ts > Policy Engine Integration Tests > Policy configuration produces valid PolicyEngine config > should handle empty settings gracefully
[PolicyEngine.check] toolCall.name: write_file, stringifiedArgs: undefined
[PolicyEngine.check] MATCHED rule: toolName=write_file, decision=ask_user, priority=1.01, argsPattern=none

stdout | src/config/policy-engine.integration.test.ts > Policy Engine Integration Tests > Policy configuration produces valid PolicyEngine config > should handle empty settings gracefully
[PolicyEngine.check] toolCall.name: replace, stringifiedArgs: undefined
[PolicyEngine.check] MATCHED rule: toolName=replace, decision=ask_user, priority=1.01, argsPattern=none

stdout | src/config/policy-engine.integration.test.ts > Policy Engine Integration Tests > Policy configuration produces valid PolicyEngine config > should handle empty settings gracefully
[PolicyEngine.check] toolCall.name: unknown, stringifiedArgs: undefined
[PolicyEngine.check] NO MATCH - using default decision: ask_user

 ✓ src/ui/hooks/useTabbedNavigation.test.ts (23 tests) 223ms
 ✓ src/config/policy-engine.integration.test.ts (16 tests) 300ms
(node:64241) [DEP0040] DeprecationWarning: The `punycode` module is deprecated. Please use a userland alternative instead.
(Use `node --trace-deprecation ...` to show where the warning was created)
(node:64251) [DEP0040] DeprecationWarning: The `punycode` module is deprecated. Please use a userland alternative instead.
(Use `node --trace-deprecation ...` to show where the warning was created)
 ✓ src/ui/hooks/useShellHistory.test.ts (7 tests) 664ms
 ✓ src/ui/contexts/KeypressContext.test.tsx (98 tests) 440ms
(node:64250) [DEP0040] DeprecationWarning: The `punycode` module is deprecated. Please use a userland alternative instead.
(Use `node --trace-deprecation ...` to show where the warning was created)
(node:64262) [DEP0040] DeprecationWarning: The `punycode` module is deprecated. Please use a userland alternative instead.
(Use `node --trace-deprecation ...` to show where the warning was created)
 ✓ src/ui/privacy/CloudFreePrivacyNotice.test.tsx (9 tests) 139ms
(node:64260) [DEP0040] DeprecationWarning: The `punycode` module is deprecated. Please use a userland alternative instead.
(Use `node --trace-deprecation ...` to show where the warning was created)
 ✓ src/config/extensions/extensionSettings.test.ts (23 tests) 143ms
 ✓ src/ui/components/EditorSettingsDialog.test.tsx (5 tests) 354ms
 ✓ src/ui/components/FolderTrustDialog.test.tsx (9 tests) 526ms
stdout | src/ui/hooks/atCommandProcessor_agents.test.ts > handleAtCommand with Agents > should detect agent reference and add nudge message
Ignore file not found: /var/folders/m_/t8srdy5j15758lvzl10458gw0000gn/T/agent-test-ZQeACr/.geminiignore, continue without it.

stdout | src/ui/hooks/atCommandProcessor_agents.test.ts > handleAtCommand with Agents > should handle multiple agents
Ignore file not found: /var/folders/m_/t8srdy5j15758lvzl10458gw0000gn/T/agent-test-pdIp1x/.geminiignore, continue without it.

stdout | src/ui/hooks/atCommandProcessor_agents.test.ts > handleAtCommand with Agents > should not treat non-agents as agents
Ignore file not found: /var/folders/m_/t8srdy5j15758lvzl10458gw0000gn/T/agent-test-pobIM7/.geminiignore, continue without it.

stdout | src/ui/hooks/atCommandProcessor_agents.test.ts > handleAtCommand with Agents > should not treat non-agents as agents
Ignore file not found: /var/folders/m_/t8srdy5j15758lvzl10458gw0000gn/T/agent-test-pobIM7/.geminiignore, continue without it.

(node:64265) [DEP0040] DeprecationWarning: The `punycode` module is deprecated. Please use a userland alternative instead.
(Use `node --trace-deprecation ...` to show where the warning was created)
 ✓ src/ui/hooks/atCommandProcessor_agents.test.ts (3 tests) 193ms
 ✓ src/ui/keyMatchers.test.ts (55 tests) 18ms
 ✓ src/ui/commands/chatCommand.test.ts (33 tests) 198ms
(node:64266) [DEP0040] DeprecationWarning: The `punycode` module is deprecated. Please use a userland alternative instead.
(Use `node --trace-deprecation ...` to show where the warning was created)
 ✓ src/utils/sandboxUtils.test.ts (17 tests) 36ms
 ✓ src/ui/components/DetailedMessagesDisplay.test.tsx (3 tests) 143ms
(node:64277) [DEP0040] DeprecationWarning: The `punycode` module is deprecated. Please use a userland alternative instead.
(Use `node --trace-deprecation ...` to show where the warning was created)
(node:64279) [DEP0040] DeprecationWarning: The `punycode` module is deprecated. Please use a userland alternative instead.
(Use `node --trace-deprecation ...` to show where the warning was created)
(node:64285) [DEP0040] DeprecationWarning: The `punycode` module is deprecated. Please use a userland alternative instead.
(Use `node --trace-deprecation ...` to show where the warning was created)
(node:64281) [DEP0040] DeprecationWarning: The `punycode` module is deprecated. Please use a userland alternative instead.
(Use `node --trace-deprecation ...` to show where the warning was created)
stderr | src/ui/commands/extensionsCommand.test.ts > extensionsCommand > link > should show error message for invalid source
Failed to stat path "test-extension-package": invalid path

(node:64290) [DEP0040] DeprecationWarning: The `punycode` module is deprecated. Please use a userland alternative instead.
(Use `node --trace-deprecation ...` to show where the warning was created)
 ✓ src/ui/commands/extensionsCommand.test.ts (49 tests) 255ms
 ✓ src/ui/components/shared/VirtualizedList.test.tsx (9 tests) 412ms
stdout | src/ui/auth/useAuth.test.tsx > useAuth > useAuthCommand > should initialize with Unauthenticated state
Authenticated via "oauth-personal".

stderr | src/ui/auth/useAuth.test.tsx > useAuth > useAuthCommand > should initialize with Unauthenticated state
An update to TestComponent inside a test was not wrapped in act(...).

When testing, code that causes React state updates should be wrapped into act(...):

act(() => {
  /* fire events that update state */
});
/* assert on the output */

This ensures that you're testing the behavior the user would see in the browser. Learn more at https://react.dev/link/wrap-tests-with-act

stdout | src/ui/auth/useAuth.test.tsx > useAuth > useAuthCommand > should authenticate if USE_GEMINI and key is found
Authenticated via "gemini-api-key".

stdout | src/ui/auth/useAuth.test.tsx > useAuth > useAuthCommand > should authenticate if USE_GEMINI and env key is found
Authenticated via "gemini-api-key".
Authenticated via "gemini-api-key".

stdout | src/ui/auth/useAuth.test.tsx > useAuth > useAuthCommand > should prioritize env key over stored key when both are present
Authenticated via "gemini-api-key".
Authenticated via "gemini-api-key".

stdout | src/ui/auth/useAuth.test.tsx > useAuth > useAuthCommand > should authenticate successfully for valid auth type
Authenticated via "oauth-personal".

(node:64294) [DEP0040] DeprecationWarning: The `punycode` module is deprecated. Please use a userland alternative instead.
(Use `node --trace-deprecation ...` to show where the warning was created)
 ✓ src/ui/components/ModelStatsDisplay.test.tsx (7 tests) 278ms
(node:64295) [DEP0040] DeprecationWarning: The `punycode` module is deprecated. Please use a userland alternative instead.
(Use `node --trace-deprecation ...` to show where the warning was created)
 ✓ src/ui/auth/useAuth.test.tsx (15 tests) 443ms
 ✓ src/ui/components/messages/ShellToolMessage.test.tsx (3 tests) 175ms
 ✓ src/services/prompt-processors/shellProcessor.test.ts (34 tests) 135ms
 ✓ src/ui/components/shared/Scrollable.test.tsx (4 tests) 185ms
 ✓ src/ui/components/shared/TabHeader.test.tsx (12 tests) 306ms
(node:64304) [DEP0040] DeprecationWarning: The `punycode` module is deprecated. Please use a userland alternative instead.
(Use `node --trace-deprecation ...` to show where the warning was created)
(node:64303) [DEP0040] DeprecationWarning: The `punycode` module is deprecated. Please use a userland alternative instead.
(Use `node --trace-deprecation ...` to show where the warning was created)
 ✓ src/ui/components/IdeTrustChangeDialog.test.tsx (6 tests) 356ms
(node:64313) [DEP0040] DeprecationWarning: The `punycode` module is deprecated. Please use a userland alternative instead.
(Use `node --trace-deprecation ...` to show where the warning was created)
(node:64314) [DEP0040] DeprecationWarning: The `punycode` module is deprecated. Please use a userland alternative instead.
(Use `node --trace-deprecation ...` to show where the warning was created)
(node:64315) [DEP0040] DeprecationWarning: The `punycode` module is deprecated. Please use a userland alternative instead.
(Use `node --trace-deprecation ...` to show where the warning was created)
(node:64321) [DEP0040] DeprecationWarning: The `punycode` module is deprecated. Please use a userland alternative instead.
(Use `node --trace-deprecation ...` to show where the warning was created)
 ✓ src/ui/components/Table.test.tsx (3 tests) 176ms
 ✓ src/ui/components/Footer.test.tsx (21 tests) 577ms
(node:64329) [DEP0040] DeprecationWarning: The `punycode` module is deprecated. Please use a userland alternative instead.
(Use `node --trace-deprecation ...` to show where the warning was created)
(node:64334) [DEP0040] DeprecationWarning: The `punycode` module is deprecated. Please use a userland alternative instead.
(Use `node --trace-deprecation ...` to show where the warning was created)
 ✓ src/ui/hooks/useMemoryMonitor.test.tsx (3 tests) 180ms
(node:64336) [DEP0040] DeprecationWarning: The `punycode` module is deprecated. Please use a userland alternative instead.
(Use `node --trace-deprecation ...` to show where the warning was created)
 ✓ src/ui/hooks/useCommandCompletion.test.tsx (27 tests) 488ms
stderr | ../../node_modules/react-reconciler/cjs/react-reconciler.development.js:13614:19
An update to TestComponent inside a test was not wrapped in act(...).

When testing, code that causes React state updates should be wrapped into act(...):

act(() => {
  /* fire events that update state */
});
/* assert on the output */

This ensures that you're testing the behavior the user would see in the browser. Learn more at https://react.dev/link/wrap-tests-with-act
An update to TestComponent inside a test was not wrapped in act(...).

When testing, code that causes React state updates should be wrapped into act(...):

act(() => {
  /* fire events that update state */
});
/* assert on the output */

This ensures that you're testing the behavior the user would see in the browser. Learn more at https://react.dev/link/wrap-tests-with-act
An update to TestComponent inside a test was not wrapped in act(...).

When testing, code that causes React state updates should be wrapped into act(...):

act(() => {
  /* fire events that update state */
});
/* assert on the output */

This ensures that you're testing the behavior the user would see in the browser. Learn more at https://react.dev/link/wrap-tests-with-act

stderr | ../../node_modules/react-reconciler/cjs/react-reconciler.development.js:13614:19
An update to TestComponent inside a test was not wrapped in act(...).

When testing, code that causes React state updates should be wrapped into act(...):

act(() => {
  /* fire events that update state */
});
/* assert on the output */

This ensures that you're testing the behavior the user would see in the browser. Learn more at https://react.dev/link/wrap-tests-with-act
An update to TestComponent inside a test was not wrapped in act(...).

When testing, code that causes React state updates should be wrapped into act(...):

act(() => {
  /* fire events that update state */
});
/* assert on the output */

This ensures that you're testing the behavior the user would see in the browser. Learn more at https://react.dev/link/wrap-tests-with-act
An update to TestComponent inside a test was not wrapped in act(...).

When testing, code that causes React state updates should be wrapped into act(...):

act(() => {
  /* fire events that update state */
});
/* assert on the output */

This ensures that you're testing the behavior the user would see in the browser. Learn more at https://react.dev/link/wrap-tests-with-act

stderr | ../../node_modules/react-reconciler/cjs/react-reconciler.development.js:13614:19
An update to TestComponent inside a test was not wrapped in act(...).

When testing, code that causes React state updates should be wrapped into act(...):

act(() => {
  /* fire events that update state */
});
/* assert on the output */

This ensures that you're testing the behavior the user would see in the browser. Learn more at https://react.dev/link/wrap-tests-with-act
An update to TestComponent inside a test was not wrapped in act(...).

When testing, code that causes React state updates should be wrapped into act(...):

act(() => {
  /* fire events that update state */
});
/* assert on the output */

This ensures that you're testing the behavior the user would see in the browser. Learn more at https://react.dev/link/wrap-tests-with-act
An update to TestComponent inside a test was not wrapped in act(...).

When testing, code that causes React state updates should be wrapped into act(...):

act(() => {
  /* fire events that update state */
});
/* assert on the output */

This ensures that you're testing the behavior the user would see in the browser. Learn more at https://react.dev/link/wrap-tests-with-act

stderr | ../../node_modules/react-reconciler/cjs/react-reconciler.development.js:13614:19
An update to TestComponent inside a test was not wrapped in act(...).

When testing, code that causes React state updates should be wrapped into act(...):

act(() => {
  /* fire events that update state */
});
/* assert on the output */

This ensures that you're testing the behavior the user would see in the browser. Learn more at https://react.dev/link/wrap-tests-with-act
An update to TestComponent inside a test was not wrapped in act(...).

When testing, code that causes React state updates should be wrapped into act(...):

act(() => {
  /* fire events that update state */
});
/* assert on the output */

This ensures that you're testing the behavior the user would see in the browser. Learn more at https://react.dev/link/wrap-tests-with-act
An update to TestComponent inside a test was not wrapped in act(...).

When testing, code that causes React state updates should be wrapped into act(...):

act(() => {
  /* fire events that update state */
});
/* assert on the output */

This ensures that you're testing the behavior the user would see in the browser. Learn more at https://react.dev/link/wrap-tests-with-act

stderr | ../../node_modules/react-reconciler/cjs/react-reconciler.development.js:13614:19
An update to TestComponent inside a test was not wrapped in act(...).

When testing, code that causes React state updates should be wrapped into act(...):

act(() => {
  /* fire events that update state */
});
/* assert on the output */

This ensures that you're testing the behavior the user would see in the browser. Learn more at https://react.dev/link/wrap-tests-with-act
An update to TestComponent inside a test was not wrapped in act(...).

When testing, code that causes React state updates should be wrapped into act(...):

act(() => {
  /* fire events that update state */
});
/* assert on the output */

This ensures that you're testing the behavior the user would see in the browser. Learn more at https://react.dev/link/wrap-tests-with-act

stderr | ../../node_modules/react-reconciler/cjs/react-reconciler.development.js:13614:19
An update to TestComponent inside a test was not wrapped in act(...).

When testing, code that causes React state updates should be wrapped into act(...):

act(() => {
  /* fire events that update state */
});
/* assert on the output */

This ensures that you're testing the behavior the user would see in the browser. Learn more at https://react.dev/link/wrap-tests-with-act
An update to TestComponent inside a test was not wrapped in act(...).

When testing, code that causes React state updates should be wrapped into act(...):

act(() => {
  /* fire events that update state */
});
/* assert on the output */

This ensures that you're testing the behavior the user would see in the browser. Learn more at https://react.dev/link/wrap-tests-with-act
An update to TestComponent inside a test was not wrapped in act(...).

When testing, code that causes React state updates should be wrapped into act(...):

act(() => {
  /* fire events that update state */
});
/* assert on the output */

This ensures that you're testing the behavior the user would see in the browser. Learn more at https://react.dev/link/wrap-tests-with-act

stderr | ../../node_modules/react-reconciler/cjs/react-reconciler.development.js:13614:19
An update to TestComponent inside a test was not wrapped in act(...).

When testing, code that causes React state updates should be wrapped into act(...):

act(() => {
  /* fire events that update state */
});
/* assert on the output */

This ensures that you're testing the behavior the user would see in the browser. Learn more at https://react.dev/link/wrap-tests-with-act
An update to TestComponent inside a test was not wrapped in act(...).

When testing, code that causes React state updates should be wrapped into act(...):

act(() => {
  /* fire events that update state */
});
/* assert on the output */

This ensures that you're testing the behavior the user would see in the browser. Learn more at https://react.dev/link/wrap-tests-with-act
An update to TestComponent inside a test was not wrapped in act(...).

When testing, code that causes React state updates should be wrapped into act(...):

act(() => {
  /* fire events that update state */
});
/* assert on the output */

This ensures that you're testing the behavior the user would see in the browser. Learn more at https://react.dev/link/wrap-tests-with-act

stderr | ../../node_modules/react-reconciler/cjs/react-reconciler.development.js:13614:19
An update to TestComponent inside a test was not wrapped in act(...).

When testing, code that causes React state updates should be wrapped into act(...):

act(() => {
  /* fire events that update state */
});
/* assert on the output */

This ensures that you're testing the behavior the user would see in the browser. Learn more at https://react.dev/link/wrap-tests-with-act
An update to TestComponent inside a test was not wrapped in act(...).

When testing, code that causes React state updates should be wrapped into act(...):

act(() => {
  /* fire events that update state */
});
/* assert on the output */

This ensures that you're testing the behavior the user would see in the browser. Learn more at https://react.dev/link/wrap-tests-with-act
An update to TestComponent inside a test was not wrapped in act(...).

When testing, code that causes React state updates should be wrapped into act(...):

act(() => {
  /* fire events that update state */
});
/* assert on the output */

This ensures that you're testing the behavior the user would see in the browser. Learn more at https://react.dev/link/wrap-tests-with-act

stderr | updateHookTypesDev (/Users/trukhinyuri/Personal/SourcesSide/gemini-cli/node_modules/react-reconciler/cjs/react-reconciler.development.js:3128:19)
React has detected a change in the order of Hooks called by TestComponent. This will lead to bugs and errors if not fixed. For more information, read the Rules of Hooks: https://react.dev/link/rules-of-hooks

   Previous render            Next render
   ------------------------------------------------------
1. useMemo                    useMemo
2. useReducer                 useReducer
3. useMemo                    useMemo
4. useMemo                    useMemo
5. useState                   useState
6. useEffect                  useEffect
7. useEffect                  useEffect
8. useEffect                  useEffect
9. useCallback                useCallback
10. useCallback               useCallback
11. useCallback               useCallback
12. useCallback               useCallback
13. useCallback               useCallback
14. useCallback               useCallback
15. useCallback               useCallback
16. useCallback               useCallback
17. useCallback               useCallback
18. useCallback               useCallback
19. useCallback               useCallback
20. useCallback               useCallback
21. useCallback               useCallback
22. useCallback               useCallback
23. useCallback               useCallback
24. useCallback               useCallback
25. useCallback               useCallback
26. useCallback               useCallback
27. useCallback               useCallback
28. useCallback               useCallback
29. useCallback               useCallback
30. useCallback               useCallback
31. useCallback               useCallback
32. useCallback               useCallback
33. useCallback               useCallback
34. useCallback               useCallback
35. useCallback               useCallback
36. useCallback               useCallback
37. useCallback               useCallback
38. useCallback               useCallback
39. useCallback               useCallback
40. useCallback               useCallback
41. useCallback               useCallback
42. useCallback               useCallback
43. useCallback               useCallback
44. useCallback               useCallback
45. useCallback               useCallback
46. useCallback               useCallback
47. useCallback               useCallback
48. useCallback               useCallback
49. useCallback               useCallback
50. useCallback               useCallback
51. useCallback               useCallback
52. useCallback               useCallback
53. useCallback               useCallback
54. useCallback               useCallback
55. useMemo                   useMemo
56. useMemo                   useMemo
57. useCallback               useCallback
58. useCallback               useCallback
59. useCallback               useCallback
60. useCallback               useCallback
61. useCallback               useCallback
62. useCallback               useCallback
63. useCallback               useCallback
64. useCallback               useCallback
65. useMemo                   useMemo
66. useState                  useState
67. useState                  useState
68. useState                  useState
69. useState                  useState
70. useState                  useState
71. useState                  useState
72. useCallback               useCallback
73. useCallback               useCallback
74. useCallback               useCallback
75. useMemo                   useMemo
76. useEffect                 useState
   ^^^^^^^^^^^^^^^^^^^^^^^^^^^^^^^^^^^^^^^^^^^^^^^^^^^^^^


stderr | ../../node_modules/react-reconciler/cjs/react-reconciler.development.js:13614:19
An update to Root inside a test was not wrapped in act(...).

When testing, code that causes React state updates should be wrapped into act(...):

act(() => {
  /* fire events that update state */
});
/* assert on the output */

This ensures that you're testing the behavior the user would see in the browser. Learn more at https://react.dev/link/wrap-tests-with-act

stderr | ../../node_modules/react-reconciler/cjs/react-reconciler.development.js:13614:19
An update to Root inside a test was not wrapped in act(...).

When testing, code that causes React state updates should be wrapped into act(...):

act(() => {
  /* fire events that update state */
});
/* assert on the output */

This ensures that you're testing the behavior the user would see in the browser. Learn more at https://react.dev/link/wrap-tests-with-act

stderr | ../../node_modules/react-reconciler/cjs/react-reconciler.development.js:13614:19
An update to Root inside a test was not wrapped in act(...).

When testing, code that causes React state updates should be wrapped into act(...):

act(() => {
  /* fire events that update state */
});
/* assert on the output */

This ensures that you're testing the behavior the user would see in the browser. Learn more at https://react.dev/link/wrap-tests-with-act

stderr | ../../node_modules/react-reconciler/cjs/react-reconciler.development.js:13614:19
An update to Root inside a test was not wrapped in act(...).

When testing, code that causes React state updates should be wrapped into act(...):

act(() => {
  /* fire events that update state */
});
/* assert on the output */

This ensures that you're testing the behavior the user would see in the browser. Learn more at https://react.dev/link/wrap-tests-with-act

stderr | ../../node_modules/react-reconciler/cjs/react-reconciler.development.js:13614:19
An update to Root inside a test was not wrapped in act(...).

When testing, code that causes React state updates should be wrapped into act(...):

act(() => {
  /* fire events that update state */
});
/* assert on the output */

This ensures that you're testing the behavior the user would see in the browser. Learn more at https://react.dev/link/wrap-tests-with-act

stderr | ../../node_modules/react-reconciler/cjs/react-reconciler.development.js:13614:19
An update to Root inside a test was not wrapped in act(...).

When testing, code that causes React state updates should be wrapped into act(...):

act(() => {
  /* fire events that update state */
});
/* assert on the output */

This ensures that you're testing the behavior the user would see in the browser. Learn more at https://react.dev/link/wrap-tests-with-act

stderr | ../../node_modules/react-reconciler/cjs/react-reconciler.development.js:13614:19
An update to Root inside a test was not wrapped in act(...).

When testing, code that causes React state updates should be wrapped into act(...):

act(() => {
  /* fire events that update state */
});
/* assert on the output */

This ensures that you're testing the behavior the user would see in the browser. Learn more at https://react.dev/link/wrap-tests-with-act

stderr | ../../node_modules/react-reconciler/cjs/react-reconciler.development.js:13614:19
An update to Root inside a test was not wrapped in act(...).

When testing, code that causes React state updates should be wrapped into act(...):

act(() => {
  /* fire events that update state */
});
/* assert on the output */

This ensures that you're testing the behavior the user would see in the browser. Learn more at https://react.dev/link/wrap-tests-with-act

 ✓ src/ui/components/LoopDetectionConfirmation.test.tsx (2 tests) 166ms
 ✓ src/ui/components/PermissionsModifyTrustDialog.test.tsx (7 tests) 308ms
 ✓ src/ui/components/messages/ToolMessageRawMarkdown.test.tsx (6 tests) 326ms
(node:64348) [DEP0040] DeprecationWarning: The `punycode` module is deprecated. Please use a userland alternative instead.
(Use `node --trace-deprecation ...` to show where the warning was created)
 ✓ src/ui/components/messages/ToolConfirmationMessageOverflow.test.tsx (1 test) 293ms
 ✓ src/ui/utils/textUtils.test.ts (17 tests) 57ms
 ✓ src/ui/components/messages/ToolMessageFocusHint.test.tsx (5 tests) 291ms
(node:64360) [DEP0040] DeprecationWarning: The `punycode` module is deprecated. Please use a userland alternative instead.
(Use `node --trace-deprecation ...` to show where the warning was created)
(node:64359) [DEP0040] DeprecationWarning: The `punycode` module is deprecated. Please use a userland alternative instead.
(Use `node --trace-deprecation ...` to show where the warning was created)
(node:64366) [DEP0040] DeprecationWarning: The `punycode` module is deprecated. Please use a userland alternative instead.
(Use `node --trace-deprecation ...` to show where the warning was created)
(node:64364) [DEP0040] DeprecationWarning: The `punycode` module is deprecated. Please use a userland alternative instead.
(Use `node --trace-deprecation ...` to show where the warning was created)
 ✓ src/ui/hooks/useModelCommand.test.tsx (3 tests) 85ms
stdout | src/ui/hooks/useIncludeDirsTrust.test.tsx > useIncludeDirsTrust > when folder trust is enabled and workspace is trusted > should add trusted dirs, collect untrusted errors, and open dialog for undefined
Creating custom dialog with undecidedDirs: [ [32m'/undefined'[39m ]

 ✓ src/ui/hooks/useIncludeDirsTrust.test.tsx (6 tests) 214ms
(node:64368) [DEP0040] DeprecationWarning: The `punycode` module is deprecated. Please use a userland alternative instead.
(Use `node --trace-deprecation ...` to show where the warning was created)
(node:64367) [DEP0040] DeprecationWarning: The `punycode` module is deprecated. Please use a userland alternative instead.
(Use `node --trace-deprecation ...` to show where the warning was created)
(node:64372) [DEP0040] DeprecationWarning: The `punycode` module is deprecated. Please use a userland alternative instead.
(Use `node --trace-deprecation ...` to show where the warning was created)
(node:64375) [DEP0040] DeprecationWarning: The `punycode` module is deprecated. Please use a userland alternative instead.
(Use `node --trace-deprecation ...` to show where the warning was created)
 ✓ src/ui/auth/ApiAuthDialog.test.tsx (6 tests) 239ms
 ✓ src/ui/commands/hooksCommand.test.ts (33 tests) 329ms
stdout | src/commands/extensions/new.test.ts > extensions new command > should create directory when no template is provided
Successfully created new extension at /some/path.
You can install this using "gemini extensions link /some/path" to test it out.

stdout | src/commands/extensions/new.test.ts > extensions new command > should create directory and copy files when path does not exist
Successfully created new extension from template "context" at /some/path.
You can install this using "gemini extensions link /some/path" to test it out.

 ✓ src/commands/extensions/new.test.ts (4 tests) 135ms
(node:64386) [DEP0040] DeprecationWarning: The `punycode` module is deprecated. Please use a userland alternative instead.
(Use `node --trace-deprecation ...` to show where the warning was created)
 ✓ src/ui/hooks/useExtensionUpdates.test.tsx (4 tests) 390ms
 ✓ src/ui/components/shared/DescriptiveRadioButtonSelect.test.tsx (2 tests) 295ms
 ✓ src/ui/components/StickyHeader.test.tsx (2 tests) 250ms
(node:64390) [DEP0040] DeprecationWarning: The `punycode` module is deprecated. Please use a userland alternative instead.
(Use `node --trace-deprecation ...` to show where the warning was created)
 ✓ src/ui/hooks/useToolScheduler.test.ts (23 tests) 238ms
(node:64396) [DEP0040] DeprecationWarning: The `punycode` module is deprecated. Please use a userland alternative instead.
(Use `node --trace-deprecation ...` to show where the warning was created)
(node:64392) [DEP0040] DeprecationWarning: The `punycode` module is deprecated. Please use a userland alternative instead.
(Use `node --trace-deprecation ...` to show where the warning was created)
(node:64395) [DEP0040] DeprecationWarning: The `punycode` module is deprecated. Please use a userland alternative instead.
(Use `node --trace-deprecation ...` to show where the warning was created)
(node:64400) [DEP0040] DeprecationWarning: The `punycode` module is deprecated. Please use a userland alternative instead.
(Use `node --trace-deprecation ...` to show where the warning was created)
 ✓ src/ui/components/messages/CompressionMessage.test.tsx (10 tests) 342ms
(node:64375) MaxListenersExceededWarning: Possible EventEmitter memory leak detected. 11 mcp-client-update listeners added to [CoreEventEmitter]. MaxListeners is 10. Use emitter.setMaxListeners() to increase limit
stderr | src/ui/components/Composer.test.tsx
An update to Spinner inside a test was not wrapped in act(...).

When testing, code that causes React state updates should be wrapped into act(...):

act(() => {
  /* fire events that update state */
});
/* assert on the output */

This ensures that you're testing the behavior the user would see in the browser. Learn more at https://react.dev/link/wrap-tests-with-act

stderr | src/ui/components/Composer.test.tsx
An update to Spinner inside a test was not wrapped in act(...).

When testing, code that causes React state updates should be wrapped into act(...):

act(() => {
  /* fire events that update state */
});
/* assert on the output */

This ensures that you're testing the behavior the user would see in the browser. Learn more at https://react.dev/link/wrap-tests-with-act

stderr | src/ui/components/Composer.test.tsx
An update to Spinner inside a test was not wrapped in act(...).

When testing, code that causes React state updates should be wrapped into act(...):

act(() => {
  /* fire events that update state */
});
/* assert on the output */

This ensures that you're testing the behavior the user would see in the browser. Learn more at https://react.dev/link/wrap-tests-with-act

stderr | src/ui/components/Composer.test.tsx
An update to Spinner inside a test was not wrapped in act(...).

When testing, code that causes React state updates should be wrapped into act(...):

act(() => {
  /* fire events that update state */
});
/* assert on the output */

This ensures that you're testing the behavior the user would see in the browser. Learn more at https://react.dev/link/wrap-tests-with-act

stderr | src/ui/components/Composer.test.tsx
An update to Spinner inside a test was not wrapped in act(...).

When testing, code that causes React state updates should be wrapped into act(...):

act(() => {
  /* fire events that update state */
});
/* assert on the output */

This ensures that you're testing the behavior the user would see in the browser. Learn more at https://react.dev/link/wrap-tests-with-act

stderr | src/ui/components/Composer.test.tsx
An update to Spinner inside a test was not wrapped in act(...).

When testing, code that causes React state updates should be wrapped into act(...):

act(() => {
  /* fire events that update state */
});
/* assert on the output */

This ensures that you're testing the behavior the user would see in the browser. Learn more at https://react.dev/link/wrap-tests-with-act

stderr | src/ui/components/Composer.test.tsx
An update to Spinner inside a test was not wrapped in act(...).

When testing, code that causes React state updates should be wrapped into act(...):

act(() => {
  /* fire events that update state */
});
/* assert on the output */

This ensures that you're testing the behavior the user would see in the browser. Learn more at https://react.dev/link/wrap-tests-with-act

stderr | src/ui/components/Composer.test.tsx
An update to Spinner inside a test was not wrapped in act(...).

When testing, code that causes React state updates should be wrapped into act(...):

act(() => {
  /* fire events that update state */
});
/* assert on the output */

This ensures that you're testing the behavior the user would see in the browser. Learn more at https://react.dev/link/wrap-tests-with-act

stderr | src/ui/components/Composer.test.tsx
An update to Spinner inside a test was not wrapped in act(...).

When testing, code that causes React state updates should be wrapped into act(...):

act(() => {
  /* fire events that update state */
});
/* assert on the output */

This ensures that you're testing the behavior the user would see in the browser. Learn more at https://react.dev/link/wrap-tests-with-act

stderr | src/ui/components/Composer.test.tsx
An update to Spinner inside a test was not wrapped in act(...).

When testing, code that causes React state updates should be wrapped into act(...):

act(() => {
  /* fire events that update state */
});
/* assert on the output */

This ensures that you're testing the behavior the user would see in the browser. Learn more at https://react.dev/link/wrap-tests-with-act

stderr | src/ui/components/Composer.test.tsx
An update to Spinner inside a test was not wrapped in act(...).

When testing, code that causes React state updates should be wrapped into act(...):

act(() => {
  /* fire events that update state */
});
/* assert on the output */

This ensures that you're testing the behavior the user would see in the browser. Learn more at https://react.dev/link/wrap-tests-with-act

stderr | src/ui/components/Composer.test.tsx
An update to Spinner inside a test was not wrapped in act(...).

When testing, code that causes React state updates should be wrapped into act(...):

act(() => {
  /* fire events that update state */
});
/* assert on the output */

This ensures that you're testing the behavior the user would see in the browser. Learn more at https://react.dev/link/wrap-tests-with-act

stderr | src/ui/components/Composer.test.tsx
An update to Spinner inside a test was not wrapped in act(...).

When testing, code that causes React state updates should be wrapped into act(...):

act(() => {
  /* fire events that update state */
});
/* assert on the output */

This ensures that you're testing the behavior the user would see in the browser. Learn more at https://react.dev/link/wrap-tests-with-act

stderr | src/ui/components/Composer.test.tsx
An update to Spinner inside a test was not wrapped in act(...).

When testing, code that causes React state updates should be wrapped into act(...):

act(() => {
  /* fire events that update state */
});
/* assert on the output */

This ensures that you're testing the behavior the user would see in the browser. Learn more at https://react.dev/link/wrap-tests-with-act

stderr | src/ui/components/Composer.test.tsx
An update to Spinner inside a test was not wrapped in act(...).

When testing, code that causes React state updates should be wrapped into act(...):

act(() => {
  /* fire events that update state */
});
/* assert on the output */

This ensures that you're testing the behavior the user would see in the browser. Learn more at https://react.dev/link/wrap-tests-with-act

stderr | src/ui/components/Composer.test.tsx
An update to Spinner inside a test was not wrapped in act(...).

When testing, code that causes React state updates should be wrapped into act(...):

act(() => {
  /* fire events that update state */
});
/* assert on the output */

This ensures that you're testing the behavior the user would see in the browser. Learn more at https://react.dev/link/wrap-tests-with-act

(node:64401) [DEP0040] DeprecationWarning: The `punycode` module is deprecated. Please use a userland alternative instead.
(Use `node --trace-deprecation ...` to show where the warning was created)
stderr | ../../node_modules/react-reconciler/cjs/react-reconciler.development.js:13614:19
An update to Spinner inside a test was not wrapped in act(...).

When testing, code that causes React state updates should be wrapped into act(...):

act(() => {
  /* fire events that update state */
});
/* assert on the output */

This ensures that you're testing the behavior the user would see in the browser. Learn more at https://react.dev/link/wrap-tests-with-act

 ✓ src/ui/components/Composer.test.tsx (21 tests) 508ms
stderr | ../../node_modules/react-reconciler/cjs/react-reconciler.development.js:13614:19
An update to Spinner inside a test was not wrapped in act(...).

When testing, code that causes React state updates should be wrapped into act(...):

act(() => {
  /* fire events that update state */
});
/* assert on the output */

This ensures that you're testing the behavior the user would see in the browser. Learn more at https://react.dev/link/wrap-tests-with-act

stderr | ../../node_modules/react-reconciler/cjs/react-reconciler.development.js:13614:19
An update to Spinner inside a test was not wrapped in act(...).

When testing, code that causes React state updates should be wrapped into act(...):

act(() => {
  /* fire events that update state */
});
/* assert on the output */

This ensures that you're testing the behavior the user would see in the browser. Learn more at https://react.dev/link/wrap-tests-with-act

stderr | ../../node_modules/react-reconciler/cjs/react-reconciler.development.js:13614:19
An update to Spinner inside a test was not wrapped in act(...).

When testing, code that causes React state updates should be wrapped into act(...):

act(() => {
  /* fire events that update state */
});
/* assert on the output */

This ensures that you're testing the behavior the user would see in the browser. Learn more at https://react.dev/link/wrap-tests-with-act

stderr | ../../node_modules/react-reconciler/cjs/react-reconciler.development.js:13614:19
An update to Spinner inside a test was not wrapped in act(...).

When testing, code that causes React state updates should be wrapped into act(...):

act(() => {
  /* fire events that update state */
});
/* assert on the output */

This ensures that you're testing the behavior the user would see in the browser. Learn more at https://react.dev/link/wrap-tests-with-act

stderr | ../../node_modules/react-reconciler/cjs/react-reconciler.development.js:13614:19
An update to Spinner inside a test was not wrapped in act(...).

When testing, code that causes React state updates should be wrapped into act(...):

act(() => {
  /* fire events that update state */
});
/* assert on the output */

This ensures that you're testing the behavior the user would see in the browser. Learn more at https://react.dev/link/wrap-tests-with-act

stderr | ../../node_modules/react-reconciler/cjs/react-reconciler.development.js:13614:19
An update to Spinner inside a test was not wrapped in act(...).

When testing, code that causes React state updates should be wrapped into act(...):

act(() => {
  /* fire events that update state */
});
/* assert on the output */

This ensures that you're testing the behavior the user would see in the browser. Learn more at https://react.dev/link/wrap-tests-with-act

stderr | ../../node_modules/react-reconciler/cjs/react-reconciler.development.js:13614:19
An update to Spinner inside a test was not wrapped in act(...).

When testing, code that causes React state updates should be wrapped into act(...):

act(() => {
  /* fire events that update state */
});
/* assert on the output */

This ensures that you're testing the behavior the user would see in the browser. Learn more at https://react.dev/link/wrap-tests-with-act

stderr | ../../node_modules/react-reconciler/cjs/react-reconciler.development.js:13614:19
An update to Spinner inside a test was not wrapped in act(...).

When testing, code that causes React state updates should be wrapped into act(...):

act(() => {
  /* fire events that update state */
});
/* assert on the output */

This ensures that you're testing the behavior the user would see in the browser. Learn more at https://react.dev/link/wrap-tests-with-act

stderr | ../../node_modules/react-reconciler/cjs/react-reconciler.development.js:13614:19
An update to Spinner inside a test was not wrapped in act(...).

When testing, code that causes React state updates should be wrapped into act(...):

act(() => {
  /* fire events that update state */
});
/* assert on the output */

This ensures that you're testing the behavior the user would see in the browser. Learn more at https://react.dev/link/wrap-tests-with-act

stderr | ../../node_modules/react-reconciler/cjs/react-reconciler.development.js:13614:19
An update to Spinner inside a test was not wrapped in act(...).

When testing, code that causes React state updates should be wrapped into act(...):

act(() => {
  /* fire events that update state */
});
/* assert on the output */

This ensures that you're testing the behavior the user would see in the browser. Learn more at https://react.dev/link/wrap-tests-with-act

stderr | ../../node_modules/react-reconciler/cjs/react-reconciler.development.js:13614:19
An update to Spinner inside a test was not wrapped in act(...).

When testing, code that causes React state updates should be wrapped into act(...):

act(() => {
  /* fire events that update state */
});
/* assert on the output */

This ensures that you're testing the behavior the user would see in the browser. Learn more at https://react.dev/link/wrap-tests-with-act

stderr | ../../node_modules/react-reconciler/cjs/react-reconciler.development.js:13614:19
An update to Spinner inside a test was not wrapped in act(...).

When testing, code that causes React state updates should be wrapped into act(...):

act(() => {
  /* fire events that update state */
});
/* assert on the output */

This ensures that you're testing the behavior the user would see in the browser. Learn more at https://react.dev/link/wrap-tests-with-act

stderr | ../../node_modules/react-reconciler/cjs/react-reconciler.development.js:13614:19
An update to Spinner inside a test was not wrapped in act(...).

When testing, code that causes React state updates should be wrapped into act(...):

act(() => {
  /* fire events that update state */
});
/* assert on the output */

This ensures that you're testing the behavior the user would see in the browser. Learn more at https://react.dev/link/wrap-tests-with-act

stderr | ../../node_modules/react-reconciler/cjs/react-reconciler.development.js:13614:19
An update to Spinner inside a test was not wrapped in act(...).

When testing, code that causes React state updates should be wrapped into act(...):

act(() => {
  /* fire events that update state */
});
/* assert on the output */

This ensures that you're testing the behavior the user would see in the browser. Learn more at https://react.dev/link/wrap-tests-with-act

stderr | ../../node_modules/react-reconciler/cjs/react-reconciler.development.js:13614:19
An update to Spinner inside a test was not wrapped in act(...).

When testing, code that causes React state updates should be wrapped into act(...):

act(() => {
  /* fire events that update state */
});
/* assert on the output */

This ensures that you're testing the behavior the user would see in the browser. Learn more at https://react.dev/link/wrap-tests-with-act

stderr | ../../node_modules/react-reconciler/cjs/react-reconciler.development.js:13614:19
An update to Spinner inside a test was not wrapped in act(...).

When testing, code that causes React state updates should be wrapped into act(...):

act(() => {
  /* fire events that update state */
});
/* assert on the output */

This ensures that you're testing the behavior the user would see in the browser. Learn more at https://react.dev/link/wrap-tests-with-act

stderr | ../../node_modules/react-reconciler/cjs/react-reconciler.development.js:13614:19
An update to Spinner inside a test was not wrapped in act(...).

When testing, code that causes React state updates should be wrapped into act(...):

act(() => {
  /* fire events that update state */
});
/* assert on the output */

This ensures that you're testing the behavior the user would see in the browser. Learn more at https://react.dev/link/wrap-tests-with-act

stderr | ../../node_modules/react-reconciler/cjs/react-reconciler.development.js:13614:19
An update to Spinner inside a test was not wrapped in act(...).

When testing, code that causes React state updates should be wrapped into act(...):

act(() => {
  /* fire events that update state */
});
/* assert on the output */

This ensures that you're testing the behavior the user would see in the browser. Learn more at https://react.dev/link/wrap-tests-with-act

stderr | ../../node_modules/react-reconciler/cjs/react-reconciler.development.js:13614:19
An update to Spinner inside a test was not wrapped in act(...).

When testing, code that causes React state updates should be wrapped into act(...):

act(() => {
  /* fire events that update state */
});
/* assert on the output */

This ensures that you're testing the behavior the user would see in the browser. Learn more at https://react.dev/link/wrap-tests-with-act

stderr | ../../node_modules/react-reconciler/cjs/react-reconciler.development.js:13614:19
An update to Spinner inside a test was not wrapped in act(...).

When testing, code that causes React state updates should be wrapped into act(...):

act(() => {
  /* fire events that update state */
});
/* assert on the output */

This ensures that you're testing the behavior the user would see in the browser. Learn more at https://react.dev/link/wrap-tests-with-act

stderr | ../../node_modules/react-reconciler/cjs/react-reconciler.development.js:13614:19
An update to Spinner inside a test was not wrapped in act(...).

When testing, code that causes React state updates should be wrapped into act(...):

act(() => {
  /* fire events that update state */
});
/* assert on the output */

This ensures that you're testing the behavior the user would see in the browser. Learn more at https://react.dev/link/wrap-tests-with-act

stderr | ../../node_modules/react-reconciler/cjs/react-reconciler.development.js:13614:19
An update to Spinner inside a test was not wrapped in act(...).

When testing, code that causes React state updates should be wrapped into act(...):

act(() => {
  /* fire events that update state */
});
/* assert on the output */

This ensures that you're testing the behavior the user would see in the browser. Learn more at https://react.dev/link/wrap-tests-with-act

stderr | ../../node_modules/react-reconciler/cjs/react-reconciler.development.js:13614:19
An update to Spinner inside a test was not wrapped in act(...).

When testing, code that causes React state updates should be wrapped into act(...):

act(() => {
  /* fire events that update state */
});
/* assert on the output */

This ensures that you're testing the behavior the user would see in the browser. Learn more at https://react.dev/link/wrap-tests-with-act

stderr | ../../node_modules/react-reconciler/cjs/react-reconciler.development.js:13614:19
An update to Spinner inside a test was not wrapped in act(...).

When testing, code that causes React state updates should be wrapped into act(...):

act(() => {
  /* fire events that update state */
});
/* assert on the output */

This ensures that you're testing the behavior the user would see in the browser. Learn more at https://react.dev/link/wrap-tests-with-act

stderr | ../../node_modules/react-reconciler/cjs/react-reconciler.development.js:13614:19
An update to Spinner inside a test was not wrapped in act(...).

When testing, code that causes React state updates should be wrapped into act(...):

act(() => {
  /* fire events that update state */
});
/* assert on the output */

This ensures that you're testing the behavior the user would see in the browser. Learn more at https://react.dev/link/wrap-tests-with-act

stderr | ../../node_modules/react-reconciler/cjs/react-reconciler.development.js:13614:19
An update to Spinner inside a test was not wrapped in act(...).

When testing, code that causes React state updates should be wrapped into act(...):

act(() => {
  /* fire events that update state */
});
/* assert on the output */

This ensures that you're testing the behavior the user would see in the browser. Learn more at https://react.dev/link/wrap-tests-with-act

stderr | ../../node_modules/react-reconciler/cjs/react-reconciler.development.js:13614:19
An update to Spinner inside a test was not wrapped in act(...).

When testing, code that causes React state updates should be wrapped into act(...):

act(() => {
  /* fire events that update state */
});
/* assert on the output */

This ensures that you're testing the behavior the user would see in the browser. Learn more at https://react.dev/link/wrap-tests-with-act

stderr | ../../node_modules/react-reconciler/cjs/react-reconciler.development.js:13614:19
An update to Spinner inside a test was not wrapped in act(...).

When testing, code that causes React state updates should be wrapped into act(...):

act(() => {
  /* fire events that update state */
});
/* assert on the output */

This ensures that you're testing the behavior the user would see in the browser. Learn more at https://react.dev/link/wrap-tests-with-act

stderr | ../../node_modules/react-reconciler/cjs/react-reconciler.development.js:13614:19
An update to Spinner inside a test was not wrapped in act(...).

When testing, code that causes React state updates should be wrapped into act(...):

act(() => {
  /* fire events that update state */
});
/* assert on the output */

This ensures that you're testing the behavior the user would see in the browser. Learn more at https://react.dev/link/wrap-tests-with-act

stderr | ../../node_modules/react-reconciler/cjs/react-reconciler.development.js:13614:19
An update to Spinner inside a test was not wrapped in act(...).

When testing, code that causes React state updates should be wrapped into act(...):

act(() => {
  /* fire events that update state */
});
/* assert on the output */

This ensures that you're testing the behavior the user would see in the browser. Learn more at https://react.dev/link/wrap-tests-with-act

stderr | ../../node_modules/react-reconciler/cjs/react-reconciler.development.js:13614:19
An update to Spinner inside a test was not wrapped in act(...).

When testing, code that causes React state updates should be wrapped into act(...):

act(() => {
  /* fire events that update state */
});
/* assert on the output */

This ensures that you're testing the behavior the user would see in the browser. Learn more at https://react.dev/link/wrap-tests-with-act

stderr | ../../node_modules/react-reconciler/cjs/react-reconciler.development.js:13614:19
An update to Spinner inside a test was not wrapped in act(...).

When testing, code that causes React state updates should be wrapped into act(...):

act(() => {
  /* fire events that update state */
});
/* assert on the output */

This ensures that you're testing the behavior the user would see in the browser. Learn more at https://react.dev/link/wrap-tests-with-act

stderr | ../../node_modules/react-reconciler/cjs/react-reconciler.development.js:13614:19
An update to Spinner inside a test was not wrapped in act(...).

When testing, code that causes React state updates should be wrapped into act(...):

act(() => {
  /* fire events that update state */
});
/* assert on the output */

This ensures that you're testing the behavior the user would see in the browser. Learn more at https://react.dev/link/wrap-tests-with-act

stderr | ../../node_modules/react-reconciler/cjs/react-reconciler.development.js:13614:19
An update to Spinner inside a test was not wrapped in act(...).

When testing, code that causes React state updates should be wrapped into act(...):

act(() => {
  /* fire events that update state */
});
/* assert on the output */

This ensures that you're testing the behavior the user would see in the browser. Learn more at https://react.dev/link/wrap-tests-with-act

stderr | ../../node_modules/react-reconciler/cjs/react-reconciler.development.js:13614:19
An update to Spinner inside a test was not wrapped in act(...).

When testing, code that causes React state updates should be wrapped into act(...):

act(() => {
  /* fire events that update state */
});
/* assert on the output */

This ensures that you're testing the behavior the user would see in the browser. Learn more at https://react.dev/link/wrap-tests-with-act

stderr | ../../node_modules/react-reconciler/cjs/react-reconciler.development.js:13614:19
An update to Spinner inside a test was not wrapped in act(...).

When testing, code that causes React state updates should be wrapped into act(...):

act(() => {
  /* fire events that update state */
});
/* assert on the output */

This ensures that you're testing the behavior the user would see in the browser. Learn more at https://react.dev/link/wrap-tests-with-act

stderr | ../../node_modules/react-reconciler/cjs/react-reconciler.development.js:13614:19
An update to Spinner inside a test was not wrapped in act(...).

When testing, code that causes React state updates should be wrapped into act(...):

act(() => {
  /* fire events that update state */
});
/* assert on the output */

This ensures that you're testing the behavior the user would see in the browser. Learn more at https://react.dev/link/wrap-tests-with-act

stderr | ../../node_modules/react-reconciler/cjs/react-reconciler.development.js:13614:19
An update to Spinner inside a test was not wrapped in act(...).

When testing, code that causes React state updates should be wrapped into act(...):

act(() => {
  /* fire events that update state */
});
/* assert on the output */

This ensures that you're testing the behavior the user would see in the browser. Learn more at https://react.dev/link/wrap-tests-with-act

stderr | ../../node_modules/react-reconciler/cjs/react-reconciler.development.js:13614:19
An update to Spinner inside a test was not wrapped in act(...).

When testing, code that causes React state updates should be wrapped into act(...):

act(() => {
  /* fire events that update state */
});
/* assert on the output */

This ensures that you're testing the behavior the user would see in the browser. Learn more at https://react.dev/link/wrap-tests-with-act

stderr | ../../node_modules/react-reconciler/cjs/react-reconciler.development.js:13614:19
An update to Spinner inside a test was not wrapped in act(...).

When testing, code that causes React state updates should be wrapped into act(...):

act(() => {
  /* fire events that update state */
});
/* assert on the output */

This ensures that you're testing the behavior the user would see in the browser. Learn more at https://react.dev/link/wrap-tests-with-act

stderr | ../../node_modules/react-reconciler/cjs/react-reconciler.development.js:13614:19
An update to Spinner inside a test was not wrapped in act(...).

When testing, code that causes React state updates should be wrapped into act(...):

act(() => {
  /* fire events that update state */
});
/* assert on the output */

This ensures that you're testing the behavior the user would see in the browser. Learn more at https://react.dev/link/wrap-tests-with-act

stderr | ../../node_modules/react-reconciler/cjs/react-reconciler.development.js:13614:19
An update to Spinner inside a test was not wrapped in act(...).

When testing, code that causes React state updates should be wrapped into act(...):

act(() => {
  /* fire events that update state */
});
/* assert on the output */

This ensures that you're testing the behavior the user would see in the browser. Learn more at https://react.dev/link/wrap-tests-with-act

stderr | ../../node_modules/react-reconciler/cjs/react-reconciler.development.js:13614:19
An update to Spinner inside a test was not wrapped in act(...).

When testing, code that causes React state updates should be wrapped into act(...):

act(() => {
  /* fire events that update state */
});
/* assert on the output */

This ensures that you're testing the behavior the user would see in the browser. Learn more at https://react.dev/link/wrap-tests-with-act

stderr | ../../node_modules/react-reconciler/cjs/react-reconciler.development.js:13614:19
An update to Spinner inside a test was not wrapped in act(...).

When testing, code that causes React state updates should be wrapped into act(...):

act(() => {
  /* fire events that update state */
});
/* assert on the output */

This ensures that you're testing the behavior the user would see in the browser. Learn more at https://react.dev/link/wrap-tests-with-act

stderr | ../../node_modules/react-reconciler/cjs/react-reconciler.development.js:13614:19
An update to Spinner inside a test was not wrapped in act(...).

When testing, code that causes React state updates should be wrapped into act(...):

act(() => {
  /* fire events that update state */
});
/* assert on the output */

This ensures that you're testing the behavior the user would see in the browser. Learn more at https://react.dev/link/wrap-tests-with-act

stderr | ../../node_modules/react-reconciler/cjs/react-reconciler.development.js:13614:19
An update to Spinner inside a test was not wrapped in act(...).

When testing, code that causes React state updates should be wrapped into act(...):

act(() => {
  /* fire events that update state */
});
/* assert on the output */

This ensures that you're testing the behavior the user would see in the browser. Learn more at https://react.dev/link/wrap-tests-with-act

stderr | ../../node_modules/react-reconciler/cjs/react-reconciler.development.js:13614:19
An update to Spinner inside a test was not wrapped in act(...).

When testing, code that causes React state updates should be wrapped into act(...):

act(() => {
  /* fire events that update state */
});
/* assert on the output */

This ensures that you're testing the behavior the user would see in the browser. Learn more at https://react.dev/link/wrap-tests-with-act

stderr | ../../node_modules/react-reconciler/cjs/react-reconciler.development.js:13614:19
An update to Spinner inside a test was not wrapped in act(...).

When testing, code that causes React state updates should be wrapped into act(...):

act(() => {
  /* fire events that update state */
});
/* assert on the output */

This ensures that you're testing the behavior the user would see in the browser. Learn more at https://react.dev/link/wrap-tests-with-act

stderr | ../../node_modules/react-reconciler/cjs/react-reconciler.development.js:13614:19
An update to Spinner inside a test was not wrapped in act(...).

When testing, code that causes React state updates should be wrapped into act(...):

act(() => {
  /* fire events that update state */
});
/* assert on the output */

This ensures that you're testing the behavior the user would see in the browser. Learn more at https://react.dev/link/wrap-tests-with-act

stderr | ../../node_modules/react-reconciler/cjs/react-reconciler.development.js:13614:19
An update to Spinner inside a test was not wrapped in act(...).

When testing, code that causes React state updates should be wrapped into act(...):

act(() => {
  /* fire events that update state */
});
/* assert on the output */

This ensures that you're testing the behavior the user would see in the browser. Learn more at https://react.dev/link/wrap-tests-with-act

stderr | ../../node_modules/react-reconciler/cjs/react-reconciler.development.js:13614:19
An update to Spinner inside a test was not wrapped in act(...).

When testing, code that causes React state updates should be wrapped into act(...):

act(() => {
  /* fire events that update state */
});
/* assert on the output */

This ensures that you're testing the behavior the user would see in the browser. Learn more at https://react.dev/link/wrap-tests-with-act

stderr | ../../node_modules/react-reconciler/cjs/react-reconciler.development.js:13614:19
An update to Spinner inside a test was not wrapped in act(...).

When testing, code that causes React state updates should be wrapped into act(...):

act(() => {
  /* fire events that update state */
});
/* assert on the output */

This ensures that you're testing the behavior the user would see in the browser. Learn more at https://react.dev/link/wrap-tests-with-act

stderr | ../../node_modules/react-reconciler/cjs/react-reconciler.development.js:13614:19
An update to Spinner inside a test was not wrapped in act(...).

When testing, code that causes React state updates should be wrapped into act(...):

act(() => {
  /* fire events that update state */
});
/* assert on the output */

This ensures that you're testing the behavior the user would see in the browser. Learn more at https://react.dev/link/wrap-tests-with-act

stderr | ../../node_modules/react-reconciler/cjs/react-reconciler.development.js:13614:19
An update to Spinner inside a test was not wrapped in act(...).

When testing, code that causes React state updates should be wrapped into act(...):

act(() => {
  /* fire events that update state */
});
/* assert on the output */

This ensures that you're testing the behavior the user would see in the browser. Learn more at https://react.dev/link/wrap-tests-with-act

stderr | ../../node_modules/react-reconciler/cjs/react-reconciler.development.js:13614:19
An update to Spinner inside a test was not wrapped in act(...).

When testing, code that causes React state updates should be wrapped into act(...):

act(() => {
  /* fire events that update state */
});
/* assert on the output */

This ensures that you're testing the behavior the user would see in the browser. Learn more at https://react.dev/link/wrap-tests-with-act

stderr | ../../node_modules/react-reconciler/cjs/react-reconciler.development.js:13614:19
An update to Spinner inside a test was not wrapped in act(...).

When testing, code that causes React state updates should be wrapped into act(...):

act(() => {
  /* fire events that update state */
});
/* assert on the output */

This ensures that you're testing the behavior the user would see in the browser. Learn more at https://react.dev/link/wrap-tests-with-act

stderr | ../../node_modules/react-reconciler/cjs/react-reconciler.development.js:13614:19
An update to Spinner inside a test was not wrapped in act(...).

When testing, code that causes React state updates should be wrapped into act(...):

act(() => {
  /* fire events that update state */
});
/* assert on the output */

This ensures that you're testing the behavior the user would see in the browser. Learn more at https://react.dev/link/wrap-tests-with-act

stderr | ../../node_modules/react-reconciler/cjs/react-reconciler.development.js:13614:19
An update to Spinner inside a test was not wrapped in act(...).

When testing, code that causes React state updates should be wrapped into act(...):

act(() => {
  /* fire events that update state */
});
/* assert on the output */

This ensures that you're testing the behavior the user would see in the browser. Learn more at https://react.dev/link/wrap-tests-with-act

stderr | ../../node_modules/react-reconciler/cjs/react-reconciler.development.js:13614:19
An update to Spinner inside a test was not wrapped in act(...).

When testing, code that causes React state updates should be wrapped into act(...):

act(() => {
  /* fire events that update state */
});
/* assert on the output */

This ensures that you're testing the behavior the user would see in the browser. Learn more at https://react.dev/link/wrap-tests-with-act

stderr | ../../node_modules/react-reconciler/cjs/react-reconciler.development.js:13614:19
An update to Spinner inside a test was not wrapped in act(...).

When testing, code that causes React state updates should be wrapped into act(...):

act(() => {
  /* fire events that update state */
});
/* assert on the output */

This ensures that you're testing the behavior the user would see in the browser. Learn more at https://react.dev/link/wrap-tests-with-act

stderr | ../../node_modules/react-reconciler/cjs/react-reconciler.development.js:13614:19
An update to Spinner inside a test was not wrapped in act(...).

When testing, code that causes React state updates should be wrapped into act(...):

act(() => {
  /* fire events that update state */
});
/* assert on the output */

This ensures that you're testing the behavior the user would see in the browser. Learn more at https://react.dev/link/wrap-tests-with-act

 ✓ src/config/extension-manager-agents.test.ts (2 tests) 416ms
   ✓ ExtensionManager agents loading > should load agents from an extension  337ms
(node:64414) [DEP0040] DeprecationWarning: The `punycode` module is deprecated. Please use a userland alternative instead.
(Use `node --trace-deprecation ...` to show where the warning was created)
 ✓ src/ui/components/Tips.test.tsx (2 tests) 100ms
(node:64420) [DEP0040] DeprecationWarning: The `punycode` module is deprecated. Please use a userland alternative instead.
(Use `node --trace-deprecation ...` to show where the warning was created)
 ✓ src/config/extensions/extensionUpdates.test.ts (5 tests) 206ms
 ✓ src/utils/sessionUtils.test.ts (20 tests) 184ms
 ✓ src/ui/components/GradientRegression.test.tsx (5 tests) 443ms
(node:64422) [DEP0040] DeprecationWarning: The `punycode` module is deprecated. Please use a userland alternative instead.
(Use `node --trace-deprecation ...` to show where the warning was created)
 ✓ src/ui/components/ProQuotaDialog.test.tsx (8 tests) 244ms
(node:64428) [DEP0040] DeprecationWarning: The `punycode` module is deprecated. Please use a userland alternative instead.
(Use `node --trace-deprecation ...` to show where the warning was created)
(node:64425) [DEP0040] DeprecationWarning: The `punycode` module is deprecated. Please use a userland alternative instead.
(Use `node --trace-deprecation ...` to show where the warning was created)
(node:64427) [DEP0040] DeprecationWarning: The `punycode` module is deprecated. Please use a userland alternative instead.
(Use `node --trace-deprecation ...` to show where the warning was created)
(node:64429) [DEP0040] DeprecationWarning: The `punycode` module is deprecated. Please use a userland alternative instead.
(Use `node --trace-deprecation ...` to show where the warning was created)
(node:64444) [DEP0040] DeprecationWarning: The `punycode` module is deprecated. Please use a userland alternative instead.
(Use `node --trace-deprecation ...` to show where the warning was created)
 ✓ src/gemini_cleanup.test.tsx (1 test) 535ms
   ✓ gemini.tsx main function cleanup > should log error when cleanupExpiredSessions fails  533ms
 ✓ src/ui/auth/LoginWithGoogleRestartDialog.test.tsx (4 tests) 135ms
 ✓ src/ui/components/ConsentPrompt.test.tsx (5 tests) 249ms
(node:64457) [DEP0040] DeprecationWarning: The `punycode` module is deprecated. Please use a userland alternative instead.
(Use `node --trace-deprecation ...` to show where the warning was created)
 ✓ src/ui/components/LogoutConfirmationDialog.test.tsx (5 tests) 226ms
(node:64458) [DEP0040] DeprecationWarning: The `punycode` module is deprecated. Please use a userland alternative instead.
(Use `node --trace-deprecation ...` to show where the warning was created)
(node:64467) [DEP0040] DeprecationWarning: The `punycode` module is deprecated. Please use a userland alternative instead.
(Use `node --trace-deprecation ...` to show where the warning was created)
 ✓ src/utils/skillUtils.test.ts (3 tests) 168ms
 ✓ src/ui/components/views/McpStatus.test.tsx (13 tests) 511ms
 ✓ src/ui/hooks/useSnowfall.test.tsx (5 tests) 117ms
 ✓ src/ui/components/Notifications.test.tsx (9 tests) 211ms
(node:64469) [DEP0040] DeprecationWarning: The `punycode` module is deprecated. Please use a userland alternative instead.
(Use `node --trace-deprecation ...` to show where the warning was created)
 ✓ src/utils/settingsUtils.test.ts (73 tests) 99ms
(node:64471) [DEP0040] DeprecationWarning: The `punycode` module is deprecated. Please use a userland alternative instead.
(Use `node --trace-deprecation ...` to show where the warning was created)
(node:64473) [DEP0040] DeprecationWarning: The `punycode` module is deprecated. Please use a userland alternative instead.
(Use `node --trace-deprecation ...` to show where the warning was created)
(node:64475) [DEP0040] DeprecationWarning: The `punycode` module is deprecated. Please use a userland alternative instead.
(Use `node --trace-deprecation ...` to show where the warning was created)
(node:64477) [DEP0040] DeprecationWarning: The `punycode` module is deprecated. Please use a userland alternative instead.
(Use `node --trace-deprecation ...` to show where the warning was created)
(node:64495) [DEP0040] DeprecationWarning: The `punycode` module is deprecated. Please use a userland alternative instead.
(Use `node --trace-deprecation ...` to show where the warning was created)
 ✓ src/ui/utils/clipboardUtils.test.ts (34 tests) 514ms
 ✓ src/ui/hooks/useApprovalModeIndicator.test.ts (18 tests) 255ms
 ✓ src/ui/components/ValidationDialog.test.tsx (8 tests) 401ms
stdout | src/ui/commands/setupGithubCommand.test.ts > setupGithubCommand > throws an error when download fails
Failed to download required setup files:  Error: Invalid response code downloading https://raw.githubusercontent.com/google-github-actions/run-gemini-cli/refs/tags/v1.2.3/examples/workflows/gemini-dispatch/gemini-dispatch.yml: 404 - Not Found
    at [90m/Users/trukhinyuri/Personal/SourcesSide/gemini-cli/packages/cli/[39msrc/ui/commands/setupGithubCommand.ts:131:17
    at async Promise.all (index 0)
    at downloadFiles [90m(/Users/trukhinyuri/Personal/SourcesSide/gemini-cli/packages/cli/[39msrc/ui/commands/setupGithubCommand.ts:158:3[90m)[39m
    at async Promise.all (index 0)
    at downloadSetupFiles [90m(/Users/trukhinyuri/Personal/SourcesSide/gemini-cli/packages/cli/[39msrc/ui/commands/setupGithubCommand.ts:184:5[90m)[39m
    at Object.action [90m(/Users/trukhinyuri/Personal/SourcesSide/gemini-cli/packages/cli/[39msrc/ui/commands/setupGithubCommand.ts:240:5[90m)[39m
    at [90m/Users/trukhinyuri/Personal/SourcesSide/gemini-cli/packages/cli/[39msrc/ui/commands/setupGithubCommand.test.ts:216:5
    at file:///Users/trukhinyuri/Personal/SourcesSide/gemini-cli/node_modules/[4m@vitest/runner[24m/dist/chunk-hooks.js:752:20

stdout | src/ui/commands/setupGithubCommand.test.ts > updateGitignore > handles file system errors gracefully
Failed to update .gitignore: Error: ENOENT: no such file or directory, open '/var/folders/m_/t8srdy5j15758lvzl10458gw0000gn/T/update-gitignore-lCxUm3/non-existent/.gitignore'
[90m    at open (node:internal/fs/promises:636:25)[39m
[90m    at Object.writeFile (node:internal/fs/promises:1239:14)[39m
    at Module.updateGitignore [90m(/Users/trukhinyuri/Personal/SourcesSide/gemini-cli/packages/cli/[39msrc/ui/commands/setupGithubCommand.ts:82:7[90m)[39m
    at [90m/Users/trukhinyuri/Personal/SourcesSide/gemini-cli/packages/cli/[39msrc/ui/commands/setupGithubCommand.test.ts:319:5
    at file:///Users/trukhinyuri/Personal/SourcesSide/gemini-cli/node_modules/[4m@vitest/runner[24m/dist/chunk-hooks.js:752:20 {
  errno: [33m-2[39m,
  code: [32m'ENOENT'[39m,
  syscall: [32m'open'[39m,
  path: [32m'/var/folders/m_/t8srdy5j15758lvzl10458gw0000gn/T/update-gitignore-lCxUm3/non-existent/.gitignore'[39m
}

 ✓ src/ui/commands/setupGithubCommand.test.ts (10 tests) 342ms
 ✓ src/utils/sessionCleanup.test.ts (70 tests) 376ms
(node:64521) [DEP0040] DeprecationWarning: The `punycode` module is deprecated. Please use a userland alternative instead.
(Use `node --trace-deprecation ...` to show where the warning was created)
(node:64519) [DEP0040] DeprecationWarning: The `punycode` module is deprecated. Please use a userland alternative instead.
(Use `node --trace-deprecation ...` to show where the warning was created)
(node:64513) [DEP0040] DeprecationWarning: The `punycode` module is deprecated. Please use a userland alternative instead.
(Use `node --trace-deprecation ...` to show where the warning was created)
 ✓ src/ui/components/shared/RadioButtonSelect.test.tsx (5 tests) 274ms
(node:64531) [DEP0040] DeprecationWarning: The `punycode` module is deprecated. Please use a userland alternative instead.
(Use `node --trace-deprecation ...` to show where the warning was created)
 ✓ src/ui/components/messages/RedirectionConfirmation.test.tsx (1 test) 1331ms
   ✓ ToolConfirmationMessage Redirection > should display redirection warning and tip for redirected commands  1243ms
 ✓ src/ui/auth/AuthInProgress.test.tsx (5 tests) 342ms
(node:64533) [DEP0040] DeprecationWarning: The `punycode` module is deprecated. Please use a userland alternative instead.
(Use `node --trace-deprecation ...` to show where the warning was created)
(node:64557) [DEP0040] DeprecationWarning: The `punycode` module is deprecated. Please use a userland alternative instead.
(Use `node --trace-deprecation ...` to show where the warning was created)
 ✓ src/ui/components/shared/MaxSizedBox.test.tsx (12 tests) 1293ms
   ✓ <MaxSizedBox /> > renders children without truncation when they fit  802ms
(node:64596) [DEP0040] DeprecationWarning: The `punycode` module is deprecated. Please use a userland alternative instead.
(Use `node --trace-deprecation ...` to show where the warning was created)
(node:64598) [DEP0040] DeprecationWarning: The `punycode` module is deprecated. Please use a userland alternative instead.
(Use `node --trace-deprecation ...` to show where the warning was created)
(node:64600) [DEP0040] DeprecationWarning: The `punycode` module is deprecated. Please use a userland alternative instead.
(Use `node --trace-deprecation ...` to show where the warning was created)
 ✓ src/ui/utils/CodeColorizer.test.tsx (1 test) 212ms
 ✓ src/ui/components/ShellModeIndicator.test.tsx (1 test) 103ms
 ✓ src/ui/components/SessionBrowser.test.tsx (6 tests) 537ms
 ✓ src/ui/components/MultiFolderTrustDialog.test.tsx (8 tests) 407ms
stderr | src/ui/utils/commandUtils.test.ts > commandUtils > getUrlOpenCommand > on unmatched OS > should return xdg-open
Unknown platform: unmatched. Attempting to open URLs with: xdg-open.

 ✓ src/ui/utils/commandUtils.test.ts (30 tests) 222ms
 ✓ src/ui/contexts/MouseContext.test.tsx (18 tests) 229ms
(node:64616) [DEP0040] DeprecationWarning: The `punycode` module is deprecated. Please use a userland alternative instead.
(Use `node --trace-deprecation ...` to show where the warning was created)
stdout | src/utils/gitUtils.test.ts > isGitHubRepository > returns false if the git command fails
Failed to get git remote: Error: oops
    at [90m/Users/trukhinyuri/Personal/SourcesSide/gemini-cli/packages/cli/[39msrc/utils/gitUtils.test.ts:29:13
    at mockCall (file:///Users/trukhinyuri/Personal/SourcesSide/gemini-cli/node_modules/[4m@vitest/spy[24m/dist/index.js:96:15)
    at execSync (file:///Users/trukhinyuri/Personal/SourcesSide/gemini-cli/node_modules/[4mtinyspy[24m/dist/index.js:47:80)
    at Module.isGitHubRepository [90m(/Users/trukhinyuri/Personal/SourcesSide/gemini-cli/packages/cli/[39msrc/utils/gitUtils.ts:18:7[90m)[39m
    at [90m/Users/trukhinyuri/Personal/SourcesSide/gemini-cli/packages/cli/[39msrc/utils/gitUtils.test.ts:31:12
    at file:///Users/trukhinyuri/Personal/SourcesSide/gemini-cli/node_modules/[4m@vitest/runner[24m/dist/chunk-hooks.js:155:11
    at file:///Users/trukhinyuri/Personal/SourcesSide/gemini-cli/node_modules/[4m@vitest/runner[24m/dist/chunk-hooks.js:752:26
    at file:///Users/trukhinyuri/Personal/SourcesSide/gemini-cli/node_modules/[4m@vitest/runner[24m/dist/chunk-hooks.js:1897:20
    at new Promise (<anonymous>)
    at runWithTimeout (file:///Users/trukhinyuri/Personal/SourcesSide/gemini-cli/node_modules/[4m@vitest/runner[24m/dist/chunk-hooks.js:1863:10)

(node:64618) [DEP0040] DeprecationWarning: The `punycode` module is deprecated. Please use a userland alternative instead.
(Use `node --trace-deprecation ...` to show where the warning was created)
stdout | src/utils/gitUtils.test.ts > getLatestRelease > throws an error if the fetch fails
Failed to determine latest run-gemini-cli release: nope

stdout | src/utils/gitUtils.test.ts > getLatestRelease > throws an error if the fetch does not return a json body
Failed to determine latest run-gemini-cli release: Error: Response did not include tag_name field
    at Module.getLatestGitHubRelease [90m(/Users/trukhinyuri/Personal/SourcesSide/gemini-cli/packages/cli/[39msrc/utils/gitUtils.ts:83:13[90m)[39m
[90m    at processTicksAndRejections (node:internal/process/task_queues:104:5)[39m
    at [90m/Users/trukhinyuri/Personal/SourcesSide/gemini-cli/packages/cli/[39msrc/utils/gitUtils.test.ts:135:5
    at file:///Users/trukhinyuri/Personal/SourcesSide/gemini-cli/node_modules/[4m@vitest/runner[24m/dist/chunk-hooks.js:752:20

(node:64613) [DEP0040] DeprecationWarning: The `punycode` module is deprecated. Please use a userland alternative instead.
(Use `node --trace-deprecation ...` to show where the warning was created)
 ✓ src/utils/gitUtils.test.ts (12 tests) 67ms
(node:64622) [DEP0040] DeprecationWarning: The `punycode` module is deprecated. Please use a userland alternative instead.
(Use `node --trace-deprecation ...` to show where the warning was created)
(node:64624) [DEP0040] DeprecationWarning: The `punycode` module is deprecated. Please use a userland alternative instead.
(Use `node --trace-deprecation ...` to show where the warning was created)
 ✓ src/config/extensions/consent.test.ts (20 tests) 95ms
(node:64627) [DEP0040] DeprecationWarning: The `punycode` module is deprecated. Please use a userland alternative instead.
(Use `node --trace-deprecation ...` to show where the warning was created)
(node:64631) [DEP0040] DeprecationWarning: The `punycode` module is deprecated. Please use a userland alternative instead.
(Use `node --trace-deprecation ...` to show where the warning was created)
 ✓ src/ui/hooks/useReverseSearchCompletion.test.tsx (10 tests) 342ms
(node:64643) [DEP0040] DeprecationWarning: The `punycode` module is deprecated. Please use a userland alternative instead.
(Use `node --trace-deprecation ...` to show where the warning was created)
(node:64651) [DEP0040] DeprecationWarning: The `punycode` module is deprecated. Please use a userland alternative instead.
(Use `node --trace-deprecation ...` to show where the warning was created)
 ✓ src/ui/hooks/useMessageQueue.test.tsx (15 tests) 129ms
 ✓ src/ui/components/shared/HalfLinePaddedBox.test.tsx (3 tests) 269ms
 ✓ src/ui/hooks/useAnimatedScrollbar.test.tsx (7 tests) 117ms
(node:64622) MaxListenersExceededWarning: Possible EventEmitter memory leak detected. 11 error listeners added to [EventEmitter]. MaxListeners is 10. Use emitter.setMaxListeners() to increase limit
 ✓ src/config/extensions/github.test.ts (33 tests) 533ms
 ✓ src/config/extensions/extensionEnablement.test.ts (48 tests) 362ms
(node:64669) [DEP0040] DeprecationWarning: The `punycode` module is deprecated. Please use a userland alternative instead.
(Use `node --trace-deprecation ...` to show where the warning was created)
(node:64666) [DEP0040] DeprecationWarning: The `punycode` module is deprecated. Please use a userland alternative instead.
(Use `node --trace-deprecation ...` to show where the warning was created)
(node:64671) [DEP0040] DeprecationWarning: The `punycode` module is deprecated. Please use a userland alternative instead.
(Use `node --trace-deprecation ...` to show where the warning was created)
 ✓ src/ui/components/messages/Todo.test.tsx (14 tests) 435ms
 ✓ src/ui/components/DialogManager.test.tsx (18 tests) 395ms
(node:64675) [DEP0040] DeprecationWarning: The `punycode` module is deprecated. Please use a userland alternative instead.
(Use `node --trace-deprecation ...` to show where the warning was created)
(node:64679) [DEP0040] DeprecationWarning: The `punycode` module is deprecated. Please use a userland alternative instead.
(Use `node --trace-deprecation ...` to show where the warning was created)
 ✓ src/ui/components/NewAgentsNotification.test.tsx (2 tests) 372ms
   ✓ NewAgentsNotification > renders agent list  326ms
stdout | src/commands/mcp/remove.test.ts > mcp remove command > unit tests with mocks > should remove a server from project settings
Server "test-server" removed from project settings.

 ✓ src/commands/mcp/remove.test.ts (6 tests) 260ms
(node:64691) [DEP0040] DeprecationWarning: The `punycode` module is deprecated. Please use a userland alternative instead.
(Use `node --trace-deprecation ...` to show where the warning was created)
(node:64692) [DEP0040] DeprecationWarning: The `punycode` module is deprecated. Please use a userland alternative instead.
(Use `node --trace-deprecation ...` to show where the warning was created)
(node:64695) [DEP0040] DeprecationWarning: The `punycode` module is deprecated. Please use a userland alternative instead.
(Use `node --trace-deprecation ...` to show where the warning was created)
stdout | src/zed-integration/zedIntegration.test.ts > GeminiAgent > should create a new session
[STARTUP] StartupProfiler.flush() called with [33m0[39m phases

stdout | src/zed-integration/zedIntegration.test.ts > GeminiAgent > should create a new session with mcp servers
[STARTUP] StartupProfiler.flush() called with [33m0[39m phases

stdout | src/zed-integration/zedIntegration.test.ts > GeminiAgent > should handle authentication failure gracefully
[STARTUP] StartupProfiler.flush() called with [33m0[39m phases

stdout | src/zed-integration/zedIntegration.test.ts > GeminiAgent > should initialize file system service if client supports it
[STARTUP] StartupProfiler.flush() called with [33m0[39m phases

stdout | src/zed-integration/zedIntegration.test.ts > GeminiAgent > should cancel a session
[STARTUP] StartupProfiler.flush() called with [33m0[39m phases

stdout | src/zed-integration/zedIntegration.test.ts > GeminiAgent > should delegate prompt to session
[STARTUP] StartupProfiler.flush() called with [33m0[39m phases

TEST: calling prompt
TEST: waiting for streamStarted
TEST: asyncStream started
TEST: waiting for read
TEST: streamStarted
TEST: cancelled
TEST: stream closed
TEST: read returned done=true
TEST: releasing lock
TEST: result received {"stopReason":"cancelled"}
stderr | src/zed-integration/zedIntegration.test.ts > Session > should ignore files based on configuration
Path ignored.txt is ignored and will be skipped.
No valid file paths found in @ commands to read.

 ✓ src/zed-integration/zedIntegration.test.ts (20 tests) 333ms
(node:64701) [DEP0040] DeprecationWarning: The `punycode` module is deprecated. Please use a userland alternative instead.
(Use `node --trace-deprecation ...` to show where the warning was created)
 ✓ src/ui/components/views/SkillsList.test.tsx (6 tests) 222ms
 ✓ src/ui/hooks/shellCommandProcessor.test.tsx (20 tests) 471ms
 ✓ src/ui/components/ToolStatsDisplay.test.tsx (5 tests) 318ms
(node:64710) [DEP0040] DeprecationWarning: The `punycode` module is deprecated. Please use a userland alternative instead.
(Use `node --trace-deprecation ...` to show where the warning was created)
 ✓ src/ui/hooks/useToolExecutionScheduler.test.ts (9 tests) 257ms
(node:64712) [DEP0040] DeprecationWarning: The `punycode` module is deprecated. Please use a userland alternative instead.
(Use `node --trace-deprecation ...` to show where the warning was created)
 ✓ src/ui/components/ConfigInitDisplay.test.tsx (4 tests) 148ms
 ✓ src/ui/components/AboutBox.test.tsx (6 tests) 244ms
(node:64723) [DEP0040] DeprecationWarning: The `punycode` module is deprecated. Please use a userland alternative instead.
(Use `node --trace-deprecation ...` to show where the warning was created)
(node:64724) [DEP0040] DeprecationWarning: The `punycode` module is deprecated. Please use a userland alternative instead.
(Use `node --trace-deprecation ...` to show where the warning was created)
 ✓ src/ui/hooks/useLoadingIndicator.test.tsx (7 tests) 128ms
(node:64725) [DEP0040] DeprecationWarning: The `punycode` module is deprecated. Please use a userland alternative instead.
(Use `node --trace-deprecation ...` to show where the warning was created)
 ✓ src/ui/components/CliSpinner.test.tsx (2 tests) 131ms
(node:64738) [DEP0040] DeprecationWarning: The `punycode` module is deprecated. Please use a userland alternative instead.
(Use `node --trace-deprecation ...` to show where the warning was created)
(node:64739) [DEP0040] DeprecationWarning: The `punycode` module is deprecated. Please use a userland alternative instead.
(Use `node --trace-deprecation ...` to show where the warning was created)
(node:64742) [DEP0040] DeprecationWarning: The `punycode` module is deprecated. Please use a userland alternative instead.
(Use `node --trace-deprecation ...` to show where the warning was created)
 ✓ src/ui/commands/memoryCommand.test.ts (11 tests) 59ms
(node:64747) [DEP0040] DeprecationWarning: The `punycode` module is deprecated. Please use a userland alternative instead.
(Use `node --trace-deprecation ...` to show where the warning was created)
 ✓ src/ui/components/Header.test.tsx (9 tests) 249ms
stdout | src/ui/hooks/useAtCompletion_agents.test.ts > useAtCompletion with Agents > should include agent suggestions
Ignore file not found: /var/folders/m_/t8srdy5j15758lvzl10458gw0000gn/T/gemini-cli-test-CGvC6Z/.geminiignore, continue without it.

stdout | src/ui/hooks/useAtCompletion_agents.test.ts > useAtCompletion with Agents > should filter agent suggestions
Ignore file not found: /var/folders/m_/t8srdy5j15758lvzl10458gw0000gn/T/gemini-cli-test-WSD5Ek/.geminiignore, continue without it.

(node:64750) [DEP0040] DeprecationWarning: The `punycode` module is deprecated. Please use a userland alternative instead.
(Use `node --trace-deprecation ...` to show where the warning was created)
 ✓ src/ui/components/AdminSettingsChangedDialog.test.tsx (4 tests) 246ms
 ✓ src/ui/components/messages/WarningMessage.test.tsx (2 tests) 265ms
 ✓ src/ui/hooks/useAtCompletion_agents.test.ts (2 tests) 323ms
(node:64759) [DEP0040] DeprecationWarning: The `punycode` module is deprecated. Please use a userland alternative instead.
(Use `node --trace-deprecation ...` to show where the warning was created)
(node:64768) [DEP0040] DeprecationWarning: The `punycode` module is deprecated. Please use a userland alternative instead.
(Use `node --trace-deprecation ...` to show where the warning was created)
 ✓ src/ui/components/Banner.test.tsx (3 tests) 303ms
 ✓ src/ui/hooks/useFlickerDetector.test.ts (6 tests) 166ms
(node:64766) [DEP0040] DeprecationWarning: The `punycode` module is deprecated. Please use a userland alternative instead.
(Use `node --trace-deprecation ...` to show where the warning was created)
(node:64767) [DEP0040] DeprecationWarning: The `punycode` module is deprecated. Please use a userland alternative instead.
(Use `node --trace-deprecation ...` to show where the warning was created)
 ✓ src/ui/components/MainContent.test.tsx (3 tests) 240ms
(node:64747) MaxListenersExceededWarning: Possible EventEmitter memory leak detected. 11 model-changed listeners added to [CoreEventEmitter]. MaxListeners is 10. Use emitter.setMaxListeners() to increase limit
 ✓ src/ui/hooks/useQuotaAndFallback.test.ts (18 tests) 296ms
(node:64867) [DEP0040] DeprecationWarning: The `punycode` module is deprecated. Please use a userland alternative instead.
(Use `node --trace-deprecation ...` to show where the warning was created)
(node:64866) [DEP0040] DeprecationWarning: The `punycode` module is deprecated. Please use a userland alternative instead.
(Use `node --trace-deprecation ...` to show where the warning was created)
 ✓ src/ui/components/views/ChatList.test.tsx (3 tests) 166ms
(node:64958) [DEP0040] DeprecationWarning: The `punycode` module is deprecated. Please use a userland alternative instead.
(Use `node --trace-deprecation ...` to show where the warning was created)
(node:65040) [DEP0040] DeprecationWarning: The `punycode` module is deprecated. Please use a userland alternative instead.
(Use `node --trace-deprecation ...` to show where the warning was created)
 ✓ src/ui/commands/mcpCommand.test.ts (5 tests) 37ms
 ✓ src/ui/hooks/useTips.test.ts (3 tests) 198ms
(node:65047) [DEP0040] DeprecationWarning: The `punycode` module is deprecated. Please use a userland alternative instead.
(Use `node --trace-deprecation ...` to show where the warning was created)
 ✓ src/ui/components/messages/ErrorMessage.test.tsx (2 tests) 135ms
 ✓ src/ui/components/shared/ExpandableText.test.tsx (7 tests) 208ms
(node:65054) [DEP0040] DeprecationWarning: The `punycode` module is deprecated. Please use a userland alternative instead.
(Use `node --trace-deprecation ...` to show where the warning was created)
(node:65055) [DEP0040] DeprecationWarning: The `punycode` module is deprecated. Please use a userland alternative instead.
(Use `node --trace-deprecation ...` to show where the warning was created)
(node:65067) [DEP0040] DeprecationWarning: The `punycode` module is deprecated. Please use a userland alternative instead.
(Use `node --trace-deprecation ...` to show where the warning was created)
 ✓ src/ui/components/SessionSummaryDisplay.test.tsx (1 test) 169ms
(node:65064) [DEP0040] DeprecationWarning: The `punycode` module is deprecated. Please use a userland alternative instead.
(Use `node --trace-deprecation ...` to show where the warning was created)
 ✓ src/ui/components/ShowMoreLines.test.tsx (5 tests) 85ms
stdout | src/gemini.test.tsx > getNodeMemoryArgs > should log debug info when isDebugMode is true
Current heap size 4096.00 MB
Need to relaunch with more memory: 8192.00 MB

 ✓ src/ui/contexts/SessionContext.test.tsx (4 tests) 91ms
]0;◇  Ready (cli)                                                                  stderr | src/gemini.test.tsx > gemini.tsx main function kitty protocol > should handle --'listSessions' flag
[STARTUP] Cannot start phase 'cli_startup': phase is already active. Call end() before starting again.

stderr | src/gemini.test.tsx > gemini.tsx main function kitty protocol > should handle --'deleteSession' flag
[STARTUP] Cannot start phase 'cli_startup': phase is already active. Call end() before starting again.

stderr | src/gemini.test.tsx > gemini.tsx main function kitty protocol > should handle sandbox activation
[STARTUP] Cannot start phase 'cli_startup': phase is already active. Call end() before starting again.

Error resuming session: Session not foundstderr | src/gemini.test.tsx > gemini.tsx main function kitty protocol > should read from stdin in non-interactive mode
[STARTUP] Cannot start phase 'cli_startup': phase is already active. Call end() before starting again.

Error: The --prompt-interactive flag cannot be used when input is piped from stdin.
stderr | src/gemini.test.tsx > gemini.tsx main function exit codes > should exit with 41 for auth failure during sandbox setup
[STARTUP] Cannot start phase 'cli_startup': phase is already active. Call end() before starting again.

stderr | src/gemini.test.tsx > gemini.tsx main function exit codes > should exit with 42 for session resume failure
[STARTUP] Cannot start phase 'cli_startup': phase is already active. Call end() before starting again.

Error resuming session: sessionSelector.resolveSession is not a functionstderr | src/gemini.test.tsx > gemini.tsx main function exit codes > should exit with 42 for no input provided
[STARTUP] Cannot start phase 'cli_startup': phase is already active. Call end() before starting again.

]0;Gemini CLI (root)                                                               [?7l]0;Gemini CLI (root)                                                               [?7l]0;Gemini CLI (root)                                                               [?7l]0;Gemini CLI (root)                                                               [?7l]0;Gemini CLI (root)                                                               [?7l]0;Gemini CLI (root)                                                               [?7l ✓ src/gemini.test.tsx (33 tests | 1 skipped) 386ms
(node:65075) [DEP0040] DeprecationWarning: The `punycode` module is deprecated. Please use a userland alternative instead.
(Use `node --trace-deprecation ...` to show where the warning was created)
(node:65086) [DEP0040] DeprecationWarning: The `punycode` module is deprecated. Please use a userland alternative instead.
(Use `node --trace-deprecation ...` to show where the warning was created)
 ✓ src/ui/components/SuggestionsDisplay.test.tsx (6 tests) 232ms
(node:65090) [DEP0040] DeprecationWarning: The `punycode` module is deprecated. Please use a userland alternative instead.
(Use `node --trace-deprecation ...` to show where the warning was created)
stdout | src/commands/mcp/add.test.ts > mcp add command > should add a stdio server to project settings
MCP server "my-server" added to project settings. (stdio)

stdout | src/commands/mcp/add.test.ts > mcp add command > should handle multiple env vars before positional args
MCP server "my-server" added to project settings. (stdio)

stdout | src/commands/mcp/add.test.ts > mcp add command > should add an sse server to user settings
MCP server "sse-server" added to user settings. (sse)

stdout | src/commands/mcp/add.test.ts > mcp add command > should add an http server to project settings
MCP server "http-server" added to project settings. (http)

stdout | src/commands/mcp/add.test.ts > mcp add command > should add an sse server using --type alias
MCP server "sse-server" added to user settings. (sse)

stdout | src/commands/mcp/add.test.ts > mcp add command > should add an http server using --type alias
MCP server "http-server" added to project settings. (http)

stdout | src/commands/mcp/add.test.ts > mcp add command > should handle MCP server args with -- separator
MCP server "my-server" added to project settings. (stdio)

stdout | src/commands/mcp/add.test.ts > mcp add command > should handle unknown options as MCP server args
MCP server "test-server" added to project settings. (stdio)

stdout | src/commands/mcp/add.test.ts > mcp add command > when handling scope and directory > when in a project directory > should use project scope by default
MCP server "test-server" added to project settings. (stdio)

stdout | src/commands/mcp/add.test.ts > mcp add command > when handling scope and directory > when in a project directory > should use project scope when --scope=project is used
MCP server "test-server" added to project settings. (stdio)

stdout | src/commands/mcp/add.test.ts > mcp add command > when handling scope and directory > when in a project directory > should use user scope when --scope=user is used
MCP server "test-server" added to user settings. (stdio)

stdout | src/commands/mcp/add.test.ts > mcp add command > when handling scope and directory > when in a subdirectory of a project > should use project scope by default
MCP server "test-server" added to project settings. (stdio)

stdout | src/commands/mcp/add.test.ts > mcp add command > when handling scope and directory > when in the home directory > should use user scope when --scope=user is used
MCP server "test-server" added to user settings. (stdio)

stdout | src/commands/mcp/add.test.ts > mcp add command > when handling scope and directory > when in a subdirectory of home (not a project) > should use project scope by default
MCP server "test-server" added to project settings. (stdio)

stdout | src/commands/mcp/add.test.ts > mcp add command > when handling scope and directory > when in a subdirectory of home (not a project) > should write to the WORKSPACE scope, not the USER scope
MCP server "my-new-server" added to project settings. (stdio)

stdout | src/commands/mcp/add.test.ts > mcp add command > when handling scope and directory > when outside of home (not a project) > should use project scope by default
MCP server "test-server" added to project settings. (stdio)

stdout | src/commands/mcp/add.test.ts > mcp add command > when updating an existing server > should update the existing server in the project scope
MCP server "existing-server" is already configured within project settings.
MCP server "existing-server" updated in project settings.

stdout | src/commands/mcp/add.test.ts > mcp add command > when updating an existing server > should update the existing server in the user scope
MCP server "existing-server" is already configured within user settings.
MCP server "existing-server" updated in user settings.

 ✓ src/commands/mcp/add.test.ts (20 tests) 655ms
(node:65100) [DEP0040] DeprecationWarning: The `punycode` module is deprecated. Please use a userland alternative instead.
(Use `node --trace-deprecation ...` to show where the warning was created)
 ✓ src/ui/components/DebugProfiler.test.tsx (15 tests) 144ms
 ✓ src/ui/commands/restoreCommand.test.ts (13 tests) 238ms
 ✓ src/ui/hooks/useSessionBrowser.test.ts (7 tests) 64ms
(node:65099) [DEP0040] DeprecationWarning: The `punycode` module is deprecated. Please use a userland alternative instead.
(Use `node --trace-deprecation ...` to show where the warning was created)
(node:65108) [DEP0040] DeprecationWarning: The `punycode` module is deprecated. Please use a userland alternative instead.
(Use `node --trace-deprecation ...` to show where the warning was created)
(node:65113) [DEP0040] DeprecationWarning: The `punycode` module is deprecated. Please use a userland alternative instead.
(Use `node --trace-deprecation ...` to show where the warning was created)
(node:65114) [DEP0040] DeprecationWarning: The `punycode` module is deprecated. Please use a userland alternative instead.
(Use `node --trace-deprecation ...` to show where the warning was created)
(node:65115) [DEP0040] DeprecationWarning: The `punycode` module is deprecated. Please use a userland alternative instead.
(Use `node --trace-deprecation ...` to show where the warning was created)
 ✓ src/ui/contexts/ScrollProvider.test.tsx (9 tests) 185ms
 ✓ src/ui/privacy/GeminiPrivacyNotice.test.tsx (2 tests) 177ms
 ✓ src/config/settings_validation_warning.test.ts (3 tests) 30ms
 ✓ src/services/prompt-processors/atFileProcessor.test.ts (11 tests) 78ms
(node:65126) [DEP0040] DeprecationWarning: The `punycode` module is deprecated. Please use a userland alternative instead.
(Use `node --trace-deprecation ...` to show where the warning was created)
 ✓ src/utils/sandbox.test.ts (7 tests) 116ms
(node:65127) [DEP0040] DeprecationWarning: The `punycode` module is deprecated. Please use a userland alternative instead.
(Use `node --trace-deprecation ...` to show where the warning was created)
 ✓ src/ui/components/ConsoleSummaryDisplay.test.tsx (3 tests) 136ms
(node:65129) [DEP0040] DeprecationWarning: The `punycode` module is deprecated. Please use a userland alternative instead.
(Use `node --trace-deprecation ...` to show where the warning was created)
(node:65136) [DEP0040] DeprecationWarning: The `punycode` module is deprecated. Please use a userland alternative instead.
(Use `node --trace-deprecation ...` to show where the warning was created)
 ✓ src/ui/hooks/useFolderTrust.test.ts (12 tests) 129ms
 ✓ src/ui/hooks/useBanner.test.ts (6 tests) 73ms
(node:65139) [DEP0040] DeprecationWarning: The `punycode` module is deprecated. Please use a userland alternative instead.
(Use `node --trace-deprecation ...` to show where the warning was created)
(node:65140) [DEP0040] DeprecationWarning: The `punycode` module is deprecated. Please use a userland alternative instead.
(Use `node --trace-deprecation ...` to show where the warning was created)
 ✓ src/ui/privacy/PrivacyNotice.test.tsx (4 tests) 159ms
(node:65151) [DEP0040] DeprecationWarning: The `punycode` module is deprecated. Please use a userland alternative instead.
(Use `node --trace-deprecation ...` to show where the warning was created)
(node:65159) [DEP0040] DeprecationWarning: The `punycode` module is deprecated. Please use a userland alternative instead.
(Use `node --trace-deprecation ...` to show where the warning was created)
(node:65149) [DEP0040] DeprecationWarning: The `punycode` module is deprecated. Please use a userland alternative instead.
(Use `node --trace-deprecation ...` to show where the warning was created)
 ✓ src/ui/components/HookStatusDisplay.test.tsx (4 tests) 120ms
 ✓ src/ui/components/UpdateNotification.test.tsx (1 test) 129ms
 ✓ src/ui/components/views/ExtensionsList.test.tsx (11 tests) 290ms
 ✓ src/ui/hooks/useSessionResume.test.ts (12 tests) 117ms
(node:65169) [DEP0040] DeprecationWarning: The `punycode` module is deprecated. Please use a userland alternative instead.
(Use `node --trace-deprecation ...` to show where the warning was created)
(node:65165) [DEP0040] DeprecationWarning: The `punycode` module is deprecated. Please use a userland alternative instead.
(Use `node --trace-deprecation ...` to show where the warning was created)
(node:65166) [DEP0040] DeprecationWarning: The `punycode` module is deprecated. Please use a userland alternative instead.
(Use `node --trace-deprecation ...` to show where the warning was created)
 ✓ src/ui/contexts/ScrollProvider.drag.test.tsx (6 tests) 106ms
 ✓ src/ui/components/views/ToolsList.test.tsx (3 tests) 209ms
(node:65179) [DEP0040] DeprecationWarning: The `punycode` module is deprecated. Please use a userland alternative instead.
(Use `node --trace-deprecation ...` to show where the warning was created)
(node:65171) [DEP0040] DeprecationWarning: The `punycode` module is deprecated. Please use a userland alternative instead.
(Use `node --trace-deprecation ...` to show where the warning was created)
 ✓ src/utils/errors.test.ts (29 tests) 56ms
 ✓ src/ui/commands/skillsCommand.test.ts (19 tests) 262ms
 ✓ src/ui/components/StatusDisplay.test.tsx (13 tests) 197ms
(node:65188) [DEP0040] DeprecationWarning: The `punycode` module is deprecated. Please use a userland alternative instead.
(Use `node --trace-deprecation ...` to show where the warning was created)
(node:65195) [DEP0040] DeprecationWarning: The `punycode` module is deprecated. Please use a userland alternative instead.
(Use `node --trace-deprecation ...` to show where the warning was created)
(node:65182) [DEP0040] DeprecationWarning: The `punycode` module is deprecated. Please use a userland alternative instead.
(Use `node --trace-deprecation ...` to show where the warning was created)
(node:65187) [DEP0040] DeprecationWarning: The `punycode` module is deprecated. Please use a userland alternative instead.
(Use `node --trace-deprecation ...` to show where the warning was created)
 ✓ src/ui/hooks/useHookDisplayState.test.ts (6 tests) 101ms
 ✓ src/ui/components/AnsiOutput.test.tsx (12 tests) 174ms
 ✓ src/config/trustedFolders.test.ts (23 tests) 69ms
(node:65201) [DEP0040] DeprecationWarning: The `punycode` module is deprecated. Please use a userland alternative instead.
(Use `node --trace-deprecation ...` to show where the warning was created)
 ✓ src/ui/hooks/useConsoleMessages.test.tsx (7 tests) 191ms
(node:65200) [DEP0040] DeprecationWarning: The `punycode` module is deprecated. Please use a userland alternative instead.
(Use `node --trace-deprecation ...` to show where the warning was created)
stdout | src/commands/extensions/validate.test.ts > handleValidate > should validate an extension from a local dir
Extension local-ext-name has been successfully validated.

stderr | src/commands/extensions/validate.test.ts > handleValidate > should warn if version is not formatted with semver
Validation warnings:
  - Warning: Version '1' does not appear to be standard semver (e.g., 1.0.0).

stdout | src/commands/extensions/validate.test.ts > handleValidate > should warn if version is not formatted with semver
Extension valid-name has been successfully validated.

 ✓ src/commands/extensions/validate.test.ts (5 tests) 169ms
 ✓ src/ui/commands/policiesCommand.test.ts (4 tests) 96ms
 ✓ src/ui/privacy/CloudPaidPrivacyNotice.test.tsx (2 tests) 292ms
 ✓ src/commands/mcp.test.ts (3 tests) 147ms
(node:65210) [DEP0040] DeprecationWarning: The `punycode` module is deprecated. Please use a userland alternative instead.
(Use `node --trace-deprecation ...` to show where the warning was created)
(node:65226) [DEP0040] DeprecationWarning: The `punycode` module is deprecated. Please use a userland alternative instead.
(Use `node --trace-deprecation ...` to show where the warning was created)
 ✓ src/ui/hooks/useEditorSettings.test.tsx (10 tests) 119ms
(node:65230) MaxListenersExceededWarning: Possible EventEmitter memory leak detected. 11 exit listeners added to [process]. MaxListeners is 10. Use emitter.setMaxListeners() to increase limit
(Use `node --trace-warnings ...` to show where the warning was created)
(node:65230) MaxListenersExceededWarning: Possible EventEmitter memory leak detected. 11 SIGTERM listeners added to [process]. MaxListeners is 10. Use emitter.setMaxListeners() to increase limit
(node:65230) MaxListenersExceededWarning: Possible EventEmitter memory leak detected. 11 SIGINT listeners added to [process]. MaxListeners is 10. Use emitter.setMaxListeners() to increase limit
 ✓ src/ui/utils/terminalCapabilityManager.test.ts (14 tests) 37ms
(node:65231) [DEP0040] DeprecationWarning: The `punycode` module is deprecated. Please use a userland alternative instead.
(Use `node --trace-deprecation ...` to show where the warning was created)
(node:65232) [DEP0040] DeprecationWarning: The `punycode` module is deprecated. Please use a userland alternative instead.
(Use `node --trace-deprecation ...` to show where the warning was created)
(node:65229) [DEP0040] DeprecationWarning: The `punycode` module is deprecated. Please use a userland alternative instead.
(Use `node --trace-deprecation ...` to show where the warning was created)
(node:65257) [DEP0040] DeprecationWarning: The `punycode` module is deprecated. Please use a userland alternative instead.
(Use `node --trace-deprecation ...` to show where the warning was created)
 ✓ src/commands/extensions/list.test.ts (8 tests) 92ms
(node:65249) [DEP0040] DeprecationWarning: The `punycode` module is deprecated. Please use a userland alternative instead.
(Use `node --trace-deprecation ...` to show where the warning was created)
 ✓ src/ui/hooks/usePrivacySettings.test.tsx (4 tests) 156ms
 ✓ src/ui/components/QuittingDisplay.test.tsx (2 tests) 107ms
 ✓ src/ui/components/messages/InfoMessage.test.tsx (3 tests) 250ms
(node:65263) [DEP0040] DeprecationWarning: The `punycode` module is deprecated. Please use a userland alternative instead.
(Use `node --trace-deprecation ...` to show where the warning was created)
 ✓ src/commands/mcp/list.test.ts (4 tests) 53ms
(node:65275) [DEP0040] DeprecationWarning: The `punycode` module is deprecated. Please use a userland alternative instead.
(Use `node --trace-deprecation ...` to show where the warning was created)
 ✓ src/ui/commands/directoryCommand.test.tsx (21 tests) 255ms
 ✓ src/ui/hooks/useIdeTrustListener.test.tsx (5 tests) 350ms
(node:65288) [DEP0040] DeprecationWarning: The `punycode` module is deprecated. Please use a userland alternative instead.
(Use `node --trace-deprecation ...` to show where the warning was created)
(node:65283) [DEP0040] DeprecationWarning: The `punycode` module is deprecated. Please use a userland alternative instead.
(Use `node --trace-deprecation ...` to show where the warning was created)
(node:65286) [DEP0040] DeprecationWarning: The `punycode` module is deprecated. Please use a userland alternative instead.
(Use `node --trace-deprecation ...` to show where the warning was created)
 ✓ src/ui/components/CopyModeWarning.test.tsx (2 tests) 276ms
 ✓ src/commands/extensions/update.test.ts (8 tests) 138ms
 ✓ src/services/prompt-processors/injectionParser.test.ts (21 tests) 26ms
(node:65290) [DEP0040] DeprecationWarning: The `punycode` module is deprecated. Please use a userland alternative instead.
(Use `node --trace-deprecation ...` to show where the warning was created)
(node:65291) [DEP0040] DeprecationWarning: The `punycode` module is deprecated. Please use a userland alternative instead.
(Use `node --trace-deprecation ...` to show where the warning was created)
(node:65309) [DEP0040] DeprecationWarning: The `punycode` module is deprecated. Please use a userland alternative instead.
(Use `node --trace-deprecation ...` to show where the warning was created)
(node:65305) [DEP0040] DeprecationWarning: The `punycode` module is deprecated. Please use a userland alternative instead.
(Use `node --trace-deprecation ...` to show where the warning was created)
 ✓ src/ui/commands/rewindCommand.test.tsx (13 tests) 105ms
 ✓ src/ui/components/ContextSummaryDisplay.test.tsx (4 tests) 168ms
(node:65314) [DEP0040] DeprecationWarning: The `punycode` module is deprecated. Please use a userland alternative instead.
(Use `node --trace-deprecation ...` to show where the warning was created)
 ✓ src/config/settings-validation.test.ts (25 tests) 44ms
 ✓ src/ui/hooks/useFocus.test.tsx (6 tests) 144ms
 ✓ src/ui/components/shared/TextInput.test.tsx (11 tests) 136ms
(node:65340) [DEP0040] DeprecationWarning: The `punycode` module is deprecated. Please use a userland alternative instead.
(Use `node --trace-deprecation ...` to show where the warning was created)
(node:65343) [DEP0040] DeprecationWarning: The `punycode` module is deprecated. Please use a userland alternative instead.
(Use `node --trace-deprecation ...` to show where the warning was created)
(node:65332) [DEP0040] DeprecationWarning: The `punycode` module is deprecated. Please use a userland alternative instead.
(Use `node --trace-deprecation ...` to show where the warning was created)
 ✓ src/ui/components/ContextUsageDisplay.test.tsx (3 tests) 136ms
 ✓ src/ui/hooks/useRewind.test.ts (5 tests) 52ms
stdout | src/ui/commands/copyCommand.test.ts > copyCommand > should handle clipboard copy error
Clipboard access denied

stdout | src/ui/commands/copyCommand.test.ts > copyCommand > should handle non-Error clipboard errors
String error

 ✓ src/ui/hooks/useShellInactivityStatus.test.ts (4 tests) 522ms
   ✓ useShellInactivityStatus > should show action_required status after 30s when output has been produced  422ms
 ✓ src/ui/commands/copyCommand.test.ts (11 tests) 60ms
(node:65345) [DEP0040] DeprecationWarning: The `punycode` module is deprecated. Please use a userland alternative instead.
(Use `node --trace-deprecation ...` to show where the warning was created)
(node:65348) [DEP0040] DeprecationWarning: The `punycode` module is deprecated. Please use a userland alternative instead.
(Use `node --trace-deprecation ...` to show where the warning was created)
(node:65366) [DEP0040] DeprecationWarning: The `punycode` module is deprecated. Please use a userland alternative instead.
(Use `node --trace-deprecation ...` to show where the warning was created)
 ✓ src/utils/handleAutoUpdate.test.ts (19 tests) 115ms
(node:65351) [DEP0040] DeprecationWarning: The `punycode` module is deprecated. Please use a userland alternative instead.
(Use `node --trace-deprecation ...` to show where the warning was created)
(node:65355) [DEP0040] DeprecationWarning: The `punycode` module is deprecated. Please use a userland alternative instead.
(Use `node --trace-deprecation ...` to show where the warning was created)
stdout | src/commands/extensions/configure.test.ts > extensions configure command > Extension configuration (all settings) > should configure all settings for an extension
Configuring settings for "test-ext"...

stdout | src/commands/extensions/configure.test.ts > extensions configure command > Extension configuration (all settings) > should verify overwrite if setting is already set
Configuring settings for "test-ext"...

stdout | src/commands/extensions/configure.test.ts > extensions configure command > Extension configuration (all settings) > should note if setting is configured in workspace
Configuring settings for "test-ext"...

stdout | src/commands/extensions/configure.test.ts > extensions configure command > Extension configuration (all settings) > should note if setting is configured in workspace
Note: Setting "Setting 1" is already configured in the workspace scope.

stdout | src/commands/extensions/configure.test.ts > extensions configure command > Extension configuration (all settings) > should skip update if user denies overwrite
Configuring settings for "test-ext"...

stdout | src/commands/extensions/configure.test.ts > extensions configure command > Extension configuration (all settings) > should skip update if user denies overwrite
Note: Setting "Setting 1" is already configured in the workspace scope.

stdout | src/commands/extensions/configure.test.ts > extensions configure command > Configure all extensions > should configure settings for all installed extensions

Configuring settings for "ext1"...

stdout | src/commands/extensions/configure.test.ts > extensions configure command > Configure all extensions > should configure settings for all installed extensions

Configuring settings for "ext2"...

stdout | src/commands/extensions/configure.test.ts > extensions configure command > Configure all extensions > should log if no extensions installed
No extensions installed.

 ✓ src/commands/extensions/configure.test.ts (9 tests) 167ms
 ✓ src/ui/hooks/usePermissionsModifyTrust.test.ts (13 tests) 108ms
(node:65375) [DEP0040] DeprecationWarning: The `punycode` module is deprecated. Please use a userland alternative instead.
(Use `node --trace-deprecation ...` to show where the warning was created)
 ✓ src/ui/hooks/useReactToolScheduler.test.ts (1 test) 51ms
(node:65348) MaxListenersExceededWarning: Possible EventEmitter memory leak detected. 11 model-changed listeners added to [CoreEventEmitter]. MaxListeners is 10. Use emitter.setMaxListeners() to increase limit
 ✓ src/config/keyBindings.test.ts (6 tests) 37ms
 ✓ src/ui/hooks/useTimer.test.tsx (8 tests) 103ms
 ✓ src/validateNonInterActiveAuth.test.ts (17 tests) 56ms
(node:65377) [DEP0040] DeprecationWarning: The `punycode` module is deprecated. Please use a userland alternative instead.
(Use `node --trace-deprecation ...` to show where the warning was created)
 ✓ src/ui/utils/terminalSetup.test.ts (9 tests) 28ms
(node:65392) [DEP0040] DeprecationWarning: The `punycode` module is deprecated. Please use a userland alternative instead.
(Use `node --trace-deprecation ...` to show where the warning was created)
(node:65391) [DEP0040] DeprecationWarning: The `punycode` module is deprecated. Please use a userland alternative instead.
(Use `node --trace-deprecation ...` to show where the warning was created)
 ✓ src/ui/components/ShellInputPrompt.test.tsx (7 tests) 96ms
(node:65393) [DEP0040] DeprecationWarning: The `punycode` module is deprecated. Please use a userland alternative instead.
(Use `node --trace-deprecation ...` to show where the warning was created)
 ✓ src/ui/components/QueuedMessageDisplay.test.tsx (5 tests) 144ms
(node:65394) [DEP0040] DeprecationWarning: The `punycode` module is deprecated. Please use a userland alternative instead.
(Use `node --trace-deprecation ...` to show where the warning was created)
(node:65399) [DEP0040] DeprecationWarning: The `punycode` module is deprecated. Please use a userland alternative instead.
(Use `node --trace-deprecation ...` to show where the warning was created)
 ✓ src/ui/hooks/useHistoryManager.test.ts (9 tests) 71ms
(node:65401) [DEP0040] DeprecationWarning: The `punycode` module is deprecated. Please use a userland alternative instead.
(Use `node --trace-deprecation ...` to show where the warning was created)
(node:65403) [DEP0040] DeprecationWarning: The `punycode` module is deprecated. Please use a userland alternative instead.
(Use `node --trace-deprecation ...` to show where the warning was created)
 ✓ src/ui/hooks/useBatchedScroll.test.ts (7 tests) 68ms
(node:65419) [DEP0040] DeprecationWarning: The `punycode` module is deprecated. Please use a userland alternative instead.
(Use `node --trace-deprecation ...` to show where the warning was created)
stdout | src/commands/extensions/install.test.ts > handleInstall > should install an extension from a http source
Extension "http-extension" installed successfully and enabled.

stdout | src/commands/extensions/install.test.ts > handleInstall > should install an extension from a https source
Extension "https-extension" installed successfully and enabled.

stdout | src/commands/extensions/install.test.ts > handleInstall > should install an extension from a git source
Extension "git-extension" installed successfully and enabled.

stdout | src/commands/extensions/install.test.ts > handleInstall > should install an extension from a sso source
Extension "sso-extension" installed successfully and enabled.

stdout | src/commands/extensions/install.test.ts > handleInstall > should install an extension from a local path
Extension "local-extension" installed successfully and enabled.

 ✓ src/commands/extensions/install.test.ts (8 tests) 198ms
 ✓ src/ui/components/shared/vim-buffer-actions.test.ts (74 tests) 103ms
 ✓ src/ui/commands/agentsCommand.test.ts (20 tests) 126ms
(node:65422) [DEP0040] DeprecationWarning: The `punycode` module is deprecated. Please use a userland alternative instead.
(Use `node --trace-deprecation ...` to show where the warning was created)
 ✓ src/ui/hooks/useTurnActivityMonitor.test.ts (4 tests) 118ms
(node:65425) [DEP0040] DeprecationWarning: The `punycode` module is deprecated. Please use a userland alternative instead.
(Use `node --trace-deprecation ...` to show where the warning was created)
(node:65426) [DEP0040] DeprecationWarning: The `punycode` module is deprecated. Please use a userland alternative instead.
(Use `node --trace-deprecation ...` to show where the warning was created)
 ✓ src/ui/hooks/useInputHistoryStore.test.ts (14 tests) 95ms
(node:65424) [DEP0040] DeprecationWarning: The `punycode` module is deprecated. Please use a userland alternative instead.
(Use `node --trace-deprecation ...` to show where the warning was created)
 ✓ src/ui/components/MemoryUsageDisplay.test.tsx (2 tests) 178ms
 ✓ src/ui/hooks/useGitBranchName.test.tsx (7 tests) 142ms
(node:65431) [DEP0040] DeprecationWarning: The `punycode` module is deprecated. Please use a userland alternative instead.
(Use `node --trace-deprecation ...` to show where the warning was created)
stdout | src/ui/commands/aboutCommand.test.ts > aboutCommand > should call addItem with all version info
AboutCommand: Retrieved cached Google account { cachedAccount: [32m'test-email@example.com'[39m }

stdout | src/ui/commands/aboutCommand.test.ts > aboutCommand > should show the correct sandbox environment variable
AboutCommand: Retrieved cached Google account { cachedAccount: [32m'test-email@example.com'[39m }

stdout | src/ui/commands/aboutCommand.test.ts > aboutCommand > should show sandbox-exec profile when applicable
AboutCommand: Retrieved cached Google account { cachedAccount: [32m'test-email@example.com'[39m }

stdout | src/ui/commands/aboutCommand.test.ts > aboutCommand > should not show ide client when it is not detected
AboutCommand: Retrieved cached Google account { cachedAccount: [32m'test-email@example.com'[39m }

stdout | src/ui/commands/aboutCommand.test.ts > aboutCommand > should display the tier when getUserTierName returns a value
AboutCommand: Retrieved cached Google account { cachedAccount: [32m'test-email@example.com'[39m }

 ✓ src/utils/readStdin_safety.test.ts (2 tests) 13ms
 ✓ src/ui/commands/aboutCommand.test.ts (6 tests) 104ms
 ✓ src/utils/commentJson.test.ts (12 tests) 57ms
(node:65436) [DEP0040] DeprecationWarning: The `punycode` module is deprecated. Please use a userland alternative instead.
(Use `node --trace-deprecation ...` to show where the warning was created)
 ✓ src/services/CommandService.test.ts (11 tests) 46ms
(node:65449) [DEP0040] DeprecationWarning: The `punycode` module is deprecated. Please use a userland alternative instead.
(Use `node --trace-deprecation ...` to show where the warning was created)
(node:65448) [DEP0040] DeprecationWarning: The `punycode` module is deprecated. Please use a userland alternative instead.
(Use `node --trace-deprecation ...` to show where the warning was created)
 ✓ src/commands/hooks/migrate.test.ts (17 tests) 80ms
 ✓ src/config/extension-manager-scope.test.ts (3 tests) 50ms
(node:65451) [DEP0040] DeprecationWarning: The `punycode` module is deprecated. Please use a userland alternative instead.
(Use `node --trace-deprecation ...` to show where the warning was created)
 ✓ src/ui/components/ExitWarning.test.tsx (4 tests) 182ms
(node:65460) [DEP0040] DeprecationWarning: The `punycode` module is deprecated. Please use a userland alternative instead.
(Use `node --trace-deprecation ...` to show where the warning was created)
(node:65465) [DEP0040] DeprecationWarning: The `punycode` module is deprecated. Please use a userland alternative instead.
(Use `node --trace-deprecation ...` to show where the warning was created)
 ✓ src/utils/envVarResolver.test.ts (16 tests) 20ms
 ✓ src/ui/contexts/ToolActionsContext.test.tsx (5 tests) 109ms
(node:65469) [DEP0040] DeprecationWarning: The `punycode` module is deprecated. Please use a userland alternative instead.
(Use `node --trace-deprecation ...` to show where the warning was created)
 ✓ src/ui/components/ThemedGradient.test.tsx (1 test) 88ms
(node:65481) [DEP0040] DeprecationWarning: The `punycode` module is deprecated. Please use a userland alternative instead.
(Use `node --trace-deprecation ...` to show where the warning was created)
 ✓ src/ui/commands/authCommand.test.ts (9 tests) 50ms
 ✓ src/ui/utils/textOutput.test.ts (10 tests) 14ms
 ✓ src/ui/hooks/useMouse.test.ts (4 tests) 124ms
(node:65482) [DEP0040] DeprecationWarning: The `punycode` module is deprecated. Please use a userland alternative instead.
(Use `node --trace-deprecation ...` to show where the warning was created)
 ✓ src/ui/hooks/useMcpStatus.test.tsx (4 tests) 66ms
(node:65488) [DEP0040] DeprecationWarning: The `punycode` module is deprecated. Please use a userland alternative instead.
(Use `node --trace-deprecation ...` to show where the warning was created)
 ✓ src/utils/userStartupWarnings.test.ts (7 tests) 92ms
 ✓ src/ui/hooks/useInputHistory.test.ts (11 tests) 82ms
(node:65491) [DEP0040] DeprecationWarning: The `punycode` module is deprecated. Please use a userland alternative instead.
(Use `node --trace-deprecation ...` to show where the warning was created)
(node:65497) [DEP0040] DeprecationWarning: The `punycode` module is deprecated. Please use a userland alternative instead.
(Use `node --trace-deprecation ...` to show where the warning was created)
(node:65489) [DEP0040] DeprecationWarning: The `punycode` module is deprecated. Please use a userland alternative instead.
(Use `node --trace-deprecation ...` to show where the warning was created)
 ✓ src/utils/persistentState.test.ts (5 tests) 13ms
(node:65499) [DEP0040] DeprecationWarning: The `punycode` module is deprecated. Please use a userland alternative instead.
(Use `node --trace-deprecation ...` to show where the warning was created)
 ✓ src/ui/components/RawMarkdownIndicator.test.tsx (2 tests) 78ms
 ✓ src/utils/sessionCleanup.integration.test.ts (5 tests) 47ms
(node:65515) [DEP0040] DeprecationWarning: The `punycode` module is deprecated. Please use a userland alternative instead.
(Use `node --trace-deprecation ...` to show where the warning was created)
(node:65517) [DEP0040] DeprecationWarning: The `punycode` module is deprecated. Please use a userland alternative instead.
(Use `node --trace-deprecation ...` to show where the warning was created)
 ✓ src/ui/hooks/useMouseClick.test.ts (2 tests) 65ms
(node:65519) [DEP0040] DeprecationWarning: The `punycode` module is deprecated. Please use a userland alternative instead.
(Use `node --trace-deprecation ...` to show where the warning was created)
stderr | src/ui/themes/theme-manager.test.ts > ThemeManager > when loading a theme from a file > should not load a theme if the file does not exist
Theme file at "./my-theme.json" is outside your home directory. Only load themes from trusted sources.

stderr | src/ui/themes/theme-manager.test.ts > ThemeManager > when loading a theme from a file > should not load a theme from a file with invalid JSON
Theme file at "./my-theme.json" is outside your home directory. Only load themes from trusted sources.

 ✓ src/ui/themes/theme-manager.test.ts (12 tests) 96ms
 ✓ src/utils/hookSettings.test.ts (8 tests) 19ms
(node:65521) [DEP0040] DeprecationWarning: The `punycode` module is deprecated. Please use a userland alternative instead.
(Use `node --trace-deprecation ...` to show where the warning was created)
(node:65526) [DEP0040] DeprecationWarning: The `punycode` module is deprecated. Please use a userland alternative instead.
(Use `node --trace-deprecation ...` to show where the warning was created)
 ✓ src/ui/commands/permissionsCommand.test.ts (7 tests) 57ms
 ✓ src/test-utils/render.test.tsx (6 tests) 120ms
 ✓ src/utils/installationInfo.test.ts (17 tests) 40ms
 ✓ src/utils/jsonoutput.test.ts (15 tests) 12ms
(node:65537) [DEP0040] DeprecationWarning: The `punycode` module is deprecated. Please use a userland alternative instead.
(Use `node --trace-deprecation ...` to show where the warning was created)
(node:65538) [DEP0040] DeprecationWarning: The `punycode` module is deprecated. Please use a userland alternative instead.
(Use `node --trace-deprecation ...` to show where the warning was created)
(node:65528) [DEP0040] DeprecationWarning: The `punycode` module is deprecated. Please use a userland alternative instead.
(Use `node --trace-deprecation ...` to show where the warning was created)
 ✓ src/ui/commands/ideCommand.test.ts (8 tests) 61ms
 ✓ src/commands/extensions/disable.test.ts (12 tests) 100ms
 ✓ src/utils/readStdin.test.ts (6 tests) 28ms
 ✓ src/config/sandboxConfig.test.ts (27 tests) 66ms
(node:65546) [DEP0040] DeprecationWarning: The `punycode` module is deprecated. Please use a userland alternative instead.
(Use `node --trace-deprecation ...` to show where the warning was created)
(node:65549) [DEP0040] DeprecationWarning: The `punycode` module is deprecated. Please use a userland alternative instead.
(Use `node --trace-deprecation ...` to show where the warning was created)
(node:65548) [DEP0040] DeprecationWarning: The `punycode` module is deprecated. Please use a userland alternative instead.
(Use `node --trace-deprecation ...` to show where the warning was created)
(node:65557) [DEP0040] DeprecationWarning: The `punycode` module is deprecated. Please use a userland alternative instead.
(Use `node --trace-deprecation ...` to show where the warning was created)
 ✓ src/services/McpPromptLoader.test.ts (31 tests) 83ms
 ✓ src/config/settingsSchema.test.ts (22 tests) 31ms
(node:65563) [DEP0040] DeprecationWarning: The `punycode` module is deprecated. Please use a userland alternative instead.
(Use `node --trace-deprecation ...` to show where the warning was created)
 ✓ src/ui/utils/updateCheck.test.ts (10 tests) 26ms
 ✓ src/commands/extensions/enable.test.ts (9 tests) 51ms
 ✓ src/config/extensions/storage.test.ts (5 tests) 54ms
 ✓ src/ui/hooks/useToolSchedulerFacade.test.ts (2 tests) 81ms
(node:65573) [DEP0040] DeprecationWarning: The `punycode` module is deprecated. Please use a userland alternative instead.
(Use `node --trace-deprecation ...` to show where the warning was created)
 ✓ src/core/auth.test.ts (4 tests) 19ms
(node:65575) [DEP0040] DeprecationWarning: The `punycode` module is deprecated. Please use a userland alternative instead.
(Use `node --trace-deprecation ...` to show where the warning was created)
(node:65576) [DEP0040] DeprecationWarning: The `punycode` module is deprecated. Please use a userland alternative instead.
(Use `node --trace-deprecation ...` to show where the warning was created)
(node:65577) [DEP0040] DeprecationWarning: The `punycode` module is deprecated. Please use a userland alternative instead.
(Use `node --trace-deprecation ...` to show where the warning was created)
 ✓ src/core/theme.test.ts (3 tests) 44ms
 ✓ src/ui/commands/toolsCommand.test.ts (4 tests) 16ms
 ✓ src/ui/utils/markdownUtilities.test.ts (7 tests) 7ms
 ✓ src/ui/commands/statsCommand.test.ts (4 tests) 27ms
(node:65587) [DEP0040] DeprecationWarning: The `punycode` module is deprecated. Please use a userland alternative instead.
(Use `node --trace-deprecation ...` to show where the warning was created)
(node:65588) [DEP0040] DeprecationWarning: The `punycode` module is deprecated. Please use a userland alternative instead.
(Use `node --trace-deprecation ...` to show where the warning was created)
(node:65591) [DEP0040] DeprecationWarning: The `punycode` module is deprecated. Please use a userland alternative instead.
(Use `node --trace-deprecation ...` to show where the warning was created)
(node:65592) [DEP0040] DeprecationWarning: The `punycode` module is deprecated. Please use a userland alternative instead.
(Use `node --trace-deprecation ...` to show where the warning was created)
 ✓ src/ui/commands/compressCommand.test.ts (5 tests) 57ms
 ✓ src/utils/deepMerge.test.ts (17 tests) 24ms
 ✓ src/utils/relaunch.test.ts (8 tests) 77ms
 ✓ src/ui/commands/editorCommand.test.ts (2 tests) 13ms
(node:65610) [DEP0040] DeprecationWarning: The `punycode` module is deprecated. Please use a userland alternative instead.
(Use `node --trace-deprecation ...` to show where the warning was created)
 ✓ src/ui/utils/computeStats.test.ts (12 tests) 56ms
(node:65629) [DEP0040] DeprecationWarning: The `punycode` module is deprecated. Please use a userland alternative instead.
(Use `node --trace-deprecation ...` to show where the warning was created)
 ✓ src/commands/skills/list.test.ts (5 tests) 22ms
 ✓ src/ui/utils/rewindFileOps.test.ts (9 tests) 69ms
 ✓ src/commands/extensions/uninstall.test.ts (9 tests) 66ms
 ✓ src/ui/commands/bugCommand.test.ts (3 tests) 67ms
(node:65624) [DEP0040] DeprecationWarning: The `punycode` module is deprecated. Please use a userland alternative instead.
(Use `node --trace-deprecation ...` to show where the warning was created)
(node:65635) [DEP0040] DeprecationWarning: The `punycode` module is deprecated. Please use a userland alternative instead.
(Use `node --trace-deprecation ...` to show where the warning was created)
 ✓ src/ui/commands/corgiCommand.test.ts (2 tests) 18ms
 ✓ src/utils/commands.test.ts (12 tests) 11ms
(node:65644) [DEP0040] DeprecationWarning: The `punycode` module is deprecated. Please use a userland alternative instead.
(Use `node --trace-deprecation ...` to show where the warning was created)
(node:65645) [DEP0040] DeprecationWarning: The `punycode` module is deprecated. Please use a userland alternative instead.
(Use `node --trace-deprecation ...` to show where the warning was created)
(node:65647) [DEP0040] DeprecationWarning: The `punycode` module is deprecated. Please use a userland alternative instead.
(Use `node --trace-deprecation ...` to show where the warning was created)
(node:65652) [DEP0040] DeprecationWarning: The `punycode` module is deprecated. Please use a userland alternative instead.
(Use `node --trace-deprecation ...` to show where the warning was created)
(node:65653) [DEP0040] DeprecationWarning: The `punycode` module is deprecated. Please use a userland alternative instead.
(Use `node --trace-deprecation ...` to show where the warning was created)
 ✓ src/ui/utils/formatters.test.ts (28 tests) 39ms
(node:65665) [DEP0040] DeprecationWarning: The `punycode` module is deprecated. Please use a userland alternative instead.
(Use `node --trace-deprecation ...` to show where the warning was created)
 ✓ src/commands/extensions/link.test.ts (5 tests) 50ms
 ✓ src/deferred.test.ts (9 tests) 139ms
 ✓ src/ui/utils/InlineMarkdownRenderer.test.ts (7 tests) 132ms
 ✓ src/ui/themes/theme.test.ts (14 tests) 51ms
 ✓ src/ui/utils/input.test.ts (6 tests) 16ms
 ✓ src/config/extensions/update.test.ts (10 tests) 34ms
 ✓ src/config/settings_repro.test.ts (1 test) 29ms
(node:65675) [DEP0040] DeprecationWarning: The `punycode` module is deprecated. Please use a userland alternative instead.
(Use `node --trace-deprecation ...` to show where the warning was created)
 ✓ src/commands/skills/install.test.ts (6 tests) 29ms
 ✓ src/config/mcp/mcpServerEnablement.test.ts (14 tests) 66ms
 ✓ src/utils/sessions.test.ts (17 tests) 65ms
 ✓ src/commands/skills/uninstall.test.ts (5 tests) 24ms
(node:65684) [DEP0040] DeprecationWarning: The `punycode` module is deprecated. Please use a userland alternative instead.
(Use `node --trace-deprecation ...` to show where the warning was created)
 ✓ src/utils/checks.test.ts (3 tests) 16ms
(node:65685) [DEP0040] DeprecationWarning: The `punycode` module is deprecated. Please use a userland alternative instead.
(Use `node --trace-deprecation ...` to show where the warning was created)
(node:65688) [DEP0040] DeprecationWarning: The `punycode` module is deprecated. Please use a userland alternative instead.
(Use `node --trace-deprecation ...` to show where the warning was created)
(node:65695) [DEP0040] DeprecationWarning: The `punycode` module is deprecated. Please use a userland alternative instead.
(Use `node --trace-deprecation ...` to show where the warning was created)
(node:65696) [DEP0040] DeprecationWarning: The `punycode` module is deprecated. Please use a userland alternative instead.
(Use `node --trace-deprecation ...` to show where the warning was created)
(node:65709) [DEP0040] DeprecationWarning: The `punycode` module is deprecated. Please use a userland alternative instead.
(Use `node --trace-deprecation ...` to show where the warning was created)
(node:65711) [DEP0040] DeprecationWarning: The `punycode` module is deprecated. Please use a userland alternative instead.
(Use `node --trace-deprecation ...` to show where the warning was created)
 ✓ src/ui/hooks/toolMapping.test.ts (16 tests) 133ms
(node:65719) [DEP0040] DeprecationWarning: The `punycode` module is deprecated. Please use a userland alternative instead.
(Use `node --trace-deprecation ...` to show where the warning was created)
 ✓ src/services/prompt-processors/argumentProcessor.test.ts (2 tests) 39ms
 ✓ src/utils/hookUtils.test.ts (8 tests) 14ms
stderr | src/ui/themes/color-utils.test.ts > Color Utils > resolveColor > should return undefined for invalid colors
[ColorUtils] Could not resolve color "invalidcolor" to an Ink-compatible format.
[ColorUtils] Could not resolve color "notacolor" to an Ink-compatible format.
[ColorUtils] Could not resolve color "" to an Ink-compatible format.

stderr | src/ui/themes/color-utils.test.ts > Color Utils > Consistency between validation and resolution > should have consistent behavior between isValidColor and resolveColor
[ColorUtils] Could not resolve color "invalidcolor" to an Ink-compatible format.
[ColorUtils] Could not resolve color "notacolor" to an Ink-compatible format.
[ColorUtils] Could not resolve color "" to an Ink-compatible format.

 ✓ src/utils/startupWarnings.test.ts (4 tests) 11ms
 ✓ src/ui/themes/color-utils.test.ts (27 tests) 32ms
 ✓ src/ui/utils/mouse.test.ts (17 tests) 35ms
(node:65728) [DEP0040] DeprecationWarning: The `punycode` module is deprecated. Please use a userland alternative instead.
(Use `node --trace-deprecation ...` to show where the warning was created)
 ✓ src/commands/utils.test.ts (2 tests) 18ms
 ✓ src/core/initializer.test.ts (5 tests) 28ms
 ✓ src/ui/commands/docsCommand.test.ts (3 tests) 34ms
 ✓ src/commands/extensions.test.tsx (3 tests) 66ms
(node:65731) [DEP0040] DeprecationWarning: The `punycode` module is deprecated. Please use a userland alternative instead.
(Use `node --trace-deprecation ...` to show where the warning was created)
(node:65734) [DEP0040] DeprecationWarning: The `punycode` module is deprecated. Please use a userland alternative instead.
(Use `node --trace-deprecation ...` to show where the warning was created)
(node:65737) [DEP0040] DeprecationWarning: The `punycode` module is deprecated. Please use a userland alternative instead.
(Use `node --trace-deprecation ...` to show where the warning was created)
(node:65743) [DEP0040] DeprecationWarning: The `punycode` module is deprecated. Please use a userland alternative instead.
(Use `node --trace-deprecation ...` to show where the warning was created)
 ✓ src/utils/windowTitle.test.ts (14 tests) 22ms
(node:65747) [DEP0040] DeprecationWarning: The `punycode` module is deprecated. Please use a userland alternative instead.
(Use `node --trace-deprecation ...` to show where the warning was created)
(node:65753) [DEP0040] DeprecationWarning: The `punycode` module is deprecated. Please use a userland alternative instead.
(Use `node --trace-deprecation ...` to show where the warning was created)
 ✓ src/ui/commands/initCommand.test.ts (3 tests) 30ms
 ✓ src/config/extensions/github_fetch.test.ts (8 tests) 32ms
 ✓ src/ui/state/extensions.test.ts (15 tests) 26ms
(node:65765) [DEP0040] DeprecationWarning: The `punycode` module is deprecated. Please use a userland alternative instead.
(Use `node --trace-deprecation ...` to show where the warning was created)
 ✓ src/ui/commands/helpCommand.test.ts (2 tests) 17ms
(node:65770) [DEP0040] DeprecationWarning: The `punycode` module is deprecated. Please use a userland alternative instead.
(Use `node --trace-deprecation ...` to show where the warning was created)
 ✓ src/ui/utils/directoryUtils.test.ts (17 tests | 1 skipped) 27ms
 ✓ src/ui/commands/clearCommand.test.ts (2 tests) 82ms
 ✓ src/commands/skills/disable.test.ts (4 tests) 20ms
 ✓ src/commands/skills.test.tsx (3 tests) 18ms
 ✓ src/ui/utils/terminalUtils.test.ts (4 tests) 34ms
(node:65775) [DEP0040] DeprecationWarning: The `punycode` module is deprecated. Please use a userland alternative instead.
(Use `node --trace-deprecation ...` to show where the warning was created)
 ✓ src/config/extensions/variables.test.ts (10 tests) 31ms
 ✓ src/ui/utils/displayUtils.test.ts (8 tests) 17ms
 ✓ src/utils/cleanup.test.ts (8 tests) 32ms
 ✓ src/zed-integration/fileSystemService.test.ts (4 tests) 46ms
(node:65780) [DEP0040] DeprecationWarning: The `punycode` module is deprecated. Please use a userland alternative instead.
(Use `node --trace-deprecation ...` to show where the warning was created)
(node:65783) [DEP0040] DeprecationWarning: The `punycode` module is deprecated. Please use a userland alternative instead.
(Use `node --trace-deprecation ...` to show where the warning was created)
(node:65786) [DEP0040] DeprecationWarning: The `punycode` module is deprecated. Please use a userland alternative instead.
(Use `node --trace-deprecation ...` to show where the warning was created)
(node:65791) [DEP0040] DeprecationWarning: The `punycode` module is deprecated. Please use a userland alternative instead.
(Use `node --trace-deprecation ...` to show where the warning was created)
(node:65794) [DEP0040] DeprecationWarning: The `punycode` module is deprecated. Please use a userland alternative instead.
(Use `node --trace-deprecation ...` to show where the warning was created)
 ✓ src/utils/updateEventEmitter.test.ts (1 test) 9ms
 ✓ src/ui/commands/privacyCommand.test.ts (2 tests) 22ms
(node:65810) [DEP0040] DeprecationWarning: The `punycode` module is deprecated. Please use a userland alternative instead.
(Use `node --trace-deprecation ...` to show where the warning was created)
 ✓ src/config/auth.test.ts (8 tests) 15ms
(node:65811) [DEP0040] DeprecationWarning: The `punycode` module is deprecated. Please use a userland alternative instead.
(Use `node --trace-deprecation ...` to show where the warning was created)
(node:65814) [DEP0040] DeprecationWarning: The `punycode` module is deprecated. Please use a userland alternative instead.
(Use `node --trace-deprecation ...` to show where the warning was created)
 ✓ src/ui/utils/highlight.test.ts (21 tests) 91ms
 ✓ src/ui/commands/quitCommand.test.ts (1 test) 91ms
 ✓ src/utils/math.test.ts (7 tests) 5ms
 ✓ src/ui/commands/themeCommand.test.ts (2 tests) 22ms
 ✓ src/test-utils/mockCommandContext.test.ts (3 tests) 151ms
 ✓ src/ui/commands/modelCommand.test.ts (3 tests) 48ms
 ✓ src/commands/skills/enable.test.ts (4 tests) 32ms
 ✓ src/utils/dialogScopeUtils.test.ts (4 tests) 12ms
 ✓ src/utils/agentUtils.test.ts (8 tests) 115ms
 ✓ src/utils/events.test.ts (2 tests) 11ms
 ✓ src/utils/resolvePath.test.ts (7 tests) 12ms
(node:65832) [DEP0040] DeprecationWarning: The `punycode` module is deprecated. Please use a userland alternative instead.
(Use `node --trace-deprecation ...` to show where the warning was created)
 ✓ src/ui/commands/settingsCommand.test.ts (2 tests) 76ms
 ✓ src/config/settingPaths.test.ts (2 tests) 14ms
(node:65844) [DEP0040] DeprecationWarning: The `punycode` module is deprecated. Please use a userland alternative instead.
(Use `node --trace-deprecation ...` to show where the warning was created)
 ✓ src/ui/utils/ui-sizing.test.ts (4 tests) 43ms
 ✓ src/utils/processUtils.test.ts (1 test) 10ms
 ✓ src/ui/utils/clipboardUtils.windows.test.ts (1 test) 14ms
 ✓ src/ui/commands/terminalSetupCommand.test.ts (5 tests) 11ms

⎯⎯⎯⎯⎯⎯⎯ Failed Tests 6 ⎯⎯⎯⎯⎯⎯⎯

 FAIL  src/config/skills-backward-compatibility.test.ts > Agent Skills Backward Compatibility > loadCliConfig > should prioritize skills.enabled=false from settings
AssertionError: expected false to be true // Object.is equality

[32m- Expected[39m
[31m+ Received[39m

[32m- true[39m
[31m+ false[39m

 ❯ src/config/skills-backward-compatibility.test.ts:83:9
     81|           config as unknown as { isSkillsSupportEnabled: () => boolean…
     82|         ).isSkillsSupportEnabled(),
     83|       ).toBe(true);
       |         ^
     84|     });
     85| 

⎯⎯⎯⎯⎯⎯⎯⎯⎯⎯⎯⎯⎯⎯⎯⎯⎯⎯⎯⎯⎯⎯⎯⎯[1/6]⎯

 FAIL  src/config/skills-backward-compatibility.test.ts > Agent Skills Backward Compatibility > loadCliConfig > should prioritize legacy experimental.skills=true over new skills.enabled=false
AssertionError: expected false to be true // Object.is equality

[32m- Expected[39m
[31m+ Received[39m

[32m- true[39m
[31m+ false[39m

 ❯ src/config/skills-backward-compatibility.test.ts:132:9
    130|           config as unknown as { isSkillsSupportEnabled: () => boolean…
    131|         ).isSkillsSupportEnabled(),
    132|       ).toBe(true);
       |         ^
    133|     });
    134| 

⎯⎯⎯⎯⎯⎯⎯⎯⎯⎯⎯⎯⎯⎯⎯⎯⎯⎯⎯⎯⎯⎯⎯⎯[2/6]⎯

 FAIL  src/ui/App.test.tsx > App > should render ToolConfirmationQueue along with Composer when tool is confirming and experiment is on
Error: Snapshot `App > should render ToolConfirmationQueue along with Composer when tool is confirming and experiment is on 1` mismatched

[32m- Expected[39m
[31m+ Received[39m

[33m@@ -1,11 +1,11 @@[39m
[2m  "[22m
[32m-  ███         █████████[39m
[31m+  ███         █████████[7m   ██    ██[27m[39m
[32m- ░░░███      ███░░░░░███[39m
[31m+ ░░░███      ███░░░░░███[7m  ██    ██[27m[39m
[32m-   ░░░███   ███     ░░░[39m
[32m- [7m    ░░░███░█[27m██[39m
[31m+   ░░░███   ███     ░░░[7m ██████ ██████[27m[39m
[31m+ [7m    ░░░███░███          ██    [27m██[39m
[32m-      ███░ ░███    █████[39m
[31m+      ███░ ░███    █████[7m ██    ██[27m[39m
[2m     ███░   ░░███  ░░███[22m
[2m   ███░      ░░█████████[22m
[2m  ░░░         ░░░░░░░░░[22m

[2m  Tips for getting started:[22m

 ❯ src/ui/App.test.tsx:239:25
    237|     expect(lastFrame()).toContain('1 of 1');
    238|     expect(lastFrame()).toContain('Composer');
    239|     expect(lastFrame()).toMatchSnapshot();
       |                         ^
    240|   });
    241| 

⎯⎯⎯⎯⎯⎯⎯⎯⎯⎯⎯⎯⎯⎯⎯⎯⎯⎯⎯⎯⎯⎯⎯⎯[3/6]⎯

 FAIL  src/ui/App.test.tsx > App > Snapshots > renders default layout correctly
Error: Snapshot `App > Snapshots > renders default layout correctly 1` mismatched

[32m- Expected[39m
[31m+ Received[39m

[33m@@ -1,11 +1,11 @@[39m
[2m  "[22m
[32m-  ███         █████████[39m
[31m+  ███         █████████[7m   ██    ██[27m[39m
[32m- ░░░███      ███░░░░░███[39m
[31m+ ░░░███      ███░░░░░███[7m  ██    ██[27m[39m
[32m-   ░░░███   ███     ░░░[39m
[32m- [7m    ░░░███░█[27m██[39m
[31m+   ░░░███   ███     ░░░[7m ██████ ██████[27m[39m
[31m+ [7m    ░░░███░███          ██    [27m██[39m
[32m-      ███░ ░███    █████[39m
[31m+      ███░ ░███    █████[7m ██    ██[27m[39m
[2m     ███░   ░░███  ░░███[22m
[2m   ███░      ░░█████████[22m
[2m  ░░░         ░░░░░░░░░[22m

[2m  Tips for getting started:[22m

 ❯ src/ui/App.test.tsx:248:27
    246|         uiState: mockUIState,
    247|       });
    248|       expect(lastFrame()).toMatchSnapshot();
       |                           ^
    249|     });
    250| 

⎯⎯⎯⎯⎯⎯⎯⎯⎯⎯⎯⎯⎯⎯⎯⎯⎯⎯⎯⎯⎯⎯⎯⎯[4/6]⎯

 FAIL  src/ui/App.test.tsx > App > Snapshots > renders screen reader layout correctly
Error: Snapshot `App > Snapshots > renders screen reader layout correctly 1` mismatched

[32m- Expected[39m
[31m+ Received[39m

[33m@@ -1,13 +1,13 @@[39m
[2m  "Notifications[22m
[2m  Footer[22m

[32m-  ███         █████████[39m
[31m+  ███         █████████[7m   ██    ██[27m[39m
[32m- ░░░███      ███░░░░░███[39m
[31m+ ░░░███      ███░░░░░███[7m  ██    ██[27m[39m
[32m-   ░░░███   ███     ░░░[39m
[32m- [7m    ░░░███░█[27m██[39m
[31m+   ░░░███   ███     ░░░[7m ██████ ██████[27m[39m
[31m+ [7m    ░░░███░███          ██    [27m██[39m
[32m-      ███░ ░███    █████[39m
[31m+      ███░ ░███    █████[7m ██    ██[27m[39m
[2m     ███░   ░░███  ░░███[22m
[2m   ███░      ░░█████████[22m
[2m  ░░░         ░░░░░░░░░[22m

[2m  Tips for getting started:[22m

 ❯ src/ui/App.test.tsx:256:27
    254|         uiState: mockUIState,
    255|       });
    256|       expect(lastFrame()).toMatchSnapshot();
       |                           ^
    257|     });
    258| 

⎯⎯⎯⎯⎯⎯⎯⎯⎯⎯⎯⎯⎯⎯⎯⎯⎯⎯⎯⎯⎯⎯⎯⎯[5/6]⎯

 FAIL  src/ui/App.test.tsx > App > Snapshots > renders with dialogs visible
Error: Snapshot `App > Snapshots > renders with dialogs visible 1` mismatched

[32m- Expected[39m
[31m+ Received[39m

[33m@@ -1,11 +1,11 @@[39m
[2m  "[22m
[32m-  ███         █████████[39m
[31m+  ███         █████████[7m   ██    ██[27m[39m
[32m- ░░░███      ███░░░░░███[39m
[31m+ ░░░███      ███░░░░░███[7m  ██    ██[27m[39m
[32m-   ░░░███   ███     ░░░[39m
[32m- [7m    ░░░███░█[27m██[39m
[31m+   ░░░███   ███     ░░░[7m ██████ ██████[27m[39m
[31m+ [7m    ░░░███░███          ██    [27m██[39m
[32m-      ███░ ░███    █████[39m
[31m+      ███░ ░███    █████[7m ██    ██[27m[39m
[2m     ███░   ░░███  ░░███[22m
[2m   ███░      ░░█████████[22m
[2m  ░░░         ░░░░░░░░░[22m



 ❯ src/ui/App.test.tsx:267:27
    265|         uiState: dialogUIState,
    266|       });
    267|       expect(lastFrame()).toMatchSnapshot();
       |                           ^
    268|     });
    269|   });

⎯⎯⎯⎯⎯⎯⎯⎯⎯⎯⎯⎯⎯⎯⎯⎯⎯⎯⎯⎯⎯⎯⎯⎯[6/6]⎯


  Snapshots  4 failed
             8 obsolete
             ↳ src/ui/components/SettingsDialog.test.tsx
               · SettingsDialog > Snapshot Tests > should render accessibility settings enabled correctly 1
               · SettingsDialog > Snapshot Tests > should render all boolean settings disabled correctly 1
               · SettingsDialog > Snapshot Tests > should render default state correctly 1
               · SettingsDialog > Snapshot Tests > should render file filtering settings configured correctly 1
               · SettingsDialog > Snapshot Tests > should render focused on scope selector correctly 1
               · SettingsDialog > Snapshot Tests > should render mixed boolean and number settings correctly 1
               · SettingsDialog > Snapshot Tests > should render tools and security settings correctly 1
               · SettingsDialog > Snapshot Tests > should render various boolean settings enabled correctly 1

 Test Files  2 failed | 347 passed (349)
      Tests  6 failed | 4652 passed | 2 skipped (4660)
   Start at  12:15:31
   Duration  279.86s (transform 13.49s, setup 9.70s, collect 1775.53s, tests 104.07s, environment 226ms, prepare 88.95s)

JUNIT report written to /Users/trukhinyuri/Personal/SourcesSide/gemini-cli/packages/cli/junit.xml
npm error Lifecycle script `test` failed with error:
npm error code 1
npm error path /Users/trukhinyuri/Personal/SourcesSide/gemini-cli/packages/cli
npm error workspace @trukhinyuri/gemini-pp@0.28.0
npm error location /Users/trukhinyuri/Personal/SourcesSide/gemini-cli/packages/cli
npm error command failed
npm error command sh -c vitest run


> @google/gemini-cli-core@0.28.0-nightly.20260128.adc8e11bb test
> vitest run


 RUN  v3.2.4 /Users/trukhinyuri/Personal/SourcesSide/gemini-cli/packages/core
      Coverage enabled with v8

 ✓ src/services/modelConfig.golden.test.ts (2 tests) 27ms
(node:65991) [DEP0040] DeprecationWarning: The `punycode` module is deprecated. Please use a userland alternative instead.
(Use `node --trace-deprecation ...` to show where the warning was created)
(node:65983) [DEP0040] DeprecationWarning: The `punycode` module is deprecated. Please use a userland alternative instead.
(Use `node --trace-deprecation ...` to show where the warning was created)
(node:65989) [DEP0040] DeprecationWarning: The `punycode` module is deprecated. Please use a userland alternative instead.
(Use `node --trace-deprecation ...` to show where the warning was created)
(node:65985) [DEP0040] DeprecationWarning: The `punycode` module is deprecated. Please use a userland alternative instead.
(Use `node --trace-deprecation ...` to show where the warning was created)
(node:65990) [DEP0040] DeprecationWarning: The `punycode` module is deprecated. Please use a userland alternative instead.
(Use `node --trace-deprecation ...` to show where the warning was created)
 ✓ src/mcp/token-storage/file-token-storage.test.ts (16 tests) 1670ms
 ✓ src/mcp/oauth-provider.test.ts (38 tests) 1395ms
   ✓ MCPOAuthProvider > authenticate > should handle invalid callback request  1005ms
(node:66009) [DEP0040] DeprecationWarning: The `punycode` module is deprecated. Please use a userland alternative instead.
(Use `node --trace-deprecation ...` to show where the warning was created)
 ✓ src/policy/config.test.ts (21 tests) 3269ms
   ✓ createPolicyEngineConfig > should filter out insecure system policy directories  935ms
 ✓ src/tools/ripGrep.test.ts (57 tests | 1 skipped) 2296ms
   ✓ RipGrepTool > execute > should handle massive output by terminating early without crashing (Regression)  699ms
(node:66016) [DEP0040] DeprecationWarning: The `punycode` module is deprecated. Please use a userland alternative instead.
(Use `node --trace-deprecation ...` to show where the warning was created)
 ✓ src/services/shellExecutionService.test.ts (53 tests | 1 skipped) 825ms
 ✓ src/tools/grep.test.ts (26 tests) 543ms
 ✓ src/config/config.test.ts (141 tests) 1694ms
(node:66035) [DEP0040] DeprecationWarning: The `punycode` module is deprecated. Please use a userland alternative instead.
(Use `node --trace-deprecation ...` to show where the warning was created)
(node:66037) [DEP0040] DeprecationWarning: The `punycode` module is deprecated. Please use a userland alternative instead.
(Use `node --trace-deprecation ...` to show where the warning was created)
 ✓ src/utils/memoryDiscovery.test.ts (29 tests) 790ms
 ✓ src/core/client.test.ts (72 tests | 1 skipped) 2344ms
 ✓ src/tools/glob.test.ts (37 tests) 2794ms
 ✓ src/tools/ls.test.ts (21 tests) 437ms
 ✓ src/policy/toml-loader.test.ts (27 tests) 234ms
 ✓ src/tools/read-file.test.ts (30 tests) 596ms
(node:66045) [DEP0040] DeprecationWarning: The `punycode` module is deprecated. Please use a userland alternative instead.
(Use `node --trace-deprecation ...` to show where the warning was created)
(node:66050) [DEP0040] DeprecationWarning: The `punycode` module is deprecated. Please use a userland alternative instead.
(Use `node --trace-deprecation ...` to show where the warning was created)
 ✓ src/utils/shell-utils.integration.test.ts (3 tests) 606ms
(node:66057) [DEP0040] DeprecationWarning: The `punycode` module is deprecated. Please use a userland alternative instead.
(Use `node --trace-deprecation ...` to show where the warning was created)
(node:66035) MaxListenersExceededWarning: Possible EventEmitter memory leak detected. 11 model-changed listeners added to [CoreEventEmitter]. MaxListeners is 10. Use emitter.setMaxListeners() to increase limit
(node:66063) [DEP0040] DeprecationWarning: The `punycode` module is deprecated. Please use a userland alternative instead.
(Use `node --trace-deprecation ...` to show where the warning was created)
 ✓ src/telemetry/clearcut-logger/clearcut-logger.test.ts (52 tests) 581ms
(node:66070) [DEP0040] DeprecationWarning: The `punycode` module is deprecated. Please use a userland alternative instead.
(Use `node --trace-deprecation ...` to show where the warning was created)
 ✓ src/core/geminiChat_network_retry.test.ts (3 tests) 1089ms
   ✓ GeminiChat Network Retries > should retry when a 503 ApiError occurs during stream iteration  567ms
   ✓ GeminiChat Network Retries > should retry on generic network error if retryFetchErrors is true  510ms
(node:66073) [DEP0040] DeprecationWarning: The `punycode` module is deprecated. Please use a userland alternative instead.
(Use `node --trace-deprecation ...` to show where the warning was created)
 ✓ src/core/geminiChat.test.ts (48 tests) 7060ms
   ✓ GeminiChat > sendMessageStream > should fail if the stream ends with an empty part and has no finishReason  516ms
   ✓ GeminiChat > sendMessageStream > should throw an error when a tool call is followed by an empty stream response  509ms
   ✓ GeminiChat > sendMessageStream > should throw InvalidStreamError when no tool call and no finish reason  523ms
   ✓ GeminiChat > sendMessageStream > should throw InvalidStreamError when no tool call and empty response text  510ms
   ✓ GeminiChat > sendMessageStream > should throw InvalidStreamError when finishReason is MALFORMED_FUNCTION_CALL  544ms
   ✓ GeminiChat > sendMessageStream > should retry when finishReason is MALFORMED_FUNCTION_CALL  510ms
   ✓ GeminiChat > sendMessageStream with retries > should yield a RETRY event when an invalid stream is encountered  509ms
   ✓ GeminiChat > sendMessageStream with retries > should retry on invalid content, succeed, and report metrics  511ms
   ✓ GeminiChat > sendMessageStream with retries > should set temperature to 1 on retry  512ms
   ✓ GeminiChat > sendMessageStream with retries > should fail after all retries on persistent invalid content and report metrics  510ms
   ✓ GeminiChat > should correctly retry and append to an existing history mid-conversation  511ms
   ✓ GeminiChat > should retry if the model returns a completely empty stream (no chunks)  511ms
   ✓ GeminiChat > should discard valid partial content from a failed attempt upon retry  510ms
(node:66075) [DEP0040] DeprecationWarning: The `punycode` module is deprecated. Please use a userland alternative instead.
(Use `node --trace-deprecation ...` to show where the warning was created)
 ✓ src/tools/mcp-client.test.ts (56 tests) 666ms
   ✓ connectToMcpServer with OAuth > should discover oauth config if not in www-authenticate header  314ms
 ✓ src/tools/shell.test.ts (34 tests | 1 skipped) 615ms
 ✓ src/utils/bfsFileSearch.test.ts (16 tests) 476ms
 ✓ src/tools/edit.test.ts (41 tests) 851ms
 ✓ src/skills/skillLoader.test.ts (13 tests) 359ms
(node:66085) [DEP0040] DeprecationWarning: The `punycode` module is deprecated. Please use a userland alternative instead.
(Use `node --trace-deprecation ...` to show where the warning was created)
 ✓ src/tools/read-many-files.test.ts (31 tests) 1651ms
   ✓ ReadManyFilesTool > build > should return an invocation for valid relative paths within root  307ms
 ✓ src/agents/agentLoader.test.ts (18 tests) 222ms
(node:66101) [DEP0040] DeprecationWarning: The `punycode` module is deprecated. Please use a userland alternative instead.
(Use `node --trace-deprecation ...` to show where the warning was created)
 ✓ src/utils/fileUtils.test.ts (78 tests) 548ms
 ✓ src/code_assist/oauth2.test.ts (30 tests) 505ms
 ✓ src/utils/getFolderStructure.test.ts (15 tests) 387ms
 ✓ src/tools/write-file.test.ts (35 tests) 682ms
 ✓ src/services/fileDiscoveryService.test.ts (34 tests) 561ms
 ✓ src/utils/pathReader.test.ts (18 tests) 325ms
(node:66110) [DEP0040] DeprecationWarning: The `punycode` module is deprecated. Please use a userland alternative instead.
(Use `node --trace-deprecation ...` to show where the warning was created)
 ✓ src/tools/ask-user.test.ts (19 tests) 254ms
(node:66117) [DEP0040] DeprecationWarning: The `punycode` module is deprecated. Please use a userland alternative instead.
(Use `node --trace-deprecation ...` to show where the warning was created)
(node:66118) [DEP0040] DeprecationWarning: The `punycode` module is deprecated. Please use a userland alternative instead.
(Use `node --trace-deprecation ...` to show where the warning was created)
 ✓ src/utils/shell-utils.test.ts (57 tests | 1 skipped) 270ms
 ✓ src/core/prompts.test.ts (46 tests) 137ms
 ✓ src/core/coreToolScheduler.test.ts (20 tests) 682ms
 ✓ src/utils/filesearch/fileSearch.test.ts (28 tests) 400ms
 ✓ src/core/logger.test.ts (39 tests) 423ms
 ✓ src/utils/gitIgnoreParser.test.ts (25 tests) 274ms
(node:66133) [DEP0040] DeprecationWarning: The `punycode` module is deprecated. Please use a userland alternative instead.
(Use `node --trace-deprecation ...` to show where the warning was created)
 ✓ src/mcp/token-storage/keychain-token-storage.test.ts (29 tests) 246ms
 ✓ src/safety/built-in.test.ts (14 tests) 187ms
(node:66144) [DEP0040] DeprecationWarning: The `punycode` module is deprecated. Please use a userland alternative instead.
(Use `node --trace-deprecation ...` to show where the warning was created)
 ✓ src/utils/events.test.ts (17 tests) 105ms
 ✓ src/tools/mcp-tool.test.ts (43 tests) 192ms
 ✓ src/services/loopDetectionService.test.ts (47 tests) 735ms
   ✓ LoopDetectionService > Content Loop Detection > should not detect a loop for random content  499ms
 ✓ src/mcp/oauth-token-storage.test.ts (28 tests) 47ms
 ✓ src/skills/skillManager.test.ts (8 tests) 121ms
 ✓ src/utils/userAccountManager.test.ts (23 tests) 147ms
 ✓ src/services/gitService.test.ts (18 tests) 267ms
 ✓ src/utils/filesearch/crawler.test.ts (19 tests) 527ms
 ✓ src/utils/ignoreFileParser.test.ts (19 tests) 224ms
 ✓ src/utils/editor.test.ts (123 tests) 51ms
 ✓ src/tools/activate-skill.test.ts (7 tests) 75ms
 ✓ src/utils/terminalSerializer.test.ts (17 tests) 127ms
 ✓ src/policy/policy-engine.test.ts (64 tests) 134ms
 ✓ src/tools/confirmation-policy.test.ts (6 tests) 402ms
   ✓ Tool Confirmation Policy Updates > 'EditTool' policy updates > should handle 'proceed_always' correctly  357ms
(node:66180) [DEP0040] DeprecationWarning: The `punycode` module is deprecated. Please use a userland alternative instead.
(Use `node --trace-deprecation ...` to show where the warning was created)
 ✓ src/ide/ide-client.test.ts (57 tests | 1 skipped) 242ms
(node:66183) [DEP0040] DeprecationWarning: The `punycode` module is deprecated. Please use a userland alternative instead.
(Use `node --trace-deprecation ...` to show where the warning was created)
(node:66144) MaxListenersExceededWarning: Possible EventEmitter memory leak detected. 11 model-changed listeners added to [CoreEventEmitter]. MaxListeners is 10. Use emitter.setMaxListeners() to increase limit
 ✓ src/code_assist/experiments/client_metadata.test.ts (12 tests) 133ms
 ✓ src/tools/message-bus-integration.test.ts (6 tests) 106ms
(node:66192) [DEP0040] DeprecationWarning: The `punycode` module is deprecated. Please use a userland alternative instead.
(Use `node --trace-deprecation ...` to show where the warning was created)
 ✓ src/agents/registry.test.ts (43 tests) 121ms
 ✓ src/agents/acknowledgedAgents.test.ts (4 tests) 109ms
(node:66196) [DEP0040] DeprecationWarning: The `punycode` module is deprecated. Please use a userland alternative instead.
(Use `node --trace-deprecation ...` to show where the warning was created)
 ✓ src/tools/web-fetch.test.ts (31 tests) 262ms
(node:66204) [DEP0040] DeprecationWarning: The `punycode` module is deprecated. Please use a userland alternative instead.
(Use `node --trace-deprecation ...` to show where the warning was created)
(node:66205) [DEP0040] DeprecationWarning: The `punycode` module is deprecated. Please use a userland alternative instead.
(Use `node --trace-deprecation ...` to show where the warning was created)
 ✓ src/hooks/hookRunner.test.ts (24 tests) 222ms
(node:66211) [DEP0040] DeprecationWarning: The `punycode` module is deprecated. Please use a userland alternative instead.
(Use `node --trace-deprecation ...` to show where the warning was created)
 ✓ src/code_assist/admin/admin_controls.test.ts (16 tests) 130ms
 ✓ src/utils/nextSpeakerChecker.test.ts (10 tests) 92ms
(node:66192) MaxListenersExceededWarning: Possible EventEmitter memory leak detected. 11 model-changed listeners added to [CoreEventEmitter]. MaxListeners is 10. Use emitter.setMaxListeners() to increase limit
 ✓ src/telemetry/loggers.test.ts (36 tests) 323ms
 ✓ src/agents/local-executor.test.ts (37 tests) 423ms
 ✓ src/code_assist/server.test.ts (20 tests) 104ms
(node:66234) [DEP0040] DeprecationWarning: The `punycode` module is deprecated. Please use a userland alternative instead.
(Use `node --trace-deprecation ...` to show where the warning was created)
 ✓ src/services/sessionSummaryService.test.ts (33 tests) 79ms
(node:66236) [DEP0040] DeprecationWarning: The `punycode` module is deprecated. Please use a userland alternative instead.
(Use `node --trace-deprecation ...` to show where the warning was created)
 ✓ src/telemetry/telemetry.test.ts (2 tests) 56ms
 ✓ src/hooks/trustedHooks.test.ts (7 tests) 23ms
(node:66205) MaxListenersExceededWarning: Possible EventEmitter memory leak detected. 11 SIGTERM listeners added to [process]. MaxListeners is 10. Use emitter.setMaxListeners() to increase limit
(node:66205) MaxListenersExceededWarning: Possible EventEmitter memory leak detected. 11 SIGINT listeners added to [process]. MaxListeners is 10. Use emitter.setMaxListeners() to increase limit
(node:66239) [DEP0040] DeprecationWarning: The `punycode` module is deprecated. Please use a userland alternative instead.
(Use `node --trace-deprecation ...` to show where the warning was created)
 ✓ src/telemetry/sdk.test.ts (16 tests) 103ms
(node:66243) [DEP0040] DeprecationWarning: The `punycode` module is deprecated. Please use a userland alternative instead.
(Use `node --trace-deprecation ...` to show where the warning was created)
 ✓ src/utils/memoryImportProcessor.test.ts (25 tests) 148ms
 ✓ src/tools/web-search.test.ts (9 tests) 135ms
 ✓ src/utils/environmentContext.test.ts (6 tests) 54ms
(node:66256) [DEP0040] DeprecationWarning: The `punycode` module is deprecated. Please use a userland alternative instead.
(Use `node --trace-deprecation ...` to show where the warning was created)
(node:66270) [DEP0040] DeprecationWarning: The `punycode` module is deprecated. Please use a userland alternative instead.
(Use `node --trace-deprecation ...` to show where the warning was created)
(node:66264) [DEP0040] DeprecationWarning: The `punycode` module is deprecated. Please use a userland alternative instead.
(Use `node --trace-deprecation ...` to show where the warning was created)
(node:66271) [DEP0040] DeprecationWarning: The `punycode` module is deprecated. Please use a userland alternative instead.
(Use `node --trace-deprecation ...` to show where the warning was created)
 ✓ src/fallback/handler.test.ts (14 tests) 65ms
 ✓ src/agents/generalist-agent.test.ts (1 test) 20ms
 ✓ src/utils/summarizer.test.ts (8 tests) 186ms
(node:66279) [DEP0040] DeprecationWarning: The `punycode` module is deprecated. Please use a userland alternative instead.
(Use `node --trace-deprecation ...` to show where the warning was created)
 ✓ src/code_assist/experiments/experiments_local.test.ts (5 tests) 55ms
 ✓ src/services/chatRecordingService.test.ts (17 tests) 88ms
 ✓ src/utils/workspaceContext.test.ts (38 tests) 158ms
 ✓ src/safety/checker-runner.test.ts (9 tests) 50ms
 ✓ src/core/baseLlmClient.test.ts (29 tests) 136ms
 ✓ src/utils/editCorrector.test.ts (40 tests) 75ms
 ✓ src/routing/strategies/numericalClassifierStrategy.test.ts (17 tests) 119ms
 ✓ src/services/sessionSummaryUtils.test.ts (10 tests) 58ms
(node:66271) MaxListenersExceededWarning: Possible EventEmitter memory leak detected. 11 model-changed listeners added to [CoreEventEmitter]. MaxListeners is 10. Use emitter.setMaxListeners() to increase limit
 ✓ src/scheduler/scheduler.test.ts (24 tests) 110ms
 ✓ src/tools/tool-registry.test.ts (17 tests) 213ms
 ✓ src/utils/schemaValidator.test.ts (7 tests) 88ms
(node:66297) [DEP0040] DeprecationWarning: The `punycode` module is deprecated. Please use a userland alternative instead.
(Use `node --trace-deprecation ...` to show where the warning was created)
 ✓ src/tools/modifiable-tool.test.ts (12 tests) 156ms
 ✓ src/telemetry/memory-monitor.test.ts (31 tests) 118ms
 ✓ src/ide/detect-ide.test.ts (29 tests) 31ms
(node:66304) [DEP0040] DeprecationWarning: The `punycode` module is deprecated. Please use a userland alternative instead.
(Use `node --trace-deprecation ...` to show where the warning was created)
 ✓ src/utils/errorReporting.test.ts (6 tests) 185ms
 ✓ src/tools/get-internal-docs.test.ts (4 tests) 171ms
 ✓ src/code_assist/experiments/experiments.test.ts (4 tests) 65ms
 ✓ src/utils/retry.test.ts (30 tests) 87ms
(node:66315) [DEP0040] DeprecationWarning: The `punycode` module is deprecated. Please use a userland alternative instead.
(Use `node --trace-deprecation ...` to show where the warning was created)
(node:66317) [DEP0040] DeprecationWarning: The `punycode` module is deprecated. Please use a userland alternative instead.
(Use `node --trace-deprecation ...` to show where the warning was created)
 ✓ src/scheduler/confirmation.test.ts (9 tests) 59ms
(node:66331) [DEP0040] DeprecationWarning: The `punycode` module is deprecated. Please use a userland alternative instead.
(Use `node --trace-deprecation ...` to show where the warning was created)
 ✓ src/routing/strategies/classifierStrategy.test.ts (10 tests) 39ms
(node:66332) [DEP0040] DeprecationWarning: The `punycode` module is deprecated. Please use a userland alternative instead.
(Use `node --trace-deprecation ...` to show where the warning was created)
(node:66343) [DEP0040] DeprecationWarning: The `punycode` module is deprecated. Please use a userland alternative instead.
(Use `node --trace-deprecation ...` to show where the warning was created)
(node:66297) MaxListenersExceededWarning: Possible EventEmitter memory leak detected. 11 model-changed listeners added to [CoreEventEmitter]. MaxListeners is 10. Use emitter.setMaxListeners() to increase limit
 ✓ src/hooks/hookSystem.test.ts (8 tests) 105ms
(node:66345) [DEP0040] DeprecationWarning: The `punycode` module is deprecated. Please use a userland alternative instead.
(Use `node --trace-deprecation ...` to show where the warning was created)
 ✓ src/scheduler/tool-executor.test.ts (5 tests) 199ms
 ✓ src/tools/memoryTool.test.ts (19 tests) 126ms
 ✓ src/agents/subagent-tool-wrapper.test.ts (6 tests) 119ms
 ✓ src/services/chatCompressionService.test.ts (26 tests) 182ms
 ✓ src/telemetry/semantic.test.ts (21 tests) 16ms
 ✓ src/config/flashFallback.test.ts (3 tests) 21ms
 ✓ src/agents/a2a-client-manager.test.ts (18 tests) 45ms
 ✓ src/confirmation-bus/message-bus.test.ts (10 tests) 24ms
 ✓ src/routing/modelRouterService.test.ts (5 tests) 82ms
 ✓ src/hooks/hookRegistry.test.ts (24 tests) 88ms
(node:66357) [DEP0040] DeprecationWarning: The `punycode` module is deprecated. Please use a userland alternative instead.
(Use `node --trace-deprecation ...` to show where the warning was created)
(node:66370) [DEP0040] DeprecationWarning: The `punycode` module is deprecated. Please use a userland alternative instead.
(Use `node --trace-deprecation ...` to show where the warning was created)
 ✓ src/core/contentGenerator.test.ts (16 tests) 90ms
 ✓ src/code_assist/oauth-credential-storage.test.ts (16 tests) 69ms
 ✓ src/scheduler/state-manager.test.ts (29 tests) 47ms
(node:66373) [DEP0040] DeprecationWarning: The `punycode` module is deprecated. Please use a userland alternative instead.
(Use `node --trace-deprecation ...` to show where the warning was created)
 ✓ src/utils/tokenCalculation.test.ts (10 tests) 26ms
 ✓ src/telemetry/gcp-exporters.test.ts (18 tests) 113ms
 ✓ src/utils/filesearch/ignore.test.ts (12 tests) 67ms
 ✓ src/utils/package.test.ts (4 tests) 37ms
 ✓ src/policy/shell-safety.test.ts (23 tests) 40ms
(node:66388) [DEP0040] DeprecationWarning: The `punycode` module is deprecated. Please use a userland alternative instead.
(Use `node --trace-deprecation ...` to show where the warning was created)
 ✓ src/tools/write-todos.test.ts (9 tests) 105ms
 ✓ src/mcp/google-auth-provider.test.ts (15 tests) 166ms
(node:66391) [DEP0040] DeprecationWarning: The `punycode` module is deprecated. Please use a userland alternative instead.
(Use `node --trace-deprecation ...` to show where the warning was created)
 ✓ src/scheduler/policy.test.ts (16 tests) 35ms
(node:66393) [DEP0040] DeprecationWarning: The `punycode` module is deprecated. Please use a userland alternative instead.
(Use `node --trace-deprecation ...` to show where the warning was created)
 ✓ src/availability/policyHelpers.test.ts (16 tests) 22ms
(node:66396) [DEP0040] DeprecationWarning: The `punycode` module is deprecated. Please use a userland alternative instead.
(Use `node --trace-deprecation ...` to show where the warning was created)
(node:66398) [DEP0040] DeprecationWarning: The `punycode` module is deprecated. Please use a userland alternative instead.
(Use `node --trace-deprecation ...` to show where the warning was created)
(node:66401) [DEP0040] DeprecationWarning: The `punycode` module is deprecated. Please use a userland alternative instead.
(Use `node --trace-deprecation ...` to show where the warning was created)
 ✓ src/core/apiKeyCredentialStorage.test.ts (7 tests) 37ms
 ✓ src/agents/registry_acknowledgement.test.ts (4 tests) 44ms
 ✓ src/utils/toolCallContext.test.ts (4 tests) 17ms
 ✓ src/policy/persistence.test.ts (5 tests) 82ms
(node:66424) [DEP0040] DeprecationWarning: The `punycode` module is deprecated. Please use a userland alternative instead.
(Use `node --trace-deprecation ...` to show where the warning was created)
 ✓ src/mcp/sa-impersonation-provider.test.ts (8 tests) 41ms
(node:66423) [DEP0040] DeprecationWarning: The `punycode` module is deprecated. Please use a userland alternative instead.
(Use `node --trace-deprecation ...` to show where the warning was created)
 ✓ src/telemetry/sanitize.test.ts (18 tests) 17ms
(node:66422) [DEP0040] DeprecationWarning: The `punycode` module is deprecated. Please use a userland alternative instead.
(Use `node --trace-deprecation ...` to show where the warning was created)
 ✓ src/tools/mcp-client-manager.test.ts (15 tests) 42ms
 ✓ src/hooks/hookEventHandler.test.ts (13 tests) 76ms
 ✓ src/core/loggingContentGenerator.test.ts (11 tests) 51ms
(node:66428) [DEP0040] DeprecationWarning: The `punycode` module is deprecated. Please use a userland alternative instead.
(Use `node --trace-deprecation ...` to show where the warning was created)
 ✓ src/utils/llm-edit-fixer.test.ts (8 tests) 61ms
 ✓ src/hooks/hookPlanner.test.ts (10 tests) 23ms
 ✓ src/ide/process-utils.test.ts (8 tests) 12ms
(node:66431) [DEP0040] DeprecationWarning: The `punycode` module is deprecated. Please use a userland alternative instead.
(Use `node --trace-deprecation ...` to show where the warning was created)
(node:66438) [DEP0040] DeprecationWarning: The `punycode` module is deprecated. Please use a userland alternative instead.
(Use `node --trace-deprecation ...` to show where the warning was created)
 ✓ src/agents/remote-invocation.test.ts (10 tests) 41ms
 ✓ src/core/prompts-substitution.test.ts (6 tests) 29ms
 ✓ src/telemetry/semantic.truncation.test.ts (4 tests) 7ms
 ✓ src/utils/filesearch/crawlCache.test.ts (9 tests) 35ms
 ✓ src/utils/systemEncoding.test.ts (38 tests) 99ms
 ✓ src/core/turn.test.ts (22 tests) 86ms
 ✓ src/mcp/oauth-utils.test.ts (32 tests) 82ms
 ✓ src/code_assist/setup.test.ts (22 tests) 53ms
 ✓ src/hooks/types.test.ts (35 tests) 31ms
 ✓ src/utils/pathCorrector.test.ts (4 tests) 55ms
 ✓ src/services/fileSystemService.test.ts (3 tests) 13ms
 ✓ src/resources/resource-registry.test.ts (4 tests) 15ms
 ✓ src/mcp/token-storage/hybrid-token-storage.test.ts (11 tests) 79ms
 ✓ src/utils/paths.test.ts (93 tests | 17 skipped) 64ms
(node:66468) [DEP0040] DeprecationWarning: The `punycode` module is deprecated. Please use a userland alternative instead.
(Use `node --trace-deprecation ...` to show where the warning was created)
 ✓ src/utils/secure-browser-launcher.test.ts (14 tests) 32ms
 ✓ src/telemetry/startupProfiler.test.ts (23 tests) 125ms
 ✓ src/routing/strategies/defaultStrategy.test.ts (5 tests) 26ms
 ✓ src/utils/delay.test.ts (7 tests) 61ms
 ✓ src/prompts/prompt-registry.test.ts (7 tests) 82ms
(node:66431) MaxListenersExceededWarning: Possible EventEmitter memory leak detected. 11 model-changed listeners added to [CoreEventEmitter]. MaxListeners is 10. Use emitter.setMaxListeners() to increase limit
 ✓ src/agents/local-invocation.test.ts (11 tests) 98ms
 ✓ src/telemetry/activity-monitor.test.ts (22 tests) 48ms
 ✓ src/output/stream-json-formatter.test.ts (20 tests) 112ms
 ✓ src/utils/checkpointUtils.test.ts (15 tests) 36ms
 ✓ src/utils/ignorePatterns.test.ts (28 tests) 25ms
(node:66479) [DEP0040] DeprecationWarning: The `punycode` module is deprecated. Please use a userland alternative instead.
(Use `node --trace-deprecation ...` to show where the warning was created)
 ✓ src/hooks/hookAggregator.test.ts (10 tests) 30ms
 ✓ src/commands/restore.test.ts (6 tests) 24ms
 ✓ src/utils/partUtils.test.ts (37 tests) 19ms
(node:66513) [DEP0040] DeprecationWarning: The `punycode` module is deprecated. Please use a userland alternative instead.
(Use `node --trace-deprecation ...` to show where the warning was created)
 ✓ src/routing/strategies/overrideStrategy.test.ts (4 tests) 5ms
 ✓ src/ide/ideContext.test.ts (23 tests) 40ms
 ✓ src/routing/strategies/compositeStrategy.test.ts (6 tests) 33ms
 ✓ src/services/environmentSanitization.test.ts (18 tests) 28ms
(node:66521) [DEP0040] DeprecationWarning: The `punycode` module is deprecated. Please use a userland alternative instead.
(Use `node --trace-deprecation ...` to show where the warning was created)
 ✓ src/safety/context-builder.test.ts (3 tests) 15ms
 ✓ src/commands/memory.test.ts (12 tests) 30ms
 ✓ src/telemetry/activity-detector.test.ts (13 tests) 15ms
(node:66539) [DEP0040] DeprecationWarning: The `punycode` module is deprecated. Please use a userland alternative instead.
(Use `node --trace-deprecation ...` to show where the warning was created)
 ✓ src/utils/flashFallback.test.ts (4 tests) 22ms
 ✓ src/routing/strategies/fallbackStrategy.test.ts (5 tests) 11ms
 ✓ src/utils/channel.test.ts (22 tests) 34ms
 ✓ src/tools/base-tool-invocation.test.ts (2 tests) 27ms
 ✓ src/code_assist/telemetry.test.ts (16 tests) 29ms
 ✓ src/utils/googleQuotaErrors.test.ts (25 tests) 108ms
 ✓ src/scheduler/tool-modifier.test.ts (5 tests) 48ms
 ✓ src/ide/ide-installer.test.ts (15 tests) 168ms
(node:66564) [DEP0040] DeprecationWarning: The `punycode` module is deprecated. Please use a userland alternative instead.
(Use `node --trace-deprecation ...` to show where the warning was created)
(node:66562) [DEP0040] DeprecationWarning: The `punycode` module is deprecated. Please use a userland alternative instead.
(Use `node --trace-deprecation ...` to show where the warning was created)
 ✓ src/policy/utils.test.ts (13 tests) 13ms
 ✓ src/telemetry/metrics.test.ts (68 tests) 70555ms
   ✓ Telemetry Metrics > recordFlickerFrame > does not record metrics if not initialized  700ms
   ✓ Telemetry Metrics > recordFlickerFrame > records a flicker frame event when initialized  959ms
   ✓ Telemetry Metrics > recordExitFail > does not record metrics if not initialized  928ms
   ✓ Telemetry Metrics > recordExitFail > records a exit fail event when initialized  884ms
   ✓ Telemetry Metrics > recordSlowRender > does not record metrics if not initialized  787ms
   ✓ Telemetry Metrics > recordSlowRender > records a slow render event when initialized  790ms
   ✓ Telemetry Metrics > initializeMetrics > should apply common attributes including email  1139ms
   ✓ Telemetry Metrics > recordChatCompressionMetrics > does not record metrics if not initialized  877ms
   ✓ Telemetry Metrics > recordChatCompressionMetrics > records token compression with the correct attributes  758ms
   ✓ Telemetry Metrics > recordTokenUsageMetrics > should not record metrics if not initialized  836ms
   ✓ Telemetry Metrics > recordTokenUsageMetrics > should record token usage for 'input' type with 100 tokens for model 'gemini-pro'  1664ms
   ✓ Telemetry Metrics > recordTokenUsageMetrics > should record token usage for 'output' type with 50 tokens for model 'gemini-pro'  1612ms
   ✓ Telemetry Metrics > recordTokenUsageMetrics > should record token usage for 'thought' type with 25 tokens for model 'gemini-pro'  1008ms
   ✓ Telemetry Metrics > recordTokenUsageMetrics > should record token usage for 'cache' type with 75 tokens for model 'gemini-pro'  1469ms
   ✓ Telemetry Metrics > recordTokenUsageMetrics > should record token usage for 'tool' type with 125 tokens for model 'gemini-pro'  996ms
   ✓ Telemetry Metrics > recordTokenUsageMetrics > should record token usage for 'input' type with 200 tokens for model 'gemini-different-model'  954ms
   ✓ Telemetry Metrics > recordLinesChanged metric > should not record lines added/removed if not initialized  677ms
   ✓ Telemetry Metrics > recordLinesChanged metric > should record lines added with function_name after initialization  931ms
   ✓ Telemetry Metrics > recordLinesChanged metric > should record lines removed with function_name after initialization  755ms
   ✓ Telemetry Metrics > recordFileOperationMetric > 'should not record metrics if not init…'  883ms
   ✓ Telemetry Metrics > recordFileOperationMetric > 'should record file creation with all …'  929ms
   ✓ Telemetry Metrics > recordFileOperationMetric > 'should record file read with minimal …'  1042ms
   ✓ Telemetry Metrics > recordFileOperationMetric > 'should record file update with some a…'  1166ms
   ✓ Telemetry Metrics > recordFileOperationMetric > 'should record file update with no opt…'  673ms
   ✓ Telemetry Metrics > recordModelRoutingMetrics > should not record metrics if not initialized  781ms
   ✓ Telemetry Metrics > recordModelRoutingMetrics > should record latency for a successful routing decision  956ms
   ✓ Telemetry Metrics > recordModelRoutingMetrics > should record latency and failure for a failed routing decision  1108ms
   ✓ Telemetry Metrics > recordAgentRunMetrics > should not record metrics if not initialized  1202ms
   ✓ Telemetry Metrics > recordAgentRunMetrics > should record agent run metrics  892ms
   ✓ Telemetry Metrics > OpenTelemetry GenAI Semantic Convention Metrics > recordGenAiClientTokenUsage > should not record metrics when not initialized  939ms
   ✓ Telemetry Metrics > OpenTelemetry GenAI Semantic Convention Metrics > recordGenAiClientTokenUsage > should record input token usage with correct attributes  2009ms
   ✓ Telemetry Metrics > OpenTelemetry GenAI Semantic Convention Metrics > recordGenAiClientTokenUsage > should record output token usage with correct attributes  1301ms
   ✓ Telemetry Metrics > OpenTelemetry GenAI Semantic Convention Metrics > recordGenAiClientTokenUsage > should record token usage with optional attributes  1243ms
   ✓ Telemetry Metrics > OpenTelemetry GenAI Semantic Convention Metrics > recordGenAiClientOperationDuration > should not record metrics when not initialized  858ms
   ✓ Telemetry Metrics > OpenTelemetry GenAI Semantic Convention Metrics > recordGenAiClientOperationDuration > should record successful operation duration with correct attributes  918ms
   ✓ Telemetry Metrics > OpenTelemetry GenAI Semantic Convention Metrics > recordGenAiClientOperationDuration > should record failed operation duration with error type  898ms
   ✓ Telemetry Metrics > OpenTelemetry GenAI Semantic Convention Metrics > recordGenAiClientOperationDuration > should record operation duration with server details  756ms
   ✓ Telemetry Metrics > OpenTelemetry GenAI Semantic Convention Metrics > recordGenAiClientOperationDuration > should handle minimal required attributes  938ms
   ✓ Telemetry Metrics > Performance Monitoring Metrics > recordStartupPerformance > should not record metrics when performance monitoring is disabled  1039ms
   ✓ Telemetry Metrics > Performance Monitoring Metrics > recordStartupPerformance > should record startup performance with phase and details  1033ms
   ✓ Telemetry Metrics > Performance Monitoring Metrics > recordStartupPerformance > should record startup performance without details  1233ms
   ✓ Telemetry Metrics > Performance Monitoring Metrics > recordStartupPerformance > should handle floating-point duration values from performance.now()  1011ms
   ✓ Telemetry Metrics > Performance Monitoring Metrics > recordMemoryUsage > should record memory usage for 'heap_used'  948ms
   ✓ Telemetry Metrics > Performance Monitoring Metrics > recordMemoryUsage > should record memory usage for 'heap_total'  683ms
   ✓ Telemetry Metrics > Performance Monitoring Metrics > recordMemoryUsage > should record memory usage for 'external'  615ms
   ✓ Telemetry Metrics > Performance Monitoring Metrics > recordMemoryUsage > should record memory usage for 'rss'  734ms
   ✓ Telemetry Metrics > Performance Monitoring Metrics > recordMemoryUsage > should record memory usage for 'heap_used'  935ms
   ✓ Telemetry Metrics > Performance Monitoring Metrics > recordCpuUsage > should record CPU usage percentage  985ms
   ✓ Telemetry Metrics > Performance Monitoring Metrics > recordCpuUsage > should record CPU usage without component  1102ms
   ✓ Telemetry Metrics > Performance Monitoring Metrics > recordToolQueueDepth > should record tool queue depth  1317ms
   ✓ Telemetry Metrics > Performance Monitoring Metrics > recordToolQueueDepth > should record zero queue depth  1294ms
   ✓ Telemetry Metrics > Performance Monitoring Metrics > recordToolExecutionBreakdown > should record tool execution breakdown for all phases  988ms
   ✓ Telemetry Metrics > Performance Monitoring Metrics > recordToolExecutionBreakdown > should record execution breakdown for different phases  785ms
   ✓ Telemetry Metrics > Performance Monitoring Metrics > recordTokenEfficiency > should record token efficiency metrics  980ms
   ✓ Telemetry Metrics > Performance Monitoring Metrics > recordTokenEfficiency > should record token efficiency without context  745ms
   ✓ Telemetry Metrics > Performance Monitoring Metrics > recordApiRequestBreakdown > should record API request breakdown for all phases  986ms
   ✓ Telemetry Metrics > Performance Monitoring Metrics > recordApiRequestBreakdown > should record API request breakdown for different phases  984ms
   ✓ Telemetry Metrics > Performance Monitoring Metrics > recordPerformanceScore > should record performance score with category and baseline  792ms
   ✓ Telemetry Metrics > Performance Monitoring Metrics > recordPerformanceScore > should record performance score without baseline  1393ms
   ✓ Telemetry Metrics > Performance Monitoring Metrics > recordPerformanceRegression > should record performance regression with baseline comparison  1022ms
   ✓ Telemetry Metrics > Performance Monitoring Metrics > recordPerformanceRegression > should handle zero baseline value gracefully  1381ms
   ✓ Telemetry Metrics > Performance Monitoring Metrics > recordPerformanceRegression > should record different severity levels  1587ms
   ✓ Telemetry Metrics > Performance Monitoring Metrics > recordBaselineComparison > should record baseline comparison with percentage change  1631ms
   ✓ Telemetry Metrics > Performance Monitoring Metrics > recordBaselineComparison > should handle negative percentage change (improvement)  1573ms
   ✓ Telemetry Metrics > Performance Monitoring Metrics > recordBaselineComparison > should skip recording when baseline is zero  985ms
   ✓ Telemetry Metrics > Performance Monitoring Metrics > recordHookCallMetrics > should record hook call metrics with counter and histogram  1094ms
   ✓ Telemetry Metrics > Performance Monitoring Metrics > recordHookCallMetrics > should always sanitize hook names regardless of content  1301ms
   ✓ Telemetry Metrics > Performance Monitoring Metrics > recordHookCallMetrics > should track both success and failure  1176ms
 ✓ src/config/models.test.ts (32 tests) 21ms
 ✓ src/services/contextManager.test.ts (4 tests) 37ms
 ✓ src/code_assist/codeAssist.test.ts (7 tests) 45ms
 ✓ src/telemetry/rate-limiter.test.ts (24 tests) 32ms
 ✓ src/policy/policy-updater.test.ts (5 tests) 59ms
 ✓ src/utils/filesearch/result-cache.test.ts (3 tests) 8ms
 ✓ src/services/modelConfigService.test.ts (31 tests) 30ms
 ✓ src/tools/diffOptions.test.ts (10 tests) 17ms
 ✓ src/config/storage.test.ts (14 tests) 21ms
 ✓ src/core/coreToolHookTriggers.test.ts (6 tests) 82ms
 ✓ src/availability/fallbackIntegration.test.ts (2 tests) 15ms
 ✓ src/telemetry/high-water-mark-tracker.test.ts (18 tests) 144ms
 ✓ src/utils/generateContentResponseUtilities.test.ts (48 tests) 32ms
 ✓ src/hooks/hookTranslator.test.ts (10 tests) 17ms
 ✓ src/utils/security.test.ts (9 tests) 88ms
 ✓ src/agents/utils.test.ts (12 tests) 7ms
(node:66598) [DEP0040] DeprecationWarning: The `punycode` module is deprecated. Please use a userland alternative instead.
(Use `node --trace-deprecation ...` to show where the warning was created)
 ✓ src/utils/installationManager.test.ts (4 tests) 13ms
 ✓ src/utils/googleErrors.test.ts (13 tests) 15ms
 ✓ src/agents/agent-scheduler.test.ts (1 test) 39ms
 ✓ src/tools/tools.test.ts (11 tests) 28ms
 ✓ src/utils/extensionLoader.test.ts (9 tests | 1 skipped) 21ms
 ✓ src/core/fakeContentGenerator.test.ts (7 tests) 33ms
 ✓ src/utils/thoughtUtils.test.ts (11 tests) 13ms
 ✓ src/telemetry/uiTelemetry.test.ts (19 tests) 34ms
 ✓ src/safety/registry.test.ts (4 tests) 13ms
 ✓ src/core/recordingContentGenerator.test.ts (4 tests) 13ms
 ✓ src/output/json-formatter.test.ts (17 tests) 36ms
 ✓ src/mcp/token-storage/base-token-storage.test.ts (12 tests) 59ms
working stdoutworking stderr ✓ src/utils/stdio.test.ts (2 tests) 23ms
 ✓ src/agents/a2aUtils.test.ts (9 tests) 9ms
 ✓ src/utils/customHeaderUtils.test.ts (11 tests) 9ms
 ✓ src/availability/policyCatalog.test.ts (10 tests) 10ms
 ✓ src/utils/debugLogger.test.ts (6 tests) 15ms
 ✓ src/utils/errors.test.ts (15 tests) 10ms
 ✓ src/tools/tool-names.test.ts (5 tests) 7ms
 ✓ src/code_assist/converter.test.ts (24 tests) 102ms
 ✓ src/commands/extensions.test.ts (1 test) 91ms
 ✓ src/utils/safeJsonStringify.test.ts (8 tests) 37ms
 ✓ src/utils/fileDiffUtils.test.ts (7 tests) 16ms
 ✓ src/utils/textUtils.test.ts (17 tests) 9ms
(node:66665) [DEP0040] DeprecationWarning: The `punycode` module is deprecated. Please use a userland alternative instead.
(Use `node --trace-deprecation ...` to show where the warning was created)
 ✓ src/services/modelConfig.integration.test.ts (10 tests) 33ms
 ✓ src/availability/modelAvailabilityService.test.ts (9 tests) 49ms
 ✓ src/utils/version.test.ts (3 tests) 9ms
 ✓ src/prompts/mcp-prompts.test.ts (2 tests) 13ms
(node:66674) [DEP0040] DeprecationWarning: The `punycode` module is deprecated. Please use a userland alternative instead.
(Use `node --trace-deprecation ...` to show where the warning was created)
 ✓ src/telemetry/telemetry-utils.test.ts (6 tests) 6ms
 ✓ src/telemetry/config.test.ts (14 tests) 69ms
 ✓ src/utils/apiConversionUtils.test.ts (7 tests) 23ms
 ✓ src/core/tokenLimits.test.ts (5 tests) 14ms
 ✓ src/commands/init.test.ts (2 tests) 7ms
 ✓ src/utils/formatters.test.ts (4 tests) 11ms
 ✓ src/agents/cli-help-agent.test.ts (5 tests) 7ms
 ✓ src/index.test.ts (1 test) 13ms
(node:66700) [DEP0040] DeprecationWarning: The `punycode` module is deprecated. Please use a userland alternative instead.
(Use `node --trace-deprecation ...` to show where the warning was created)
 ✓ src/utils/errorParsing.test.ts (10 tests) 9ms
 ✓ src/agents/codebase-investigator.test.ts (2 tests) 9ms
 ✓ src/utils/tool-utils.test.ts (9 tests) 5ms

 Test Files  230 passed (230)
      Tests  4295 passed | 24 skipped (4319)
   Start at  12:20:12
   Duration  93.69s (transform 15.92s, setup 3.25s, collect 382.55s, tests 123.82s, environment 171ms, prepare 64.36s)

JUNIT report written to /Users/trukhinyuri/Personal/SourcesSide/gemini-cli/packages/core/junit.xml
 % Coverage report from v8

> gemini-cli-vscode-ide-companion@0.28.0-nightly.20260128.adc8e11bb test
> vitest run


 RUN  v3.2.4 /Users/trukhinyuri/Personal/SourcesSide/gemini-cli/packages/vscode-ide-companion

 ✓ src/open-files-manager.test.ts (17 tests) 45ms
(node:66795) [DEP0040] DeprecationWarning: The `punycode` module is deprecated. Please use a userland alternative instead.
(Use `node --trace-deprecation ...` to show where the warning was created)
(node:66794) [DEP0040] DeprecationWarning: The `punycode` module is deprecated. Please use a userland alternative instead.
(Use `node --trace-deprecation ...` to show where the warning was created)
 ✓ src/extension.test.ts (11 tests) 40ms
 ✓ src/ide-server.test.ts (13 tests | 1 skipped) 106ms

 Test Files  3 passed (3)
      Tests  40 passed | 1 skipped (41)
   Start at  12:21:48
   Duration  4.66s (transform 1.76s, setup 0ms, collect 7.63s, tests 191ms, environment 1ms, prepare 580ms)

